[2023-12-10T00:13:53.406+0100][0.011s] CardTable entry size: 512
[2023-12-10T00:13:53.406+0100][0.011s] Using G1
[2023-12-10T00:13:53.552+0100][0.157s] Version: 19.0.1+10-21 (release)
[2023-12-10T00:13:53.552+0100][0.157s] CPUs: 12 total, 12 available
[2023-12-10T00:13:53.552+0100][0.157s] Memory: 16220M
[2023-12-10T00:13:53.552+0100][0.157s] Large Page Support: Disabled
[2023-12-10T00:13:53.553+0100][0.157s] NUMA Support: Disabled
[2023-12-10T00:13:53.553+0100][0.157s] Compressed Oops: Enabled (32-bit)
[2023-12-10T00:13:53.553+0100][0.157s] Heap Region Size: 1M
[2023-12-10T00:13:53.553+0100][0.157s] Heap Min Capacity: 512M
[2023-12-10T00:13:53.553+0100][0.157s] Heap Initial Capacity: 512M
[2023-12-10T00:13:53.553+0100][0.157s] Heap Max Capacity: 512M
[2023-12-10T00:13:53.553+0100][0.157s] Pre-touch: Enabled
[2023-12-10T00:13:53.553+0100][0.157s] Parallel Workers: 10
[2023-12-10T00:13:53.553+0100][0.157s] Concurrent Workers: 3
[2023-12-10T00:13:53.553+0100][0.157s] Concurrent Refinement Workers: 10
[2023-12-10T00:13:53.553+0100][0.157s] Periodic GC: Disabled
[2023-12-10T00:13:53.553+0100][0.158s] CDS archive(s) mapped at: [0x0000000800000000-0x0000000800c40000-0x0000000800c40000), size 12845056, SharedBaseAddress: 0x0000000800000000, ArchiveRelocationMode: 0.
[2023-12-10T00:13:53.554+0100][0.158s] Compressed class space mapped at: 0x0000000801000000-0x0000000841000000, reserved size: 1073741824
[2023-12-10T00:13:53.554+0100][0.158s] Narrow klass base: 0x0000000800000000, Narrow klass shift: 0, Narrow klass range: 0x100000000
[2023-12-10T00:13:54.123+0100][0.728s] GC(0) Pause Young (Normal) (G1 Evacuation Pause)
[2023-12-10T00:13:54.123+0100][0.729s] GC(0) Using 10 workers of 10 for evacuation
[2023-12-10T00:13:54.126+0100][0.731s] GC(0)   Pre Evacuate Collection Set: 0.1ms
[2023-12-10T00:13:54.126+0100][0.731s] GC(0)   Merge Heap Roots: 0.0ms
[2023-12-10T00:13:54.126+0100][0.731s] GC(0)   Evacuate Collection Set: 1.8ms
[2023-12-10T00:13:54.126+0100][0.731s] GC(0)   Post Evacuate Collection Set: 0.3ms
[2023-12-10T00:13:54.126+0100][0.731s] GC(0)   Other: 0.5ms
[2023-12-10T00:13:54.126+0100][0.731s] GC(0) Eden regions: 29->0(43)
[2023-12-10T00:13:54.126+0100][0.731s] GC(0) Survivor regions: 0->3(4)
[2023-12-10T00:13:54.126+0100][0.731s] GC(0) Old regions: 0->0
[2023-12-10T00:13:54.126+0100][0.731s] GC(0) Archive regions: 0->0
[2023-12-10T00:13:54.126+0100][0.731s] GC(0) Humongous regions: 0->0
[2023-12-10T00:13:54.126+0100][0.731s] GC(0) Metaspace: 5034K(5184K)->5034K(5184K) NonClass: 4528K(4608K)->4528K(4608K) Class: 505K(576K)->505K(576K)
[2023-12-10T00:13:54.126+0100][0.731s] GC(0) Pause Young (Normal) (G1 Evacuation Pause) 29M->2M(512M) 3.081ms
[2023-12-10T00:13:54.126+0100][0.731s] GC(0) User=0.00s Sys=0.00s Real=0.00s
[2023-12-10T00:14:03.819+0100][10.424s] GC(1) Pause Young (Normal) (G1 Evacuation Pause)
[2023-12-10T00:14:03.819+0100][10.424s] GC(1) Using 10 workers of 10 for evacuation
[2023-12-10T00:14:03.826+0100][10.430s] GC(1)   Pre Evacuate Collection Set: 0.1ms
[2023-12-10T00:14:03.826+0100][10.430s] GC(1)   Merge Heap Roots: 0.1ms
[2023-12-10T00:14:03.826+0100][10.430s] GC(1)   Evacuate Collection Set: 5.5ms
[2023-12-10T00:14:03.826+0100][10.430s] GC(1)   Post Evacuate Collection Set: 0.6ms
[2023-12-10T00:14:03.826+0100][10.430s] GC(1)   Other: 0.0ms
[2023-12-10T00:14:03.826+0100][10.430s] GC(1) Eden regions: 43->0(301)
[2023-12-10T00:14:03.826+0100][10.430s] GC(1) Survivor regions: 3->6(6)
[2023-12-10T00:14:03.826+0100][10.430s] GC(1) Old regions: 0->7
[2023-12-10T00:14:03.826+0100][10.430s] GC(1) Archive regions: 0->0
[2023-12-10T00:14:03.826+0100][10.430s] GC(1) Humongous regions: 4->4
[2023-12-10T00:14:03.826+0100][10.430s] GC(1) Metaspace: 15656K(16000K)->15656K(16000K) NonClass: 13908K(14080K)->13908K(14080K) Class: 1747K(1920K)->1747K(1920K)
[2023-12-10T00:14:03.826+0100][10.430s] GC(1) Pause Young (Normal) (G1 Evacuation Pause) 49M->16M(512M) 6.649ms
[2023-12-10T00:14:03.826+0100][10.430s] GC(1) User=0.06s Sys=0.00s Real=0.01s
[2023-12-10T00:14:04.447+0100][11.052s] GC(2) Pause Young (Normal) (G1 Evacuation Pause)
[2023-12-10T00:14:04.447+0100][11.052s] GC(2) Using 10 workers of 10 for evacuation
[2023-12-10T00:14:04.454+0100][11.058s] GC(2)   Pre Evacuate Collection Set: 0.1ms
[2023-12-10T00:14:04.454+0100][11.058s] GC(2)   Merge Heap Roots: 0.1ms
[2023-12-10T00:14:04.454+0100][11.058s] GC(2)   Evacuate Collection Set: 5.0ms
[2023-12-10T00:14:04.454+0100][11.058s] GC(2)   Post Evacuate Collection Set: 0.7ms
[2023-12-10T00:14:04.454+0100][11.058s] GC(2)   Other: 0.1ms
[2023-12-10T00:14:04.454+0100][11.058s] GC(2) Eden regions: 301->0(295)
[2023-12-10T00:14:04.454+0100][11.058s] GC(2) Survivor regions: 6->12(39)
[2023-12-10T00:14:04.454+0100][11.058s] GC(2) Old regions: 7->7
[2023-12-10T00:14:04.454+0100][11.058s] GC(2) Archive regions: 0->0
[2023-12-10T00:14:04.454+0100][11.058s] GC(2) Humongous regions: 4->4
[2023-12-10T00:14:04.454+0100][11.058s] GC(2) Metaspace: 19313K(19776K)->19313K(19776K) NonClass: 17154K(17408K)->17154K(17408K) Class: 2159K(2368K)->2159K(2368K)
[2023-12-10T00:14:04.454+0100][11.058s] GC(2) Pause Young (Normal) (G1 Evacuation Pause) 317M->22M(512M) 6.215ms
[2023-12-10T00:14:04.454+0100][11.058s] GC(2) User=0.05s Sys=0.00s Real=0.01s
[2023-12-10T00:14:04.790+0100][11.395s] GC(3) Pause Young (Concurrent Start) (Metadata GC Threshold)
[2023-12-10T00:14:04.790+0100][11.395s] GC(3) Using 10 workers of 10 for evacuation
[2023-12-10T00:14:04.796+0100][11.400s] GC(3)   Pre Evacuate Collection Set: 0.1ms
[2023-12-10T00:14:04.796+0100][11.400s] GC(3)   Merge Heap Roots: 0.1ms
[2023-12-10T00:14:04.796+0100][11.400s] GC(3)   Evacuate Collection Set: 4.7ms
[2023-12-10T00:14:04.796+0100][11.400s] GC(3)   Post Evacuate Collection Set: 0.6ms
[2023-12-10T00:14:04.796+0100][11.400s] GC(3)   Other: 0.1ms
[2023-12-10T00:14:04.796+0100][11.400s] GC(3) Eden regions: 173->0(294)
[2023-12-10T00:14:04.796+0100][11.400s] GC(3) Survivor regions: 12->13(39)
[2023-12-10T00:14:04.796+0100][11.400s] GC(3) Old regions: 7->7
[2023-12-10T00:14:04.796+0100][11.400s] GC(3) Archive regions: 0->0
[2023-12-10T00:14:04.796+0100][11.400s] GC(3) Humongous regions: 4->4
[2023-12-10T00:14:04.796+0100][11.400s] GC(3) Metaspace: 21056K(21504K)->21056K(21504K) NonClass: 18721K(18944K)->18721K(18944K) Class: 2334K(2560K)->2334K(2560K)
[2023-12-10T00:14:04.796+0100][11.401s] GC(3) Pause Young (Concurrent Start) (Metadata GC Threshold) 195M->23M(512M) 5.808ms
[2023-12-10T00:14:04.796+0100][11.401s] GC(3) User=0.16s Sys=0.00s Real=0.01s
[2023-12-10T00:14:04.796+0100][11.401s] GC(4) Concurrent Mark Cycle
[2023-12-10T00:14:04.796+0100][11.401s] GC(4) Concurrent Clear Claimed Marks
[2023-12-10T00:14:04.796+0100][11.401s] GC(4) Concurrent Clear Claimed Marks 0.036ms
[2023-12-10T00:14:04.796+0100][11.401s] GC(4) Concurrent Scan Root Regions
[2023-12-10T00:14:04.798+0100][11.403s] GC(4) Concurrent Scan Root Regions 2.108ms
[2023-12-10T00:14:04.798+0100][11.403s] GC(4) Concurrent Mark
[2023-12-10T00:14:04.798+0100][11.403s] GC(4) Concurrent Mark From Roots
[2023-12-10T00:14:04.798+0100][11.403s] GC(4) Using 3 workers of 3 for marking
[2023-12-10T00:14:04.802+0100][11.407s] GC(4) Concurrent Mark From Roots 4.110ms
[2023-12-10T00:14:04.803+0100][11.407s] GC(4) Concurrent Preclean
[2023-12-10T00:14:04.803+0100][11.407s] GC(4) Concurrent Preclean 0.032ms
[2023-12-10T00:14:04.803+0100][11.407s] GC(4) Pause Remark
[2023-12-10T00:14:04.804+0100][11.408s] GC(4) Pause Remark 25M->25M(512M) 1.235ms
[2023-12-10T00:14:04.804+0100][11.408s] GC(4) User=0.00s Sys=0.00s Real=0.00s
[2023-12-10T00:14:04.804+0100][11.409s] GC(4) Concurrent Mark 5.727ms
[2023-12-10T00:14:04.804+0100][11.409s] GC(4) Concurrent Rebuild Remembered Sets
[2023-12-10T00:14:04.808+0100][11.412s] GC(4) Concurrent Rebuild Remembered Sets 3.384ms
[2023-12-10T00:14:04.808+0100][11.412s] GC(4) Pause Cleanup
[2023-12-10T00:14:04.808+0100][11.412s] GC(4) Pause Cleanup 25M->25M(512M) 0.150ms
[2023-12-10T00:14:04.808+0100][11.412s] GC(4) User=0.00s Sys=0.00s Real=0.00s
[2023-12-10T00:14:04.808+0100][11.412s] GC(4) Concurrent Cleanup for Next Mark
[2023-12-10T00:14:04.809+0100][11.413s] GC(4) Concurrent Cleanup for Next Mark 0.895ms
[2023-12-10T00:14:04.809+0100][11.413s] GC(4) Concurrent Mark Cycle 12.769ms
[2023-12-10T00:14:05.064+0100][11.668s] GC(5) Pause Young (Concurrent Start) (CodeCache GC Threshold)
[2023-12-10T00:14:05.064+0100][11.668s] GC(5) Using 10 workers of 10 for evacuation
[2023-12-10T00:14:05.069+0100][11.674s] GC(5)   Pre Evacuate Collection Set: 0.2ms
[2023-12-10T00:14:05.069+0100][11.674s] GC(5)   Merge Heap Roots: 0.1ms
[2023-12-10T00:14:05.069+0100][11.674s] GC(5)   Evacuate Collection Set: 4.2ms
[2023-12-10T00:14:05.069+0100][11.674s] GC(5)   Post Evacuate Collection Set: 0.7ms
[2023-12-10T00:14:05.069+0100][11.674s] GC(5)   Other: 0.1ms
[2023-12-10T00:14:05.069+0100][11.674s] GC(5) Eden regions: 69->0(292)
[2023-12-10T00:14:05.069+0100][11.674s] GC(5) Survivor regions: 13->15(39)
[2023-12-10T00:14:05.069+0100][11.674s] GC(5) Old regions: 7->7
[2023-12-10T00:14:05.069+0100][11.674s] GC(5) Archive regions: 0->0
[2023-12-10T00:14:05.069+0100][11.674s] GC(5) Humongous regions: 5->4
[2023-12-10T00:14:05.069+0100][11.674s] GC(5) Metaspace: 24012K(24448K)->24012K(24448K) NonClass: 21257K(21504K)->21257K(21504K) Class: 2755K(2944K)->2755K(2944K)
[2023-12-10T00:14:05.069+0100][11.674s] GC(5) Pause Young (Concurrent Start) (CodeCache GC Threshold) 93M->25M(512M) 5.521ms
[2023-12-10T00:14:05.069+0100][11.674s] GC(5) User=0.00s Sys=0.00s Real=0.01s
[2023-12-10T00:14:05.069+0100][11.674s] GC(6) Concurrent Mark Cycle
[2023-12-10T00:14:05.069+0100][11.674s] GC(6) Concurrent Clear Claimed Marks
[2023-12-10T00:14:05.069+0100][11.674s] GC(6) Concurrent Clear Claimed Marks 0.085ms
[2023-12-10T00:14:05.069+0100][11.674s] GC(6) Concurrent Scan Root Regions
[2023-12-10T00:14:05.072+0100][11.676s] GC(6) Concurrent Scan Root Regions 2.415ms
[2023-12-10T00:14:05.072+0100][11.676s] GC(6) Concurrent Mark
[2023-12-10T00:14:05.072+0100][11.677s] GC(6) Concurrent Mark From Roots
[2023-12-10T00:14:05.072+0100][11.677s] GC(6) Using 3 workers of 3 for marking
[2023-12-10T00:14:05.077+0100][11.682s] GC(6) Concurrent Mark From Roots 5.315ms
[2023-12-10T00:14:05.077+0100][11.682s] GC(6) Concurrent Preclean
[2023-12-10T00:14:05.077+0100][11.682s] GC(6) Concurrent Preclean 0.018ms
[2023-12-10T00:14:05.077+0100][11.682s] GC(6) Pause Remark
[2023-12-10T00:14:05.079+0100][11.684s] GC(6) Pause Remark 27M->27M(512M) 1.801ms
[2023-12-10T00:14:05.079+0100][11.684s] GC(6) User=0.00s Sys=0.00s Real=0.00s
[2023-12-10T00:14:05.079+0100][11.684s] GC(6) Concurrent Mark 7.433ms
[2023-12-10T00:14:05.079+0100][11.684s] GC(6) Concurrent Rebuild Remembered Sets
[2023-12-10T00:14:05.082+0100][11.687s] GC(6) Concurrent Rebuild Remembered Sets 2.863ms
[2023-12-10T00:14:05.082+0100][11.687s] GC(6) Pause Cleanup
[2023-12-10T00:14:05.082+0100][11.687s] GC(6) Pause Cleanup 28M->28M(512M) 0.189ms
[2023-12-10T00:14:05.082+0100][11.687s] GC(6) User=0.00s Sys=0.00s Real=0.00s
[2023-12-10T00:14:05.082+0100][11.687s] GC(6) Concurrent Cleanup for Next Mark
[2023-12-10T00:14:05.083+0100][11.688s] GC(6) Concurrent Cleanup for Next Mark 0.860ms
[2023-12-10T00:14:05.083+0100][11.688s] GC(6) Concurrent Mark Cycle 14.320ms
[2023-12-10T00:14:43.623+0100][50.229s] GC(7) Pause Young (Concurrent Start) (Metadata GC Threshold)
[2023-12-10T00:14:43.623+0100][50.229s] GC(7) Using 10 workers of 10 for evacuation
[2023-12-10T00:14:43.633+0100][50.238s] GC(7)   Pre Evacuate Collection Set: 0.1ms
[2023-12-10T00:14:43.633+0100][50.238s] GC(7)   Merge Heap Roots: 0.1ms
[2023-12-10T00:14:43.633+0100][50.238s] GC(7)   Evacuate Collection Set: 7.7ms
[2023-12-10T00:14:43.633+0100][50.238s] GC(7)   Post Evacuate Collection Set: 1.3ms
[2023-12-10T00:14:43.633+0100][50.238s] GC(7)   Other: 0.1ms
[2023-12-10T00:14:43.633+0100][50.238s] GC(7) Eden regions: 158->0(286)
[2023-12-10T00:14:43.633+0100][50.238s] GC(7) Survivor regions: 15->21(39)
[2023-12-10T00:14:43.633+0100][50.238s] GC(7) Old regions: 7->7
[2023-12-10T00:14:43.633+0100][50.238s] GC(7) Archive regions: 0->0
[2023-12-10T00:14:43.633+0100][50.238s] GC(7) Humongous regions: 4->4
[2023-12-10T00:14:43.633+0100][50.238s] GC(7) Metaspace: 40472K(40896K)->40472K(40896K) NonClass: 35737K(35968K)->35737K(35968K) Class: 4735K(4928K)->4735K(4928K)
[2023-12-10T00:14:43.634+0100][50.238s] GC(7) Pause Young (Concurrent Start) (Metadata GC Threshold) 182M->31M(512M) 9.492ms
[2023-12-10T00:14:43.634+0100][50.238s] GC(7) User=0.00s Sys=0.00s Real=0.01s
[2023-12-10T00:14:43.634+0100][50.238s] GC(8) Concurrent Mark Cycle
[2023-12-10T00:14:43.634+0100][50.238s] GC(8) Concurrent Clear Claimed Marks
[2023-12-10T00:14:43.634+0100][50.238s] GC(8) Concurrent Clear Claimed Marks 0.087ms
[2023-12-10T00:14:43.634+0100][50.238s] GC(8) Concurrent Scan Root Regions
[2023-12-10T00:14:43.638+0100][50.243s] GC(8) Concurrent Scan Root Regions 4.339ms
[2023-12-10T00:14:43.638+0100][50.243s] GC(8) Concurrent Mark
[2023-12-10T00:14:43.638+0100][50.243s] GC(8) Concurrent Mark From Roots
[2023-12-10T00:14:43.638+0100][50.243s] GC(8) Using 3 workers of 3 for marking
[2023-12-10T00:14:43.643+0100][50.248s] GC(8) Concurrent Mark From Roots 5.064ms
[2023-12-10T00:14:43.643+0100][50.248s] GC(8) Concurrent Preclean
[2023-12-10T00:14:43.643+0100][50.248s] GC(8) Concurrent Preclean 0.023ms
[2023-12-10T00:14:43.643+0100][50.248s] GC(8) Pause Remark
[2023-12-10T00:14:43.646+0100][50.250s] GC(8) Pause Remark 33M->33M(512M) 2.089ms
[2023-12-10T00:14:43.646+0100][50.250s] GC(8) User=0.00s Sys=0.00s Real=0.00s
[2023-12-10T00:14:43.646+0100][50.250s] GC(8) Concurrent Mark 7.488ms
[2023-12-10T00:14:43.646+0100][50.250s] GC(8) Concurrent Rebuild Remembered Sets
[2023-12-10T00:14:43.649+0100][50.253s] GC(8) Concurrent Rebuild Remembered Sets 2.876ms
[2023-12-10T00:14:43.649+0100][50.253s] GC(8) Pause Cleanup
[2023-12-10T00:14:43.649+0100][50.253s] GC(8) Pause Cleanup 33M->33M(512M) 0.058ms
[2023-12-10T00:14:43.649+0100][50.253s] GC(8) User=0.00s Sys=0.00s Real=0.00s
[2023-12-10T00:14:43.649+0100][50.253s] GC(8) Concurrent Cleanup for Next Mark
[2023-12-10T00:14:43.650+0100][50.254s] GC(8) Concurrent Cleanup for Next Mark 0.816ms
[2023-12-10T00:14:43.650+0100][50.254s] GC(8) Concurrent Mark Cycle 16.011ms
