[2023-12-10T00:42:33.703+0100][0.010s] CardTable entry size: 512
[2023-12-10T00:42:33.704+0100][0.010s] Using G1
[2023-12-10T00:42:33.812+0100][0.119s] Version: 19.0.1+10-21 (release)
[2023-12-10T00:42:33.812+0100][0.119s] CPUs: 12 total, 12 available
[2023-12-10T00:42:33.812+0100][0.119s] Memory: 16220M
[2023-12-10T00:42:33.812+0100][0.119s] Large Page Support: Disabled
[2023-12-10T00:42:33.812+0100][0.119s] NUMA Support: Disabled
[2023-12-10T00:42:33.812+0100][0.119s] Compressed Oops: Enabled (32-bit)
[2023-12-10T00:42:33.812+0100][0.119s] Heap Region Size: 1M
[2023-12-10T00:42:33.812+0100][0.119s] Heap Min Capacity: 512M
[2023-12-10T00:42:33.812+0100][0.119s] Heap Initial Capacity: 512M
[2023-12-10T00:42:33.813+0100][0.119s] Heap Max Capacity: 512M
[2023-12-10T00:42:33.813+0100][0.119s] Pre-touch: Enabled
[2023-12-10T00:42:33.813+0100][0.119s] Parallel Workers: 10
[2023-12-10T00:42:33.813+0100][0.119s] Concurrent Workers: 3
[2023-12-10T00:42:33.813+0100][0.119s] Concurrent Refinement Workers: 10
[2023-12-10T00:42:33.813+0100][0.119s] Periodic GC: Disabled
[2023-12-10T00:42:33.814+0100][0.120s] CDS archive(s) mapped at: [0x0000000800000000-0x0000000800c40000-0x0000000800c40000), size 12845056, SharedBaseAddress: 0x0000000800000000, ArchiveRelocationMode: 0.
[2023-12-10T00:42:33.814+0100][0.121s] Compressed class space mapped at: 0x0000000801000000-0x0000000841000000, reserved size: 1073741824
[2023-12-10T00:42:33.814+0100][0.121s] Narrow klass base: 0x0000000800000000, Narrow klass shift: 0, Narrow klass range: 0x100000000
[2023-12-10T00:42:34.329+0100][0.641s] GC(0) Pause Young (Normal) (G1 Evacuation Pause)
[2023-12-10T00:42:34.329+0100][0.641s] GC(0) Using 10 workers of 10 for evacuation
[2023-12-10T00:42:34.329+0100][0.644s] GC(0)   Pre Evacuate Collection Set: 0.1ms
[2023-12-10T00:42:34.329+0100][0.644s] GC(0)   Merge Heap Roots: 0.1ms
[2023-12-10T00:42:34.329+0100][0.644s] GC(0)   Evacuate Collection Set: 1.7ms
[2023-12-10T00:42:34.329+0100][0.644s] GC(0)   Post Evacuate Collection Set: 0.4ms
[2023-12-10T00:42:34.329+0100][0.644s] GC(0)   Other: 0.3ms
[2023-12-10T00:42:34.329+0100][0.644s] GC(0) Eden regions: 29->0(43)
[2023-12-10T00:42:34.329+0100][0.644s] GC(0) Survivor regions: 0->3(4)
[2023-12-10T00:42:34.329+0100][0.644s] GC(0) Old regions: 0->0
[2023-12-10T00:42:34.329+0100][0.644s] GC(0) Archive regions: 0->0
[2023-12-10T00:42:34.329+0100][0.644s] GC(0) Humongous regions: 0->0
[2023-12-10T00:42:34.329+0100][0.644s] GC(0) Metaspace: 5041K(5184K)->5041K(5184K) NonClass: 4536K(4608K)->4536K(4608K) Class: 505K(576K)->505K(576K)
[2023-12-10T00:42:34.329+0100][0.644s] GC(0) Pause Young (Normal) (G1 Evacuation Pause) 29M->2M(512M) 2.774ms
[2023-12-10T00:42:34.329+0100][0.644s] GC(0) User=0.00s Sys=0.00s Real=0.00s
[2023-12-10T00:42:44.023+0100][10.329s] GC(1) Pause Young (Normal) (G1 Evacuation Pause)
[2023-12-10T00:42:44.023+0100][10.329s] GC(1) Using 10 workers of 10 for evacuation
[2023-12-10T00:42:44.029+0100][10.335s] GC(1)   Pre Evacuate Collection Set: 0.0ms
[2023-12-10T00:42:44.029+0100][10.335s] GC(1)   Merge Heap Roots: 0.0ms
[2023-12-10T00:42:44.029+0100][10.335s] GC(1)   Evacuate Collection Set: 5.6ms
[2023-12-10T00:42:44.029+0100][10.335s] GC(1)   Post Evacuate Collection Set: 0.5ms
[2023-12-10T00:42:44.029+0100][10.335s] GC(1)   Other: 0.1ms
[2023-12-10T00:42:44.029+0100][10.335s] GC(1) Eden regions: 43->0(301)
[2023-12-10T00:42:44.029+0100][10.335s] GC(1) Survivor regions: 3->6(6)
[2023-12-10T00:42:44.029+0100][10.335s] GC(1) Old regions: 0->7
[2023-12-10T00:42:44.029+0100][10.335s] GC(1) Archive regions: 0->0
[2023-12-10T00:42:44.029+0100][10.335s] GC(1) Humongous regions: 4->4
[2023-12-10T00:42:44.029+0100][10.335s] GC(1) Metaspace: 15656K(16000K)->15656K(16000K) NonClass: 13910K(14080K)->13910K(14080K) Class: 1746K(1920K)->1746K(1920K)
[2023-12-10T00:42:44.029+0100][10.335s] GC(1) Pause Young (Normal) (G1 Evacuation Pause) 49M->16M(512M) 6.408ms
[2023-12-10T00:42:44.029+0100][10.335s] GC(1) User=0.16s Sys=0.00s Real=0.01s
[2023-12-10T00:42:44.695+0100][11.001s] GC(2) Pause Young (Normal) (G1 Evacuation Pause)
[2023-12-10T00:42:44.695+0100][11.001s] GC(2) Using 10 workers of 10 for evacuation
[2023-12-10T00:42:44.700+0100][11.006s] GC(2)   Pre Evacuate Collection Set: 0.1ms
[2023-12-10T00:42:44.700+0100][11.006s] GC(2)   Merge Heap Roots: 0.1ms
[2023-12-10T00:42:44.700+0100][11.006s] GC(2)   Evacuate Collection Set: 4.2ms
[2023-12-10T00:42:44.700+0100][11.006s] GC(2)   Post Evacuate Collection Set: 0.5ms
[2023-12-10T00:42:44.700+0100][11.006s] GC(2)   Other: 0.1ms
[2023-12-10T00:42:44.700+0100][11.006s] GC(2) Eden regions: 301->0(295)
[2023-12-10T00:42:44.700+0100][11.006s] GC(2) Survivor regions: 6->12(39)
[2023-12-10T00:42:44.700+0100][11.006s] GC(2) Old regions: 7->7
[2023-12-10T00:42:44.700+0100][11.006s] GC(2) Archive regions: 0->0
[2023-12-10T00:42:44.700+0100][11.006s] GC(2) Humongous regions: 4->4
[2023-12-10T00:42:44.700+0100][11.006s] GC(2) Metaspace: 19316K(19776K)->19316K(19776K) NonClass: 17159K(17408K)->17159K(17408K) Class: 2156K(2368K)->2156K(2368K)
[2023-12-10T00:42:44.700+0100][11.006s] GC(2) Pause Young (Normal) (G1 Evacuation Pause) 317M->22M(512M) 5.216ms
[2023-12-10T00:42:44.700+0100][11.006s] GC(2) User=0.16s Sys=0.00s Real=0.01s
[2023-12-10T00:42:45.057+0100][11.363s] GC(3) Pause Young (Concurrent Start) (Metadata GC Threshold)
[2023-12-10T00:42:45.057+0100][11.363s] GC(3) Using 10 workers of 10 for evacuation
[2023-12-10T00:42:45.063+0100][11.368s] GC(3)   Pre Evacuate Collection Set: 0.1ms
[2023-12-10T00:42:45.063+0100][11.368s] GC(3)   Merge Heap Roots: 0.1ms
[2023-12-10T00:42:45.063+0100][11.368s] GC(3)   Evacuate Collection Set: 4.7ms
[2023-12-10T00:42:45.063+0100][11.368s] GC(3)   Post Evacuate Collection Set: 0.6ms
[2023-12-10T00:42:45.063+0100][11.368s] GC(3)   Other: 0.1ms
[2023-12-10T00:42:45.063+0100][11.368s] GC(3) Eden regions: 173->0(294)
[2023-12-10T00:42:45.063+0100][11.368s] GC(3) Survivor regions: 12->13(39)
[2023-12-10T00:42:45.063+0100][11.368s] GC(3) Old regions: 7->7
[2023-12-10T00:42:45.063+0100][11.368s] GC(3) Archive regions: 0->0
[2023-12-10T00:42:45.063+0100][11.368s] GC(3) Humongous regions: 4->4
[2023-12-10T00:42:45.063+0100][11.368s] GC(3) Metaspace: 21078K(21504K)->21078K(21504K) NonClass: 18744K(18944K)->18744K(18944K) Class: 2333K(2560K)->2333K(2560K)
[2023-12-10T00:42:45.063+0100][11.369s] GC(3) Pause Young (Concurrent Start) (Metadata GC Threshold) 195M->23M(512M) 5.781ms
[2023-12-10T00:42:45.063+0100][11.369s] GC(3) User=0.19s Sys=0.00s Real=0.01s
[2023-12-10T00:42:45.063+0100][11.369s] GC(4) Concurrent Mark Cycle
[2023-12-10T00:42:45.063+0100][11.369s] GC(4) Concurrent Clear Claimed Marks
[2023-12-10T00:42:45.063+0100][11.369s] GC(4) Concurrent Clear Claimed Marks 0.029ms
[2023-12-10T00:42:45.063+0100][11.369s] GC(4) Concurrent Scan Root Regions
[2023-12-10T00:42:45.065+0100][11.371s] GC(4) Concurrent Scan Root Regions 2.053ms
[2023-12-10T00:42:45.065+0100][11.371s] GC(4) Concurrent Mark
[2023-12-10T00:42:45.065+0100][11.371s] GC(4) Concurrent Mark From Roots
[2023-12-10T00:42:45.065+0100][11.371s] GC(4) Using 3 workers of 3 for marking
[2023-12-10T00:42:45.069+0100][11.375s] GC(4) Concurrent Mark From Roots 4.198ms
[2023-12-10T00:42:45.069+0100][11.375s] GC(4) Concurrent Preclean
[2023-12-10T00:42:45.069+0100][11.375s] GC(4) Concurrent Preclean 0.018ms
[2023-12-10T00:42:45.069+0100][11.375s] GC(4) Pause Remark
[2023-12-10T00:42:45.071+0100][11.376s] GC(4) Pause Remark 24M->24M(512M) 1.150ms
[2023-12-10T00:42:45.071+0100][11.376s] GC(4) User=0.00s Sys=0.00s Real=0.00s
[2023-12-10T00:42:45.071+0100][11.376s] GC(4) Concurrent Mark 5.677ms
[2023-12-10T00:42:45.071+0100][11.376s] GC(4) Concurrent Rebuild Remembered Sets
[2023-12-10T00:42:45.071+0100][11.376s] GC(4) Concurrent Rebuild Remembered Sets 0.010ms
[2023-12-10T00:42:45.071+0100][11.377s] GC(4) Pause Cleanup
[2023-12-10T00:42:45.071+0100][11.377s] GC(4) Pause Cleanup 24M->24M(512M) 0.015ms
[2023-12-10T00:42:45.071+0100][11.377s] GC(4) User=0.00s Sys=0.00s Real=0.00s
[2023-12-10T00:42:45.071+0100][11.377s] GC(4) Concurrent Cleanup for Next Mark
[2023-12-10T00:42:45.072+0100][11.378s] GC(4) Concurrent Cleanup for Next Mark 1.059ms
[2023-12-10T00:42:45.072+0100][11.378s] GC(4) Concurrent Mark Cycle 9.165ms
[2023-12-10T00:42:45.337+0100][11.643s] GC(5) Pause Young (Concurrent Start) (CodeCache GC Threshold)
[2023-12-10T00:42:45.337+0100][11.643s] GC(5) Using 10 workers of 10 for evacuation
[2023-12-10T00:42:45.342+0100][11.648s] GC(5)   Pre Evacuate Collection Set: 0.1ms
[2023-12-10T00:42:45.342+0100][11.648s] GC(5)   Merge Heap Roots: 0.1ms
[2023-12-10T00:42:45.342+0100][11.648s] GC(5)   Evacuate Collection Set: 4.6ms
[2023-12-10T00:42:45.342+0100][11.648s] GC(5)   Post Evacuate Collection Set: 0.7ms
[2023-12-10T00:42:45.342+0100][11.648s] GC(5)   Other: 0.1ms
[2023-12-10T00:42:45.342+0100][11.648s] GC(5) Eden regions: 73->0(292)
[2023-12-10T00:42:45.342+0100][11.648s] GC(5) Survivor regions: 13->15(39)
[2023-12-10T00:42:45.342+0100][11.648s] GC(5) Old regions: 7->7
[2023-12-10T00:42:45.342+0100][11.648s] GC(5) Archive regions: 0->0
[2023-12-10T00:42:45.342+0100][11.648s] GC(5) Humongous regions: 5->4
[2023-12-10T00:42:45.342+0100][11.648s] GC(5) Metaspace: 24205K(24576K)->24205K(24576K) NonClass: 21433K(21632K)->21433K(21632K) Class: 2771K(2944K)->2771K(2944K)
[2023-12-10T00:42:45.342+0100][11.648s] GC(5) Pause Young (Concurrent Start) (CodeCache GC Threshold) 96M->25M(512M) 5.801ms
[2023-12-10T00:42:45.343+0100][11.648s] GC(6) Concurrent Mark Cycle
[2023-12-10T00:42:45.343+0100][11.648s] GC(5) User=0.17s Sys=0.00s Real=0.01s
[2023-12-10T00:42:45.343+0100][11.649s] GC(6) Concurrent Clear Claimed Marks
[2023-12-10T00:42:45.343+0100][11.649s] GC(6) Concurrent Clear Claimed Marks 0.061ms
[2023-12-10T00:42:45.343+0100][11.649s] GC(6) Concurrent Scan Root Regions
[2023-12-10T00:42:45.345+0100][11.651s] GC(6) Concurrent Scan Root Regions 1.975ms
[2023-12-10T00:42:45.345+0100][11.651s] GC(6) Concurrent Mark
[2023-12-10T00:42:45.345+0100][11.651s] GC(6) Concurrent Mark From Roots
[2023-12-10T00:42:45.345+0100][11.651s] GC(6) Using 3 workers of 3 for marking
[2023-12-10T00:42:45.349+0100][11.655s] GC(6) Concurrent Mark From Roots 4.368ms
[2023-12-10T00:42:45.349+0100][11.655s] GC(6) Concurrent Preclean
[2023-12-10T00:42:45.349+0100][11.655s] GC(6) Concurrent Preclean 0.015ms
[2023-12-10T00:42:45.349+0100][11.655s] GC(6) Pause Remark
[2023-12-10T00:42:45.350+0100][11.656s] GC(6) Pause Remark 26M->26M(512M) 1.213ms
[2023-12-10T00:42:45.350+0100][11.656s] GC(6) User=0.00s Sys=0.00s Real=0.00s
[2023-12-10T00:42:45.351+0100][11.656s] GC(6) Concurrent Mark 5.887ms
[2023-12-10T00:42:45.351+0100][11.657s] GC(6) Concurrent Rebuild Remembered Sets
[2023-12-10T00:42:45.351+0100][11.657s] GC(6) Concurrent Rebuild Remembered Sets 0.011ms
[2023-12-10T00:42:45.351+0100][11.657s] GC(6) Pause Cleanup
[2023-12-10T00:42:45.351+0100][11.657s] GC(6) Pause Cleanup 26M->26M(512M) 0.021ms
[2023-12-10T00:42:45.351+0100][11.657s] GC(6) User=0.00s Sys=0.00s Real=0.00s
[2023-12-10T00:42:45.351+0100][11.657s] GC(6) Concurrent Cleanup for Next Mark
[2023-12-10T00:42:45.352+0100][11.658s] GC(6) Concurrent Cleanup for Next Mark 0.763ms
[2023-12-10T00:42:45.352+0100][11.658s] GC(6) Concurrent Mark Cycle 9.165ms
[2023-12-10T00:43:23.268+0100][49.574s] GC(7) Pause Young (Concurrent Start) (Metadata GC Threshold)
[2023-12-10T00:43:23.268+0100][49.574s] GC(7) Using 10 workers of 10 for evacuation
[2023-12-10T00:43:23.279+0100][49.585s] GC(7)   Pre Evacuate Collection Set: 0.1ms
[2023-12-10T00:43:23.279+0100][49.585s] GC(7)   Merge Heap Roots: 0.1ms
[2023-12-10T00:43:23.279+0100][49.585s] GC(7)   Evacuate Collection Set: 8.9ms
[2023-12-10T00:43:23.279+0100][49.585s] GC(7)   Post Evacuate Collection Set: 1.3ms
[2023-12-10T00:43:23.279+0100][49.585s] GC(7)   Other: 0.1ms
[2023-12-10T00:43:23.279+0100][49.585s] GC(7) Eden regions: 178->0(285)
[2023-12-10T00:43:23.279+0100][49.585s] GC(7) Survivor regions: 15->22(39)
[2023-12-10T00:43:23.279+0100][49.585s] GC(7) Old regions: 7->7
[2023-12-10T00:43:23.279+0100][49.585s] GC(7) Archive regions: 0->0
[2023-12-10T00:43:23.279+0100][49.585s] GC(7) Humongous regions: 4->4
[2023-12-10T00:43:23.279+0100][49.585s] GC(7) Metaspace: 40813K(41216K)->40813K(41216K) NonClass: 36039K(36224K)->36039K(36224K) Class: 4774K(4992K)->4774K(4992K)
[2023-12-10T00:43:23.279+0100][49.585s] GC(7) Pause Young (Concurrent Start) (Metadata GC Threshold) 203M->32M(512M) 10.761ms
[2023-12-10T00:43:23.279+0100][49.585s] GC(8) Concurrent Mark Cycle
[2023-12-10T00:43:23.279+0100][49.585s] GC(7) User=0.08s Sys=0.00s Real=0.01s
[2023-12-10T00:43:23.279+0100][49.585s] GC(8) Concurrent Clear Claimed Marks
[2023-12-10T00:43:23.279+0100][49.585s] GC(8) Concurrent Clear Claimed Marks 0.082ms
[2023-12-10T00:43:23.279+0100][49.585s] GC(8) Concurrent Scan Root Regions
[2023-12-10T00:43:23.285+0100][49.590s] GC(8) Concurrent Scan Root Regions 5.301ms
[2023-12-10T00:43:23.285+0100][49.590s] GC(8) Concurrent Mark
[2023-12-10T00:43:23.285+0100][49.590s] GC(8) Concurrent Mark From Roots
[2023-12-10T00:43:23.285+0100][49.590s] GC(8) Using 3 workers of 3 for marking
[2023-12-10T00:43:23.291+0100][49.596s] GC(8) Concurrent Mark From Roots 5.810ms
[2023-12-10T00:43:23.291+0100][49.596s] GC(8) Concurrent Preclean
[2023-12-10T00:43:23.291+0100][49.596s] GC(8) Concurrent Preclean 0.019ms
[2023-12-10T00:43:23.291+0100][49.596s] GC(8) Pause Remark
[2023-12-10T00:43:23.293+0100][49.598s] GC(8) Pause Remark 33M->33M(512M) 1.767ms
[2023-12-10T00:43:23.293+0100][49.598s] GC(8) User=0.00s Sys=0.00s Real=0.00s
[2023-12-10T00:43:23.293+0100][49.598s] GC(8) Concurrent Mark 7.848ms
[2023-12-10T00:43:23.293+0100][49.598s] GC(8) Concurrent Rebuild Remembered Sets
[2023-12-10T00:43:23.293+0100][49.598s] GC(8) Concurrent Rebuild Remembered Sets 0.021ms
[2023-12-10T00:43:23.293+0100][49.598s] GC(8) Pause Cleanup
[2023-12-10T00:43:23.293+0100][49.599s] GC(8) Pause Cleanup 33M->33M(512M) 0.031ms
[2023-12-10T00:43:23.293+0100][49.599s] GC(8) User=0.00s Sys=0.00s Real=0.00s
[2023-12-10T00:43:23.293+0100][49.599s] GC(8) Concurrent Cleanup for Next Mark
[2023-12-10T00:43:23.294+0100][49.600s] GC(8) Concurrent Cleanup for Next Mark 1.050ms
[2023-12-10T00:43:23.294+0100][49.600s] GC(8) Concurrent Mark Cycle 14.835ms
[2023-12-10T00:44:26.509+0100][112.816s] GC(9) Pause Young (Concurrent Start) (CodeCache GC Threshold)
[2023-12-10T00:44:26.510+0100][112.816s] GC(9) Using 10 workers of 10 for evacuation
[2023-12-10T00:44:26.519+0100][112.825s] GC(9)   Pre Evacuate Collection Set: 0.2ms
[2023-12-10T00:44:26.519+0100][112.825s] GC(9)   Merge Heap Roots: 0.1ms
[2023-12-10T00:44:26.519+0100][112.825s] GC(9)   Evacuate Collection Set: 7.7ms
[2023-12-10T00:44:26.519+0100][112.825s] GC(9)   Post Evacuate Collection Set: 1.1ms
[2023-12-10T00:44:26.519+0100][112.825s] GC(9)   Other: 0.1ms
[2023-12-10T00:44:26.519+0100][112.825s] GC(9) Eden regions: 49->0(286)
[2023-12-10T00:44:26.519+0100][112.825s] GC(9) Survivor regions: 22->21(39)
[2023-12-10T00:44:26.519+0100][112.825s] GC(9) Old regions: 7->9
[2023-12-10T00:44:26.519+0100][112.825s] GC(9) Archive regions: 0->0
[2023-12-10T00:44:26.519+0100][112.825s] GC(9) Humongous regions: 4->4
[2023-12-10T00:44:26.519+0100][112.825s] GC(9) Metaspace: 43964K(44544K)->43964K(44544K) NonClass: 38730K(39040K)->38730K(39040K) Class: 5234K(5504K)->5234K(5504K)
[2023-12-10T00:44:26.519+0100][112.825s] GC(9) Pause Young (Concurrent Start) (CodeCache GC Threshold) 80M->33M(512M) 9.446ms
[2023-12-10T00:44:26.519+0100][112.825s] GC(9) User=0.14s Sys=0.00s Real=0.01s
[2023-12-10T00:44:26.519+0100][112.825s] GC(10) Concurrent Mark Cycle
[2023-12-10T00:44:26.519+0100][112.825s] GC(10) Concurrent Clear Claimed Marks
[2023-12-10T00:44:26.519+0100][112.825s] GC(10) Concurrent Clear Claimed Marks 0.051ms
[2023-12-10T00:44:26.519+0100][112.825s] GC(10) Concurrent Scan Root Regions
[2023-12-10T00:44:26.523+0100][112.829s] GC(10) Concurrent Scan Root Regions 3.649ms
[2023-12-10T00:44:26.523+0100][112.829s] GC(10) Concurrent Mark
[2023-12-10T00:44:26.523+0100][112.829s] GC(10) Concurrent Mark From Roots
[2023-12-10T00:44:26.523+0100][112.829s] GC(10) Using 3 workers of 3 for marking
[2023-12-10T00:44:26.528+0100][112.835s] GC(10) Concurrent Mark From Roots 5.379ms
[2023-12-10T00:44:26.528+0100][112.835s] GC(10) Concurrent Preclean
[2023-12-10T00:44:26.528+0100][112.835s] GC(10) Concurrent Preclean 0.021ms
[2023-12-10T00:44:26.528+0100][112.835s] GC(10) Pause Remark
[2023-12-10T00:44:26.530+0100][112.837s] GC(10) Pause Remark 34M->34M(512M) 1.734ms
[2023-12-10T00:44:26.530+0100][112.837s] GC(10) User=0.00s Sys=0.00s Real=0.00s
[2023-12-10T00:44:26.530+0100][112.837s] GC(10) Concurrent Mark 7.503ms
[2023-12-10T00:44:26.530+0100][112.837s] GC(10) Concurrent Rebuild Remembered Sets
[2023-12-10T00:44:26.533+0100][112.840s] GC(10) Concurrent Rebuild Remembered Sets 2.989ms
[2023-12-10T00:44:26.533+0100][112.840s] GC(10) Pause Cleanup
[2023-12-10T00:44:26.534+0100][112.840s] GC(10) Pause Cleanup 34M->34M(512M) 0.144ms
[2023-12-10T00:44:26.534+0100][112.840s] GC(10) User=0.00s Sys=0.00s Real=0.00s
[2023-12-10T00:44:26.534+0100][112.840s] GC(10) Concurrent Cleanup for Next Mark
[2023-12-10T00:44:26.534+0100][112.841s] GC(10) Concurrent Cleanup for Next Mark 0.679ms
[2023-12-10T00:44:26.534+0100][112.841s] GC(10) Concurrent Mark Cycle 15.484ms
[2023-12-10T00:44:26.552+0100][112.858s] GC(11) Pause Young (Concurrent Start) (CodeCache GC Threshold)
[2023-12-10T00:44:26.552+0100][112.858s] GC(11) Using 10 workers of 10 for evacuation
[2023-12-10T00:44:26.560+0100][112.866s] GC(11)   Pre Evacuate Collection Set: 0.2ms
[2023-12-10T00:44:26.560+0100][112.866s] GC(11)   Merge Heap Roots: 0.1ms
[2023-12-10T00:44:26.560+0100][112.866s] GC(11)   Evacuate Collection Set: 6.6ms
[2023-12-10T00:44:26.560+0100][112.866s] GC(11)   Post Evacuate Collection Set: 1.1ms
[2023-12-10T00:44:26.560+0100][112.866s] GC(11)   Other: 0.1ms
[2023-12-10T00:44:26.560+0100][112.866s] GC(11) Eden regions: 5->0(290)
[2023-12-10T00:44:26.560+0100][112.866s] GC(11) Survivor regions: 21->17(39)
[2023-12-10T00:44:26.560+0100][112.866s] GC(11) Old regions: 9->13
[2023-12-10T00:44:26.560+0100][112.866s] GC(11) Archive regions: 0->0
[2023-12-10T00:44:26.560+0100][112.866s] GC(11) Humongous regions: 4->4
[2023-12-10T00:44:26.560+0100][112.866s] GC(11) Metaspace: 44031K(44544K)->44031K(44544K) NonClass: 38786K(39040K)->38786K(39040K) Class: 5244K(5504K)->5244K(5504K)
[2023-12-10T00:44:26.560+0100][112.866s] GC(11) Pause Young (Concurrent Start) (CodeCache GC Threshold) 37M->33M(512M) 8.308ms
[2023-12-10T00:44:26.560+0100][112.866s] GC(11) User=0.02s Sys=0.00s Real=0.01s
[2023-12-10T00:44:26.560+0100][112.866s] GC(12) Concurrent Mark Cycle
[2023-12-10T00:44:26.560+0100][112.866s] GC(12) Concurrent Clear Claimed Marks
[2023-12-10T00:44:26.561+0100][112.866s] GC(12) Concurrent Clear Claimed Marks 0.045ms
[2023-12-10T00:44:26.561+0100][112.866s] GC(12) Concurrent Scan Root Regions
[2023-12-10T00:44:26.564+0100][112.870s] GC(12) Concurrent Scan Root Regions 3.761ms
[2023-12-10T00:44:26.564+0100][112.870s] GC(12) Concurrent Mark
[2023-12-10T00:44:26.564+0100][112.870s] GC(12) Concurrent Mark From Roots
[2023-12-10T00:44:26.564+0100][112.870s] GC(12) Using 3 workers of 3 for marking
[2023-12-10T00:44:26.572+0100][112.878s] GC(12) Concurrent Mark From Roots 7.861ms
[2023-12-10T00:44:26.572+0100][112.878s] GC(12) Concurrent Preclean
[2023-12-10T00:44:26.572+0100][112.878s] GC(12) Concurrent Preclean 0.031ms
[2023-12-10T00:44:26.572+0100][112.878s] GC(12) Pause Remark
[2023-12-10T00:44:26.574+0100][112.880s] GC(12) Pause Remark 36M->36M(512M) 1.615ms
[2023-12-10T00:44:26.574+0100][112.880s] GC(12) User=0.00s Sys=0.00s Real=0.00s
[2023-12-10T00:44:26.574+0100][112.880s] GC(12) Concurrent Mark 9.865ms
[2023-12-10T00:44:26.574+0100][112.880s] GC(12) Concurrent Rebuild Remembered Sets
[2023-12-10T00:44:26.578+0100][112.884s] GC(12) Concurrent Rebuild Remembered Sets 3.871ms
[2023-12-10T00:44:26.578+0100][112.884s] GC(12) Pause Cleanup
[2023-12-10T00:44:26.578+0100][112.884s] GC(12) Pause Cleanup 38M->38M(512M) 0.154ms
[2023-12-10T00:44:26.578+0100][112.884s] GC(12) User=0.00s Sys=0.00s Real=0.00s
[2023-12-10T00:44:26.578+0100][112.884s] GC(12) Concurrent Cleanup for Next Mark
[2023-12-10T00:44:26.579+0100][112.885s] GC(12) Concurrent Cleanup for Next Mark 0.877ms
[2023-12-10T00:44:26.579+0100][112.885s] GC(12) Concurrent Mark Cycle 19.102ms
[2023-12-10T00:45:46.803+0100][193.109s] GC(13) Pause Young (Normal) (G1 Evacuation Pause)
[2023-12-10T00:45:46.804+0100][193.109s] GC(13) Using 10 workers of 10 for evacuation
[2023-12-10T00:45:46.814+0100][193.120s] GC(13)   Pre Evacuate Collection Set: 0.1ms
[2023-12-10T00:45:46.814+0100][193.120s] GC(13)   Merge Heap Roots: 0.1ms
[2023-12-10T00:45:46.814+0100][193.120s] GC(13)   Evacuate Collection Set: 8.5ms
[2023-12-10T00:45:46.814+0100][193.120s] GC(13)   Post Evacuate Collection Set: 1.4ms
[2023-12-10T00:45:46.814+0100][193.120s] GC(13)   Other: 0.1ms
[2023-12-10T00:45:46.814+0100][193.120s] GC(13) Eden regions: 290->0(278)
[2023-12-10T00:45:46.814+0100][193.120s] GC(13) Survivor regions: 17->29(39)
[2023-12-10T00:45:46.814+0100][193.120s] GC(13) Old regions: 13->13
[2023-12-10T00:45:46.814+0100][193.120s] GC(13) Archive regions: 0->0
[2023-12-10T00:45:46.814+0100][193.120s] GC(13) Humongous regions: 4->4
[2023-12-10T00:45:46.814+0100][193.120s] GC(13) Metaspace: 55161K(55808K)->55161K(55808K) NonClass: 48565K(48896K)->48565K(48896K) Class: 6596K(6912K)->6596K(6912K)
[2023-12-10T00:45:46.814+0100][193.120s] GC(13) Pause Young (Normal) (G1 Evacuation Pause) 323M->44M(512M) 10.368ms
[2023-12-10T00:45:46.814+0100][193.120s] GC(13) User=0.16s Sys=0.00s Real=0.01s
[2023-12-10T00:45:46.823+0100][193.129s] GC(14) Pause Young (Concurrent Start) (CodeCache GC Threshold)
[2023-12-10T00:45:46.823+0100][193.129s] GC(14) Using 10 workers of 10 for evacuation
[2023-12-10T00:45:46.833+0100][193.139s] GC(14)   Pre Evacuate Collection Set: 0.1ms
[2023-12-10T00:45:46.833+0100][193.139s] GC(14)   Merge Heap Roots: 0.1ms
[2023-12-10T00:45:46.833+0100][193.139s] GC(14)   Evacuate Collection Set: 8.3ms
[2023-12-10T00:45:46.833+0100][193.139s] GC(14)   Post Evacuate Collection Set: 1.1ms
[2023-12-10T00:45:46.833+0100][193.139s] GC(14)   Other: 0.1ms
[2023-12-10T00:45:46.833+0100][193.139s] GC(14) Eden regions: 3->0(286)
[2023-12-10T00:45:46.833+0100][193.139s] GC(14) Survivor regions: 29->21(39)
[2023-12-10T00:45:46.833+0100][193.139s] GC(14) Old regions: 13->21
[2023-12-10T00:45:46.833+0100][193.139s] GC(14) Archive regions: 0->0
[2023-12-10T00:45:46.833+0100][193.139s] GC(14) Humongous regions: 4->4
[2023-12-10T00:45:46.833+0100][193.139s] GC(14) Metaspace: 55174K(55808K)->55174K(55808K) NonClass: 48578K(48896K)->48578K(48896K) Class: 6596K(6912K)->6596K(6912K)
[2023-12-10T00:45:46.833+0100][193.139s] GC(14) Pause Young (Concurrent Start) (CodeCache GC Threshold) 47M->45M(512M) 9.981ms
[2023-12-10T00:45:46.833+0100][193.139s] GC(14) User=0.17s Sys=0.00s Real=0.01s
[2023-12-10T00:45:46.833+0100][193.139s] GC(15) Concurrent Mark Cycle
[2023-12-10T00:45:46.833+0100][193.139s] GC(15) Concurrent Clear Claimed Marks
[2023-12-10T00:45:46.833+0100][193.140s] GC(15) Concurrent Clear Claimed Marks 0.062ms
[2023-12-10T00:45:46.833+0100][193.140s] GC(15) Concurrent Scan Root Regions
[2023-12-10T00:45:46.839+0100][193.146s] GC(15) Concurrent Scan Root Regions 5.998ms
[2023-12-10T00:45:46.839+0100][193.146s] GC(15) Concurrent Mark
[2023-12-10T00:45:46.839+0100][193.146s] GC(15) Concurrent Mark From Roots
[2023-12-10T00:45:46.839+0100][193.146s] GC(15) Using 3 workers of 3 for marking
[2023-12-10T00:45:46.849+0100][193.156s] GC(15) Concurrent Mark From Roots 9.912ms
[2023-12-10T00:45:46.849+0100][193.156s] GC(15) Concurrent Preclean
[2023-12-10T00:45:46.849+0100][193.156s] GC(15) Concurrent Preclean 0.029ms
[2023-12-10T00:45:46.850+0100][193.156s] GC(15) Pause Remark
[2023-12-10T00:45:46.852+0100][193.158s] GC(15) Pause Remark 49M->49M(512M) 1.953ms
[2023-12-10T00:45:46.852+0100][193.158s] GC(15) User=0.00s Sys=0.00s Real=0.00s
[2023-12-10T00:45:46.852+0100][193.158s] GC(15) Concurrent Mark 12.226ms
[2023-12-10T00:45:46.852+0100][193.158s] GC(15) Concurrent Rebuild Remembered Sets
[2023-12-10T00:45:46.857+0100][193.163s] GC(15) Concurrent Rebuild Remembered Sets 5.421ms
[2023-12-10T00:45:46.858+0100][193.163s] GC(15) Pause Cleanup
[2023-12-10T00:45:46.858+0100][193.164s] GC(15) Pause Cleanup 51M->51M(512M) 0.125ms
[2023-12-10T00:45:46.858+0100][193.164s] GC(15) User=0.00s Sys=0.00s Real=0.00s
[2023-12-10T00:45:46.858+0100][193.164s] GC(15) Concurrent Cleanup for Next Mark
[2023-12-10T00:45:46.859+0100][193.164s] GC(15) Concurrent Cleanup for Next Mark 0.819ms
[2023-12-10T00:45:46.859+0100][193.164s] GC(15) Concurrent Mark Cycle 24.973ms
[2023-12-10T00:45:47.759+0100][194.064s] GC(16) Pause Young (Normal) (G1 Evacuation Pause)
[2023-12-10T00:45:47.759+0100][194.065s] GC(16) Using 10 workers of 10 for evacuation
[2023-12-10T00:45:47.766+0100][194.072s] GC(16)   Pre Evacuate Collection Set: 0.1ms
[2023-12-10T00:45:47.766+0100][194.072s] GC(16)   Merge Heap Roots: 0.2ms
[2023-12-10T00:45:47.766+0100][194.072s] GC(16)   Evacuate Collection Set: 6.1ms
[2023-12-10T00:45:47.766+0100][194.072s] GC(16)   Post Evacuate Collection Set: 1.1ms
[2023-12-10T00:45:47.766+0100][194.072s] GC(16)   Other: 0.1ms
[2023-12-10T00:45:47.766+0100][194.072s] GC(16) Eden regions: 286->0(285)
[2023-12-10T00:45:47.766+0100][194.072s] GC(16) Survivor regions: 21->22(39)
[2023-12-10T00:45:47.766+0100][194.072s] GC(16) Old regions: 21->21
[2023-12-10T00:45:47.766+0100][194.072s] GC(16) Archive regions: 0->0
[2023-12-10T00:45:47.766+0100][194.072s] GC(16) Humongous regions: 4->4
[2023-12-10T00:45:47.766+0100][194.072s] GC(16) Metaspace: 57043K(57728K)->57043K(57728K) NonClass: 50264K(50624K)->50264K(50624K) Class: 6779K(7104K)->6779K(7104K)
[2023-12-10T00:45:47.766+0100][194.072s] GC(16) Pause Young (Normal) (G1 Evacuation Pause) 331M->45M(512M) 7.697ms
[2023-12-10T00:45:47.766+0100][194.072s] GC(16) User=0.16s Sys=0.00s Real=0.01s
[2023-12-10T01:44:04.047+0100][3690.354s] Heap
[2023-12-10T01:44:04.048+0100][3690.354s]  garbage-first heap   total 524288K, used 184226K [0x00000000e0000000, 0x0000000100000000)
[2023-12-10T01:44:04.048+0100][3690.354s]   region size 1024K, 156 young (159744K), 22 survivors (22528K)
[2023-12-10T01:44:04.048+0100][3690.354s]  Metaspace       used 60024K, committed 60736K, reserved 1114112K
[2023-12-10T01:44:04.048+0100][3690.354s]   class space    used 7102K, committed 7424K, reserved 1048576K
