[2023-11-17T12:20:17.776+0100][0.013s] CardTable entry size: 512
[2023-11-17T12:20:17.776+0100][0.013s] Using G1
[2023-11-17T12:20:17.904+0100][0.140s] Version: 19.0.1+10-21 (release)
[2023-11-17T12:20:17.904+0100][0.140s] CPUs: 12 total, 12 available
[2023-11-17T12:20:17.904+0100][0.140s] Memory: 16220M
[2023-11-17T12:20:17.904+0100][0.140s] Large Page Support: Disabled
[2023-11-17T12:20:17.904+0100][0.140s] NUMA Support: Disabled
[2023-11-17T12:20:17.904+0100][0.140s] Compressed Oops: Enabled (32-bit)
[2023-11-17T12:20:17.904+0100][0.140s] Heap Region Size: 1M
[2023-11-17T12:20:17.904+0100][0.140s] Heap Min Capacity: 512M
[2023-11-17T12:20:17.904+0100][0.140s] Heap Initial Capacity: 512M
[2023-11-17T12:20:17.904+0100][0.140s] Heap Max Capacity: 512M
[2023-11-17T12:20:17.904+0100][0.140s] Pre-touch: Enabled
[2023-11-17T12:20:17.904+0100][0.140s] Parallel Workers: 10
[2023-11-17T12:20:17.904+0100][0.140s] Concurrent Workers: 3
[2023-11-17T12:20:17.904+0100][0.140s] Concurrent Refinement Workers: 10
[2023-11-17T12:20:17.904+0100][0.140s] Periodic GC: Disabled
[2023-11-17T12:20:17.905+0100][0.142s] CDS archive(s) mapped at: [0x0000000800000000-0x0000000800c40000-0x0000000800c40000), size 12845056, SharedBaseAddress: 0x0000000800000000, ArchiveRelocationMode: 0.
[2023-11-17T12:20:17.905+0100][0.142s] Compressed class space mapped at: 0x0000000801000000-0x0000000841000000, reserved size: 1073741824
[2023-11-17T12:20:17.905+0100][0.142s] Narrow klass base: 0x0000000800000000, Narrow klass shift: 0, Narrow klass range: 0x100000000
[2023-11-17T12:20:19.631+0100][1.867s] GC(0) Pause Young (Normal) (G1 Evacuation Pause)
[2023-11-17T12:20:19.632+0100][1.869s] GC(0) Using 10 workers of 10 for evacuation
[2023-11-17T12:20:19.637+0100][1.873s] GC(0)   Pre Evacuate Collection Set: 0.1ms
[2023-11-17T12:20:19.637+0100][1.873s] GC(0)   Merge Heap Roots: 0.2ms
[2023-11-17T12:20:19.637+0100][1.873s] GC(0)   Evacuate Collection Set: 2.8ms
[2023-11-17T12:20:19.637+0100][1.873s] GC(0)   Post Evacuate Collection Set: 0.7ms
[2023-11-17T12:20:19.637+0100][1.873s] GC(0)   Other: 0.6ms
[2023-11-17T12:20:19.637+0100][1.873s] GC(0) Eden regions: 29->0(41)
[2023-11-17T12:20:19.637+0100][1.873s] GC(0) Survivor regions: 0->4(4)
[2023-11-17T12:20:19.637+0100][1.873s] GC(0) Old regions: 0->1
[2023-11-17T12:20:19.637+0100][1.873s] GC(0) Archive regions: 0->0
[2023-11-17T12:20:19.637+0100][1.873s] GC(0) Humongous regions: 0->0
[2023-11-17T12:20:19.637+0100][1.873s] GC(0) Metaspace: 9551K(9792K)->9551K(9792K) NonClass: 8481K(8576K)->8481K(8576K) Class: 1069K(1216K)->1069K(1216K)
[2023-11-17T12:20:19.637+0100][1.873s] GC(0) Pause Young (Normal) (G1 Evacuation Pause) 29M->4M(512M) 6.087ms
[2023-11-17T12:20:19.637+0100][1.873s] GC(0) User=0.00s Sys=0.00s Real=0.01s
[2023-11-17T12:20:24.886+0100][7.122s] GC(1) Pause Young (Normal) (G1 Evacuation Pause)
[2023-11-17T12:20:24.886+0100][7.122s] GC(1) Using 10 workers of 10 for evacuation
[2023-11-17T12:20:24.893+0100][7.130s] GC(1)   Pre Evacuate Collection Set: 0.1ms
[2023-11-17T12:20:24.893+0100][7.130s] GC(1)   Merge Heap Roots: 0.1ms
[2023-11-17T12:20:24.893+0100][7.130s] GC(1)   Evacuate Collection Set: 6.5ms
[2023-11-17T12:20:24.893+0100][7.130s] GC(1)   Post Evacuate Collection Set: 0.7ms
[2023-11-17T12:20:24.893+0100][7.130s] GC(1)   Other: 0.1ms
[2023-11-17T12:20:24.893+0100][7.130s] GC(1) Eden regions: 41->0(172)
[2023-11-17T12:20:24.893+0100][7.130s] GC(1) Survivor regions: 4->6(6)
[2023-11-17T12:20:24.893+0100][7.130s] GC(1) Old regions: 1->9
[2023-11-17T12:20:24.893+0100][7.130s] GC(1) Archive regions: 0->0
[2023-11-17T12:20:24.893+0100][7.130s] GC(1) Humongous regions: 4->4
[2023-11-17T12:20:24.893+0100][7.130s] GC(1) Metaspace: 19113K(19456K)->19113K(19456K) NonClass: 16960K(17152K)->16960K(17152K) Class: 2152K(2304K)->2152K(2304K)
[2023-11-17T12:20:24.893+0100][7.130s] GC(1) Pause Young (Normal) (G1 Evacuation Pause) 49M->18M(512M) 7.627ms
[2023-11-17T12:20:24.893+0100][7.130s] GC(1) User=0.11s Sys=0.05s Real=0.01s
[2023-11-17T12:20:25.484+0100][7.720s] GC(2) Pause Young (Concurrent Start) (Metadata GC Threshold)
[2023-11-17T12:20:25.484+0100][7.720s] GC(2) Using 10 workers of 10 for evacuation
[2023-11-17T12:20:25.488+0100][7.724s] GC(2)   Pre Evacuate Collection Set: 0.2ms
[2023-11-17T12:20:25.488+0100][7.724s] GC(2)   Merge Heap Roots: 0.1ms
[2023-11-17T12:20:25.488+0100][7.724s] GC(2)   Evacuate Collection Set: 3.1ms
[2023-11-17T12:20:25.488+0100][7.724s] GC(2)   Post Evacuate Collection Set: 0.5ms
[2023-11-17T12:20:25.488+0100][7.724s] GC(2)   Other: 0.1ms
[2023-11-17T12:20:25.488+0100][7.724s] GC(2) Eden regions: 93->0(296)
[2023-11-17T12:20:25.488+0100][7.724s] GC(2) Survivor regions: 6->11(23)
[2023-11-17T12:20:25.488+0100][7.724s] GC(2) Old regions: 9->9
[2023-11-17T12:20:25.488+0100][7.724s] GC(2) Archive regions: 0->0
[2023-11-17T12:20:25.488+0100][7.724s] GC(2) Humongous regions: 4->4
[2023-11-17T12:20:25.488+0100][7.724s] GC(2) Metaspace: 21048K(21504K)->21048K(21504K) NonClass: 18714K(18944K)->18714K(18944K) Class: 2333K(2560K)->2333K(2560K)
[2023-11-17T12:20:25.488+0100][7.724s] GC(2) Pause Young (Concurrent Start) (Metadata GC Threshold) 111M->23M(512M) 4.088ms
[2023-11-17T12:20:25.488+0100][7.724s] GC(2) User=0.00s Sys=0.00s Real=0.00s
[2023-11-17T12:20:25.488+0100][7.725s] GC(3) Concurrent Mark Cycle
[2023-11-17T12:20:25.488+0100][7.725s] GC(3) Concurrent Clear Claimed Marks
[2023-11-17T12:20:25.488+0100][7.725s] GC(3) Concurrent Clear Claimed Marks 0.029ms
[2023-11-17T12:20:25.488+0100][7.725s] GC(3) Concurrent Scan Root Regions
[2023-11-17T12:20:25.490+0100][7.726s] GC(3) Concurrent Scan Root Regions 1.494ms
[2023-11-17T12:20:25.490+0100][7.726s] GC(3) Concurrent Mark
[2023-11-17T12:20:25.490+0100][7.726s] GC(3) Concurrent Mark From Roots
[2023-11-17T12:20:25.490+0100][7.726s] GC(3) Using 3 workers of 3 for marking
[2023-11-17T12:20:25.496+0100][7.733s] GC(3) Concurrent Mark From Roots 6.486ms
[2023-11-17T12:20:25.496+0100][7.733s] GC(3) Concurrent Preclean
[2023-11-17T12:20:25.496+0100][7.733s] GC(3) Concurrent Preclean 0.037ms
[2023-11-17T12:20:25.496+0100][7.733s] GC(3) Pause Remark
[2023-11-17T12:20:25.498+0100][7.734s] GC(3) Pause Remark 24M->24M(512M) 1.576ms
[2023-11-17T12:20:25.498+0100][7.734s] GC(3) User=0.00s Sys=0.00s Real=0.00s
[2023-11-17T12:20:25.498+0100][7.735s] GC(3) Concurrent Mark 8.516ms
[2023-11-17T12:20:25.498+0100][7.735s] GC(3) Concurrent Rebuild Remembered Sets
[2023-11-17T12:20:25.501+0100][7.738s] GC(3) Concurrent Rebuild Remembered Sets 2.925ms
[2023-11-17T12:20:25.501+0100][7.738s] GC(3) Pause Cleanup
[2023-11-17T12:20:25.501+0100][7.738s] GC(3) Pause Cleanup 24M->24M(512M) 0.121ms
[2023-11-17T12:20:25.501+0100][7.738s] GC(3) User=0.00s Sys=0.00s Real=0.00s
[2023-11-17T12:20:25.502+0100][7.738s] GC(3) Concurrent Cleanup for Next Mark
[2023-11-17T12:20:25.503+0100][7.739s] GC(3) Concurrent Cleanup for Next Mark 1.356ms
[2023-11-17T12:20:25.503+0100][7.739s] GC(3) Concurrent Mark Cycle 14.908ms
[2023-11-17T12:20:25.541+0100][7.777s] GC(4) Pause Young (Concurrent Start) (CodeCache GC Threshold)
[2023-11-17T12:20:25.541+0100][7.778s] GC(4) Using 10 workers of 10 for evacuation
[2023-11-17T12:20:25.544+0100][7.781s] GC(4)   Pre Evacuate Collection Set: 0.2ms
[2023-11-17T12:20:25.544+0100][7.781s] GC(4)   Merge Heap Roots: 0.1ms
[2023-11-17T12:20:25.544+0100][7.781s] GC(4)   Evacuate Collection Set: 2.6ms
[2023-11-17T12:20:25.544+0100][7.781s] GC(4)   Post Evacuate Collection Set: 0.5ms
[2023-11-17T12:20:25.544+0100][7.781s] GC(4)   Other: 0.2ms
[2023-11-17T12:20:25.544+0100][7.781s] GC(4) Eden regions: 4->0(296)
[2023-11-17T12:20:25.544+0100][7.781s] GC(4) Survivor regions: 11->11(39)
[2023-11-17T12:20:25.544+0100][7.781s] GC(4) Old regions: 9->9
[2023-11-17T12:20:25.544+0100][7.781s] GC(4) Archive regions: 0->0
[2023-11-17T12:20:25.544+0100][7.781s] GC(4) Humongous regions: 4->4
[2023-11-17T12:20:25.544+0100][7.781s] GC(4) Metaspace: 21433K(21888K)->21433K(21888K) NonClass: 19042K(19264K)->19042K(19264K) Class: 2390K(2624K)->2390K(2624K)
[2023-11-17T12:20:25.544+0100][7.781s] GC(4) Pause Young (Concurrent Start) (CodeCache GC Threshold) 26M->23M(512M) 3.774ms
[2023-11-17T12:20:25.545+0100][7.781s] GC(4) User=0.00s Sys=0.00s Real=0.00s
[2023-11-17T12:20:25.545+0100][7.781s] GC(5) Concurrent Mark Cycle
[2023-11-17T12:20:25.545+0100][7.781s] GC(5) Concurrent Clear Claimed Marks
[2023-11-17T12:20:25.545+0100][7.781s] GC(5) Concurrent Clear Claimed Marks 0.026ms
[2023-11-17T12:20:25.545+0100][7.781s] GC(5) Concurrent Scan Root Regions
[2023-11-17T12:20:25.547+0100][7.783s] GC(5) Concurrent Scan Root Regions 1.816ms
[2023-11-17T12:20:25.547+0100][7.783s] GC(5) Concurrent Mark
[2023-11-17T12:20:25.547+0100][7.783s] GC(5) Concurrent Mark From Roots
[2023-11-17T12:20:25.547+0100][7.783s] GC(5) Using 3 workers of 3 for marking
[2023-11-17T12:20:25.555+0100][7.792s] GC(5) Concurrent Mark From Roots 8.843ms
[2023-11-17T12:20:25.555+0100][7.792s] GC(5) Concurrent Preclean
[2023-11-17T12:20:25.556+0100][7.792s] GC(5) Concurrent Preclean 0.045ms
[2023-11-17T12:20:25.556+0100][7.792s] GC(5) Pause Remark
[2023-11-17T12:20:25.557+0100][7.794s] GC(5) Pause Remark 24M->24M(512M) 1.389ms
[2023-11-17T12:20:25.557+0100][7.794s] GC(5) User=0.00s Sys=0.00s Real=0.00s
[2023-11-17T12:20:25.557+0100][7.794s] GC(5) Concurrent Mark 10.665ms
[2023-11-17T12:20:25.557+0100][7.794s] GC(5) Concurrent Rebuild Remembered Sets
[2023-11-17T12:20:25.560+0100][7.797s] GC(5) Concurrent Rebuild Remembered Sets 3.113ms
[2023-11-17T12:20:25.561+0100][7.797s] GC(5) Pause Cleanup
[2023-11-17T12:20:25.561+0100][7.797s] GC(5) Pause Cleanup 24M->24M(512M) 0.156ms
[2023-11-17T12:20:25.561+0100][7.797s] GC(5) User=0.00s Sys=0.00s Real=0.00s
[2023-11-17T12:20:25.561+0100][7.798s] GC(5) Concurrent Cleanup for Next Mark
[2023-11-17T12:20:25.562+0100][7.799s] GC(5) Concurrent Cleanup for Next Mark 1.448ms
[2023-11-17T12:20:25.562+0100][7.799s] GC(5) Concurrent Mark Cycle 17.712ms
[2023-11-17T12:20:45.231+0100][27.468s] GC(6) Pause Young (Concurrent Start) (Metadata GC Threshold)
[2023-11-17T12:20:45.231+0100][27.468s] GC(6) Using 10 workers of 10 for evacuation
[2023-11-17T12:20:45.239+0100][27.475s] GC(6)   Pre Evacuate Collection Set: 0.1ms
[2023-11-17T12:20:45.239+0100][27.475s] GC(6)   Merge Heap Roots: 0.1ms
[2023-11-17T12:20:45.239+0100][27.475s] GC(6)   Evacuate Collection Set: 6.3ms
[2023-11-17T12:20:45.239+0100][27.475s] GC(6)   Post Evacuate Collection Set: 0.8ms
[2023-11-17T12:20:45.239+0100][27.475s] GC(6)   Other: 0.1ms
[2023-11-17T12:20:45.239+0100][27.475s] GC(6) Eden regions: 108->0(290)
[2023-11-17T12:20:45.239+0100][27.475s] GC(6) Survivor regions: 11->17(39)
[2023-11-17T12:20:45.239+0100][27.475s] GC(6) Old regions: 9->9
[2023-11-17T12:20:45.239+0100][27.475s] GC(6) Archive regions: 0->0
[2023-11-17T12:20:45.239+0100][27.475s] GC(6) Humongous regions: 5->4
[2023-11-17T12:20:45.239+0100][27.475s] GC(6) Metaspace: 36149K(36608K)->36149K(36608K) NonClass: 32021K(32256K)->32021K(32256K) Class: 4127K(4352K)->4127K(4352K)
[2023-11-17T12:20:45.239+0100][27.475s] GC(6) Pause Young (Concurrent Start) (Metadata GC Threshold) 131M->29M(512M) 7.749ms
[2023-11-17T12:20:45.239+0100][27.475s] GC(6) User=0.11s Sys=0.05s Real=0.01s
[2023-11-17T12:20:45.239+0100][27.475s] GC(7) Concurrent Mark Cycle
[2023-11-17T12:20:45.239+0100][27.475s] GC(7) Concurrent Clear Claimed Marks
[2023-11-17T12:20:45.239+0100][27.476s] GC(7) Concurrent Clear Claimed Marks 0.024ms
[2023-11-17T12:20:45.239+0100][27.476s] GC(7) Concurrent Scan Root Regions
[2023-11-17T12:20:45.242+0100][27.478s] GC(7) Concurrent Scan Root Regions 2.519ms
[2023-11-17T12:20:45.242+0100][27.478s] GC(7) Concurrent Mark
[2023-11-17T12:20:45.242+0100][27.478s] GC(7) Concurrent Mark From Roots
[2023-11-17T12:20:45.242+0100][27.478s] GC(7) Using 3 workers of 3 for marking
[2023-11-17T12:20:45.248+0100][27.485s] GC(7) Concurrent Mark From Roots 6.516ms
[2023-11-17T12:20:45.248+0100][27.485s] GC(7) Concurrent Preclean
[2023-11-17T12:20:45.248+0100][27.485s] GC(7) Concurrent Preclean 0.040ms
[2023-11-17T12:20:45.249+0100][27.485s] GC(7) Pause Remark
[2023-11-17T12:20:45.250+0100][27.486s] GC(7) Pause Remark 30M->30M(512M) 1.470ms
[2023-11-17T12:20:45.250+0100][27.486s] GC(7) User=0.00s Sys=0.00s Real=0.00s
[2023-11-17T12:20:45.250+0100][27.487s] GC(7) Concurrent Mark 8.388ms
[2023-11-17T12:20:45.250+0100][27.487s] GC(7) Concurrent Rebuild Remembered Sets
[2023-11-17T12:20:45.252+0100][27.489s] GC(7) Concurrent Rebuild Remembered Sets 2.492ms
[2023-11-17T12:20:45.253+0100][27.490s] GC(7) Pause Cleanup
[2023-11-17T12:20:45.254+0100][27.490s] GC(7) Pause Cleanup 30M->30M(512M) 0.145ms
[2023-11-17T12:20:45.254+0100][27.490s] GC(7) User=0.00s Sys=0.00s Real=0.00s
[2023-11-17T12:20:45.254+0100][27.490s] GC(7) Concurrent Cleanup for Next Mark
[2023-11-17T12:20:45.254+0100][27.491s] GC(7) Concurrent Cleanup for Next Mark 0.665ms
[2023-11-17T12:20:45.254+0100][27.491s] GC(7) Concurrent Mark Cycle 15.108ms
[2023-11-17T12:20:45.876+0100][28.113s] GC(8) Pause Young (Concurrent Start) (CodeCache GC Threshold)
[2023-11-17T12:20:45.876+0100][28.113s] GC(8) Using 10 workers of 10 for evacuation
[2023-11-17T12:20:45.884+0100][28.121s] GC(8)   Pre Evacuate Collection Set: 0.1ms
[2023-11-17T12:20:45.884+0100][28.121s] GC(8)   Merge Heap Roots: 0.0ms
[2023-11-17T12:20:45.884+0100][28.121s] GC(8)   Evacuate Collection Set: 6.9ms
[2023-11-17T12:20:45.884+0100][28.121s] GC(8)   Post Evacuate Collection Set: 0.7ms
[2023-11-17T12:20:45.884+0100][28.121s] GC(8)   Other: 0.0ms
[2023-11-17T12:20:45.884+0100][28.121s] GC(8) Eden regions: 63->0(286)
[2023-11-17T12:20:45.884+0100][28.121s] GC(8) Survivor regions: 17->21(39)
[2023-11-17T12:20:45.884+0100][28.121s] GC(8) Old regions: 9->9
[2023-11-17T12:20:45.884+0100][28.121s] GC(8) Archive regions: 0->0
[2023-11-17T12:20:45.884+0100][28.121s] GC(8) Humongous regions: 4->4
[2023-11-17T12:20:45.884+0100][28.121s] GC(8) Metaspace: 43743K(44224K)->43743K(44224K) NonClass: 38614K(38848K)->38614K(38848K) Class: 5128K(5376K)->5128K(5376K)
[2023-11-17T12:20:45.884+0100][28.121s] GC(8) Pause Young (Concurrent Start) (CodeCache GC Threshold) 91M->32M(512M) 7.990ms
[2023-11-17T12:20:45.884+0100][28.121s] GC(9) Concurrent Mark Cycle
[2023-11-17T12:20:45.884+0100][28.121s] GC(8) User=0.00s Sys=0.00s Real=0.01s
[2023-11-17T12:20:45.884+0100][28.121s] GC(9) Concurrent Clear Claimed Marks
[2023-11-17T12:20:45.884+0100][28.121s] GC(9) Concurrent Clear Claimed Marks 0.056ms
[2023-11-17T12:20:45.884+0100][28.121s] GC(9) Concurrent Scan Root Regions
[2023-11-17T12:20:45.889+0100][28.126s] GC(9) Concurrent Scan Root Regions 4.731ms
[2023-11-17T12:20:45.889+0100][28.126s] GC(9) Concurrent Mark
[2023-11-17T12:20:45.889+0100][28.126s] GC(9) Concurrent Mark From Roots
[2023-11-17T12:20:45.889+0100][28.126s] GC(9) Using 3 workers of 3 for marking
[2023-11-17T12:20:45.895+0100][28.132s] GC(9) Concurrent Mark From Roots 5.857ms
[2023-11-17T12:20:45.895+0100][28.132s] GC(9) Concurrent Preclean
[2023-11-17T12:20:45.895+0100][28.132s] GC(9) Concurrent Preclean 0.037ms
[2023-11-17T12:20:45.895+0100][28.132s] GC(9) Pause Remark
[2023-11-17T12:20:45.897+0100][28.133s] GC(9) Pause Remark 33M->33M(512M) 1.374ms
[2023-11-17T12:20:45.897+0100][28.133s] GC(9) User=0.00s Sys=0.00s Real=0.00s
[2023-11-17T12:20:45.897+0100][28.133s] GC(9) Concurrent Mark 7.553ms
[2023-11-17T12:20:45.897+0100][28.133s] GC(9) Concurrent Rebuild Remembered Sets
[2023-11-17T12:20:45.901+0100][28.137s] GC(9) Concurrent Rebuild Remembered Sets 3.771ms
[2023-11-17T12:20:45.901+0100][28.138s] GC(9) Pause Cleanup
[2023-11-17T12:20:45.901+0100][28.138s] GC(9) Pause Cleanup 33M->33M(512M) 0.159ms
[2023-11-17T12:20:45.901+0100][28.138s] GC(9) User=0.00s Sys=0.00s Real=0.00s
[2023-11-17T12:20:45.901+0100][28.138s] GC(9) Concurrent Cleanup for Next Mark
[2023-11-17T12:20:45.902+0100][28.139s] GC(9) Concurrent Cleanup for Next Mark 0.767ms
[2023-11-17T12:20:45.902+0100][28.139s] GC(9) Concurrent Mark Cycle 17.765ms
[2023-11-17T12:20:46.189+0100][28.425s] GC(10) Pause Young (Concurrent Start) (CodeCache GC Threshold)
[2023-11-17T12:20:46.189+0100][28.425s] GC(10) Using 10 workers of 10 for evacuation
[2023-11-17T12:20:46.196+0100][28.432s] GC(10)   Pre Evacuate Collection Set: 0.1ms
[2023-11-17T12:20:46.196+0100][28.432s] GC(10)   Merge Heap Roots: 0.0ms
[2023-11-17T12:20:46.196+0100][28.432s] GC(10)   Evacuate Collection Set: 6.5ms
[2023-11-17T12:20:46.196+0100][28.432s] GC(10)   Post Evacuate Collection Set: 0.6ms
[2023-11-17T12:20:46.196+0100][28.432s] GC(10)   Other: 0.1ms
[2023-11-17T12:20:46.196+0100][28.432s] GC(10) Eden regions: 16->0(285)
[2023-11-17T12:20:46.196+0100][28.432s] GC(10) Survivor regions: 21->22(39)
[2023-11-17T12:20:46.196+0100][28.432s] GC(10) Old regions: 9->9
[2023-11-17T12:20:46.196+0100][28.432s] GC(10) Archive regions: 0->0
[2023-11-17T12:20:46.196+0100][28.432s] GC(10) Humongous regions: 4->4
[2023-11-17T12:20:46.196+0100][28.432s] GC(10) Metaspace: 45553K(46144K)->45553K(46144K) NonClass: 40201K(40512K)->40201K(40512K) Class: 5351K(5632K)->5351K(5632K)
[2023-11-17T12:20:46.196+0100][28.433s] GC(10) Pause Young (Concurrent Start) (CodeCache GC Threshold) 48M->34M(512M) 7.484ms
[2023-11-17T12:20:46.196+0100][28.433s] GC(11) Concurrent Mark Cycle
[2023-11-17T12:20:46.196+0100][28.433s] GC(10) User=0.00s Sys=0.00s Real=0.01s
[2023-11-17T12:20:46.196+0100][28.433s] GC(11) Concurrent Clear Claimed Marks
[2023-11-17T12:20:46.196+0100][28.433s] GC(11) Concurrent Clear Claimed Marks 0.073ms
[2023-11-17T12:20:46.196+0100][28.433s] GC(11) Concurrent Scan Root Regions
[2023-11-17T12:20:46.200+0100][28.436s] GC(11) Concurrent Scan Root Regions 3.435ms
[2023-11-17T12:20:46.200+0100][28.436s] GC(11) Concurrent Mark
[2023-11-17T12:20:46.200+0100][28.436s] GC(11) Concurrent Mark From Roots
[2023-11-17T12:20:46.200+0100][28.436s] GC(11) Using 3 workers of 3 for marking
[2023-11-17T12:20:46.206+0100][28.443s] GC(11) Concurrent Mark From Roots 6.498ms
[2023-11-17T12:20:46.206+0100][28.443s] GC(11) Concurrent Preclean
[2023-11-17T12:20:46.206+0100][28.443s] GC(11) Concurrent Preclean 0.033ms
[2023-11-17T12:20:46.207+0100][28.443s] GC(11) Pause Remark
[2023-11-17T12:20:46.208+0100][28.444s] GC(11) Pause Remark 35M->35M(512M) 1.350ms
[2023-11-17T12:20:46.208+0100][28.444s] GC(11) User=0.00s Sys=0.00s Real=0.00s
[2023-11-17T12:20:46.208+0100][28.444s] GC(11) Concurrent Mark 8.231ms
[2023-11-17T12:20:46.208+0100][28.444s] GC(11) Concurrent Rebuild Remembered Sets
[2023-11-17T12:20:46.211+0100][28.448s] GC(11) Concurrent Rebuild Remembered Sets 3.652ms
[2023-11-17T12:20:46.211+0100][28.448s] GC(11) Pause Cleanup
[2023-11-17T12:20:46.212+0100][28.448s] GC(11) Pause Cleanup 35M->35M(512M) 0.137ms
[2023-11-17T12:20:46.212+0100][28.448s] GC(11) User=0.00s Sys=0.00s Real=0.00s
[2023-11-17T12:20:46.212+0100][28.448s] GC(11) Concurrent Cleanup for Next Mark
[2023-11-17T12:20:46.212+0100][28.449s] GC(11) Concurrent Cleanup for Next Mark 0.719ms
[2023-11-17T12:20:46.212+0100][28.449s] GC(11) Concurrent Mark Cycle 16.583ms
[2023-11-17T12:25:28.024+0100][310.261s] GC(12) Pause Young (Concurrent Start) (CodeCache GC Threshold)
[2023-11-17T12:25:28.024+0100][310.261s] GC(12) Using 10 workers of 10 for evacuation
[2023-11-17T12:25:28.041+0100][310.277s] GC(12)   Pre Evacuate Collection Set: 0.2ms
[2023-11-17T12:25:28.041+0100][310.277s] GC(12)   Merge Heap Roots: 0.1ms
[2023-11-17T12:25:28.041+0100][310.277s] GC(12)   Evacuate Collection Set: 14.4ms
[2023-11-17T12:25:28.041+0100][310.277s] GC(12)   Post Evacuate Collection Set: 1.4ms
[2023-11-17T12:25:28.041+0100][310.278s] GC(12)   Other: 0.2ms
[2023-11-17T12:25:28.041+0100][310.278s] GC(12) Eden regions: 146->0(279)
[2023-11-17T12:25:28.041+0100][310.278s] GC(12) Survivor regions: 22->28(39)
[2023-11-17T12:25:28.041+0100][310.278s] GC(12) Old regions: 9->15
[2023-11-17T12:25:28.041+0100][310.278s] GC(12) Archive regions: 0->0
[2023-11-17T12:25:28.041+0100][310.278s] GC(12) Humongous regions: 4->4
[2023-11-17T12:25:28.041+0100][310.278s] GC(12) Metaspace: 57281K(57920K)->57281K(57920K) NonClass: 50510K(50816K)->50510K(50816K) Class: 6771K(7104K)->6771K(7104K)
[2023-11-17T12:25:28.041+0100][310.278s] GC(12) Pause Young (Concurrent Start) (CodeCache GC Threshold) 179M->46M(512M) 16.597ms
[2023-11-17T12:25:28.041+0100][310.278s] GC(12) User=0.12s Sys=0.02s Real=0.02s
[2023-11-17T12:25:28.041+0100][310.278s] GC(13) Concurrent Mark Cycle
[2023-11-17T12:25:28.041+0100][310.278s] GC(13) Concurrent Clear Claimed Marks
[2023-11-17T12:25:28.041+0100][310.278s] GC(13) Concurrent Clear Claimed Marks 0.089ms
[2023-11-17T12:25:28.041+0100][310.278s] GC(13) Concurrent Scan Root Regions
[2023-11-17T12:25:28.048+0100][310.285s] GC(13) Concurrent Scan Root Regions 7.139ms
[2023-11-17T12:25:28.048+0100][310.285s] GC(13) Concurrent Mark
[2023-11-17T12:25:28.048+0100][310.285s] GC(13) Concurrent Mark From Roots
[2023-11-17T12:25:28.048+0100][310.285s] GC(13) Using 3 workers of 3 for marking
[2023-11-17T12:25:28.055+0100][310.292s] GC(13) Concurrent Mark From Roots 6.889ms
[2023-11-17T12:25:28.055+0100][310.292s] GC(13) Concurrent Preclean
[2023-11-17T12:25:28.055+0100][310.292s] GC(13) Concurrent Preclean 0.045ms
[2023-11-17T12:25:28.056+0100][310.292s] GC(13) Pause Remark
[2023-11-17T12:25:28.058+0100][310.294s] GC(13) Pause Remark 51M->51M(512M) 2.132ms
[2023-11-17T12:25:28.058+0100][310.294s] GC(13) User=0.00s Sys=0.00s Real=0.00s
[2023-11-17T12:25:28.058+0100][310.294s] GC(13) Concurrent Mark 9.435ms
[2023-11-17T12:25:28.058+0100][310.294s] GC(13) Concurrent Rebuild Remembered Sets
[2023-11-17T12:25:28.062+0100][310.299s] GC(13) Concurrent Rebuild Remembered Sets 4.195ms
[2023-11-17T12:25:28.062+0100][310.299s] GC(13) Pause Cleanup
[2023-11-17T12:25:28.062+0100][310.299s] GC(13) Pause Cleanup 51M->51M(512M) 0.133ms
[2023-11-17T12:25:28.062+0100][310.299s] GC(13) User=0.00s Sys=0.00s Real=0.00s
[2023-11-17T12:25:28.063+0100][310.299s] GC(13) Concurrent Cleanup for Next Mark
[2023-11-17T12:25:28.063+0100][310.300s] GC(13) Concurrent Cleanup for Next Mark 0.753ms
[2023-11-17T12:25:28.063+0100][310.300s] GC(13) Concurrent Mark Cycle 22.256ms
[2023-11-17T12:53:04.221+0100][1966.458s] GC(14) Pause Young (Concurrent Start) (CodeCache GC Threshold)
[2023-11-17T12:53:04.222+0100][1966.459s] GC(14) Using 10 workers of 10 for evacuation
[2023-11-17T12:53:04.253+0100][1966.490s] GC(14)   Pre Evacuate Collection Set: 0.4ms
[2023-11-17T12:53:04.253+0100][1966.490s] GC(14)   Merge Heap Roots: 0.2ms
[2023-11-17T12:53:04.253+0100][1966.490s] GC(14)   Evacuate Collection Set: 27.7ms
[2023-11-17T12:53:04.253+0100][1966.490s] GC(14)   Post Evacuate Collection Set: 2.2ms
[2023-11-17T12:53:04.253+0100][1966.490s] GC(14)   Other: 0.3ms
[2023-11-17T12:53:04.253+0100][1966.490s] GC(14) Eden regions: 91->0(288)
[2023-11-17T12:53:04.253+0100][1966.490s] GC(14) Survivor regions: 28->19(39)
[2023-11-17T12:53:04.253+0100][1966.490s] GC(14) Old regions: 15->26
[2023-11-17T12:53:04.253+0100][1966.490s] GC(14) Archive regions: 0->0
[2023-11-17T12:53:04.253+0100][1966.490s] GC(14) Humongous regions: 4->4
[2023-11-17T12:53:04.253+0100][1966.490s] GC(14) Metaspace: 58846K(59456K)->58846K(59456K) NonClass: 52062K(52352K)->52062K(52352K) Class: 6784K(7104K)->6784K(7104K)
[2023-11-17T12:53:04.254+0100][1966.490s] GC(14) Pause Young (Concurrent Start) (CodeCache GC Threshold) 137M->47M(512M) 31.714ms
[2023-11-17T12:53:04.254+0100][1966.490s] GC(14) User=0.30s Sys=0.02s Real=0.03s
[2023-11-17T12:53:04.254+0100][1966.490s] GC(15) Concurrent Mark Cycle
[2023-11-17T12:53:04.254+0100][1966.490s] GC(15) Concurrent Clear Claimed Marks
[2023-11-17T12:53:04.254+0100][1966.491s] GC(15) Concurrent Clear Claimed Marks 0.136ms
[2023-11-17T12:53:04.254+0100][1966.491s] GC(15) Concurrent Scan Root Regions
[2023-11-17T12:53:04.278+0100][1966.514s] GC(15) Concurrent Scan Root Regions 23.610ms
[2023-11-17T12:53:04.278+0100][1966.514s] GC(15) Concurrent Mark
[2023-11-17T12:53:04.278+0100][1966.514s] GC(15) Concurrent Mark From Roots
[2023-11-17T12:53:04.278+0100][1966.515s] GC(15) Using 3 workers of 3 for marking
[2023-11-17T12:53:04.305+0100][1966.541s] GC(15) Concurrent Mark From Roots 26.579ms
[2023-11-17T12:53:04.305+0100][1966.541s] GC(15) Concurrent Preclean
[2023-11-17T12:53:04.305+0100][1966.542s] GC(15) Concurrent Preclean 0.419ms
[2023-11-17T12:53:04.305+0100][1966.542s] GC(15) Pause Remark
[2023-11-17T12:53:04.312+0100][1966.548s] GC(15) Pause Remark 51M->51M(512M) 6.636ms
[2023-11-17T12:53:04.312+0100][1966.548s] GC(15) User=0.16s Sys=0.03s Real=0.01s
[2023-11-17T12:53:04.312+0100][1966.548s] GC(15) Concurrent Mark 34.024ms
[2023-11-17T12:53:04.312+0100][1966.548s] GC(15) Concurrent Rebuild Remembered Sets
[2023-11-17T12:53:04.319+0100][1966.555s] GC(15) Concurrent Rebuild Remembered Sets 6.986ms
[2023-11-17T12:53:04.320+0100][1966.556s] GC(15) Pause Cleanup
[2023-11-17T12:53:04.320+0100][1966.556s] GC(15) Pause Cleanup 51M->51M(512M) 0.180ms
[2023-11-17T12:53:04.320+0100][1966.556s] GC(15) User=0.00s Sys=0.00s Real=0.00s
[2023-11-17T12:53:04.320+0100][1966.557s] GC(15) Concurrent Cleanup for Next Mark
[2023-11-17T12:53:04.322+0100][1966.558s] GC(15) Concurrent Cleanup for Next Mark 1.413ms
[2023-11-17T12:53:04.322+0100][1966.558s] GC(15) Concurrent Mark Cycle 67.843ms
[2023-11-17T12:53:08.719+0100][1970.955s] GC(16) Pause Young (Concurrent Start) (CodeCache GC Threshold)
[2023-11-17T12:53:08.719+0100][1970.956s] GC(16) Using 10 workers of 10 for evacuation
[2023-11-17T12:53:08.727+0100][1970.963s] GC(16)   Pre Evacuate Collection Set: 0.1ms
[2023-11-17T12:53:08.727+0100][1970.963s] GC(16)   Merge Heap Roots: 0.2ms
[2023-11-17T12:53:08.727+0100][1970.963s] GC(16)   Evacuate Collection Set: 6.3ms
[2023-11-17T12:53:08.727+0100][1970.963s] GC(16)   Post Evacuate Collection Set: 1.1ms
[2023-11-17T12:53:08.727+0100][1970.963s] GC(16)   Other: 0.1ms
[2023-11-17T12:53:08.727+0100][1970.963s] GC(16) Eden regions: 8->0(289)
[2023-11-17T12:53:08.727+0100][1970.963s] GC(16) Survivor regions: 19->18(39)
[2023-11-17T12:53:08.727+0100][1970.963s] GC(16) Old regions: 26->26
[2023-11-17T12:53:08.727+0100][1970.963s] GC(16) Archive regions: 0->0
[2023-11-17T12:53:08.727+0100][1970.963s] GC(16) Humongous regions: 4->4
[2023-11-17T12:53:08.727+0100][1970.963s] GC(16) Metaspace: 58740K(59520K)->58740K(59520K) NonClass: 51994K(52416K)->51994K(52416K) Class: 6745K(7104K)->6745K(7104K)
[2023-11-17T12:53:08.727+0100][1970.964s] GC(16) Pause Young (Concurrent Start) (CodeCache GC Threshold) 55M->47M(512M) 8.054ms
[2023-11-17T12:53:08.727+0100][1970.964s] GC(16) User=0.00s Sys=0.00s Real=0.01s
[2023-11-17T12:53:08.727+0100][1970.964s] GC(17) Concurrent Mark Cycle
[2023-11-17T12:53:08.727+0100][1970.964s] GC(17) Concurrent Clear Claimed Marks
[2023-11-17T12:53:08.727+0100][1970.964s] GC(17) Concurrent Clear Claimed Marks 0.047ms
[2023-11-17T12:53:08.727+0100][1970.964s] GC(17) Concurrent Scan Root Regions
[2023-11-17T12:53:08.732+0100][1970.968s] GC(17) Concurrent Scan Root Regions 4.668ms
[2023-11-17T12:53:08.732+0100][1970.968s] GC(17) Concurrent Mark
[2023-11-17T12:53:08.732+0100][1970.968s] GC(17) Concurrent Mark From Roots
[2023-11-17T12:53:08.732+0100][1970.968s] GC(17) Using 3 workers of 3 for marking
[2023-11-17T12:53:08.742+0100][1970.979s] GC(17) Concurrent Mark From Roots 10.522ms
[2023-11-17T12:53:08.742+0100][1970.979s] GC(17) Concurrent Preclean
[2023-11-17T12:53:08.742+0100][1970.979s] GC(17) Concurrent Preclean 0.217ms
[2023-11-17T12:53:08.742+0100][1970.979s] GC(17) Pause Remark
[2023-11-17T12:53:08.748+0100][1970.985s] GC(17) Pause Remark 48M->48M(512M) 6.011ms
[2023-11-17T12:53:08.748+0100][1970.985s] GC(17) User=0.00s Sys=0.00s Real=0.01s
[2023-11-17T12:53:08.748+0100][1970.985s] GC(17) Concurrent Mark 17.089ms
[2023-11-17T12:53:08.748+0100][1970.985s] GC(17) Concurrent Rebuild Remembered Sets
[2023-11-17T12:53:08.759+0100][1970.996s] GC(17) Concurrent Rebuild Remembered Sets 10.159ms
[2023-11-17T12:53:08.759+0100][1970.996s] GC(17) Pause Cleanup
[2023-11-17T12:53:08.759+0100][1970.996s] GC(17) Pause Cleanup 49M->49M(512M) 0.147ms
[2023-11-17T12:53:08.759+0100][1970.996s] GC(17) User=0.00s Sys=0.00s Real=0.00s
[2023-11-17T12:53:08.759+0100][1970.996s] GC(17) Concurrent Cleanup for Next Mark
[2023-11-17T12:53:08.760+0100][1970.997s] GC(17) Concurrent Cleanup for Next Mark 0.887ms
[2023-11-17T12:53:08.760+0100][1970.997s] GC(17) Concurrent Mark Cycle 33.459ms
[2023-11-17T13:19:38.054+0100][3560.291s] GC(18) Pause Young (Concurrent Start) (CodeCache GC Threshold)
[2023-11-17T13:19:38.055+0100][3560.291s] GC(18) Using 10 workers of 10 for evacuation
[2023-11-17T13:19:38.062+0100][3560.299s] GC(18)   Pre Evacuate Collection Set: 0.2ms
[2023-11-17T13:19:38.062+0100][3560.299s] GC(18)   Merge Heap Roots: 0.1ms
[2023-11-17T13:19:38.062+0100][3560.299s] GC(18)   Evacuate Collection Set: 6.3ms
[2023-11-17T13:19:38.062+0100][3560.299s] GC(18)   Post Evacuate Collection Set: 0.8ms
[2023-11-17T13:19:38.062+0100][3560.299s] GC(18)   Other: 0.0ms
[2023-11-17T13:19:38.062+0100][3560.299s] GC(18) Eden regions: 77->0(288)
[2023-11-17T13:19:38.062+0100][3560.299s] GC(18) Survivor regions: 18->19(39)
[2023-11-17T13:19:38.062+0100][3560.299s] GC(18) Old regions: 26->26
[2023-11-17T13:19:38.062+0100][3560.299s] GC(18) Archive regions: 0->0
[2023-11-17T13:19:38.062+0100][3560.299s] GC(18) Humongous regions: 4->4
[2023-11-17T13:19:38.062+0100][3560.299s] GC(18) Metaspace: 58864K(59648K)->58864K(59648K) NonClass: 52122K(52544K)->52122K(52544K) Class: 6742K(7104K)->6742K(7104K)
[2023-11-17T13:19:38.062+0100][3560.299s] GC(18) Pause Young (Concurrent Start) (CodeCache GC Threshold) 124M->47M(512M) 7.699ms
[2023-11-17T13:19:38.062+0100][3560.299s] GC(18) User=0.16s Sys=0.00s Real=0.01s
[2023-11-17T13:19:38.062+0100][3560.299s] GC(19) Concurrent Mark Cycle
[2023-11-17T13:19:38.062+0100][3560.299s] GC(19) Concurrent Clear Claimed Marks
[2023-11-17T13:19:38.062+0100][3560.299s] GC(19) Concurrent Clear Claimed Marks 0.043ms
[2023-11-17T13:19:38.062+0100][3560.299s] GC(19) Concurrent Scan Root Regions
[2023-11-17T13:19:38.066+0100][3560.304s] GC(19) Concurrent Scan Root Regions 4.555ms
[2023-11-17T13:19:38.066+0100][3560.304s] GC(19) Concurrent Mark
[2023-11-17T13:19:38.066+0100][3560.304s] GC(19) Concurrent Mark From Roots
[2023-11-17T13:19:38.066+0100][3560.304s] GC(19) Using 3 workers of 3 for marking
[2023-11-17T13:19:38.076+0100][3560.313s] GC(19) Concurrent Mark From Roots 9.820ms
[2023-11-17T13:19:38.076+0100][3560.313s] GC(19) Concurrent Preclean
[2023-11-17T13:19:38.076+0100][3560.314s] GC(19) Concurrent Preclean 0.132ms
[2023-11-17T13:19:38.077+0100][3560.314s] GC(19) Pause Remark
[2023-11-17T13:19:38.085+0100][3560.321s] GC(19) Pause Remark 48M->48M(512M) 7.562ms
[2023-11-17T13:19:38.085+0100][3560.321s] GC(19) User=0.00s Sys=0.00s Real=0.01s
[2023-11-17T13:19:38.085+0100][3560.321s] GC(19) Concurrent Mark 17.755ms
[2023-11-17T13:19:38.085+0100][3560.321s] GC(19) Concurrent Rebuild Remembered Sets
[2023-11-17T13:19:38.091+0100][3560.327s] GC(19) Concurrent Rebuild Remembered Sets 5.666ms
[2023-11-17T13:19:38.091+0100][3560.327s] GC(19) Pause Cleanup
[2023-11-17T13:19:38.091+0100][3560.327s] GC(19) Pause Cleanup 48M->48M(512M) 0.141ms
[2023-11-17T13:19:38.091+0100][3560.327s] GC(19) User=0.00s Sys=0.00s Real=0.00s
[2023-11-17T13:19:38.091+0100][3560.327s] GC(19) Concurrent Cleanup for Next Mark
[2023-11-17T13:19:38.091+0100][3560.328s] GC(19) Concurrent Cleanup for Next Mark 0.611ms
[2023-11-17T13:19:38.091+0100][3560.328s] GC(19) Concurrent Mark Cycle 29.098ms
[2023-11-17T16:42:21.532+0100][15723.789s] Heap
[2023-11-17T16:42:21.532+0100][15723.789s]  garbage-first heap   total 524288K, used 118409K [0x00000000e0000000, 0x0000000100000000)
[2023-11-17T16:42:21.532+0100][15723.789s]   region size 1024K, 87 young (89088K), 19 survivors (19456K)
[2023-11-17T16:42:21.532+0100][15723.789s]  Metaspace       used 59213K, committed 59840K, reserved 1114112K
[2023-11-17T16:42:21.532+0100][15723.789s]   class space    used 6797K, committed 7104K, reserved 1048576K
