[2023-12-09T22:30:26.758+0100][0.014s] CardTable entry size: 512
[2023-12-09T22:30:26.758+0100][0.014s] Using G1
[2023-12-09T22:30:26.871+0100][0.126s] Version: 19.0.1+10-21 (release)
[2023-12-09T22:30:26.871+0100][0.127s] CPUs: 12 total, 12 available
[2023-12-09T22:30:26.871+0100][0.127s] Memory: 16220M
[2023-12-09T22:30:26.871+0100][0.127s] Large Page Support: Disabled
[2023-12-09T22:30:26.871+0100][0.127s] NUMA Support: Disabled
[2023-12-09T22:30:26.871+0100][0.127s] Compressed Oops: Enabled (32-bit)
[2023-12-09T22:30:26.871+0100][0.127s] Heap Region Size: 1M
[2023-12-09T22:30:26.871+0100][0.127s] Heap Min Capacity: 512M
[2023-12-09T22:30:26.871+0100][0.127s] Heap Initial Capacity: 512M
[2023-12-09T22:30:26.871+0100][0.127s] Heap Max Capacity: 512M
[2023-12-09T22:30:26.871+0100][0.127s] Pre-touch: Enabled
[2023-12-09T22:30:26.871+0100][0.127s] Parallel Workers: 10
[2023-12-09T22:30:26.871+0100][0.127s] Concurrent Workers: 3
[2023-12-09T22:30:26.871+0100][0.127s] Concurrent Refinement Workers: 10
[2023-12-09T22:30:26.871+0100][0.127s] Periodic GC: Disabled
[2023-12-09T22:30:26.872+0100][0.128s] CDS archive(s) mapped at: [0x0000000800000000-0x0000000800c40000-0x0000000800c40000), size 12845056, SharedBaseAddress: 0x0000000800000000, ArchiveRelocationMode: 0.
[2023-12-09T22:30:26.872+0100][0.128s] Compressed class space mapped at: 0x0000000801000000-0x0000000841000000, reserved size: 1073741824
[2023-12-09T22:30:26.872+0100][0.128s] Narrow klass base: 0x0000000800000000, Narrow klass shift: 0, Narrow klass range: 0x100000000
[2023-12-09T22:30:28.508+0100][1.769s] GC(0) Pause Young (Normal) (G1 Evacuation Pause)
[2023-12-09T22:30:28.508+0100][1.770s] GC(0) Using 10 workers of 10 for evacuation
[2023-12-09T22:30:28.508+0100][1.774s] GC(0)   Pre Evacuate Collection Set: 0.1ms
[2023-12-09T22:30:28.508+0100][1.775s] GC(0)   Merge Heap Roots: 0.1ms
[2023-12-09T22:30:28.508+0100][1.775s] GC(0)   Evacuate Collection Set: 3.1ms
[2023-12-09T22:30:28.508+0100][1.775s] GC(0)   Post Evacuate Collection Set: 0.8ms
[2023-12-09T22:30:28.508+0100][1.775s] GC(0)   Other: 0.5ms
[2023-12-09T22:30:28.508+0100][1.775s] GC(0) Eden regions: 29->0(41)
[2023-12-09T22:30:28.508+0100][1.775s] GC(0) Survivor regions: 0->4(4)
[2023-12-09T22:30:28.508+0100][1.775s] GC(0) Old regions: 0->1
[2023-12-09T22:30:28.508+0100][1.775s] GC(0) Archive regions: 0->0
[2023-12-09T22:30:28.508+0100][1.775s] GC(0) Humongous regions: 0->0
[2023-12-09T22:30:28.508+0100][1.775s] GC(0) Metaspace: 9562K(9856K)->9562K(9856K) NonClass: 8492K(8640K)->8492K(8640K) Class: 1070K(1216K)->1070K(1216K)
[2023-12-09T22:30:28.508+0100][1.775s] GC(0) Pause Young (Normal) (G1 Evacuation Pause) 29M->4M(512M) 6.273ms
[2023-12-09T22:30:28.508+0100][1.775s] GC(0) User=0.00s Sys=0.00s Real=0.00s
[2023-12-09T22:30:38.220+0100][11.476s] GC(1) Pause Young (Normal) (G1 Evacuation Pause)
[2023-12-09T22:30:38.220+0100][11.476s] GC(1) Using 10 workers of 10 for evacuation
[2023-12-09T22:30:38.227+0100][11.483s] GC(1)   Pre Evacuate Collection Set: 0.1ms
[2023-12-09T22:30:38.227+0100][11.483s] GC(1)   Merge Heap Roots: 0.1ms
[2023-12-09T22:30:38.227+0100][11.483s] GC(1)   Evacuate Collection Set: 5.7ms
[2023-12-09T22:30:38.227+0100][11.483s] GC(1)   Post Evacuate Collection Set: 0.8ms
[2023-12-09T22:30:38.227+0100][11.483s] GC(1)   Other: 0.0ms
[2023-12-09T22:30:38.227+0100][11.483s] GC(1) Eden regions: 41->0(178)
[2023-12-09T22:30:38.227+0100][11.483s] GC(1) Survivor regions: 4->6(6)
[2023-12-09T22:30:38.227+0100][11.483s] GC(1) Old regions: 1->9
[2023-12-09T22:30:38.227+0100][11.483s] GC(1) Archive regions: 0->0
[2023-12-09T22:30:38.227+0100][11.483s] GC(1) Humongous regions: 4->4
[2023-12-09T22:30:38.227+0100][11.483s] GC(1) Metaspace: 19065K(19456K)->19065K(19456K) NonClass: 16914K(17152K)->16914K(17152K) Class: 2150K(2304K)->2150K(2304K)
[2023-12-09T22:30:38.227+0100][11.483s] GC(1) Pause Young (Normal) (G1 Evacuation Pause) 49M->18M(512M) 6.880ms
[2023-12-09T22:30:38.227+0100][11.483s] GC(1) User=0.00s Sys=0.00s Real=0.01s
[2023-12-09T22:30:38.848+0100][12.103s] GC(2) Pause Young (Concurrent Start) (Metadata GC Threshold)
[2023-12-09T22:30:38.848+0100][12.103s] GC(2) Using 10 workers of 10 for evacuation
[2023-12-09T22:30:38.851+0100][12.107s] GC(2)   Pre Evacuate Collection Set: 0.2ms
[2023-12-09T22:30:38.851+0100][12.107s] GC(2)   Merge Heap Roots: 0.1ms
[2023-12-09T22:30:38.851+0100][12.107s] GC(2)   Evacuate Collection Set: 3.0ms
[2023-12-09T22:30:38.851+0100][12.107s] GC(2)   Post Evacuate Collection Set: 0.5ms
[2023-12-09T22:30:38.851+0100][12.107s] GC(2)   Other: 0.1ms
[2023-12-09T22:30:38.851+0100][12.107s] GC(2) Eden regions: 94->0(296)
[2023-12-09T22:30:38.851+0100][12.107s] GC(2) Survivor regions: 6->11(23)
[2023-12-09T22:30:38.851+0100][12.107s] GC(2) Old regions: 9->9
[2023-12-09T22:30:38.851+0100][12.107s] GC(2) Archive regions: 0->0
[2023-12-09T22:30:38.851+0100][12.107s] GC(2) Humongous regions: 4->4
[2023-12-09T22:30:38.851+0100][12.107s] GC(2) Metaspace: 21076K(21504K)->21076K(21504K) NonClass: 18741K(18944K)->18741K(18944K) Class: 2335K(2560K)->2335K(2560K)
[2023-12-09T22:30:38.851+0100][12.108s] GC(2) Pause Young (Concurrent Start) (Metadata GC Threshold) 112M->23M(512M) 4.078ms
[2023-12-09T22:30:38.851+0100][12.108s] GC(2) User=0.00s Sys=0.00s Real=0.00s
[2023-12-09T22:30:38.851+0100][12.108s] GC(3) Concurrent Mark Cycle
[2023-12-09T22:30:38.851+0100][12.108s] GC(3) Concurrent Clear Claimed Marks
[2023-12-09T22:30:38.851+0100][12.108s] GC(3) Concurrent Clear Claimed Marks 0.034ms
[2023-12-09T22:30:38.851+0100][12.108s] GC(3) Concurrent Scan Root Regions
[2023-12-09T22:30:38.853+0100][12.109s] GC(3) Concurrent Scan Root Regions 1.723ms
[2023-12-09T22:30:38.853+0100][12.109s] GC(3) Concurrent Mark
[2023-12-09T22:30:38.853+0100][12.109s] GC(3) Concurrent Mark From Roots
[2023-12-09T22:30:38.853+0100][12.109s] GC(3) Using 3 workers of 3 for marking
[2023-12-09T22:30:38.858+0100][12.114s] GC(3) Concurrent Mark From Roots 5.049ms
[2023-12-09T22:30:38.858+0100][12.114s] GC(3) Concurrent Preclean
[2023-12-09T22:30:38.858+0100][12.115s] GC(3) Concurrent Preclean 0.037ms
[2023-12-09T22:30:38.858+0100][12.115s] GC(3) Pause Remark
[2023-12-09T22:30:38.861+0100][12.116s] GC(3) Pause Remark 24M->24M(512M) 1.698ms
[2023-12-09T22:30:38.861+0100][12.116s] GC(3) User=0.00s Sys=0.00s Real=0.00s
[2023-12-09T22:30:38.861+0100][12.117s] GC(3) Concurrent Mark 7.179ms
[2023-12-09T22:30:38.861+0100][12.117s] GC(3) Concurrent Rebuild Remembered Sets
[2023-12-09T22:30:38.863+0100][12.119s] GC(3) Concurrent Rebuild Remembered Sets 2.571ms
[2023-12-09T22:30:38.864+0100][12.119s] GC(3) Pause Cleanup
[2023-12-09T22:30:38.864+0100][12.120s] GC(3) Pause Cleanup 24M->24M(512M) 0.157ms
[2023-12-09T22:30:38.864+0100][12.120s] GC(3) User=0.00s Sys=0.00s Real=0.00s
[2023-12-09T22:30:38.864+0100][12.120s] GC(3) Concurrent Cleanup for Next Mark
[2023-12-09T22:30:38.864+0100][12.120s] GC(3) Concurrent Cleanup for Next Mark 0.663ms
[2023-12-09T22:30:38.864+0100][12.120s] GC(3) Concurrent Mark Cycle 12.800ms
[2023-12-09T22:30:38.887+0100][12.143s] GC(4) Pause Young (Concurrent Start) (CodeCache GC Threshold)
[2023-12-09T22:30:38.887+0100][12.143s] GC(4) Using 10 workers of 10 for evacuation
[2023-12-09T22:30:38.891+0100][12.146s] GC(4)   Pre Evacuate Collection Set: 0.1ms
[2023-12-09T22:30:38.891+0100][12.146s] GC(4)   Merge Heap Roots: 0.1ms
[2023-12-09T22:30:38.891+0100][12.146s] GC(4)   Evacuate Collection Set: 2.8ms
[2023-12-09T22:30:38.891+0100][12.146s] GC(4)   Post Evacuate Collection Set: 0.5ms
[2023-12-09T22:30:38.891+0100][12.146s] GC(4)   Other: 0.1ms
[2023-12-09T22:30:38.891+0100][12.146s] GC(4) Eden regions: 3->0(296)
[2023-12-09T22:30:38.891+0100][12.146s] GC(4) Survivor regions: 11->11(39)
[2023-12-09T22:30:38.891+0100][12.146s] GC(4) Old regions: 9->9
[2023-12-09T22:30:38.891+0100][12.146s] GC(4) Archive regions: 0->0
[2023-12-09T22:30:38.891+0100][12.146s] GC(4) Humongous regions: 4->4
[2023-12-09T22:30:38.891+0100][12.146s] GC(4) Metaspace: 21292K(21696K)->21292K(21696K) NonClass: 18918K(19136K)->18918K(19136K) Class: 2373K(2560K)->2373K(2560K)
[2023-12-09T22:30:38.891+0100][12.147s] GC(4) Pause Young (Concurrent Start) (CodeCache GC Threshold) 25M->23M(512M) 3.981ms
[2023-12-09T22:30:38.891+0100][12.147s] GC(4) User=0.16s Sys=0.00s Real=0.00s
[2023-12-09T22:30:38.891+0100][12.147s] GC(5) Concurrent Mark Cycle
[2023-12-09T22:30:38.891+0100][12.147s] GC(5) Concurrent Clear Claimed Marks
[2023-12-09T22:30:38.891+0100][12.147s] GC(5) Concurrent Clear Claimed Marks 0.039ms
[2023-12-09T22:30:38.891+0100][12.147s] GC(5) Concurrent Scan Root Regions
[2023-12-09T22:30:38.892+0100][12.148s] GC(5) Concurrent Scan Root Regions 1.530ms
[2023-12-09T22:30:38.892+0100][12.148s] GC(5) Concurrent Mark
[2023-12-09T22:30:38.892+0100][12.148s] GC(5) Concurrent Mark From Roots
[2023-12-09T22:30:38.892+0100][12.148s] GC(5) Using 3 workers of 3 for marking
[2023-12-09T22:30:38.899+0100][12.155s] GC(5) Concurrent Mark From Roots 6.836ms
[2023-12-09T22:30:38.899+0100][12.155s] GC(5) Concurrent Preclean
[2023-12-09T22:30:38.899+0100][12.155s] GC(5) Concurrent Preclean 0.041ms
[2023-12-09T22:30:38.900+0100][12.155s] GC(5) Pause Remark
[2023-12-09T22:30:38.901+0100][12.157s] GC(5) Pause Remark 24M->24M(512M) 1.211ms
[2023-12-09T22:30:38.901+0100][12.157s] GC(5) User=0.00s Sys=0.00s Real=0.00s
[2023-12-09T22:30:38.901+0100][12.157s] GC(5) Concurrent Mark 8.448ms
[2023-12-09T22:30:38.901+0100][12.157s] GC(5) Concurrent Rebuild Remembered Sets
[2023-12-09T22:30:38.903+0100][12.159s] GC(5) Concurrent Rebuild Remembered Sets 2.508ms
[2023-12-09T22:30:38.903+0100][12.159s] GC(5) Pause Cleanup
[2023-12-09T22:30:38.904+0100][12.160s] GC(5) Pause Cleanup 24M->24M(512M) 0.101ms
[2023-12-09T22:30:38.904+0100][12.160s] GC(5) User=0.00s Sys=0.00s Real=0.00s
[2023-12-09T22:30:38.904+0100][12.160s] GC(5) Concurrent Cleanup for Next Mark
[2023-12-09T22:30:38.904+0100][12.160s] GC(5) Concurrent Cleanup for Next Mark 0.826ms
[2023-12-09T22:30:38.905+0100][12.160s] GC(5) Concurrent Mark Cycle 13.869ms
[2023-12-09T22:30:40.116+0100][13.372s] GC(6) Pause Young (Prepare Mixed) (Metadata GC Threshold)
[2023-12-09T22:30:40.116+0100][13.372s] GC(6) Using 10 workers of 10 for evacuation
[2023-12-09T22:30:40.122+0100][13.378s] GC(6)   Pre Evacuate Collection Set: 0.1ms
[2023-12-09T22:30:40.122+0100][13.378s] GC(6)   Merge Heap Roots: 0.1ms
[2023-12-09T22:30:40.122+0100][13.378s] GC(6)   Evacuate Collection Set: 5.5ms
[2023-12-09T22:30:40.122+0100][13.378s] GC(6)   Post Evacuate Collection Set: 0.7ms
[2023-12-09T22:30:40.122+0100][13.378s] GC(6)   Other: 0.1ms
[2023-12-09T22:30:40.122+0100][13.378s] GC(6) Eden regions: 94->0(8)
[2023-12-09T22:30:40.122+0100][13.378s] GC(6) Survivor regions: 11->17(39)
[2023-12-09T22:30:40.122+0100][13.379s] GC(6) Old regions: 9->9
[2023-12-09T22:30:40.122+0100][13.379s] GC(6) Archive regions: 0->0
[2023-12-09T22:30:40.122+0100][13.379s] GC(6) Humongous regions: 5->4
[2023-12-09T22:30:40.122+0100][13.379s] GC(6) Metaspace: 35541K(35968K)->35541K(35968K) NonClass: 31496K(31680K)->31496K(31680K) Class: 4044K(4288K)->4044K(4288K)
[2023-12-09T22:30:40.122+0100][13.379s] GC(6) Pause Young (Prepare Mixed) (Metadata GC Threshold) 118M->28M(512M) 6.577ms
[2023-12-09T22:30:40.122+0100][13.379s] GC(6) User=0.00s Sys=0.00s Real=0.01s
[2023-12-09T22:31:16.669+0100][49.925s] GC(7) Pause Young (Mixed) (Metadata GC Threshold)
[2023-12-09T22:31:16.669+0100][49.925s] GC(7) Using 10 workers of 10 for evacuation
[2023-12-09T22:31:16.686+0100][49.942s] GC(7)   Pre Evacuate Collection Set: 0.2ms
[2023-12-09T22:31:16.686+0100][49.942s] GC(7)   Merge Heap Roots: 0.1ms
[2023-12-09T22:31:16.686+0100][49.942s] GC(7)   Evacuate Collection Set: 15.6ms
[2023-12-09T22:31:16.686+0100][49.942s] GC(7)   Post Evacuate Collection Set: 0.9ms
[2023-12-09T22:31:16.686+0100][49.942s] GC(7)   Other: 0.2ms
[2023-12-09T22:31:16.686+0100][49.942s] GC(7) Eden regions: 3->0(305)
[2023-12-09T22:31:16.686+0100][49.942s] GC(7) Survivor regions: 17->2(4)
[2023-12-09T22:31:16.686+0100][49.942s] GC(7) Old regions: 9->25
[2023-12-09T22:31:16.687+0100][49.942s] GC(7) Archive regions: 0->0
[2023-12-09T22:31:16.687+0100][49.942s] GC(7) Humongous regions: 4->4
[2023-12-09T22:31:16.687+0100][49.942s] GC(7) Metaspace: 35810K(36288K)->35810K(36288K) NonClass: 31736K(31936K)->31736K(31936K) Class: 4074K(4352K)->4074K(4352K)
[2023-12-09T22:31:16.687+0100][49.942s] GC(7) Pause Young (Mixed) (Metadata GC Threshold) 30M->30M(512M) 17.552ms
[2023-12-09T22:31:16.687+0100][49.942s] GC(7) User=0.16s Sys=0.00s Real=0.02s
[2023-12-09T22:31:16.750+0100][50.006s] GC(8) Pause Young (Concurrent Start) (Metadata GC Threshold)
[2023-12-09T22:31:16.750+0100][50.006s] GC(8) Using 10 workers of 10 for evacuation
[2023-12-09T22:31:16.752+0100][50.007s] GC(8)   Pre Evacuate Collection Set: 0.1ms
[2023-12-09T22:31:16.752+0100][50.007s] GC(8)   Merge Heap Roots: 0.1ms
[2023-12-09T22:31:16.752+0100][50.007s] GC(8)   Evacuate Collection Set: 0.6ms
[2023-12-09T22:31:16.752+0100][50.007s] GC(8)   Post Evacuate Collection Set: 0.4ms
[2023-12-09T22:31:16.752+0100][50.007s] GC(8)   Other: 0.1ms
[2023-12-09T22:31:16.752+0100][50.007s] GC(8) Eden regions: 3->0(306)
[2023-12-09T22:31:16.752+0100][50.007s] GC(8) Survivor regions: 2->1(39)
[2023-12-09T22:31:16.752+0100][50.007s] GC(8) Old regions: 25->25
[2023-12-09T22:31:16.752+0100][50.007s] GC(8) Archive regions: 0->0
[2023-12-09T22:31:16.752+0100][50.007s] GC(8) Humongous regions: 4->4
[2023-12-09T22:31:16.752+0100][50.007s] GC(8) Metaspace: 36149K(36608K)->36149K(36608K) NonClass: 32021K(32256K)->32021K(32256K) Class: 4127K(4352K)->4127K(4352K)
[2023-12-09T22:31:16.752+0100][50.007s] GC(8) Pause Young (Concurrent Start) (Metadata GC Threshold) 32M->28M(512M) 1.473ms
[2023-12-09T22:31:16.752+0100][50.007s] GC(9) Concurrent Mark Cycle
[2023-12-09T22:31:16.752+0100][50.007s] GC(8) User=0.00s Sys=0.00s Real=0.00s
[2023-12-09T22:31:16.752+0100][50.007s] GC(9) Concurrent Clear Claimed Marks
[2023-12-09T22:31:16.752+0100][50.007s] GC(9) Concurrent Clear Claimed Marks 0.066ms
[2023-12-09T22:31:16.752+0100][50.007s] GC(9) Concurrent Scan Root Regions
[2023-12-09T22:31:16.752+0100][50.008s] GC(9) Concurrent Scan Root Regions 0.645ms
[2023-12-09T22:31:16.752+0100][50.008s] GC(9) Concurrent Mark
[2023-12-09T22:31:16.752+0100][50.008s] GC(9) Concurrent Mark From Roots
[2023-12-09T22:31:16.752+0100][50.008s] GC(9) Using 3 workers of 3 for marking
[2023-12-09T22:31:16.768+0100][50.023s] GC(9) Concurrent Mark From Roots 15.506ms
[2023-12-09T22:31:16.768+0100][50.023s] GC(9) Concurrent Preclean
[2023-12-09T22:31:16.768+0100][50.024s] GC(9) Concurrent Preclean 0.070ms
[2023-12-09T22:31:16.768+0100][50.024s] GC(9) Pause Remark
[2023-12-09T22:31:16.769+0100][50.025s] GC(9) Pause Remark 30M->30M(512M) 1.365ms
[2023-12-09T22:31:16.769+0100][50.025s] GC(9) User=0.00s Sys=0.00s Real=0.00s
[2023-12-09T22:31:16.769+0100][50.025s] GC(9) Concurrent Mark 17.235ms
[2023-12-09T22:31:16.769+0100][50.025s] GC(9) Concurrent Rebuild Remembered Sets
[2023-12-09T22:31:16.774+0100][50.031s] GC(9) Concurrent Rebuild Remembered Sets 5.471ms
[2023-12-09T22:31:16.775+0100][50.031s] GC(9) Pause Cleanup
[2023-12-09T22:31:16.775+0100][50.031s] GC(9) Pause Cleanup 30M->30M(512M) 0.117ms
[2023-12-09T22:31:16.775+0100][50.031s] GC(9) User=0.00s Sys=0.00s Real=0.00s
[2023-12-09T22:31:16.775+0100][50.031s] GC(9) Concurrent Cleanup for Next Mark
[2023-12-09T22:31:16.776+0100][50.032s] GC(9) Concurrent Cleanup for Next Mark 0.733ms
[2023-12-09T22:31:16.776+0100][50.032s] GC(9) Concurrent Mark Cycle 24.655ms
[2023-12-09T22:31:17.312+0100][50.569s] GC(10) Pause Young (Concurrent Start) (CodeCache GC Threshold)
[2023-12-09T22:31:17.312+0100][50.569s] GC(10) Using 10 workers of 10 for evacuation
[2023-12-09T22:31:17.316+0100][50.572s] GC(10)   Pre Evacuate Collection Set: 0.2ms
[2023-12-09T22:31:17.316+0100][50.572s] GC(10)   Merge Heap Roots: 0.2ms
[2023-12-09T22:31:17.316+0100][50.572s] GC(10)   Evacuate Collection Set: 2.2ms
[2023-12-09T22:31:17.316+0100][50.572s] GC(10)   Post Evacuate Collection Set: 0.6ms
[2023-12-09T22:31:17.316+0100][50.572s] GC(10)   Other: 0.1ms
[2023-12-09T22:31:17.316+0100][50.572s] GC(10) Eden regions: 59->0(303)
[2023-12-09T22:31:17.316+0100][50.572s] GC(10) Survivor regions: 1->4(39)
[2023-12-09T22:31:17.316+0100][50.572s] GC(10) Old regions: 25->25
[2023-12-09T22:31:17.316+0100][50.572s] GC(10) Archive regions: 0->0
[2023-12-09T22:31:17.316+0100][50.572s] GC(10) Humongous regions: 4->4
[2023-12-09T22:31:17.316+0100][50.572s] GC(10) Metaspace: 43396K(43904K)->43396K(43904K) NonClass: 38306K(38592K)->38306K(38592K) Class: 5090K(5312K)->5090K(5312K)
[2023-12-09T22:31:17.316+0100][50.572s] GC(10) Pause Young (Concurrent Start) (CodeCache GC Threshold) 87M->31M(512M) 3.508ms
[2023-12-09T22:31:17.316+0100][50.572s] GC(11) Concurrent Mark Cycle
[2023-12-09T22:31:17.316+0100][50.572s] GC(10) User=0.00s Sys=0.00s Real=0.00s
[2023-12-09T22:31:17.316+0100][50.572s] GC(11) Concurrent Clear Claimed Marks
[2023-12-09T22:31:17.316+0100][50.572s] GC(11) Concurrent Clear Claimed Marks 0.099ms
[2023-12-09T22:31:17.316+0100][50.572s] GC(11) Concurrent Scan Root Regions
[2023-12-09T22:31:17.318+0100][50.574s] GC(11) Concurrent Scan Root Regions 1.536ms
[2023-12-09T22:31:17.318+0100][50.574s] GC(11) Concurrent Mark
[2023-12-09T22:31:17.318+0100][50.574s] GC(11) Concurrent Mark From Roots
[2023-12-09T22:31:17.318+0100][50.574s] GC(11) Using 3 workers of 3 for marking
[2023-12-09T22:31:17.337+0100][50.593s] GC(11) Concurrent Mark From Roots 19.563ms
[2023-12-09T22:31:17.337+0100][50.594s] GC(11) Concurrent Preclean
[2023-12-09T22:31:17.337+0100][50.594s] GC(11) Concurrent Preclean 0.076ms
[2023-12-09T22:31:17.337+0100][50.594s] GC(11) Pause Remark
[2023-12-09T22:31:17.339+0100][50.595s] GC(11) Pause Remark 33M->33M(512M) 1.531ms
[2023-12-09T22:31:17.339+0100][50.595s] GC(11) User=0.00s Sys=0.00s Real=0.00s
[2023-12-09T22:31:17.339+0100][50.595s] GC(11) Concurrent Mark 21.468ms
[2023-12-09T22:31:17.339+0100][50.595s] GC(11) Concurrent Rebuild Remembered Sets
[2023-12-09T22:31:17.347+0100][50.603s] GC(11) Concurrent Rebuild Remembered Sets 7.947ms
[2023-12-09T22:31:17.363+0100][50.619s] GC(11) Pause Cleanup
[2023-12-09T22:31:17.363+0100][50.619s] GC(11) Pause Cleanup 34M->34M(512M) 0.150ms
[2023-12-09T22:31:17.363+0100][50.619s] GC(11) User=0.00s Sys=0.00s Real=0.00s
[2023-12-09T22:31:17.363+0100][50.619s] GC(11) Concurrent Cleanup for Next Mark
[2023-12-09T22:31:17.364+0100][50.620s] GC(11) Concurrent Cleanup for Next Mark 0.746ms
[2023-12-09T22:31:17.364+0100][50.620s] GC(11) Concurrent Mark Cycle 47.712ms
[2023-12-09T22:31:17.873+0100][51.129s] GC(12) Pause Young (Concurrent Start) (CodeCache GC Threshold)
[2023-12-09T22:31:17.873+0100][51.129s] GC(12) Using 10 workers of 10 for evacuation
[2023-12-09T22:31:17.880+0100][51.136s] GC(12)   Pre Evacuate Collection Set: 0.1ms
[2023-12-09T22:31:17.880+0100][51.136s] GC(12)   Merge Heap Roots: 0.1ms
[2023-12-09T22:31:17.880+0100][51.136s] GC(12)   Evacuate Collection Set: 5.1ms
[2023-12-09T22:31:17.880+0100][51.136s] GC(12)   Post Evacuate Collection Set: 1.4ms
[2023-12-09T22:31:17.880+0100][51.136s] GC(12)   Other: 0.1ms
[2023-12-09T22:31:17.880+0100][51.136s] GC(12) Eden regions: 40->0(298)
[2023-12-09T22:31:17.880+0100][51.136s] GC(12) Survivor regions: 4->9(39)
[2023-12-09T22:31:17.880+0100][51.136s] GC(12) Old regions: 25->25
[2023-12-09T22:31:17.880+0100][51.136s] GC(12) Archive regions: 0->0
[2023-12-09T22:31:17.880+0100][51.136s] GC(12) Humongous regions: 4->4
[2023-12-09T22:31:17.880+0100][51.136s] GC(12) Metaspace: 47455K(48000K)->47455K(48000K) NonClass: 41846K(42112K)->41846K(42112K) Class: 5608K(5888K)->5608K(5888K)
[2023-12-09T22:31:17.880+0100][51.136s] GC(12) Pause Young (Concurrent Start) (CodeCache GC Threshold) 71M->36M(512M) 7.104ms
[2023-12-09T22:31:17.880+0100][51.136s] GC(13) Concurrent Mark Cycle
[2023-12-09T22:31:17.880+0100][51.136s] GC(12) User=0.00s Sys=0.00s Real=0.01s
[2023-12-09T22:31:17.880+0100][51.136s] GC(13) Concurrent Clear Claimed Marks
[2023-12-09T22:31:17.880+0100][51.136s] GC(13) Concurrent Clear Claimed Marks 0.109ms
[2023-12-09T22:31:17.880+0100][51.136s] GC(13) Concurrent Scan Root Regions
[2023-12-09T22:31:17.886+0100][51.142s] GC(13) Concurrent Scan Root Regions 5.402ms
[2023-12-09T22:31:17.886+0100][51.142s] GC(13) Concurrent Mark
[2023-12-09T22:31:17.886+0100][51.142s] GC(13) Concurrent Mark From Roots
[2023-12-09T22:31:17.886+0100][51.142s] GC(13) Using 3 workers of 3 for marking
[2023-12-09T22:31:17.905+0100][51.161s] GC(13) Concurrent Mark From Roots 19.428ms
[2023-12-09T22:31:17.905+0100][51.161s] GC(13) Concurrent Preclean
[2023-12-09T22:31:17.905+0100][51.161s] GC(13) Concurrent Preclean 0.122ms
[2023-12-09T22:31:17.906+0100][51.162s] GC(13) Pause Remark
[2023-12-09T22:31:17.907+0100][51.163s] GC(13) Pause Remark 40M->40M(512M) 1.670ms
[2023-12-09T22:31:17.907+0100][51.163s] GC(13) User=0.00s Sys=0.00s Real=0.00s
[2023-12-09T22:31:17.907+0100][51.163s] GC(13) Concurrent Mark 21.606ms
[2023-12-09T22:31:17.907+0100][51.163s] GC(13) Concurrent Rebuild Remembered Sets
[2023-12-09T22:31:17.916+0100][51.172s] GC(13) Concurrent Rebuild Remembered Sets 8.809ms
[2023-12-09T22:31:17.916+0100][51.172s] GC(13) Pause Cleanup
[2023-12-09T22:31:17.917+0100][51.173s] GC(13) Pause Cleanup 40M->40M(512M) 0.128ms
[2023-12-09T22:31:17.917+0100][51.173s] GC(13) User=0.00s Sys=0.00s Real=0.00s
[2023-12-09T22:31:17.917+0100][51.173s] GC(13) Concurrent Cleanup for Next Mark
[2023-12-09T22:31:17.918+0100][51.174s] GC(13) Concurrent Cleanup for Next Mark 1.008ms
[2023-12-09T22:31:17.918+0100][51.174s] GC(13) Concurrent Mark Cycle 37.518ms
[2023-12-09T23:25:31.409+0100][3304.665s] GC(14) Pause Young (Concurrent Start) (CodeCache GC Threshold)
[2023-12-09T23:25:31.410+0100][3304.665s] GC(14) Using 10 workers of 10 for evacuation
[2023-12-09T23:25:31.417+0100][3304.673s] GC(14)   Pre Evacuate Collection Set: 0.2ms
[2023-12-09T23:25:31.417+0100][3304.673s] GC(14)   Merge Heap Roots: 0.1ms
[2023-12-09T23:25:31.417+0100][3304.673s] GC(14)   Evacuate Collection Set: 5.9ms
[2023-12-09T23:25:31.417+0100][3304.673s] GC(14)   Post Evacuate Collection Set: 1.0ms
[2023-12-09T23:25:31.417+0100][3304.673s] GC(14)   Other: 0.1ms
[2023-12-09T23:25:31.417+0100][3304.673s] GC(14) Eden regions: 265->0(296)
[2023-12-09T23:25:31.417+0100][3304.673s] GC(14) Survivor regions: 9->11(39)
[2023-12-09T23:25:31.417+0100][3304.673s] GC(14) Old regions: 25->25
[2023-12-09T23:25:31.417+0100][3304.673s] GC(14) Archive regions: 0->0
[2023-12-09T23:25:31.417+0100][3304.673s] GC(14) Humongous regions: 4->4
[2023-12-09T23:25:31.417+0100][3304.673s] GC(14) Metaspace: 56238K(56960K)->56238K(56960K) NonClass: 49549K(49920K)->49549K(49920K) Class: 6688K(7040K)->6688K(7040K)
[2023-12-09T23:25:31.417+0100][3304.673s] GC(14) Pause Young (Concurrent Start) (CodeCache GC Threshold) 301M->38M(512M) 7.595ms
[2023-12-09T23:25:31.417+0100][3304.673s] GC(14) User=0.00s Sys=0.00s Real=0.01s
[2023-12-09T23:25:31.417+0100][3304.673s] GC(15) Concurrent Mark Cycle
[2023-12-09T23:25:31.417+0100][3304.673s] GC(15) Concurrent Clear Claimed Marks
[2023-12-09T23:25:31.417+0100][3304.673s] GC(15) Concurrent Clear Claimed Marks 0.064ms
[2023-12-09T23:25:31.417+0100][3304.673s] GC(15) Concurrent Scan Root Regions
[2023-12-09T23:25:31.422+0100][3304.678s] GC(15) Concurrent Scan Root Regions 4.600ms
[2023-12-09T23:25:31.422+0100][3304.678s] GC(15) Concurrent Mark
[2023-12-09T23:25:31.422+0100][3304.678s] GC(15) Concurrent Mark From Roots
[2023-12-09T23:25:31.422+0100][3304.678s] GC(15) Using 3 workers of 3 for marking
[2023-12-09T23:25:31.440+0100][3304.696s] GC(15) Concurrent Mark From Roots 18.047ms
[2023-12-09T23:25:31.440+0100][3304.696s] GC(15) Concurrent Preclean
[2023-12-09T23:25:31.440+0100][3304.696s] GC(15) Concurrent Preclean 0.347ms
[2023-12-09T23:25:31.441+0100][3304.697s] GC(15) Pause Remark
[2023-12-09T23:25:31.450+0100][3304.706s] GC(15) Pause Remark 43M->43M(512M) 9.237ms
[2023-12-09T23:25:31.450+0100][3304.706s] GC(15) User=0.00s Sys=0.00s Real=0.01s
[2023-12-09T23:25:31.450+0100][3304.706s] GC(15) Concurrent Mark 28.540ms
[2023-12-09T23:25:31.451+0100][3304.706s] GC(15) Concurrent Rebuild Remembered Sets
[2023-12-09T23:25:31.458+0100][3304.714s] GC(15) Concurrent Rebuild Remembered Sets 7.325ms
[2023-12-09T23:25:31.458+0100][3304.714s] GC(15) Pause Cleanup
[2023-12-09T23:25:31.458+0100][3304.714s] GC(15) Pause Cleanup 46M->46M(512M) 0.108ms
[2023-12-09T23:25:31.458+0100][3304.714s] GC(15) User=0.00s Sys=0.00s Real=0.00s
[2023-12-09T23:25:31.458+0100][3304.714s] GC(15) Concurrent Cleanup for Next Mark
[2023-12-09T23:25:31.460+0100][3304.715s] GC(15) Concurrent Cleanup for Next Mark 1.104ms
[2023-12-09T23:25:31.460+0100][3304.715s] GC(15) Concurrent Mark Abort
[2023-12-09T23:25:31.460+0100][3304.715s] GC(15) Concurrent Mark Cycle 42.439ms
[2023-12-09T23:25:31.460+0100][3304.715s] Heap
[2023-12-09T23:25:31.460+0100][3304.715s]  garbage-first heap   total 524288K, used 47854K [0x00000000e0000000, 0x0000000100000000)
[2023-12-09T23:25:31.460+0100][3304.715s]   region size 1024K, 19 young (19456K), 11 survivors (11264K)
[2023-12-09T23:25:31.460+0100][3304.715s]  Metaspace       used 56074K, committed 56960K, reserved 1114112K
[2023-12-09T23:25:31.460+0100][3304.715s]   class space    used 6643K, committed 7040K, reserved 1048576K
