[2023-10-26T13:02:35.587+0200][0.010s] CardTable entry size: 512
[2023-10-26T13:02:35.587+0200][0.011s] Using G1
[2023-10-26T13:02:35.696+0200][0.119s] Version: 19.0.1+10-21 (release)
[2023-10-26T13:02:35.696+0200][0.119s] CPUs: 12 total, 12 available
[2023-10-26T13:02:35.696+0200][0.119s] Memory: 16220M
[2023-10-26T13:02:35.696+0200][0.119s] Large Page Support: Disabled
[2023-10-26T13:02:35.696+0200][0.119s] NUMA Support: Disabled
[2023-10-26T13:02:35.696+0200][0.119s] Compressed Oops: Enabled (32-bit)
[2023-10-26T13:02:35.696+0200][0.119s] Heap Region Size: 1M
[2023-10-26T13:02:35.696+0200][0.119s] Heap Min Capacity: 512M
[2023-10-26T13:02:35.696+0200][0.119s] Heap Initial Capacity: 512M
[2023-10-26T13:02:35.696+0200][0.119s] Heap Max Capacity: 512M
[2023-10-26T13:02:35.696+0200][0.119s] Pre-touch: Enabled
[2023-10-26T13:02:35.696+0200][0.119s] Parallel Workers: 10
[2023-10-26T13:02:35.696+0200][0.119s] Concurrent Workers: 3
[2023-10-26T13:02:35.696+0200][0.119s] Concurrent Refinement Workers: 10
[2023-10-26T13:02:35.696+0200][0.119s] Periodic GC: Disabled
[2023-10-26T13:02:35.697+0200][0.120s] CDS archive(s) mapped at: [0x0000000800000000-0x0000000800c40000-0x0000000800c40000), size 12845056, SharedBaseAddress: 0x0000000800000000, ArchiveRelocationMode: 0.
[2023-10-26T13:02:35.697+0200][0.120s] Compressed class space mapped at: 0x0000000801000000-0x0000000841000000, reserved size: 1073741824
[2023-10-26T13:02:35.697+0200][0.120s] Narrow klass base: 0x0000000800000000, Narrow klass shift: 0, Narrow klass range: 0x100000000
[2023-10-26T13:02:37.384+0200][1.807s] GC(0) Pause Young (Normal) (G1 Evacuation Pause)
[2023-10-26T13:02:37.385+0200][1.808s] GC(0) Using 10 workers of 10 for evacuation
[2023-10-26T13:02:37.389+0200][1.813s] GC(0)   Pre Evacuate Collection Set: 0.1ms
[2023-10-26T13:02:37.389+0200][1.813s] GC(0)   Merge Heap Roots: 0.1ms
[2023-10-26T13:02:37.389+0200][1.813s] GC(0)   Evacuate Collection Set: 3.0ms
[2023-10-26T13:02:37.389+0200][1.813s] GC(0)   Post Evacuate Collection Set: 0.7ms
[2023-10-26T13:02:37.390+0200][1.813s] GC(0)   Other: 0.5ms
[2023-10-26T13:02:37.390+0200][1.813s] GC(0) Eden regions: 29->0(41)
[2023-10-26T13:02:37.390+0200][1.813s] GC(0) Survivor regions: 0->4(4)
[2023-10-26T13:02:37.390+0200][1.813s] GC(0) Old regions: 0->1
[2023-10-26T13:02:37.390+0200][1.813s] GC(0) Archive regions: 0->0
[2023-10-26T13:02:37.390+0200][1.813s] GC(0) Humongous regions: 0->0
[2023-10-26T13:02:37.390+0200][1.813s] GC(0) Metaspace: 9562K(9856K)->9562K(9856K) NonClass: 8491K(8640K)->8491K(8640K) Class: 1070K(1216K)->1070K(1216K)
[2023-10-26T13:02:37.390+0200][1.813s] GC(0) Pause Young (Normal) (G1 Evacuation Pause) 29M->4M(512M) 5.993ms
[2023-10-26T13:02:37.390+0200][1.813s] GC(0) User=0.00s Sys=0.00s Real=0.01s
[2023-10-26T13:02:42.664+0200][7.087s] GC(1) Pause Young (Normal) (G1 Evacuation Pause)
[2023-10-26T13:02:42.664+0200][7.087s] GC(1) Using 10 workers of 10 for evacuation
[2023-10-26T13:02:42.672+0200][7.096s] GC(1)   Pre Evacuate Collection Set: 0.1ms
[2023-10-26T13:02:42.672+0200][7.096s] GC(1)   Merge Heap Roots: 0.1ms
[2023-10-26T13:02:42.672+0200][7.096s] GC(1)   Evacuate Collection Set: 7.6ms
[2023-10-26T13:02:42.672+0200][7.096s] GC(1)   Post Evacuate Collection Set: 0.8ms
[2023-10-26T13:02:42.672+0200][7.096s] GC(1)   Other: 0.1ms
[2023-10-26T13:02:42.672+0200][7.096s] GC(1) Eden regions: 41->0(170)
[2023-10-26T13:02:42.672+0200][7.096s] GC(1) Survivor regions: 4->6(6)
[2023-10-26T13:02:42.672+0200][7.096s] GC(1) Old regions: 1->9
[2023-10-26T13:02:42.672+0200][7.096s] GC(1) Archive regions: 0->0
[2023-10-26T13:02:42.672+0200][7.096s] GC(1) Humongous regions: 4->4
[2023-10-26T13:02:42.672+0200][7.096s] GC(1) Metaspace: 19113K(19456K)->19113K(19456K) NonClass: 16959K(17152K)->16959K(17152K) Class: 2153K(2304K)->2153K(2304K)
[2023-10-26T13:02:42.672+0200][7.096s] GC(1) Pause Young (Normal) (G1 Evacuation Pause) 49M->18M(512M) 8.965ms
[2023-10-26T13:02:42.672+0200][7.096s] GC(1) User=0.00s Sys=0.02s Real=0.01s
[2023-10-26T13:02:43.521+0200][7.944s] GC(2) Pause Young (Concurrent Start) (Metadata GC Threshold)
[2023-10-26T13:02:43.521+0200][7.944s] GC(2) Using 10 workers of 10 for evacuation
[2023-10-26T13:02:43.525+0200][7.948s] GC(2)   Pre Evacuate Collection Set: 0.2ms
[2023-10-26T13:02:43.525+0200][7.948s] GC(2)   Merge Heap Roots: 0.1ms
[2023-10-26T13:02:43.525+0200][7.948s] GC(2)   Evacuate Collection Set: 2.9ms
[2023-10-26T13:02:43.525+0200][7.948s] GC(2)   Post Evacuate Collection Set: 0.5ms
[2023-10-26T13:02:43.525+0200][7.948s] GC(2)   Other: 0.1ms
[2023-10-26T13:02:43.525+0200][7.948s] GC(2) Eden regions: 94->0(296)
[2023-10-26T13:02:43.525+0200][7.948s] GC(2) Survivor regions: 6->11(22)
[2023-10-26T13:02:43.525+0200][7.948s] GC(2) Old regions: 9->9
[2023-10-26T13:02:43.525+0200][7.948s] GC(2) Archive regions: 0->0
[2023-10-26T13:02:43.525+0200][7.948s] GC(2) Humongous regions: 4->4
[2023-10-26T13:02:43.525+0200][7.948s] GC(2) Metaspace: 21064K(21504K)->21064K(21504K) NonClass: 18730K(18944K)->18730K(18944K) Class: 2334K(2560K)->2334K(2560K)
[2023-10-26T13:02:43.525+0200][7.948s] GC(2) Pause Young (Concurrent Start) (Metadata GC Threshold) 112M->23M(512M) 4.050ms
[2023-10-26T13:02:43.525+0200][7.948s] GC(2) User=0.00s Sys=0.00s Real=0.00s
[2023-10-26T13:02:43.525+0200][7.948s] GC(3) Concurrent Mark Cycle
[2023-10-26T13:02:43.525+0200][7.948s] GC(3) Concurrent Clear Claimed Marks
[2023-10-26T13:02:43.525+0200][7.948s] GC(3) Concurrent Clear Claimed Marks 0.028ms
[2023-10-26T13:02:43.525+0200][7.948s] GC(3) Concurrent Scan Root Regions
[2023-10-26T13:02:43.527+0200][7.950s] GC(3) Concurrent Scan Root Regions 1.591ms
[2023-10-26T13:02:43.527+0200][7.950s] GC(3) Concurrent Mark
[2023-10-26T13:02:43.527+0200][7.950s] GC(3) Concurrent Mark From Roots
[2023-10-26T13:02:43.527+0200][7.950s] GC(3) Using 3 workers of 3 for marking
[2023-10-26T13:02:43.532+0200][7.955s] GC(3) Concurrent Mark From Roots 5.523ms
[2023-10-26T13:02:43.532+0200][7.955s] GC(3) Concurrent Preclean
[2023-10-26T13:02:43.532+0200][7.956s] GC(3) Concurrent Preclean 0.040ms
[2023-10-26T13:02:43.532+0200][7.956s] GC(3) Pause Remark
[2023-10-26T13:02:43.534+0200][7.958s] GC(3) Pause Remark 24M->24M(512M) 2.112ms
[2023-10-26T13:02:43.534+0200][7.958s] GC(3) User=0.00s Sys=0.00s Real=0.00s
[2023-10-26T13:02:43.534+0200][7.958s] GC(3) Concurrent Mark 7.978ms
[2023-10-26T13:02:43.534+0200][7.958s] GC(3) Concurrent Rebuild Remembered Sets
[2023-10-26T13:02:43.537+0200][7.961s] GC(3) Concurrent Rebuild Remembered Sets 3.213ms
[2023-10-26T13:02:43.538+0200][7.961s] GC(3) Pause Cleanup
[2023-10-26T13:02:43.538+0200][7.961s] GC(3) Pause Cleanup 24M->24M(512M) 0.154ms
[2023-10-26T13:02:43.538+0200][7.961s] GC(3) User=0.00s Sys=0.00s Real=0.00s
[2023-10-26T13:02:43.538+0200][7.962s] GC(3) Concurrent Cleanup for Next Mark
[2023-10-26T13:02:43.538+0200][7.962s] GC(3) Concurrent Cleanup for Next Mark 0.710ms
[2023-10-26T13:02:43.539+0200][7.962s] GC(3) Concurrent Mark Cycle 14.118ms
[2023-10-26T13:02:43.821+0200][8.245s] GC(4) Pause Young (Concurrent Start) (CodeCache GC Threshold)
[2023-10-26T13:02:43.821+0200][8.245s] GC(4) Using 10 workers of 10 for evacuation
[2023-10-26T13:02:43.826+0200][8.250s] GC(4)   Pre Evacuate Collection Set: 0.2ms
[2023-10-26T13:02:43.827+0200][8.250s] GC(4)   Merge Heap Roots: 1.3ms
[2023-10-26T13:02:43.827+0200][8.250s] GC(4)   Evacuate Collection Set: 3.3ms
[2023-10-26T13:02:43.827+0200][8.250s] GC(4)   Post Evacuate Collection Set: 0.6ms
[2023-10-26T13:02:43.827+0200][8.250s] GC(4)   Other: 0.1ms
[2023-10-26T13:02:43.827+0200][8.250s] GC(4) Eden regions: 23->0(294)
[2023-10-26T13:02:43.827+0200][8.250s] GC(4) Survivor regions: 11->13(39)
[2023-10-26T13:02:43.827+0200][8.250s] GC(4) Old regions: 9->9
[2023-10-26T13:02:43.827+0200][8.250s] GC(4) Archive regions: 0->0
[2023-10-26T13:02:43.827+0200][8.250s] GC(4) Humongous regions: 5->4
[2023-10-26T13:02:43.827+0200][8.250s] GC(4) Metaspace: 23635K(24064K)->23635K(24064K) NonClass: 20928K(21184K)->20928K(21184K) Class: 2707K(2880K)->2707K(2880K)
[2023-10-26T13:02:43.827+0200][8.251s] GC(4) Pause Young (Concurrent Start) (CodeCache GC Threshold) 46M->25M(512M) 5.689ms
[2023-10-26T13:02:43.827+0200][8.251s] GC(4) User=0.00s Sys=0.00s Real=0.01s
[2023-10-26T13:02:43.827+0200][8.251s] GC(5) Concurrent Mark Cycle
[2023-10-26T13:02:43.827+0200][8.251s] GC(5) Concurrent Clear Claimed Marks
[2023-10-26T13:02:43.827+0200][8.251s] GC(5) Concurrent Clear Claimed Marks 0.042ms
[2023-10-26T13:02:43.827+0200][8.251s] GC(5) Concurrent Scan Root Regions
[2023-10-26T13:02:43.829+0200][8.252s] GC(5) Concurrent Scan Root Regions 1.781ms
[2023-10-26T13:02:43.829+0200][8.253s] GC(5) Concurrent Mark
[2023-10-26T13:02:43.829+0200][8.253s] GC(5) Concurrent Mark From Roots
[2023-10-26T13:02:43.829+0200][8.253s] GC(5) Using 3 workers of 3 for marking
[2023-10-26T13:02:43.835+0200][8.258s] GC(5) Concurrent Mark From Roots 5.817ms
[2023-10-26T13:02:43.835+0200][8.258s] GC(5) Concurrent Preclean
[2023-10-26T13:02:43.835+0200][8.258s] GC(5) Concurrent Preclean 0.044ms
[2023-10-26T13:02:43.835+0200][8.259s] GC(5) Pause Remark
[2023-10-26T13:02:43.836+0200][8.260s] GC(5) Pause Remark 26M->26M(512M) 1.224ms
[2023-10-26T13:02:43.836+0200][8.260s] GC(5) User=0.00s Sys=0.00s Real=0.00s
[2023-10-26T13:02:43.836+0200][8.260s] GC(5) Concurrent Mark 7.443ms
[2023-10-26T13:02:43.836+0200][8.260s] GC(5) Concurrent Rebuild Remembered Sets
[2023-10-26T13:02:43.840+0200][8.264s] GC(5) Concurrent Rebuild Remembered Sets 3.718ms
[2023-10-26T13:02:43.840+0200][8.264s] GC(5) Pause Cleanup
[2023-10-26T13:02:43.840+0200][8.264s] GC(5) Pause Cleanup 26M->26M(512M) 0.177ms
[2023-10-26T13:02:43.840+0200][8.264s] GC(5) User=0.00s Sys=0.00s Real=0.00s
[2023-10-26T13:02:43.840+0200][8.264s] GC(5) Concurrent Cleanup for Next Mark
[2023-10-26T13:02:43.841+0200][8.265s] GC(5) Concurrent Cleanup for Next Mark 0.665ms
[2023-10-26T13:02:43.841+0200][8.265s] GC(5) Concurrent Mark Cycle 14.251ms
[2023-10-26T13:03:03.587+0200][28.010s] GC(6) Pause Young (Concurrent Start) (Metadata GC Threshold)
[2023-10-26T13:03:03.587+0200][28.010s] GC(6) Using 10 workers of 10 for evacuation
[2023-10-26T13:03:03.594+0200][28.018s] GC(6)   Pre Evacuate Collection Set: 0.1ms
[2023-10-26T13:03:03.594+0200][28.018s] GC(6)   Merge Heap Roots: 0.1ms
[2023-10-26T13:03:03.594+0200][28.018s] GC(6)   Evacuate Collection Set: 6.2ms
[2023-10-26T13:03:03.594+0200][28.018s] GC(6)   Post Evacuate Collection Set: 0.7ms
[2023-10-26T13:03:03.594+0200][28.018s] GC(6)   Other: 0.1ms
[2023-10-26T13:03:03.594+0200][28.018s] GC(6) Eden regions: 100->0(288)
[2023-10-26T13:03:03.594+0200][28.018s] GC(6) Survivor regions: 13->19(39)
[2023-10-26T13:03:03.594+0200][28.018s] GC(6) Old regions: 9->9
[2023-10-26T13:03:03.594+0200][28.018s] GC(6) Archive regions: 0->0
[2023-10-26T13:03:03.594+0200][28.018s] GC(6) Humongous regions: 4->4
[2023-10-26T13:03:03.594+0200][28.018s] GC(6) Metaspace: 39723K(40128K)->39723K(40128K) NonClass: 35142K(35328K)->35142K(35328K) Class: 4580K(4800K)->4580K(4800K)
[2023-10-26T13:03:03.594+0200][28.018s] GC(6) Pause Young (Concurrent Start) (Metadata GC Threshold) 124M->30M(512M) 7.398ms
[2023-10-26T13:03:03.595+0200][28.018s] GC(6) User=0.02s Sys=0.02s Real=0.01s
[2023-10-26T13:03:03.595+0200][28.018s] GC(7) Concurrent Mark Cycle
[2023-10-26T13:03:03.595+0200][28.018s] GC(7) Concurrent Clear Claimed Marks
[2023-10-26T13:03:03.595+0200][28.018s] GC(7) Concurrent Clear Claimed Marks 0.028ms
[2023-10-26T13:03:03.595+0200][28.018s] GC(7) Concurrent Scan Root Regions
[2023-10-26T13:03:03.599+0200][28.022s] GC(7) Concurrent Scan Root Regions 3.876ms
[2023-10-26T13:03:03.599+0200][28.022s] GC(7) Concurrent Mark
[2023-10-26T13:03:03.599+0200][28.022s] GC(7) Concurrent Mark From Roots
[2023-10-26T13:03:03.599+0200][28.022s] GC(7) Using 3 workers of 3 for marking
[2023-10-26T13:03:03.604+0200][28.027s] GC(7) Concurrent Mark From Roots 5.759ms
[2023-10-26T13:03:03.604+0200][28.028s] GC(7) Concurrent Preclean
[2023-10-26T13:03:03.604+0200][28.028s] GC(7) Concurrent Preclean 0.048ms
[2023-10-26T13:03:03.605+0200][28.028s] GC(7) Pause Remark
[2023-10-26T13:03:03.607+0200][28.030s] GC(7) Pause Remark 32M->32M(512M) 2.312ms
[2023-10-26T13:03:03.607+0200][28.030s] GC(7) User=0.00s Sys=0.00s Real=0.00s
[2023-10-26T13:03:03.607+0200][28.030s] GC(7) Concurrent Mark 8.418ms
[2023-10-26T13:03:03.607+0200][28.030s] GC(7) Concurrent Rebuild Remembered Sets
[2023-10-26T13:03:03.611+0200][28.034s] GC(7) Concurrent Rebuild Remembered Sets 3.471ms
[2023-10-26T13:03:03.611+0200][28.034s] GC(7) Pause Cleanup
[2023-10-26T13:03:03.611+0200][28.034s] GC(7) Pause Cleanup 32M->32M(512M) 0.148ms
[2023-10-26T13:03:03.611+0200][28.034s] GC(7) User=0.00s Sys=0.00s Real=0.00s
[2023-10-26T13:03:03.611+0200][28.034s] GC(7) Concurrent Cleanup for Next Mark
[2023-10-26T13:03:03.612+0200][28.036s] GC(7) Concurrent Cleanup for Next Mark 1.423ms
[2023-10-26T13:03:03.612+0200][28.036s] GC(7) Concurrent Mark Cycle 17.842ms
[2023-10-26T13:03:03.974+0200][28.397s] GC(8) Pause Young (Concurrent Start) (CodeCache GC Threshold)
[2023-10-26T13:03:03.974+0200][28.397s] GC(8) Using 10 workers of 10 for evacuation
[2023-10-26T13:03:03.981+0200][28.405s] GC(8)   Pre Evacuate Collection Set: 0.1ms
[2023-10-26T13:03:03.981+0200][28.405s] GC(8)   Merge Heap Roots: 0.1ms
[2023-10-26T13:03:03.981+0200][28.405s] GC(8)   Evacuate Collection Set: 6.9ms
[2023-10-26T13:03:03.981+0200][28.405s] GC(8)   Post Evacuate Collection Set: 0.5ms
[2023-10-26T13:03:03.981+0200][28.405s] GC(8)   Other: 0.1ms
[2023-10-26T13:03:03.981+0200][28.405s] GC(8) Eden regions: 36->0(286)
[2023-10-26T13:03:03.981+0200][28.405s] GC(8) Survivor regions: 19->21(39)
[2023-10-26T13:03:03.981+0200][28.405s] GC(8) Old regions: 9->9
[2023-10-26T13:03:03.981+0200][28.405s] GC(8) Archive regions: 0->0
[2023-10-26T13:03:03.981+0200][28.405s] GC(8) Humongous regions: 4->4
[2023-10-26T13:03:03.981+0200][28.405s] GC(8) Metaspace: 43794K(44352K)->43794K(44352K) NonClass: 38650K(38912K)->38650K(38912K) Class: 5143K(5440K)->5143K(5440K)
[2023-10-26T13:03:03.981+0200][28.405s] GC(8) Pause Young (Concurrent Start) (CodeCache GC Threshold) 66M->33M(512M) 7.863ms
[2023-10-26T13:03:03.981+0200][28.405s] GC(9) Concurrent Mark Cycle
[2023-10-26T13:03:03.981+0200][28.405s] GC(8) User=0.00s Sys=0.00s Real=0.01s
[2023-10-26T13:03:03.981+0200][28.405s] GC(9) Concurrent Clear Claimed Marks
[2023-10-26T13:03:03.982+0200][28.405s] GC(9) Concurrent Clear Claimed Marks 0.081ms
[2023-10-26T13:03:03.982+0200][28.405s] GC(9) Concurrent Scan Root Regions
[2023-10-26T13:03:03.987+0200][28.410s] GC(9) Concurrent Scan Root Regions 4.965ms
[2023-10-26T13:03:03.987+0200][28.410s] GC(9) Concurrent Mark
[2023-10-26T13:03:03.987+0200][28.410s] GC(9) Concurrent Mark From Roots
[2023-10-26T13:03:03.987+0200][28.410s] GC(9) Using 3 workers of 3 for marking
[2023-10-26T13:03:04.010+0200][28.434s] GC(9) Concurrent Mark From Roots 23.789ms
[2023-10-26T13:03:04.010+0200][28.434s] GC(9) Concurrent Preclean
[2023-10-26T13:03:04.010+0200][28.434s] GC(9) Concurrent Preclean 0.044ms
[2023-10-26T13:03:04.011+0200][28.434s] GC(9) Pause Remark
[2023-10-26T13:03:04.012+0200][28.436s] GC(9) Pause Remark 35M->35M(512M) 1.866ms
[2023-10-26T13:03:04.012+0200][28.436s] GC(9) User=0.00s Sys=0.00s Real=0.00s
[2023-10-26T13:03:04.013+0200][28.436s] GC(9) Concurrent Mark 26.021ms
[2023-10-26T13:03:04.013+0200][28.436s] GC(9) Concurrent Rebuild Remembered Sets
[2023-10-26T13:03:04.016+0200][28.440s] GC(9) Concurrent Rebuild Remembered Sets 3.482ms
[2023-10-26T13:03:04.016+0200][28.440s] GC(9) Pause Cleanup
[2023-10-26T13:03:04.016+0200][28.440s] GC(9) Pause Cleanup 35M->35M(512M) 0.148ms
[2023-10-26T13:03:04.016+0200][28.440s] GC(9) User=0.00s Sys=0.00s Real=0.00s
[2023-10-26T13:03:04.017+0200][28.440s] GC(9) Concurrent Cleanup for Next Mark
[2023-10-26T13:03:04.017+0200][28.441s] GC(9) Concurrent Cleanup for Next Mark 0.893ms
[2023-10-26T13:03:04.017+0200][28.441s] GC(9) Concurrent Mark Cycle 36.075ms
[2023-10-26T13:03:04.107+0200][28.531s] GC(10) Pause Young (Concurrent Start) (CodeCache GC Threshold)
[2023-10-26T13:03:04.107+0200][28.531s] GC(10) Using 10 workers of 10 for evacuation
[2023-10-26T13:03:04.115+0200][28.539s] GC(10)   Pre Evacuate Collection Set: 0.2ms
[2023-10-26T13:03:04.116+0200][28.539s] GC(10)   Merge Heap Roots: 0.1ms
[2023-10-26T13:03:04.116+0200][28.539s] GC(10)   Evacuate Collection Set: 6.7ms
[2023-10-26T13:03:04.116+0200][28.539s] GC(10)   Post Evacuate Collection Set: 0.8ms
[2023-10-26T13:03:04.116+0200][28.539s] GC(10)   Other: 0.2ms
[2023-10-26T13:03:04.116+0200][28.539s] GC(10) Eden regions: 9->0(285)
[2023-10-26T13:03:04.116+0200][28.539s] GC(10) Survivor regions: 21->22(39)
[2023-10-26T13:03:04.116+0200][28.539s] GC(10) Old regions: 9->9
[2023-10-26T13:03:04.116+0200][28.539s] GC(10) Archive regions: 0->0
[2023-10-26T13:03:04.116+0200][28.539s] GC(10) Humongous regions: 4->4
[2023-10-26T13:03:04.116+0200][28.539s] GC(10) Metaspace: 44599K(45120K)->44599K(45120K) NonClass: 39349K(39616K)->39349K(39616K) Class: 5250K(5504K)->5250K(5504K)
[2023-10-26T13:03:04.116+0200][28.539s] GC(10) Pause Young (Concurrent Start) (CodeCache GC Threshold) 42M->34M(512M) 8.194ms
[2023-10-26T13:03:04.116+0200][28.539s] GC(10) User=0.16s Sys=0.00s Real=0.01s
[2023-10-26T13:03:04.116+0200][28.539s] GC(11) Concurrent Mark Cycle
[2023-10-26T13:03:04.116+0200][28.539s] GC(11) Concurrent Clear Claimed Marks
[2023-10-26T13:03:04.116+0200][28.539s] GC(11) Concurrent Clear Claimed Marks 0.049ms
[2023-10-26T13:03:04.116+0200][28.539s] GC(11) Concurrent Scan Root Regions
[2023-10-26T13:03:04.120+0200][28.543s] GC(11) Concurrent Scan Root Regions 4.156ms
[2023-10-26T13:03:04.120+0200][28.543s] GC(11) Concurrent Mark
[2023-10-26T13:03:04.120+0200][28.543s] GC(11) Concurrent Mark From Roots
[2023-10-26T13:03:04.120+0200][28.543s] GC(11) Using 3 workers of 3 for marking
[2023-10-26T13:03:04.127+0200][28.550s] GC(11) Concurrent Mark From Roots 6.639ms
[2023-10-26T13:03:04.127+0200][28.550s] GC(11) Concurrent Preclean
[2023-10-26T13:03:04.127+0200][28.550s] GC(11) Concurrent Preclean 0.049ms
[2023-10-26T13:03:04.127+0200][28.550s] GC(11) Pause Remark
[2023-10-26T13:03:04.128+0200][28.552s] GC(11) Pause Remark 35M->35M(512M) 1.450ms
[2023-10-26T13:03:04.128+0200][28.552s] GC(11) User=0.00s Sys=0.00s Real=0.00s
[2023-10-26T13:03:04.129+0200][28.552s] GC(11) Concurrent Mark 8.505ms
[2023-10-26T13:03:04.129+0200][28.552s] GC(11) Concurrent Rebuild Remembered Sets
[2023-10-26T13:03:04.133+0200][28.556s] GC(11) Concurrent Rebuild Remembered Sets 4.086ms
[2023-10-26T13:03:04.133+0200][28.556s] GC(11) Pause Cleanup
[2023-10-26T13:03:04.133+0200][28.556s] GC(11) Pause Cleanup 35M->35M(512M) 0.110ms
[2023-10-26T13:03:04.133+0200][28.556s] GC(11) User=0.00s Sys=0.00s Real=0.00s
[2023-10-26T13:03:04.133+0200][28.556s] GC(11) Concurrent Cleanup for Next Mark
[2023-10-26T13:03:04.134+0200][28.557s] GC(11) Concurrent Cleanup for Next Mark 0.912ms
[2023-10-26T13:03:04.134+0200][28.557s] GC(11) Concurrent Mark Cycle 18.280ms
[2023-10-26T13:03:25.189+0200][49.613s] GC(12) Pause Young (Concurrent Start) (CodeCache GC Threshold)
[2023-10-26T13:03:25.189+0200][49.613s] GC(12) Using 10 workers of 10 for evacuation
[2023-10-26T13:03:25.202+0200][49.625s] GC(12)   Pre Evacuate Collection Set: 0.1ms
[2023-10-26T13:03:25.202+0200][49.625s] GC(12)   Merge Heap Roots: 0.1ms
[2023-10-26T13:03:25.202+0200][49.625s] GC(12)   Evacuate Collection Set: 10.7ms
[2023-10-26T13:03:25.202+0200][49.625s] GC(12)   Post Evacuate Collection Set: 1.4ms
[2023-10-26T13:03:25.202+0200][49.625s] GC(12)   Other: 0.1ms
[2023-10-26T13:03:25.202+0200][49.625s] GC(12) Eden regions: 261->0(276)
[2023-10-26T13:03:25.202+0200][49.625s] GC(12) Survivor regions: 22->31(39)
[2023-10-26T13:03:25.202+0200][49.625s] GC(12) Old regions: 9->15
[2023-10-26T13:03:25.202+0200][49.625s] GC(12) Archive regions: 0->0
[2023-10-26T13:03:25.202+0200][49.625s] GC(12) Humongous regions: 4->4
[2023-10-26T13:03:25.202+0200][49.625s] GC(12) Metaspace: 57510K(58112K)->57510K(58112K) NonClass: 50653K(50944K)->50653K(50944K) Class: 6857K(7168K)->6857K(7168K)
[2023-10-26T13:03:25.202+0200][49.625s] GC(12) Pause Young (Concurrent Start) (CodeCache GC Threshold) 295M->48M(512M) 12.722ms
[2023-10-26T13:03:25.202+0200][49.626s] GC(12) User=0.00s Sys=0.00s Real=0.01s
[2023-10-26T13:03:25.202+0200][49.626s] GC(13) Concurrent Mark Cycle
[2023-10-26T13:03:25.202+0200][49.626s] GC(13) Concurrent Clear Claimed Marks
[2023-10-26T13:03:25.202+0200][49.626s] GC(13) Concurrent Clear Claimed Marks 0.060ms
[2023-10-26T13:03:25.202+0200][49.626s] GC(13) Concurrent Scan Root Regions
[2023-10-26T13:03:25.209+0200][49.633s] GC(13) Concurrent Scan Root Regions 6.857ms
[2023-10-26T13:03:25.209+0200][49.633s] GC(13) Concurrent Mark
[2023-10-26T13:03:25.209+0200][49.633s] GC(13) Concurrent Mark From Roots
[2023-10-26T13:03:25.209+0200][49.633s] GC(13) Using 3 workers of 3 for marking
[2023-10-26T13:03:25.216+0200][49.640s] GC(13) Concurrent Mark From Roots 7.164ms
[2023-10-26T13:03:25.217+0200][49.640s] GC(13) Concurrent Preclean
[2023-10-26T13:03:25.217+0200][49.640s] GC(13) Concurrent Preclean 0.055ms
[2023-10-26T13:03:25.217+0200][49.640s] GC(13) Pause Remark
[2023-10-26T13:03:25.222+0200][49.645s] GC(13) Pause Remark 52M->52M(512M) 5.231ms
[2023-10-26T13:03:25.222+0200][49.645s] GC(13) User=0.00s Sys=0.00s Real=0.00s
[2023-10-26T13:03:25.222+0200][49.645s] GC(13) Concurrent Mark 12.814ms
[2023-10-26T13:03:25.222+0200][49.645s] GC(13) Concurrent Rebuild Remembered Sets
[2023-10-26T13:03:25.227+0200][49.650s] GC(13) Concurrent Rebuild Remembered Sets 4.136ms
[2023-10-26T13:03:25.227+0200][49.650s] GC(13) Pause Cleanup
[2023-10-26T13:03:25.227+0200][49.650s] GC(13) Pause Cleanup 52M->52M(512M) 0.215ms
[2023-10-26T13:03:25.227+0200][49.650s] GC(13) User=0.00s Sys=0.00s Real=0.00s
[2023-10-26T13:03:25.227+0200][49.650s] GC(13) Concurrent Cleanup for Next Mark
[2023-10-26T13:03:25.227+0200][49.651s] GC(13) Concurrent Cleanup for Next Mark 0.716ms
[2023-10-26T13:03:25.227+0200][49.651s] GC(13) Concurrent Mark Cycle 25.291ms
[2023-10-26T13:03:29.969+0200][54.392s] GC(14) Pause Young (Normal) (G1 Evacuation Pause)
[2023-10-26T13:03:29.969+0200][54.392s] GC(14) Using 10 workers of 10 for evacuation
[2023-10-26T13:03:29.978+0200][54.401s] GC(14)   Pre Evacuate Collection Set: 0.1ms
[2023-10-26T13:03:29.978+0200][54.401s] GC(14)   Merge Heap Roots: 0.1ms
[2023-10-26T13:03:29.978+0200][54.401s] GC(14)   Evacuate Collection Set: 7.6ms
[2023-10-26T13:03:29.978+0200][54.401s] GC(14)   Post Evacuate Collection Set: 1.0ms
[2023-10-26T13:03:29.978+0200][54.401s] GC(14)   Other: 0.1ms
[2023-10-26T13:03:29.978+0200][54.401s] GC(14) Eden regions: 276->0(284)
[2023-10-26T13:03:29.978+0200][54.401s] GC(14) Survivor regions: 31->23(39)
[2023-10-26T13:03:29.978+0200][54.401s] GC(14) Old regions: 15->27
[2023-10-26T13:03:29.978+0200][54.401s] GC(14) Archive regions: 0->0
[2023-10-26T13:03:29.978+0200][54.401s] GC(14) Humongous regions: 4->4
[2023-10-26T13:03:29.978+0200][54.401s] GC(14) Metaspace: 59157K(59776K)->59157K(59776K) NonClass: 52228K(52544K)->52228K(52544K) Class: 6929K(7232K)->6929K(7232K)
[2023-10-26T13:03:29.978+0200][54.401s] GC(14) Pause Young (Normal) (G1 Evacuation Pause) 324M->52M(512M) 9.099ms
[2023-10-26T13:03:29.978+0200][54.401s] GC(14) User=0.00s Sys=0.00s Real=0.01s
[2023-10-26T13:03:33.833+0200][58.256s] GC(15) Pause Young (Concurrent Start) (CodeCache GC Threshold)
[2023-10-26T13:03:33.833+0200][58.256s] GC(15) Using 10 workers of 10 for evacuation
[2023-10-26T13:03:33.840+0200][58.263s] GC(15)   Pre Evacuate Collection Set: 0.2ms
[2023-10-26T13:03:33.840+0200][58.263s] GC(15)   Merge Heap Roots: 0.1ms
[2023-10-26T13:03:33.840+0200][58.263s] GC(15)   Evacuate Collection Set: 5.9ms
[2023-10-26T13:03:33.840+0200][58.263s] GC(15)   Post Evacuate Collection Set: 0.8ms
[2023-10-26T13:03:33.840+0200][58.263s] GC(15)   Other: 0.1ms
[2023-10-26T13:03:33.840+0200][58.263s] GC(15) Eden regions: 234->0(285)
[2023-10-26T13:03:33.840+0200][58.263s] GC(15) Survivor regions: 23->22(39)
[2023-10-26T13:03:33.840+0200][58.263s] GC(15) Old regions: 27->29
[2023-10-26T13:03:33.840+0200][58.263s] GC(15) Archive regions: 0->0
[2023-10-26T13:03:33.840+0200][58.263s] GC(15) Humongous regions: 4->4
[2023-10-26T13:03:33.840+0200][58.263s] GC(15) Metaspace: 59674K(60288K)->59674K(60288K) NonClass: 52745K(53056K)->52745K(53056K) Class: 6929K(7232K)->6929K(7232K)
[2023-10-26T13:03:33.840+0200][58.263s] GC(15) Pause Young (Concurrent Start) (CodeCache GC Threshold) 286M->55M(512M) 7.323ms
[2023-10-26T13:03:33.840+0200][58.263s] GC(15) User=0.00s Sys=0.00s Real=0.01s
[2023-10-26T13:03:33.840+0200][58.263s] GC(16) Concurrent Mark Cycle
[2023-10-26T13:03:33.840+0200][58.263s] GC(16) Concurrent Clear Claimed Marks
[2023-10-26T13:03:33.840+0200][58.263s] GC(16) Concurrent Clear Claimed Marks 0.032ms
[2023-10-26T13:03:33.840+0200][58.263s] GC(16) Concurrent Scan Root Regions
[2023-10-26T13:03:33.843+0200][58.267s] GC(16) Concurrent Scan Root Regions 3.406ms
[2023-10-26T13:03:33.843+0200][58.267s] GC(16) Concurrent Mark
[2023-10-26T13:03:33.843+0200][58.267s] GC(16) Concurrent Mark From Roots
[2023-10-26T13:03:33.843+0200][58.267s] GC(16) Using 3 workers of 3 for marking
[2023-10-26T13:03:33.855+0200][58.278s] GC(16) Concurrent Mark From Roots 11.668ms
[2023-10-26T13:03:33.855+0200][58.278s] GC(16) Concurrent Preclean
[2023-10-26T13:03:33.855+0200][58.278s] GC(16) Concurrent Preclean 0.100ms
[2023-10-26T13:03:33.855+0200][58.279s] GC(16) Pause Remark
[2023-10-26T13:03:33.858+0200][58.281s] GC(16) Pause Remark 55M->55M(512M) 2.215ms
[2023-10-26T13:03:33.858+0200][58.281s] GC(16) User=0.00s Sys=0.00s Real=0.00s
[2023-10-26T13:03:33.858+0200][58.281s] GC(16) Concurrent Mark 14.258ms
[2023-10-26T13:03:33.858+0200][58.281s] GC(16) Concurrent Rebuild Remembered Sets
[2023-10-26T13:03:33.863+0200][58.286s] GC(16) Concurrent Rebuild Remembered Sets 5.646ms
[2023-10-26T13:03:33.864+0200][58.287s] GC(16) Pause Cleanup
[2023-10-26T13:03:33.864+0200][58.287s] GC(16) Pause Cleanup 55M->55M(512M) 0.168ms
[2023-10-26T13:03:33.864+0200][58.287s] GC(16) User=0.00s Sys=0.00s Real=0.00s
[2023-10-26T13:03:33.864+0200][58.287s] GC(16) Concurrent Cleanup for Next Mark
[2023-10-26T13:03:33.864+0200][58.288s] GC(16) Concurrent Cleanup for Next Mark 0.662ms
[2023-10-26T13:03:33.864+0200][58.288s] GC(16) Concurrent Mark Cycle 24.608ms
[2023-10-26T13:03:34.589+0200][59.013s] GC(17) Pause Young (Concurrent Start) (CodeCache GC Threshold)
[2023-10-26T13:03:34.589+0200][59.013s] GC(17) Using 10 workers of 10 for evacuation
[2023-10-26T13:03:34.595+0200][59.019s] GC(17)   Pre Evacuate Collection Set: 0.2ms
[2023-10-26T13:03:34.595+0200][59.019s] GC(17)   Merge Heap Roots: 0.1ms
[2023-10-26T13:03:34.595+0200][59.019s] GC(17)   Evacuate Collection Set: 5.2ms
[2023-10-26T13:03:34.595+0200][59.019s] GC(17)   Post Evacuate Collection Set: 0.7ms
[2023-10-26T13:03:34.595+0200][59.019s] GC(17)   Other: 0.1ms
[2023-10-26T13:03:34.595+0200][59.019s] GC(17) Eden regions: 47->0(298)
[2023-10-26T13:03:34.595+0200][59.019s] GC(17) Survivor regions: 22->9(39)
[2023-10-26T13:03:34.595+0200][59.019s] GC(17) Old regions: 29->44
[2023-10-26T13:03:34.595+0200][59.019s] GC(17) Archive regions: 0->0
[2023-10-26T13:03:34.595+0200][59.019s] GC(17) Humongous regions: 4->4
[2023-10-26T13:03:34.595+0200][59.019s] GC(17) Metaspace: 59712K(60288K)->59712K(60288K) NonClass: 52783K(53056K)->52783K(53056K) Class: 6929K(7232K)->6929K(7232K)
[2023-10-26T13:03:34.596+0200][59.019s] GC(17) Pause Young (Concurrent Start) (CodeCache GC Threshold) 101M->55M(512M) 6.614ms
[2023-10-26T13:03:34.596+0200][59.019s] GC(17) User=0.17s Sys=0.00s Real=0.01s
[2023-10-26T13:03:34.596+0200][59.019s] GC(18) Concurrent Mark Cycle
[2023-10-26T13:03:34.596+0200][59.019s] GC(18) Concurrent Clear Claimed Marks
[2023-10-26T13:03:34.596+0200][59.019s] GC(18) Concurrent Clear Claimed Marks 0.066ms
[2023-10-26T13:03:34.596+0200][59.019s] GC(18) Concurrent Scan Root Regions
[2023-10-26T13:03:34.601+0200][59.024s] GC(18) Concurrent Scan Root Regions 4.905ms
[2023-10-26T13:03:34.601+0200][59.024s] GC(18) Concurrent Mark
[2023-10-26T13:03:34.601+0200][59.024s] GC(18) Concurrent Mark From Roots
[2023-10-26T13:03:34.601+0200][59.024s] GC(18) Using 3 workers of 3 for marking
[2023-10-26T13:03:34.616+0200][59.039s] GC(18) Concurrent Mark From Roots 14.940ms
[2023-10-26T13:03:34.616+0200][59.039s] GC(18) Concurrent Preclean
[2023-10-26T13:03:34.616+0200][59.040s] GC(18) Concurrent Preclean 0.123ms
[2023-10-26T13:03:34.616+0200][59.040s] GC(18) Pause Remark
[2023-10-26T13:03:34.618+0200][59.042s] GC(18) Pause Remark 57M->57M(512M) 2.241ms
[2023-10-26T13:03:34.618+0200][59.042s] GC(18) User=0.00s Sys=0.00s Real=0.00s
[2023-10-26T13:03:34.618+0200][59.042s] GC(18) Concurrent Mark 17.641ms
[2023-10-26T13:03:34.618+0200][59.042s] GC(18) Concurrent Rebuild Remembered Sets
[2023-10-26T13:03:34.626+0200][59.050s] GC(18) Concurrent Rebuild Remembered Sets 7.716ms
[2023-10-26T13:03:34.626+0200][59.050s] GC(18) Pause Cleanup
[2023-10-26T13:03:34.626+0200][59.050s] GC(18) Pause Cleanup 57M->57M(512M) 0.121ms
[2023-10-26T13:03:34.627+0200][59.050s] GC(18) User=0.00s Sys=0.00s Real=0.00s
[2023-10-26T13:03:34.627+0200][59.050s] GC(18) Concurrent Cleanup for Next Mark
[2023-10-26T13:03:34.627+0200][59.051s] GC(18) Concurrent Cleanup for Next Mark 0.695ms
[2023-10-26T13:03:34.627+0200][59.051s] GC(18) Concurrent Mark Cycle 31.580ms
[2023-10-26T13:03:35.400+0200][59.823s] GC(19) Pause Young (Concurrent Start) (CodeCache GC Threshold)
[2023-10-26T13:03:35.400+0200][59.823s] GC(19) Using 10 workers of 10 for evacuation
[2023-10-26T13:03:35.402+0200][59.825s] GC(19)   Pre Evacuate Collection Set: 0.1ms
[2023-10-26T13:03:35.402+0200][59.825s] GC(19)   Merge Heap Roots: 0.1ms
[2023-10-26T13:03:35.402+0200][59.825s] GC(19)   Evacuate Collection Set: 1.3ms
[2023-10-26T13:03:35.402+0200][59.825s] GC(19)   Post Evacuate Collection Set: 0.5ms
[2023-10-26T13:03:35.402+0200][59.825s] GC(19)   Other: 0.1ms
[2023-10-26T13:03:35.402+0200][59.825s] GC(19) Eden regions: 51->0(298)
[2023-10-26T13:03:35.402+0200][59.825s] GC(19) Survivor regions: 9->9(39)
[2023-10-26T13:03:35.402+0200][59.825s] GC(19) Old regions: 44->44
[2023-10-26T13:03:35.402+0200][59.825s] GC(19) Archive regions: 0->0
[2023-10-26T13:03:35.402+0200][59.825s] GC(19) Humongous regions: 4->4
[2023-10-26T13:03:35.402+0200][59.825s] GC(19) Metaspace: 59839K(60480K)->59839K(60480K) NonClass: 52908K(53248K)->52908K(53248K) Class: 6930K(7232K)->6930K(7232K)
[2023-10-26T13:03:35.402+0200][59.825s] GC(19) Pause Young (Concurrent Start) (CodeCache GC Threshold) 106M->55M(512M) 2.392ms
[2023-10-26T13:03:35.402+0200][59.825s] GC(19) User=0.00s Sys=0.00s Real=0.00s
[2023-10-26T13:03:35.402+0200][59.825s] GC(20) Concurrent Mark Cycle
[2023-10-26T13:03:35.402+0200][59.825s] GC(20) Concurrent Clear Claimed Marks
[2023-10-26T13:03:35.402+0200][59.825s] GC(20) Concurrent Clear Claimed Marks 0.032ms
[2023-10-26T13:03:35.402+0200][59.825s] GC(20) Concurrent Scan Root Regions
[2023-10-26T13:03:35.402+0200][59.826s] GC(20) Concurrent Scan Root Regions 0.651ms
[2023-10-26T13:03:35.402+0200][59.826s] GC(20) Concurrent Mark
[2023-10-26T13:03:35.403+0200][59.826s] GC(20) Concurrent Mark From Roots
[2023-10-26T13:03:35.403+0200][59.826s] GC(20) Using 3 workers of 3 for marking
[2023-10-26T13:03:35.422+0200][59.845s] GC(20) Concurrent Mark From Roots 19.172ms
[2023-10-26T13:03:35.422+0200][59.845s] GC(20) Concurrent Preclean
[2023-10-26T13:03:35.422+0200][59.845s] GC(20) Concurrent Preclean 0.060ms
[2023-10-26T13:03:35.422+0200][59.845s] GC(20) Pause Remark
[2023-10-26T13:03:35.429+0200][59.852s] GC(20) Pause Remark 57M->57M(512M) 6.920ms
[2023-10-26T13:03:35.429+0200][59.852s] GC(20) User=0.00s Sys=0.00s Real=0.01s
[2023-10-26T13:03:35.429+0200][59.852s] GC(20) Concurrent Mark 26.479ms
[2023-10-26T13:03:35.429+0200][59.852s] GC(20) Concurrent Rebuild Remembered Sets
[2023-10-26T13:03:35.437+0200][59.861s] GC(20) Concurrent Rebuild Remembered Sets 8.429ms
[2023-10-26T13:03:35.437+0200][59.861s] GC(20) Pause Cleanup
[2023-10-26T13:03:35.438+0200][59.861s] GC(20) Pause Cleanup 57M->57M(512M) 0.123ms
[2023-10-26T13:03:35.438+0200][59.861s] GC(20) User=0.09s Sys=0.00s Real=0.00s
[2023-10-26T13:03:35.438+0200][59.861s] GC(20) Concurrent Cleanup for Next Mark
[2023-10-26T13:03:35.438+0200][59.862s] GC(20) Concurrent Cleanup for Next Mark 0.769ms
[2023-10-26T13:03:35.438+0200][59.862s] GC(20) Concurrent Mark Cycle 36.845ms
[2023-10-26T13:03:40.244+0200][64.668s] GC(21) Pause Young (Prepare Mixed) (G1 Evacuation Pause)
[2023-10-26T13:03:40.244+0200][64.668s] GC(21) Using 10 workers of 10 for evacuation
[2023-10-26T13:03:40.247+0200][64.670s] GC(21)   Pre Evacuate Collection Set: 0.1ms
[2023-10-26T13:03:40.247+0200][64.670s] GC(21)   Merge Heap Roots: 0.1ms
[2023-10-26T13:03:40.247+0200][64.670s] GC(21)   Evacuate Collection Set: 1.6ms
[2023-10-26T13:03:40.247+0200][64.671s] GC(21)   Post Evacuate Collection Set: 0.6ms
[2023-10-26T13:03:40.247+0200][64.671s] GC(21)   Other: 0.1ms
[2023-10-26T13:03:40.247+0200][64.671s] GC(21) Eden regions: 298->0(13)
[2023-10-26T13:03:40.247+0200][64.671s] GC(21) Survivor regions: 9->12(39)
[2023-10-26T13:03:40.247+0200][64.671s] GC(21) Old regions: 44->44
[2023-10-26T13:03:40.247+0200][64.671s] GC(21) Archive regions: 0->0
[2023-10-26T13:03:40.247+0200][64.671s] GC(21) Humongous regions: 4->4
[2023-10-26T13:03:40.247+0200][64.671s] GC(21) Metaspace: 60146K(60736K)->60146K(60736K) NonClass: 53215K(53504K)->53215K(53504K) Class: 6931K(7232K)->6931K(7232K)
[2023-10-26T13:03:40.247+0200][64.671s] GC(21) Pause Young (Prepare Mixed) (G1 Evacuation Pause) 353M->58M(512M) 2.730ms
[2023-10-26T13:03:40.247+0200][64.671s] GC(21) User=0.00s Sys=0.00s Real=0.00s
[2023-10-26T13:03:40.419+0200][64.843s] GC(22) Pause Young (Mixed) (G1 Evacuation Pause)
[2023-10-26T13:03:40.419+0200][64.843s] GC(22) Using 10 workers of 10 for evacuation
[2023-10-26T13:03:40.422+0200][64.845s] GC(22)   Pre Evacuate Collection Set: 0.1ms
[2023-10-26T13:03:40.422+0200][64.846s] GC(22)   Merge Heap Roots: 0.1ms
[2023-10-26T13:03:40.422+0200][64.846s] GC(22)   Evacuate Collection Set: 2.2ms
[2023-10-26T13:03:40.422+0200][64.846s] GC(22)   Post Evacuate Collection Set: 0.4ms
[2023-10-26T13:03:40.422+0200][64.846s] GC(22)   Other: 0.1ms
[2023-10-26T13:03:40.422+0200][64.846s] GC(22) Eden regions: 13->0(306)
[2023-10-26T13:03:40.422+0200][64.846s] GC(22) Survivor regions: 12->1(4)
[2023-10-26T13:03:40.422+0200][64.846s] GC(22) Old regions: 44->54
[2023-10-26T13:03:40.422+0200][64.846s] GC(22) Archive regions: 0->0
[2023-10-26T13:03:40.422+0200][64.846s] GC(22) Humongous regions: 4->4
[2023-10-26T13:03:40.422+0200][64.846s] GC(22) Metaspace: 60152K(60736K)->60152K(60736K) NonClass: 53221K(53504K)->53221K(53504K) Class: 6931K(7232K)->6931K(7232K)
[2023-10-26T13:03:40.422+0200][64.846s] GC(22) Pause Young (Mixed) (G1 Evacuation Pause) 71M->58M(512M) 3.083ms
[2023-10-26T13:03:40.422+0200][64.846s] GC(22) User=0.00s Sys=0.00s Real=0.00s
[2023-10-26T13:03:45.006+0200][69.430s] GC(23) Pause Young (Concurrent Start) (CodeCache GC Threshold)
[2023-10-26T13:03:45.006+0200][69.430s] GC(23) Using 10 workers of 10 for evacuation
[2023-10-26T13:03:45.008+0200][69.431s] GC(23)   Pre Evacuate Collection Set: 0.1ms
[2023-10-26T13:03:45.008+0200][69.431s] GC(23)   Merge Heap Roots: 0.1ms
[2023-10-26T13:03:45.008+0200][69.431s] GC(23)   Evacuate Collection Set: 0.9ms
[2023-10-26T13:03:45.008+0200][69.431s] GC(23)   Post Evacuate Collection Set: 0.5ms
[2023-10-26T13:03:45.008+0200][69.431s] GC(23)   Other: 0.1ms
[2023-10-26T13:03:45.008+0200][69.431s] GC(23) Eden regions: 290->0(302)
[2023-10-26T13:03:45.008+0200][69.431s] GC(23) Survivor regions: 1->5(39)
[2023-10-26T13:03:45.008+0200][69.431s] GC(23) Old regions: 54->54
[2023-10-26T13:03:45.008+0200][69.431s] GC(23) Archive regions: 0->0
[2023-10-26T13:03:45.008+0200][69.431s] GC(23) Humongous regions: 4->4
[2023-10-26T13:03:45.008+0200][69.431s] GC(23) Metaspace: 60502K(61120K)->60502K(61120K) NonClass: 53570K(53888K)->53570K(53888K) Class: 6931K(7232K)->6931K(7232K)
[2023-10-26T13:03:45.008+0200][69.432s] GC(23) Pause Young (Concurrent Start) (CodeCache GC Threshold) 347M->62M(512M) 2.002ms
[2023-10-26T13:03:45.008+0200][69.432s] GC(23) User=0.00s Sys=0.00s Real=0.00s
[2023-10-26T13:03:45.008+0200][69.432s] GC(24) Concurrent Mark Cycle
[2023-10-26T13:03:45.008+0200][69.432s] GC(24) Concurrent Clear Claimed Marks
[2023-10-26T13:03:45.008+0200][69.432s] GC(24) Concurrent Clear Claimed Marks 0.022ms
[2023-10-26T13:03:45.008+0200][69.432s] GC(24) Concurrent Scan Root Regions
[2023-10-26T13:03:45.009+0200][69.432s] GC(24) Concurrent Scan Root Regions 0.562ms
[2023-10-26T13:03:45.009+0200][69.432s] GC(24) Concurrent Mark
[2023-10-26T13:03:45.009+0200][69.432s] GC(24) Concurrent Mark From Roots
[2023-10-26T13:03:45.009+0200][69.432s] GC(24) Using 3 workers of 3 for marking
[2023-10-26T13:03:45.028+0200][69.452s] GC(24) Concurrent Mark From Roots 19.496ms
[2023-10-26T13:03:45.029+0200][69.452s] GC(24) Concurrent Preclean
[2023-10-26T13:03:45.029+0200][69.452s] GC(24) Concurrent Preclean 0.060ms
[2023-10-26T13:03:45.029+0200][69.452s] GC(24) Pause Remark
[2023-10-26T13:03:45.031+0200][69.454s] GC(24) Pause Remark 63M->63M(512M) 2.353ms
[2023-10-26T13:03:45.031+0200][69.454s] GC(24) User=0.00s Sys=0.00s Real=0.00s
[2023-10-26T13:03:45.031+0200][69.454s] GC(24) Concurrent Mark 22.281ms
[2023-10-26T13:03:45.031+0200][69.455s] GC(24) Concurrent Rebuild Remembered Sets
[2023-10-26T13:03:45.039+0200][69.463s] GC(24) Concurrent Rebuild Remembered Sets 8.118ms
[2023-10-26T13:03:45.039+0200][69.463s] GC(24) Pause Cleanup
[2023-10-26T13:03:45.039+0200][69.463s] GC(24) Pause Cleanup 64M->64M(512M) 0.123ms
[2023-10-26T13:03:45.039+0200][69.463s] GC(24) User=0.00s Sys=0.00s Real=0.00s
[2023-10-26T13:03:45.039+0200][69.463s] GC(24) Concurrent Cleanup for Next Mark
[2023-10-26T13:03:45.040+0200][69.464s] GC(24) Concurrent Cleanup for Next Mark 0.658ms
[2023-10-26T13:03:45.040+0200][69.464s] GC(24) Concurrent Mark Cycle 32.296ms
[2023-10-26T13:03:49.768+0200][74.191s] GC(25) Pause Young (Prepare Mixed) (G1 Evacuation Pause)
[2023-10-26T13:03:49.768+0200][74.191s] GC(25) Using 10 workers of 10 for evacuation
[2023-10-26T13:03:49.770+0200][74.193s] GC(25)   Pre Evacuate Collection Set: 0.1ms
[2023-10-26T13:03:49.770+0200][74.193s] GC(25)   Merge Heap Roots: 0.1ms
[2023-10-26T13:03:49.770+0200][74.193s] GC(25)   Evacuate Collection Set: 1.3ms
[2023-10-26T13:03:49.770+0200][74.193s] GC(25)   Post Evacuate Collection Set: 0.4ms
[2023-10-26T13:03:49.770+0200][74.193s] GC(25)   Other: 0.1ms
[2023-10-26T13:03:49.770+0200][74.193s] GC(25) Eden regions: 302->0(17)
[2023-10-26T13:03:49.770+0200][74.193s] GC(25) Survivor regions: 5->8(39)
[2023-10-26T13:03:49.770+0200][74.193s] GC(25) Old regions: 54->54
[2023-10-26T13:03:49.770+0200][74.193s] GC(25) Archive regions: 0->0
[2023-10-26T13:03:49.770+0200][74.193s] GC(25) Humongous regions: 4->4
[2023-10-26T13:03:49.770+0200][74.193s] GC(25) Metaspace: 60846K(61440K)->60846K(61440K) NonClass: 53911K(54208K)->53911K(54208K) Class: 6934K(7232K)->6934K(7232K)
[2023-10-26T13:03:49.770+0200][74.193s] GC(25) Pause Young (Prepare Mixed) (G1 Evacuation Pause) 364M->65M(512M) 2.158ms
[2023-10-26T13:03:49.770+0200][74.193s] GC(25) User=0.00s Sys=0.00s Real=0.00s
[2023-10-26T13:03:50.067+0200][74.491s] GC(26) Pause Young (Mixed) (G1 Evacuation Pause)
[2023-10-26T13:03:50.067+0200][74.491s] GC(26) Using 10 workers of 10 for evacuation
[2023-10-26T13:03:50.070+0200][74.493s] GC(26)   Pre Evacuate Collection Set: 0.1ms
[2023-10-26T13:03:50.070+0200][74.494s] GC(26)   Merge Heap Roots: 0.1ms
[2023-10-26T13:03:50.070+0200][74.494s] GC(26)   Evacuate Collection Set: 1.5ms
[2023-10-26T13:03:50.070+0200][74.494s] GC(26)   Post Evacuate Collection Set: 0.6ms
[2023-10-26T13:03:50.070+0200][74.494s] GC(26)   Other: 0.1ms
[2023-10-26T13:03:50.070+0200][74.494s] GC(26) Eden regions: 17->0(306)
[2023-10-26T13:03:50.070+0200][74.494s] GC(26) Survivor regions: 8->1(4)
[2023-10-26T13:03:50.070+0200][74.494s] GC(26) Old regions: 54->61
[2023-10-26T13:03:50.070+0200][74.494s] GC(26) Archive regions: 0->0
[2023-10-26T13:03:50.070+0200][74.494s] GC(26) Humongous regions: 4->4
[2023-10-26T13:03:50.070+0200][74.494s] GC(26) Metaspace: 60847K(61440K)->60847K(61440K) NonClass: 53912K(54208K)->53912K(54208K) Class: 6934K(7232K)->6934K(7232K)
[2023-10-26T13:03:50.070+0200][74.494s] GC(26) Pause Young (Mixed) (G1 Evacuation Pause) 82M->65M(512M) 2.677ms
[2023-10-26T13:03:50.070+0200][74.494s] GC(26) User=0.00s Sys=0.00s Real=0.00s
[2023-10-26T13:03:54.917+0200][79.341s] GC(27) Pause Young (Normal) (G1 Evacuation Pause)
[2023-10-26T13:03:54.917+0200][79.341s] GC(27) Using 10 workers of 10 for evacuation
[2023-10-26T13:03:54.919+0200][79.342s] GC(27)   Pre Evacuate Collection Set: 0.1ms
[2023-10-26T13:03:54.919+0200][79.342s] GC(27)   Merge Heap Roots: 0.1ms
[2023-10-26T13:03:54.919+0200][79.342s] GC(27)   Evacuate Collection Set: 0.7ms
[2023-10-26T13:03:54.919+0200][79.342s] GC(27)   Post Evacuate Collection Set: 0.4ms
[2023-10-26T13:03:54.919+0200][79.342s] GC(27)   Other: 0.1ms
[2023-10-26T13:03:54.919+0200][79.342s] GC(27) Eden regions: 306->0(302)
[2023-10-26T13:03:54.919+0200][79.342s] GC(27) Survivor regions: 1->5(39)
[2023-10-26T13:03:54.919+0200][79.342s] GC(27) Old regions: 61->61
[2023-10-26T13:03:54.919+0200][79.342s] GC(27) Archive regions: 0->0
[2023-10-26T13:03:54.919+0200][79.342s] GC(27) Humongous regions: 4->4
[2023-10-26T13:03:54.919+0200][79.342s] GC(27) Metaspace: 60956K(61568K)->60956K(61568K) NonClass: 54022K(54336K)->54022K(54336K) Class: 6934K(7232K)->6934K(7232K)
[2023-10-26T13:03:54.919+0200][79.342s] GC(27) Pause Young (Normal) (G1 Evacuation Pause) 371M->68M(512M) 1.590ms
[2023-10-26T13:03:54.919+0200][79.342s] GC(27) User=0.00s Sys=0.00s Real=0.00s
[2023-10-26T13:03:56.351+0200][80.774s] GC(28) Pause Young (Concurrent Start) (CodeCache GC Threshold)
[2023-10-26T13:03:56.351+0200][80.774s] GC(28) Using 10 workers of 10 for evacuation
[2023-10-26T13:03:56.353+0200][80.776s] GC(28)   Pre Evacuate Collection Set: 0.2ms
[2023-10-26T13:03:56.353+0200][80.776s] GC(28)   Merge Heap Roots: 0.1ms
[2023-10-26T13:03:56.353+0200][80.776s] GC(28)   Evacuate Collection Set: 1.5ms
[2023-10-26T13:03:56.353+0200][80.776s] GC(28)   Post Evacuate Collection Set: 0.4ms
[2023-10-26T13:03:56.353+0200][80.776s] GC(28)   Other: 0.1ms
[2023-10-26T13:03:56.353+0200][80.776s] GC(28) Eden regions: 97->0(300)
[2023-10-26T13:03:56.353+0200][80.776s] GC(28) Survivor regions: 5->7(39)
[2023-10-26T13:03:56.353+0200][80.776s] GC(28) Old regions: 61->61
[2023-10-26T13:03:56.353+0200][80.776s] GC(28) Archive regions: 0->0
[2023-10-26T13:03:56.353+0200][80.776s] GC(28) Humongous regions: 4->4
[2023-10-26T13:03:56.353+0200][80.776s] GC(28) Metaspace: 60973K(61568K)->60973K(61568K) NonClass: 54039K(54336K)->54039K(54336K) Class: 6934K(7232K)->6934K(7232K)
[2023-10-26T13:03:56.353+0200][80.776s] GC(28) Pause Young (Concurrent Start) (CodeCache GC Threshold) 165M->70M(512M) 2.469ms
[2023-10-26T13:03:56.353+0200][80.777s] GC(29) Concurrent Mark Cycle
[2023-10-26T13:03:56.353+0200][80.777s] GC(28) User=0.00s Sys=0.00s Real=0.00s
[2023-10-26T13:03:56.353+0200][80.777s] GC(29) Concurrent Clear Claimed Marks
[2023-10-26T13:03:56.353+0200][80.777s] GC(29) Concurrent Clear Claimed Marks 0.077ms
[2023-10-26T13:03:56.353+0200][80.777s] GC(29) Concurrent Scan Root Regions
[2023-10-26T13:03:56.354+0200][80.777s] GC(29) Concurrent Scan Root Regions 0.631ms
[2023-10-26T13:03:56.354+0200][80.777s] GC(29) Concurrent Mark
[2023-10-26T13:03:56.354+0200][80.777s] GC(29) Concurrent Mark From Roots
[2023-10-26T13:03:56.354+0200][80.777s] GC(29) Using 3 workers of 3 for marking
[2023-10-26T13:03:56.382+0200][80.805s] GC(29) Concurrent Mark From Roots 27.874ms
[2023-10-26T13:03:56.382+0200][80.805s] GC(29) Concurrent Preclean
[2023-10-26T13:03:56.382+0200][80.805s] GC(29) Concurrent Preclean 0.106ms
[2023-10-26T13:03:56.382+0200][80.805s] GC(29) Pause Remark
[2023-10-26T13:03:56.385+0200][80.808s] GC(29) Pause Remark 76M->76M(512M) 2.952ms
[2023-10-26T13:03:56.385+0200][80.808s] GC(29) User=0.00s Sys=0.00s Real=0.00s
[2023-10-26T13:03:56.385+0200][80.809s] GC(29) Concurrent Mark 31.259ms
[2023-10-26T13:03:56.385+0200][80.809s] GC(29) Concurrent Rebuild Remembered Sets
[2023-10-26T13:03:56.396+0200][80.819s] GC(29) Concurrent Rebuild Remembered Sets 10.352ms
[2023-10-26T13:03:56.396+0200][80.819s] GC(29) Pause Cleanup
[2023-10-26T13:03:56.396+0200][80.819s] GC(29) Pause Cleanup 76M->76M(512M) 0.105ms
[2023-10-26T13:03:56.396+0200][80.819s] GC(29) User=0.00s Sys=0.00s Real=0.00s
[2023-10-26T13:03:56.396+0200][80.819s] GC(29) Concurrent Cleanup for Next Mark
[2023-10-26T13:03:56.397+0200][80.820s] GC(29) Concurrent Cleanup for Next Mark 0.751ms
[2023-10-26T13:03:56.397+0200][80.820s] GC(29) Concurrent Mark Cycle 43.563ms
[2023-10-26T13:03:57.262+0200][81.686s] GC(30) Pause Young (Concurrent Start) (CodeCache GC Threshold)
[2023-10-26T13:03:57.262+0200][81.686s] GC(30) Using 10 workers of 10 for evacuation
[2023-10-26T13:03:57.264+0200][81.688s] GC(30)   Pre Evacuate Collection Set: 0.2ms
[2023-10-26T13:03:57.264+0200][81.688s] GC(30)   Merge Heap Roots: 0.1ms
[2023-10-26T13:03:57.264+0200][81.688s] GC(30)   Evacuate Collection Set: 1.2ms
[2023-10-26T13:03:57.264+0200][81.688s] GC(30)   Post Evacuate Collection Set: 0.5ms
[2023-10-26T13:03:57.264+0200][81.688s] GC(30)   Other: 0.1ms
[2023-10-26T13:03:57.264+0200][81.688s] GC(30) Eden regions: 60->0(300)
[2023-10-26T13:03:57.264+0200][81.688s] GC(30) Survivor regions: 7->7(39)
[2023-10-26T13:03:57.264+0200][81.688s] GC(30) Old regions: 61->61
[2023-10-26T13:03:57.264+0200][81.688s] GC(30) Archive regions: 0->0
[2023-10-26T13:03:57.264+0200][81.688s] GC(30) Humongous regions: 4->4
[2023-10-26T13:03:57.264+0200][81.688s] GC(30) Metaspace: 61015K(61632K)->61015K(61632K) NonClass: 54081K(54400K)->54081K(54400K) Class: 6934K(7232K)->6934K(7232K)
[2023-10-26T13:03:57.264+0200][81.688s] GC(30) Pause Young (Concurrent Start) (CodeCache GC Threshold) 130M->70M(512M) 2.210ms
[2023-10-26T13:03:57.264+0200][81.688s] GC(30) User=0.00s Sys=0.00s Real=0.00s
[2023-10-26T13:03:57.264+0200][81.688s] GC(31) Concurrent Mark Cycle
[2023-10-26T13:03:57.264+0200][81.688s] GC(31) Concurrent Clear Claimed Marks
[2023-10-26T13:03:57.264+0200][81.688s] GC(31) Concurrent Clear Claimed Marks 0.034ms
[2023-10-26T13:03:57.264+0200][81.688s] GC(31) Concurrent Scan Root Regions
[2023-10-26T13:03:57.265+0200][81.689s] GC(31) Concurrent Scan Root Regions 0.667ms
[2023-10-26T13:03:57.265+0200][81.689s] GC(31) Concurrent Mark
[2023-10-26T13:03:57.265+0200][81.689s] GC(31) Concurrent Mark From Roots
[2023-10-26T13:03:57.265+0200][81.689s] GC(31) Using 3 workers of 3 for marking
[2023-10-26T13:03:57.292+0200][81.715s] GC(31) Concurrent Mark From Roots 26.768ms
[2023-10-26T13:03:57.292+0200][81.715s] GC(31) Concurrent Preclean
[2023-10-26T13:03:57.292+0200][81.716s] GC(31) Concurrent Preclean 0.093ms
[2023-10-26T13:03:57.292+0200][81.716s] GC(31) Pause Remark
[2023-10-26T13:03:57.297+0200][81.720s] GC(31) Pause Remark 73M->73M(512M) 4.447ms
[2023-10-26T13:03:57.297+0200][81.720s] GC(31) User=0.00s Sys=0.00s Real=0.00s
[2023-10-26T13:03:57.297+0200][81.720s] GC(31) Concurrent Mark 31.638ms
[2023-10-26T13:03:57.297+0200][81.720s] GC(31) Concurrent Rebuild Remembered Sets
[2023-10-26T13:03:57.308+0200][81.731s] GC(31) Concurrent Rebuild Remembered Sets 10.780ms
[2023-10-26T13:03:57.308+0200][81.731s] GC(31) Pause Cleanup
[2023-10-26T13:03:57.308+0200][81.731s] GC(31) Pause Cleanup 74M->74M(512M) 0.139ms
[2023-10-26T13:03:57.308+0200][81.731s] GC(31) User=0.00s Sys=0.00s Real=0.00s
[2023-10-26T13:03:57.308+0200][81.731s] GC(31) Concurrent Cleanup for Next Mark
[2023-10-26T13:03:57.309+0200][81.732s] GC(31) Concurrent Cleanup for Next Mark 0.614ms
[2023-10-26T13:03:57.309+0200][81.732s] GC(31) Concurrent Mark Cycle 44.184ms
[2023-10-26T13:03:57.882+0200][82.306s] GC(32) Pause Young (Concurrent Start) (CodeCache GC Threshold)
[2023-10-26T13:03:57.882+0200][82.306s] GC(32) Using 10 workers of 10 for evacuation
[2023-10-26T13:03:57.885+0200][82.308s] GC(32)   Pre Evacuate Collection Set: 0.2ms
[2023-10-26T13:03:57.885+0200][82.308s] GC(32)   Merge Heap Roots: 0.1ms
[2023-10-26T13:03:57.885+0200][82.308s] GC(32)   Evacuate Collection Set: 1.1ms
[2023-10-26T13:03:57.885+0200][82.308s] GC(32)   Post Evacuate Collection Set: 0.5ms
[2023-10-26T13:03:57.885+0200][82.308s] GC(32)   Other: 0.1ms
[2023-10-26T13:03:57.885+0200][82.308s] GC(32) Eden regions: 37->0(300)
[2023-10-26T13:03:57.885+0200][82.308s] GC(32) Survivor regions: 7->7(39)
[2023-10-26T13:03:57.885+0200][82.308s] GC(32) Old regions: 61->61
[2023-10-26T13:03:57.885+0200][82.308s] GC(32) Archive regions: 0->0
[2023-10-26T13:03:57.885+0200][82.308s] GC(32) Humongous regions: 4->4
[2023-10-26T13:03:57.885+0200][82.308s] GC(32) Metaspace: 61099K(61696K)->61099K(61696K) NonClass: 54165K(54464K)->54165K(54464K) Class: 6934K(7232K)->6934K(7232K)
[2023-10-26T13:03:57.885+0200][82.308s] GC(32) Pause Young (Concurrent Start) (CodeCache GC Threshold) 107M->71M(512M) 2.178ms
[2023-10-26T13:03:57.885+0200][82.308s] GC(32) User=0.00s Sys=0.00s Real=0.00s
[2023-10-26T13:03:57.885+0200][82.308s] GC(33) Concurrent Mark Cycle
[2023-10-26T13:03:57.885+0200][82.308s] GC(33) Concurrent Clear Claimed Marks
[2023-10-26T13:03:57.885+0200][82.308s] GC(33) Concurrent Clear Claimed Marks 0.029ms
[2023-10-26T13:03:57.885+0200][82.308s] GC(33) Concurrent Scan Root Regions
[2023-10-26T13:03:57.885+0200][82.309s] GC(33) Concurrent Scan Root Regions 0.619ms
[2023-10-26T13:03:57.885+0200][82.309s] GC(33) Concurrent Mark
[2023-10-26T13:03:57.885+0200][82.309s] GC(33) Concurrent Mark From Roots
[2023-10-26T13:03:57.886+0200][82.309s] GC(33) Using 3 workers of 3 for marking
[2023-10-26T13:03:57.911+0200][82.334s] GC(33) Concurrent Mark From Roots 24.940ms
[2023-10-26T13:03:57.911+0200][82.334s] GC(33) Concurrent Preclean
[2023-10-26T13:03:57.911+0200][82.334s] GC(33) Concurrent Preclean 0.080ms
[2023-10-26T13:03:57.911+0200][82.334s] GC(33) Pause Remark
[2023-10-26T13:03:57.915+0200][82.338s] GC(33) Pause Remark 73M->73M(512M) 3.840ms
[2023-10-26T13:03:57.915+0200][82.338s] GC(33) User=0.00s Sys=0.00s Real=0.00s
[2023-10-26T13:03:57.915+0200][82.338s] GC(33) Concurrent Mark 29.241ms
[2023-10-26T13:03:57.915+0200][82.338s] GC(33) Concurrent Rebuild Remembered Sets
[2023-10-26T13:03:57.923+0200][82.347s] GC(33) Concurrent Rebuild Remembered Sets 9.405ms
[2023-10-26T13:03:57.923+0200][82.347s] GC(33) Pause Cleanup
[2023-10-26T13:03:57.924+0200][82.347s] GC(33) Pause Cleanup 74M->74M(512M) 0.139ms
[2023-10-26T13:03:57.924+0200][82.348s] GC(33) User=0.00s Sys=0.00s Real=0.00s
[2023-10-26T13:03:57.924+0200][82.348s] GC(33) Concurrent Cleanup for Next Mark
[2023-10-26T13:03:57.924+0200][82.348s] GC(33) Concurrent Cleanup for Next Mark 0.763ms
[2023-10-26T13:03:57.924+0200][82.348s] GC(33) Concurrent Mark Cycle 40.512ms
[2023-10-26T13:04:02.681+0200][87.104s] GC(34) Pause Young (Prepare Mixed) (G1 Evacuation Pause)
[2023-10-26T13:04:02.681+0200][87.105s] GC(34) Using 10 workers of 10 for evacuation
[2023-10-26T13:04:02.683+0200][87.107s] GC(34)   Pre Evacuate Collection Set: 0.2ms
[2023-10-26T13:04:02.683+0200][87.107s] GC(34)   Merge Heap Roots: 0.1ms
[2023-10-26T13:04:02.683+0200][87.107s] GC(34)   Evacuate Collection Set: 1.4ms
[2023-10-26T13:04:02.683+0200][87.107s] GC(34)   Post Evacuate Collection Set: 0.4ms
[2023-10-26T13:04:02.683+0200][87.107s] GC(34)   Other: 0.1ms
[2023-10-26T13:04:02.683+0200][87.107s] GC(34) Eden regions: 300->0(15)
[2023-10-26T13:04:02.683+0200][87.107s] GC(34) Survivor regions: 7->10(39)
[2023-10-26T13:04:02.683+0200][87.107s] GC(34) Old regions: 61->61
[2023-10-26T13:04:02.683+0200][87.107s] GC(34) Archive regions: 0->0
[2023-10-26T13:04:02.683+0200][87.107s] GC(34) Humongous regions: 4->4
[2023-10-26T13:04:02.683+0200][87.107s] GC(34) Metaspace: 61119K(61760K)->61119K(61760K) NonClass: 54185K(54528K)->54185K(54528K) Class: 6934K(7232K)->6934K(7232K)
[2023-10-26T13:04:02.683+0200][87.107s] GC(34) Pause Young (Prepare Mixed) (G1 Evacuation Pause) 371M->74M(512M) 2.293ms
[2023-10-26T13:04:02.683+0200][87.107s] GC(34) User=0.00s Sys=0.00s Real=0.00s
[2023-10-26T13:04:02.946+0200][87.369s] GC(35) Pause Young (Mixed) (G1 Evacuation Pause)
[2023-10-26T13:04:02.946+0200][87.369s] GC(35) Using 10 workers of 10 for evacuation
[2023-10-26T13:04:02.948+0200][87.371s] GC(35)   Pre Evacuate Collection Set: 0.1ms
[2023-10-26T13:04:02.948+0200][87.371s] GC(35)   Merge Heap Roots: 0.1ms
[2023-10-26T13:04:02.948+0200][87.371s] GC(35)   Evacuate Collection Set: 1.5ms
[2023-10-26T13:04:02.948+0200][87.371s] GC(35)   Post Evacuate Collection Set: 0.6ms
[2023-10-26T13:04:02.948+0200][87.371s] GC(35)   Other: 0.1ms
[2023-10-26T13:04:02.948+0200][87.371s] GC(35) Eden regions: 15->0(306)
[2023-10-26T13:04:02.948+0200][87.371s] GC(35) Survivor regions: 10->1(4)
[2023-10-26T13:04:02.948+0200][87.371s] GC(35) Old regions: 61->70
[2023-10-26T13:04:02.948+0200][87.371s] GC(35) Archive regions: 0->0
[2023-10-26T13:04:02.948+0200][87.371s] GC(35) Humongous regions: 4->4
[2023-10-26T13:04:02.948+0200][87.371s] GC(35) Metaspace: 61119K(61760K)->61119K(61760K) NonClass: 54185K(54528K)->54185K(54528K) Class: 6934K(7232K)->6934K(7232K)
[2023-10-26T13:04:02.948+0200][87.372s] GC(35) Pause Young (Mixed) (G1 Evacuation Pause) 89M->74M(512M) 2.595ms
[2023-10-26T13:04:02.948+0200][87.372s] GC(35) User=0.00s Sys=0.00s Real=0.00s
[2023-10-26T13:04:07.565+0200][91.989s] GC(36) Pause Young (Normal) (G1 Evacuation Pause)
[2023-10-26T13:04:07.565+0200][91.989s] GC(36) Using 10 workers of 10 for evacuation
[2023-10-26T13:04:07.567+0200][91.990s] GC(36)   Pre Evacuate Collection Set: 0.1ms
[2023-10-26T13:04:07.567+0200][91.990s] GC(36)   Merge Heap Roots: 0.1ms
[2023-10-26T13:04:07.567+0200][91.990s] GC(36)   Evacuate Collection Set: 0.8ms
[2023-10-26T13:04:07.567+0200][91.990s] GC(36)   Post Evacuate Collection Set: 0.4ms
[2023-10-26T13:04:07.567+0200][91.990s] GC(36)   Other: 0.1ms
[2023-10-26T13:04:07.567+0200][91.990s] GC(36) Eden regions: 306->0(302)
[2023-10-26T13:04:07.567+0200][91.990s] GC(36) Survivor regions: 1->5(39)
[2023-10-26T13:04:07.567+0200][91.990s] GC(36) Old regions: 70->70
[2023-10-26T13:04:07.567+0200][91.990s] GC(36) Archive regions: 0->0
[2023-10-26T13:04:07.567+0200][91.990s] GC(36) Humongous regions: 4->4
[2023-10-26T13:04:07.567+0200][91.990s] GC(36) Metaspace: 61193K(61824K)->61193K(61824K) NonClass: 54258K(54592K)->54258K(54592K) Class: 6934K(7232K)->6934K(7232K)
[2023-10-26T13:04:07.567+0200][91.990s] GC(36) Pause Young (Normal) (G1 Evacuation Pause) 380M->77M(512M) 1.638ms
[2023-10-26T13:04:07.567+0200][91.990s] GC(36) User=0.00s Sys=0.00s Real=0.00s
[2023-10-26T13:04:12.193+0200][96.616s] GC(37) Pause Young (Normal) (G1 Evacuation Pause)
[2023-10-26T13:04:12.193+0200][96.616s] GC(37) Using 10 workers of 10 for evacuation
[2023-10-26T13:04:12.195+0200][96.618s] GC(37)   Pre Evacuate Collection Set: 0.1ms
[2023-10-26T13:04:12.195+0200][96.618s] GC(37)   Merge Heap Roots: 0.2ms
[2023-10-26T13:04:12.195+0200][96.618s] GC(37)   Evacuate Collection Set: 1.1ms
[2023-10-26T13:04:12.195+0200][96.618s] GC(37)   Post Evacuate Collection Set: 0.5ms
[2023-10-26T13:04:12.195+0200][96.618s] GC(37)   Other: 0.1ms
[2023-10-26T13:04:12.195+0200][96.618s] GC(37) Eden regions: 302->0(299)
[2023-10-26T13:04:12.195+0200][96.618s] GC(37) Survivor regions: 5->8(39)
[2023-10-26T13:04:12.195+0200][96.618s] GC(37) Old regions: 70->70
[2023-10-26T13:04:12.195+0200][96.618s] GC(37) Archive regions: 0->0
[2023-10-26T13:04:12.195+0200][96.618s] GC(37) Humongous regions: 4->4
[2023-10-26T13:04:12.195+0200][96.618s] GC(37) Metaspace: 61379K(61952K)->61379K(61952K) NonClass: 54443K(54720K)->54443K(54720K) Class: 6935K(7232K)->6935K(7232K)
[2023-10-26T13:04:12.195+0200][96.618s] GC(37) Pause Young (Normal) (G1 Evacuation Pause) 379M->81M(512M) 2.196ms
[2023-10-26T13:04:12.195+0200][96.618s] GC(37) User=0.00s Sys=0.00s Real=0.00s
[2023-10-26T13:04:16.772+0200][101.195s] GC(38) Pause Young (Normal) (G1 Evacuation Pause)
[2023-10-26T13:04:16.772+0200][101.195s] GC(38) Using 10 workers of 10 for evacuation
[2023-10-26T13:04:16.774+0200][101.197s] GC(38)   Pre Evacuate Collection Set: 0.1ms
[2023-10-26T13:04:16.774+0200][101.197s] GC(38)   Merge Heap Roots: 0.1ms
[2023-10-26T13:04:16.774+0200][101.197s] GC(38)   Evacuate Collection Set: 1.6ms
[2023-10-26T13:04:16.774+0200][101.197s] GC(38)   Post Evacuate Collection Set: 0.4ms
[2023-10-26T13:04:16.774+0200][101.197s] GC(38)   Other: 0.1ms
[2023-10-26T13:04:16.774+0200][101.197s] GC(38) Eden regions: 299->0(296)
[2023-10-26T13:04:16.774+0200][101.197s] GC(38) Survivor regions: 8->11(39)
[2023-10-26T13:04:16.774+0200][101.197s] GC(38) Old regions: 70->70
[2023-10-26T13:04:16.774+0200][101.198s] GC(38) Archive regions: 0->0
[2023-10-26T13:04:16.774+0200][101.198s] GC(38) Humongous regions: 4->4
[2023-10-26T13:04:16.774+0200][101.198s] GC(38) Metaspace: 61387K(62016K)->61387K(62016K) NonClass: 54451K(54784K)->54451K(54784K) Class: 6935K(7232K)->6935K(7232K)
[2023-10-26T13:04:16.774+0200][101.198s] GC(38) Pause Young (Normal) (G1 Evacuation Pause) 380M->84M(512M) 2.551ms
[2023-10-26T13:04:16.774+0200][101.198s] GC(38) User=0.00s Sys=0.00s Real=0.00s
[2023-10-26T13:04:18.268+0200][102.692s] GC(39) Pause Young (Concurrent Start) (CodeCache GC Threshold)
[2023-10-26T13:04:18.269+0200][102.692s] GC(39) Using 10 workers of 10 for evacuation
[2023-10-26T13:04:18.271+0200][102.695s] GC(39)   Pre Evacuate Collection Set: 0.1ms
[2023-10-26T13:04:18.271+0200][102.695s] GC(39)   Merge Heap Roots: 0.1ms
[2023-10-26T13:04:18.271+0200][102.695s] GC(39)   Evacuate Collection Set: 1.8ms
[2023-10-26T13:04:18.271+0200][102.695s] GC(39)   Post Evacuate Collection Set: 0.4ms
[2023-10-26T13:04:18.271+0200][102.695s] GC(39)   Other: 0.1ms
[2023-10-26T13:04:18.271+0200][102.695s] GC(39) Eden regions: 95->0(294)
[2023-10-26T13:04:18.271+0200][102.695s] GC(39) Survivor regions: 11->13(39)
[2023-10-26T13:04:18.271+0200][102.695s] GC(39) Old regions: 70->70
[2023-10-26T13:04:18.271+0200][102.695s] GC(39) Archive regions: 0->0
[2023-10-26T13:04:18.271+0200][102.695s] GC(39) Humongous regions: 4->4
[2023-10-26T13:04:18.271+0200][102.695s] GC(39) Metaspace: 61423K(62016K)->61423K(62016K) NonClass: 54487K(54784K)->54487K(54784K) Class: 6935K(7232K)->6935K(7232K)
[2023-10-26T13:04:18.271+0200][102.695s] GC(39) Pause Young (Concurrent Start) (CodeCache GC Threshold) 179M->86M(512M) 2.763ms
[2023-10-26T13:04:18.271+0200][102.695s] GC(39) User=0.00s Sys=0.00s Real=0.00s
[2023-10-26T13:04:18.271+0200][102.695s] GC(40) Concurrent Mark Cycle
[2023-10-26T13:04:18.271+0200][102.695s] GC(40) Concurrent Clear Claimed Marks
[2023-10-26T13:04:18.271+0200][102.695s] GC(40) Concurrent Clear Claimed Marks 0.048ms
[2023-10-26T13:04:18.271+0200][102.695s] GC(40) Concurrent Scan Root Regions
[2023-10-26T13:04:18.272+0200][102.696s] GC(40) Concurrent Scan Root Regions 0.868ms
[2023-10-26T13:04:18.272+0200][102.696s] GC(40) Concurrent Mark
[2023-10-26T13:04:18.272+0200][102.696s] GC(40) Concurrent Mark From Roots
[2023-10-26T13:04:18.272+0200][102.696s] GC(40) Using 3 workers of 3 for marking
[2023-10-26T13:04:18.298+0200][102.722s] GC(40) Concurrent Mark From Roots 25.645ms
[2023-10-26T13:04:18.298+0200][102.722s] GC(40) Concurrent Preclean
[2023-10-26T13:04:18.298+0200][102.722s] GC(40) Concurrent Preclean 0.077ms
[2023-10-26T13:04:18.298+0200][102.722s] GC(40) Pause Remark
[2023-10-26T13:04:18.304+0200][102.727s] GC(40) Pause Remark 87M->87M(512M) 4.894ms
[2023-10-26T13:04:18.304+0200][102.727s] GC(40) User=0.00s Sys=0.00s Real=0.01s
[2023-10-26T13:04:18.304+0200][102.727s] GC(40) Concurrent Mark 30.996ms
[2023-10-26T13:04:18.304+0200][102.727s] GC(40) Concurrent Rebuild Remembered Sets
[2023-10-26T13:04:18.313+0200][102.736s] GC(40) Concurrent Rebuild Remembered Sets 8.695ms
[2023-10-26T13:04:18.313+0200][102.736s] GC(40) Pause Cleanup
[2023-10-26T13:04:18.313+0200][102.736s] GC(40) Pause Cleanup 87M->87M(512M) 0.151ms
[2023-10-26T13:04:18.313+0200][102.736s] GC(40) User=0.00s Sys=0.00s Real=0.00s
[2023-10-26T13:04:18.313+0200][102.736s] GC(40) Concurrent Cleanup for Next Mark
[2023-10-26T13:04:18.314+0200][102.737s] GC(40) Concurrent Cleanup for Next Mark 0.647ms
[2023-10-26T13:04:18.314+0200][102.737s] GC(40) Concurrent Mark Cycle 41.781ms
[2023-10-26T13:04:22.695+0200][107.118s] GC(41) Pause Young (Prepare Mixed) (G1 Evacuation Pause)
[2023-10-26T13:04:22.695+0200][107.118s] GC(41) Using 10 workers of 10 for evacuation
[2023-10-26T13:04:22.698+0200][107.121s] GC(41)   Pre Evacuate Collection Set: 0.1ms
[2023-10-26T13:04:22.698+0200][107.121s] GC(41)   Merge Heap Roots: 0.1ms
[2023-10-26T13:04:22.698+0200][107.121s] GC(41)   Evacuate Collection Set: 2.3ms
[2023-10-26T13:04:22.698+0200][107.121s] GC(41)   Post Evacuate Collection Set: 0.6ms
[2023-10-26T13:04:22.698+0200][107.121s] GC(41)   Other: 0.1ms
[2023-10-26T13:04:22.698+0200][107.121s] GC(41) Eden regions: 294->0(8)
[2023-10-26T13:04:22.698+0200][107.121s] GC(41) Survivor regions: 13->17(39)
[2023-10-26T13:04:22.698+0200][107.121s] GC(41) Old regions: 70->70
[2023-10-26T13:04:22.698+0200][107.121s] GC(41) Archive regions: 0->0
[2023-10-26T13:04:22.698+0200][107.121s] GC(41) Humongous regions: 4->4
[2023-10-26T13:04:22.698+0200][107.121s] GC(41) Metaspace: 61425K(62016K)->61425K(62016K) NonClass: 54489K(54784K)->54489K(54784K) Class: 6935K(7232K)->6935K(7232K)
[2023-10-26T13:04:22.698+0200][107.121s] GC(41) Pause Young (Prepare Mixed) (G1 Evacuation Pause) 380M->89M(512M) 3.508ms
[2023-10-26T13:04:22.698+0200][107.121s] GC(41) User=0.00s Sys=0.00s Real=0.00s
[2023-10-26T13:04:22.725+0200][107.148s] GC(42) Pause Young (Mixed) (G1 Evacuation Pause)
[2023-10-26T13:04:22.725+0200][107.148s] GC(42) Using 10 workers of 10 for evacuation
[2023-10-26T13:04:22.731+0200][107.154s] GC(42)   Pre Evacuate Collection Set: 0.1ms
[2023-10-26T13:04:22.731+0200][107.154s] GC(42)   Merge Heap Roots: 0.0ms
[2023-10-26T13:04:22.731+0200][107.154s] GC(42)   Evacuate Collection Set: 5.2ms
[2023-10-26T13:04:22.731+0200][107.154s] GC(42)   Post Evacuate Collection Set: 0.4ms
[2023-10-26T13:04:22.731+0200][107.154s] GC(42)   Other: 0.1ms
[2023-10-26T13:04:22.731+0200][107.154s] GC(42) Eden regions: 8->0(306)
[2023-10-26T13:04:22.731+0200][107.154s] GC(42) Survivor regions: 17->1(4)
[2023-10-26T13:04:22.731+0200][107.154s] GC(42) Old regions: 70->85
[2023-10-26T13:04:22.731+0200][107.154s] GC(42) Archive regions: 0->0
[2023-10-26T13:04:22.731+0200][107.154s] GC(42) Humongous regions: 4->4
[2023-10-26T13:04:22.731+0200][107.154s] GC(42) Metaspace: 61426K(62016K)->61426K(62016K) NonClass: 54490K(54784K)->54490K(54784K) Class: 6935K(7232K)->6935K(7232K)
[2023-10-26T13:04:22.731+0200][107.154s] GC(42) Pause Young (Mixed) (G1 Evacuation Pause) 97M->88M(512M) 6.307ms
[2023-10-26T13:04:22.731+0200][107.154s] GC(42) User=0.00s Sys=0.00s Real=0.01s
[2023-10-26T13:04:27.349+0200][111.772s] GC(43) Pause Young (Normal) (G1 Evacuation Pause)
[2023-10-26T13:04:27.349+0200][111.772s] GC(43) Using 10 workers of 10 for evacuation
[2023-10-26T13:04:27.351+0200][111.774s] GC(43)   Pre Evacuate Collection Set: 0.1ms
[2023-10-26T13:04:27.351+0200][111.774s] GC(43)   Merge Heap Roots: 0.1ms
[2023-10-26T13:04:27.351+0200][111.774s] GC(43)   Evacuate Collection Set: 0.8ms
[2023-10-26T13:04:27.351+0200][111.774s] GC(43)   Post Evacuate Collection Set: 0.4ms
[2023-10-26T13:04:27.351+0200][111.774s] GC(43)   Other: 0.1ms
[2023-10-26T13:04:27.351+0200][111.774s] GC(43) Eden regions: 306->0(302)
[2023-10-26T13:04:27.351+0200][111.774s] GC(43) Survivor regions: 1->5(39)
[2023-10-26T13:04:27.351+0200][111.774s] GC(43) Old regions: 85->85
[2023-10-26T13:04:27.351+0200][111.774s] GC(43) Archive regions: 0->0
[2023-10-26T13:04:27.351+0200][111.774s] GC(43) Humongous regions: 4->4
[2023-10-26T13:04:27.351+0200][111.774s] GC(43) Metaspace: 61431K(62016K)->61431K(62016K) NonClass: 54495K(54784K)->54495K(54784K) Class: 6935K(7232K)->6935K(7232K)
[2023-10-26T13:04:27.351+0200][111.774s] GC(43) Pause Young (Normal) (G1 Evacuation Pause) 394M->93M(512M) 1.724ms
[2023-10-26T13:04:27.351+0200][111.774s] GC(43) User=0.00s Sys=0.00s Real=0.00s
[2023-10-26T13:04:31.928+0200][116.351s] GC(44) Pause Young (Normal) (G1 Evacuation Pause)
[2023-10-26T13:04:31.928+0200][116.351s] GC(44) Using 10 workers of 10 for evacuation
[2023-10-26T13:04:31.929+0200][116.353s] GC(44)   Pre Evacuate Collection Set: 0.1ms
[2023-10-26T13:04:31.930+0200][116.353s] GC(44)   Merge Heap Roots: 0.1ms
[2023-10-26T13:04:31.930+0200][116.353s] GC(44)   Evacuate Collection Set: 1.3ms
[2023-10-26T13:04:31.930+0200][116.353s] GC(44)   Post Evacuate Collection Set: 0.4ms
[2023-10-26T13:04:31.930+0200][116.353s] GC(44)   Other: 0.1ms
[2023-10-26T13:04:31.930+0200][116.353s] GC(44) Eden regions: 302->0(298)
[2023-10-26T13:04:31.930+0200][116.353s] GC(44) Survivor regions: 5->9(39)
[2023-10-26T13:04:31.930+0200][116.353s] GC(44) Old regions: 85->85
[2023-10-26T13:04:31.930+0200][116.353s] GC(44) Archive regions: 0->0
[2023-10-26T13:04:31.930+0200][116.353s] GC(44) Humongous regions: 4->4
[2023-10-26T13:04:31.930+0200][116.353s] GC(44) Metaspace: 61472K(62080K)->61472K(62080K) NonClass: 54536K(54848K)->54536K(54848K) Class: 6936K(7232K)->6936K(7232K)
[2023-10-26T13:04:31.930+0200][116.353s] GC(44) Pause Young (Normal) (G1 Evacuation Pause) 395M->96M(512M) 2.137ms
[2023-10-26T13:04:31.930+0200][116.353s] GC(44) User=0.00s Sys=0.00s Real=0.00s
[2023-10-26T13:04:36.376+0200][120.799s] GC(45) Pause Young (Normal) (G1 Evacuation Pause)
[2023-10-26T13:04:36.376+0200][120.799s] GC(45) Using 10 workers of 10 for evacuation
[2023-10-26T13:04:36.378+0200][120.802s] GC(45)   Pre Evacuate Collection Set: 0.1ms
[2023-10-26T13:04:36.378+0200][120.802s] GC(45)   Merge Heap Roots: 0.1ms
[2023-10-26T13:04:36.378+0200][120.802s] GC(45)   Evacuate Collection Set: 2.0ms
[2023-10-26T13:04:36.378+0200][120.802s] GC(45)   Post Evacuate Collection Set: 0.6ms
[2023-10-26T13:04:36.378+0200][120.802s] GC(45)   Other: 0.1ms
[2023-10-26T13:04:36.378+0200][120.802s] GC(45) Eden regions: 298->0(294)
[2023-10-26T13:04:36.378+0200][120.802s] GC(45) Survivor regions: 9->13(39)
[2023-10-26T13:04:36.379+0200][120.802s] GC(45) Old regions: 85->85
[2023-10-26T13:04:36.379+0200][120.802s] GC(45) Archive regions: 0->0
[2023-10-26T13:04:36.379+0200][120.802s] GC(45) Humongous regions: 4->4
[2023-10-26T13:04:36.379+0200][120.802s] GC(45) Metaspace: 61480K(62080K)->61480K(62080K) NonClass: 54543K(54848K)->54543K(54848K) Class: 6936K(7232K)->6936K(7232K)
[2023-10-26T13:04:36.379+0200][120.802s] GC(45) Pause Young (Normal) (G1 Evacuation Pause) 394M->101M(512M) 3.009ms
[2023-10-26T13:04:36.379+0200][120.802s] GC(45) User=0.00s Sys=0.00s Real=0.00s
[2023-10-26T13:04:40.788+0200][125.212s] GC(46) Pause Young (Normal) (G1 Evacuation Pause)
[2023-10-26T13:04:40.788+0200][125.212s] GC(46) Using 10 workers of 10 for evacuation
[2023-10-26T13:04:40.792+0200][125.216s] GC(46)   Pre Evacuate Collection Set: 0.1ms
[2023-10-26T13:04:40.792+0200][125.216s] GC(46)   Merge Heap Roots: 0.1ms
[2023-10-26T13:04:40.792+0200][125.216s] GC(46)   Evacuate Collection Set: 2.4ms
[2023-10-26T13:04:40.792+0200][125.216s] GC(46)   Post Evacuate Collection Set: 0.5ms
[2023-10-26T13:04:40.792+0200][125.216s] GC(46)   Other: 0.1ms
[2023-10-26T13:04:40.792+0200][125.216s] GC(46) Eden regions: 294->0(291)
[2023-10-26T13:04:40.792+0200][125.216s] GC(46) Survivor regions: 13->16(39)
[2023-10-26T13:04:40.792+0200][125.216s] GC(46) Old regions: 85->85
[2023-10-26T13:04:40.792+0200][125.216s] GC(46) Archive regions: 0->0
[2023-10-26T13:04:40.792+0200][125.216s] GC(46) Humongous regions: 4->4
[2023-10-26T13:04:40.792+0200][125.216s] GC(46) Metaspace: 61500K(62080K)->61500K(62080K) NonClass: 54563K(54848K)->54563K(54848K) Class: 6936K(7232K)->6936K(7232K)
[2023-10-26T13:04:40.792+0200][125.216s] GC(46) Pause Young (Normal) (G1 Evacuation Pause) 395M->103M(512M) 3.419ms
[2023-10-26T13:04:40.792+0200][125.216s] GC(46) User=0.00s Sys=0.00s Real=0.00s
[2023-10-26T13:04:45.040+0200][129.464s] GC(47) Pause Young (Normal) (G1 Evacuation Pause)
[2023-10-26T13:04:45.040+0200][129.464s] GC(47) Using 10 workers of 10 for evacuation
[2023-10-26T13:04:45.044+0200][129.467s] GC(47)   Pre Evacuate Collection Set: 0.1ms
[2023-10-26T13:04:45.044+0200][129.467s] GC(47)   Merge Heap Roots: 0.2ms
[2023-10-26T13:04:45.044+0200][129.467s] GC(47)   Evacuate Collection Set: 2.9ms
[2023-10-26T13:04:45.044+0200][129.467s] GC(47)   Post Evacuate Collection Set: 0.4ms
[2023-10-26T13:04:45.044+0200][129.467s] GC(47)   Other: 0.1ms
[2023-10-26T13:04:45.044+0200][129.467s] GC(47) Eden regions: 291->0(288)
[2023-10-26T13:04:45.044+0200][129.467s] GC(47) Survivor regions: 16->19(39)
[2023-10-26T13:04:45.044+0200][129.467s] GC(47) Old regions: 85->85
[2023-10-26T13:04:45.044+0200][129.467s] GC(47) Archive regions: 0->0
[2023-10-26T13:04:45.044+0200][129.467s] GC(47) Humongous regions: 4->4
[2023-10-26T13:04:45.044+0200][129.467s] GC(47) Metaspace: 61501K(62080K)->61501K(62080K) NonClass: 54564K(54848K)->54564K(54848K) Class: 6936K(7232K)->6936K(7232K)
[2023-10-26T13:04:45.044+0200][129.467s] GC(47) Pause Young (Normal) (G1 Evacuation Pause) 394M->106M(512M) 3.940ms
[2023-10-26T13:04:45.044+0200][129.467s] GC(47) User=0.00s Sys=0.00s Real=0.00s
[2023-10-26T13:04:49.066+0200][133.489s] GC(48) Pause Young (Normal) (G1 Evacuation Pause)
[2023-10-26T13:04:49.066+0200][133.489s] GC(48) Using 10 workers of 10 for evacuation
[2023-10-26T13:04:49.070+0200][133.493s] GC(48)   Pre Evacuate Collection Set: 0.1ms
[2023-10-26T13:04:49.070+0200][133.493s] GC(48)   Merge Heap Roots: 0.1ms
[2023-10-26T13:04:49.070+0200][133.493s] GC(48)   Evacuate Collection Set: 3.1ms
[2023-10-26T13:04:49.070+0200][133.493s] GC(48)   Post Evacuate Collection Set: 0.5ms
[2023-10-26T13:04:49.070+0200][133.493s] GC(48)   Other: 0.1ms
[2023-10-26T13:04:49.070+0200][133.493s] GC(48) Eden regions: 288->0(285)
[2023-10-26T13:04:49.070+0200][133.493s] GC(48) Survivor regions: 19->22(39)
[2023-10-26T13:04:49.070+0200][133.493s] GC(48) Old regions: 85->85
[2023-10-26T13:04:49.070+0200][133.493s] GC(48) Archive regions: 0->0
[2023-10-26T13:04:49.070+0200][133.493s] GC(48) Humongous regions: 4->4
[2023-10-26T13:04:49.070+0200][133.493s] GC(48) Metaspace: 61513K(62080K)->61513K(62080K) NonClass: 54576K(54848K)->54576K(54848K) Class: 6936K(7232K)->6936K(7232K)
[2023-10-26T13:04:49.070+0200][133.493s] GC(48) Pause Young (Normal) (G1 Evacuation Pause) 394M->109M(512M) 4.227ms
[2023-10-26T13:04:49.070+0200][133.493s] GC(48) User=0.00s Sys=0.00s Real=0.00s
[2023-10-26T13:04:53.256+0200][137.679s] GC(49) Pause Young (Normal) (G1 Evacuation Pause)
[2023-10-26T13:04:53.256+0200][137.679s] GC(49) Using 10 workers of 10 for evacuation
[2023-10-26T13:04:53.260+0200][137.683s] GC(49)   Pre Evacuate Collection Set: 0.1ms
[2023-10-26T13:04:53.260+0200][137.683s] GC(49)   Merge Heap Roots: 0.1ms
[2023-10-26T13:04:53.260+0200][137.683s] GC(49)   Evacuate Collection Set: 3.6ms
[2023-10-26T13:04:53.260+0200][137.683s] GC(49)   Post Evacuate Collection Set: 0.6ms
[2023-10-26T13:04:53.260+0200][137.683s] GC(49)   Other: 0.1ms
[2023-10-26T13:04:53.260+0200][137.683s] GC(49) Eden regions: 285->0(285)
[2023-10-26T13:04:53.260+0200][137.683s] GC(49) Survivor regions: 22->22(39)
[2023-10-26T13:04:53.260+0200][137.683s] GC(49) Old regions: 85->89
[2023-10-26T13:04:53.260+0200][137.683s] GC(49) Archive regions: 0->0
[2023-10-26T13:04:53.260+0200][137.683s] GC(49) Humongous regions: 4->4
[2023-10-26T13:04:53.260+0200][137.683s] GC(49) Metaspace: 61514K(62080K)->61514K(62080K) NonClass: 54577K(54848K)->54577K(54848K) Class: 6936K(7232K)->6936K(7232K)
[2023-10-26T13:04:53.260+0200][137.683s] GC(49) Pause Young (Normal) (G1 Evacuation Pause) 394M->113M(512M) 4.657ms
[2023-10-26T13:04:53.260+0200][137.683s] GC(49) User=0.00s Sys=0.00s Real=0.00s
[2023-10-26T13:04:56.452+0200][140.875s] GC(50) Pause Young (Concurrent Start) (CodeCache GC Threshold)
[2023-10-26T13:04:56.452+0200][140.875s] GC(50) Using 10 workers of 10 for evacuation
[2023-10-26T13:04:56.456+0200][140.879s] GC(50)   Pre Evacuate Collection Set: 0.1ms
[2023-10-26T13:04:56.456+0200][140.879s] GC(50)   Merge Heap Roots: 0.1ms
[2023-10-26T13:04:56.456+0200][140.879s] GC(50)   Evacuate Collection Set: 3.5ms
[2023-10-26T13:04:56.456+0200][140.879s] GC(50)   Post Evacuate Collection Set: 0.4ms
[2023-10-26T13:04:56.456+0200][140.879s] GC(50)   Other: 0.1ms
[2023-10-26T13:04:56.456+0200][140.879s] GC(50) Eden regions: 208->0(286)
[2023-10-26T13:04:56.456+0200][140.879s] GC(50) Survivor regions: 22->21(39)
[2023-10-26T13:04:56.456+0200][140.879s] GC(50) Old regions: 89->92
[2023-10-26T13:04:56.456+0200][140.879s] GC(50) Archive regions: 0->0
[2023-10-26T13:04:56.456+0200][140.879s] GC(50) Humongous regions: 4->4
[2023-10-26T13:04:56.456+0200][140.879s] GC(50) Metaspace: 61521K(62080K)->61521K(62080K) NonClass: 54584K(54848K)->54584K(54848K) Class: 6936K(7232K)->6936K(7232K)
[2023-10-26T13:04:56.456+0200][140.879s] GC(50) Pause Young (Concurrent Start) (CodeCache GC Threshold) 321M->116M(512M) 4.386ms
[2023-10-26T13:04:56.456+0200][140.879s] GC(51) Concurrent Mark Cycle
[2023-10-26T13:04:56.456+0200][140.879s] GC(50) User=0.16s Sys=0.00s Real=0.00s
[2023-10-26T13:04:56.456+0200][140.879s] GC(51) Concurrent Clear Claimed Marks
[2023-10-26T13:04:56.456+0200][140.879s] GC(51) Concurrent Clear Claimed Marks 0.053ms
[2023-10-26T13:04:56.456+0200][140.879s] GC(51) Concurrent Scan Root Regions
[2023-10-26T13:04:56.457+0200][140.880s] GC(51) Concurrent Scan Root Regions 1.092ms
[2023-10-26T13:04:56.457+0200][140.880s] GC(51) Concurrent Mark
[2023-10-26T13:04:56.457+0200][140.880s] GC(51) Concurrent Mark From Roots
[2023-10-26T13:04:56.457+0200][140.880s] GC(51) Using 3 workers of 3 for marking
[2023-10-26T13:04:56.482+0200][140.906s] GC(51) Concurrent Mark From Roots 25.079ms
[2023-10-26T13:04:56.482+0200][140.906s] GC(51) Concurrent Preclean
[2023-10-26T13:04:56.482+0200][140.906s] GC(51) Concurrent Preclean 0.082ms
[2023-10-26T13:04:56.483+0200][140.906s] GC(51) Pause Remark
[2023-10-26T13:04:56.487+0200][140.910s] GC(51) Pause Remark 117M->117M(512M) 4.480ms
[2023-10-26T13:04:56.487+0200][140.910s] GC(51) User=0.00s Sys=0.00s Real=0.00s
[2023-10-26T13:04:56.487+0200][140.910s] GC(51) Concurrent Mark 29.864ms
[2023-10-26T13:04:56.487+0200][140.910s] GC(51) Concurrent Rebuild Remembered Sets
[2023-10-26T13:04:56.496+0200][140.920s] GC(51) Concurrent Rebuild Remembered Sets 9.165ms
[2023-10-26T13:04:56.496+0200][140.920s] GC(51) Pause Cleanup
[2023-10-26T13:04:56.496+0200][140.920s] GC(51) Pause Cleanup 117M->117M(512M) 0.155ms
[2023-10-26T13:04:56.496+0200][140.920s] GC(51) User=0.00s Sys=0.00s Real=0.00s
[2023-10-26T13:04:56.496+0200][140.920s] GC(51) Concurrent Cleanup for Next Mark
[2023-10-26T13:04:56.497+0200][140.921s] GC(51) Concurrent Cleanup for Next Mark 0.660ms
[2023-10-26T13:04:56.497+0200][140.921s] GC(51) Concurrent Mark Cycle 41.341ms
[2023-10-26T13:04:58.526+0200][142.949s] GC(52) Pause Young (Concurrent Start) (CodeCache GC Threshold)
[2023-10-26T13:04:58.526+0200][142.949s] GC(52) Using 10 workers of 10 for evacuation
[2023-10-26T13:04:58.530+0200][142.954s] GC(52)   Pre Evacuate Collection Set: 0.1ms
[2023-10-26T13:04:58.530+0200][142.954s] GC(52)   Merge Heap Roots: 0.1ms
[2023-10-26T13:04:58.530+0200][142.954s] GC(52)   Evacuate Collection Set: 3.7ms
[2023-10-26T13:04:58.530+0200][142.954s] GC(52)   Post Evacuate Collection Set: 0.5ms
[2023-10-26T13:04:58.530+0200][142.954s] GC(52)   Other: 0.1ms
[2023-10-26T13:04:58.530+0200][142.954s] GC(52) Eden regions: 134->0(285)
[2023-10-26T13:04:58.531+0200][142.954s] GC(52) Survivor regions: 21->22(39)
[2023-10-26T13:04:58.531+0200][142.954s] GC(52) Old regions: 92->92
[2023-10-26T13:04:58.531+0200][142.954s] GC(52) Archive regions: 0->0
[2023-10-26T13:04:58.531+0200][142.954s] GC(52) Humongous regions: 4->4
[2023-10-26T13:04:58.531+0200][142.954s] GC(52) Metaspace: 61528K(62144K)->61528K(62144K) NonClass: 54591K(54912K)->54591K(54912K) Class: 6936K(7232K)->6936K(7232K)
[2023-10-26T13:04:58.531+0200][142.954s] GC(52) Pause Young (Concurrent Start) (CodeCache GC Threshold) 249M->117M(512M) 4.634ms
[2023-10-26T13:04:58.531+0200][142.954s] GC(53) Concurrent Mark Cycle
[2023-10-26T13:04:58.531+0200][142.954s] GC(52) User=0.00s Sys=0.00s Real=0.00s
[2023-10-26T13:04:58.531+0200][142.954s] GC(53) Concurrent Clear Claimed Marks
[2023-10-26T13:04:58.531+0200][142.954s] GC(53) Concurrent Clear Claimed Marks 0.183ms
[2023-10-26T13:04:58.531+0200][142.954s] GC(53) Concurrent Scan Root Regions
[2023-10-26T13:04:58.532+0200][142.956s] GC(53) Concurrent Scan Root Regions 1.569ms
[2023-10-26T13:04:58.532+0200][142.956s] GC(53) Concurrent Mark
[2023-10-26T13:04:58.532+0200][142.956s] GC(53) Concurrent Mark From Roots
[2023-10-26T13:04:58.532+0200][142.956s] GC(53) Using 3 workers of 3 for marking
[2023-10-26T13:04:58.560+0200][142.983s] GC(53) Concurrent Mark From Roots 27.011ms
[2023-10-26T13:04:58.560+0200][142.983s] GC(53) Concurrent Preclean
[2023-10-26T13:04:58.560+0200][142.983s] GC(53) Concurrent Preclean 0.081ms
[2023-10-26T13:04:58.560+0200][142.983s] GC(53) Pause Remark
[2023-10-26T13:04:58.564+0200][142.987s] GC(53) Pause Remark 118M->118M(512M) 4.378ms
[2023-10-26T13:04:58.564+0200][142.987s] GC(53) User=0.14s Sys=0.02s Real=0.00s
[2023-10-26T13:04:58.564+0200][142.988s] GC(53) Concurrent Mark 31.783ms
[2023-10-26T13:04:58.564+0200][142.988s] GC(53) Concurrent Rebuild Remembered Sets
[2023-10-26T13:04:58.574+0200][142.997s] GC(53) Concurrent Rebuild Remembered Sets 9.767ms
[2023-10-26T13:04:58.574+0200][142.998s] GC(53) Pause Cleanup
[2023-10-26T13:04:58.574+0200][142.998s] GC(53) Pause Cleanup 118M->118M(512M) 0.168ms
[2023-10-26T13:04:58.574+0200][142.998s] GC(53) User=0.00s Sys=0.00s Real=0.00s
[2023-10-26T13:04:58.574+0200][142.998s] GC(53) Concurrent Cleanup for Next Mark
[2023-10-26T13:04:58.575+0200][142.998s] GC(53) Concurrent Cleanup for Next Mark 0.662ms
[2023-10-26T13:04:58.575+0200][142.998s] GC(53) Concurrent Mark Cycle 44.542ms
[2023-10-26T13:05:02.833+0200][147.256s] GC(54) Pause Young (Prepare Mixed) (G1 Evacuation Pause)
[2023-10-26T13:05:02.833+0200][147.256s] GC(54) Using 10 workers of 10 for evacuation
[2023-10-26T13:05:02.837+0200][147.260s] GC(54)   Pre Evacuate Collection Set: 0.1ms
[2023-10-26T13:05:02.837+0200][147.260s] GC(54)   Merge Heap Roots: 0.1ms
[2023-10-26T13:05:02.837+0200][147.260s] GC(54)   Evacuate Collection Set: 3.2ms
[2023-10-26T13:05:02.837+0200][147.260s] GC(54)   Post Evacuate Collection Set: 0.5ms
[2023-10-26T13:05:02.837+0200][147.260s] GC(54)   Other: 0.1ms
[2023-10-26T13:05:02.837+0200][147.260s] GC(54) Eden regions: 285->0(4)
[2023-10-26T13:05:02.837+0200][147.260s] GC(54) Survivor regions: 22->21(39)
[2023-10-26T13:05:02.837+0200][147.260s] GC(54) Old regions: 92->95
[2023-10-26T13:05:02.837+0200][147.260s] GC(54) Archive regions: 0->0
[2023-10-26T13:05:02.837+0200][147.260s] GC(54) Humongous regions: 4->4
[2023-10-26T13:05:02.837+0200][147.260s] GC(54) Metaspace: 61536K(62144K)->61536K(62144K) NonClass: 54599K(54912K)->54599K(54912K) Class: 6936K(7232K)->6936K(7232K)
[2023-10-26T13:05:02.837+0200][147.260s] GC(54) Pause Young (Prepare Mixed) (G1 Evacuation Pause) 402M->119M(512M) 4.200ms
[2023-10-26T13:05:02.837+0200][147.260s] GC(54) User=0.00s Sys=0.00s Real=0.00s
[2023-10-26T13:05:02.913+0200][147.336s] GC(55) Pause Young (Mixed) (G1 Evacuation Pause)
[2023-10-26T13:05:02.913+0200][147.336s] GC(55) Using 10 workers of 10 for evacuation
[2023-10-26T13:05:02.917+0200][147.340s] GC(55)   Pre Evacuate Collection Set: 0.1ms
[2023-10-26T13:05:02.917+0200][147.340s] GC(55)   Merge Heap Roots: 0.1ms
[2023-10-26T13:05:02.917+0200][147.340s] GC(55)   Evacuate Collection Set: 2.8ms
[2023-10-26T13:05:02.917+0200][147.340s] GC(55)   Post Evacuate Collection Set: 0.5ms
[2023-10-26T13:05:02.917+0200][147.340s] GC(55)   Other: 0.1ms
[2023-10-26T13:05:02.917+0200][147.340s] GC(55) Eden regions: 4->0(305)
[2023-10-26T13:05:02.917+0200][147.340s] GC(55) Survivor regions: 21->2(4)
[2023-10-26T13:05:02.917+0200][147.340s] GC(55) Old regions: 95->115
[2023-10-26T13:05:02.917+0200][147.340s] GC(55) Archive regions: 0->0
[2023-10-26T13:05:02.917+0200][147.340s] GC(55) Humongous regions: 4->4
[2023-10-26T13:05:02.917+0200][147.340s] GC(55) Metaspace: 61536K(62144K)->61536K(62144K) NonClass: 54599K(54912K)->54599K(54912K) Class: 6936K(7232K)->6936K(7232K)
[2023-10-26T13:05:02.917+0200][147.340s] GC(55) Pause Young (Mixed) (G1 Evacuation Pause) 123M->120M(512M) 3.852ms
[2023-10-26T13:05:02.917+0200][147.340s] GC(55) User=0.00s Sys=0.00s Real=0.00s
[2023-10-26T13:05:04.397+0200][148.821s] GC(56) Pause Young (Concurrent Start) (CodeCache GC Threshold)
[2023-10-26T13:05:04.397+0200][148.821s] GC(56) Using 10 workers of 10 for evacuation
[2023-10-26T13:05:04.399+0200][148.822s] GC(56)   Pre Evacuate Collection Set: 0.2ms
[2023-10-26T13:05:04.399+0200][148.822s] GC(56)   Merge Heap Roots: 0.1ms
[2023-10-26T13:05:04.399+0200][148.822s] GC(56)   Evacuate Collection Set: 0.8ms
[2023-10-26T13:05:04.399+0200][148.822s] GC(56)   Post Evacuate Collection Set: 0.4ms
[2023-10-26T13:05:04.399+0200][148.822s] GC(56)   Other: 0.1ms
[2023-10-26T13:05:04.399+0200][148.822s] GC(56) Eden regions: 100->0(304)
[2023-10-26T13:05:04.399+0200][148.822s] GC(56) Survivor regions: 2->3(39)
[2023-10-26T13:05:04.399+0200][148.822s] GC(56) Old regions: 115->115
[2023-10-26T13:05:04.399+0200][148.822s] GC(56) Archive regions: 0->0
[2023-10-26T13:05:04.399+0200][148.822s] GC(56) Humongous regions: 4->4
[2023-10-26T13:05:04.399+0200][148.822s] GC(56) Metaspace: 61536K(62144K)->61536K(62144K) NonClass: 54599K(54912K)->54599K(54912K) Class: 6936K(7232K)->6936K(7232K)
[2023-10-26T13:05:04.399+0200][148.822s] GC(56) Pause Young (Concurrent Start) (CodeCache GC Threshold) 219M->120M(512M) 1.759ms
[2023-10-26T13:05:04.399+0200][148.822s] GC(56) User=0.00s Sys=0.00s Real=0.00s
[2023-10-26T13:05:04.399+0200][148.822s] GC(57) Concurrent Mark Cycle
[2023-10-26T13:05:04.399+0200][148.822s] GC(57) Concurrent Clear Claimed Marks
[2023-10-26T13:05:04.399+0200][148.822s] GC(57) Concurrent Clear Claimed Marks 0.048ms
[2023-10-26T13:05:04.399+0200][148.822s] GC(57) Concurrent Scan Root Regions
[2023-10-26T13:05:04.400+0200][148.823s] GC(57) Concurrent Scan Root Regions 0.560ms
[2023-10-26T13:05:04.400+0200][148.823s] GC(57) Concurrent Mark
[2023-10-26T13:05:04.400+0200][148.823s] GC(57) Concurrent Mark From Roots
[2023-10-26T13:05:04.400+0200][148.823s] GC(57) Using 3 workers of 3 for marking
[2023-10-26T13:05:04.427+0200][148.851s] GC(57) Concurrent Mark From Roots 27.489ms
[2023-10-26T13:05:04.427+0200][148.851s] GC(57) Concurrent Preclean
[2023-10-26T13:05:04.427+0200][148.851s] GC(57) Concurrent Preclean 0.088ms
[2023-10-26T13:05:04.428+0200][148.851s] GC(57) Pause Remark
[2023-10-26T13:05:04.435+0200][148.858s] GC(57) Pause Remark 121M->121M(512M) 6.947ms
[2023-10-26T13:05:04.435+0200][148.858s] GC(57) User=0.00s Sys=0.00s Real=0.01s
[2023-10-26T13:05:04.435+0200][148.858s] GC(57) Concurrent Mark 34.828ms
[2023-10-26T13:05:04.435+0200][148.858s] GC(57) Concurrent Rebuild Remembered Sets
[2023-10-26T13:05:04.445+0200][148.868s] GC(57) Concurrent Rebuild Remembered Sets 9.937ms
[2023-10-26T13:05:04.445+0200][148.868s] GC(57) Pause Cleanup
[2023-10-26T13:05:04.445+0200][148.868s] GC(57) Pause Cleanup 121M->121M(512M) 0.164ms
[2023-10-26T13:05:04.445+0200][148.868s] GC(57) User=0.00s Sys=0.00s Real=0.00s
[2023-10-26T13:05:04.445+0200][148.868s] GC(57) Concurrent Cleanup for Next Mark
[2023-10-26T13:05:04.446+0200][148.869s] GC(57) Concurrent Cleanup for Next Mark 0.665ms
[2023-10-26T13:05:04.446+0200][148.869s] GC(57) Concurrent Mark Cycle 46.661ms
[2023-10-26T13:05:08.981+0200][153.404s] GC(58) Pause Young (Prepare Mixed) (G1 Evacuation Pause)
[2023-10-26T13:05:08.981+0200][153.404s] GC(58) Using 10 workers of 10 for evacuation
[2023-10-26T13:05:08.982+0200][153.406s] GC(58)   Pre Evacuate Collection Set: 0.1ms
[2023-10-26T13:05:08.982+0200][153.406s] GC(58)   Merge Heap Roots: 0.1ms
[2023-10-26T13:05:08.982+0200][153.406s] GC(58)   Evacuate Collection Set: 1.0ms
[2023-10-26T13:05:08.982+0200][153.406s] GC(58)   Post Evacuate Collection Set: 0.5ms
[2023-10-26T13:05:08.983+0200][153.406s] GC(58)   Other: 0.1ms
[2023-10-26T13:05:08.983+0200][153.406s] GC(58) Eden regions: 304->0(19)
[2023-10-26T13:05:08.983+0200][153.406s] GC(58) Survivor regions: 3->6(39)
[2023-10-26T13:05:08.983+0200][153.406s] GC(58) Old regions: 115->115
[2023-10-26T13:05:08.983+0200][153.406s] GC(58) Archive regions: 0->0
[2023-10-26T13:05:08.983+0200][153.406s] GC(58) Humongous regions: 4->4
[2023-10-26T13:05:08.983+0200][153.406s] GC(58) Metaspace: 61562K(62144K)->61562K(62144K) NonClass: 54620K(54912K)->54620K(54912K) Class: 6941K(7232K)->6941K(7232K)
[2023-10-26T13:05:08.983+0200][153.406s] GC(58) Pause Young (Prepare Mixed) (G1 Evacuation Pause) 424M->123M(512M) 2.090ms
[2023-10-26T13:05:08.983+0200][153.406s] GC(58) User=0.00s Sys=0.00s Real=0.00s
[2023-10-26T13:05:09.242+0200][153.666s] GC(59) Pause Young (Mixed) (G1 Evacuation Pause)
[2023-10-26T13:05:09.242+0200][153.666s] GC(59) Using 10 workers of 10 for evacuation
[2023-10-26T13:05:09.245+0200][153.669s] GC(59)   Pre Evacuate Collection Set: 0.0ms
[2023-10-26T13:05:09.245+0200][153.669s] GC(59)   Merge Heap Roots: 0.1ms
[2023-10-26T13:05:09.245+0200][153.669s] GC(59)   Evacuate Collection Set: 1.7ms
[2023-10-26T13:05:09.245+0200][153.669s] GC(59)   Post Evacuate Collection Set: 0.4ms
[2023-10-26T13:05:09.245+0200][153.669s] GC(59)   Other: 0.1ms
[2023-10-26T13:05:09.245+0200][153.669s] GC(59) Eden regions: 19->0(306)
[2023-10-26T13:05:09.245+0200][153.669s] GC(59) Survivor regions: 6->1(4)
[2023-10-26T13:05:09.245+0200][153.669s] GC(59) Old regions: 115->119
[2023-10-26T13:05:09.245+0200][153.669s] GC(59) Archive regions: 0->0
[2023-10-26T13:05:09.245+0200][153.669s] GC(59) Humongous regions: 4->4
[2023-10-26T13:05:09.245+0200][153.669s] GC(59) Metaspace: 61562K(62144K)->61562K(62144K) NonClass: 54620K(54912K)->54620K(54912K) Class: 6941K(7232K)->6941K(7232K)
[2023-10-26T13:05:09.245+0200][153.669s] GC(59) Pause Young (Mixed) (G1 Evacuation Pause) 142M->123M(512M) 2.618ms
[2023-10-26T13:05:09.245+0200][153.669s] GC(59) User=0.00s Sys=0.00s Real=0.00s
[2023-10-26T13:05:13.866+0200][158.290s] GC(60) Pause Young (Normal) (G1 Evacuation Pause)
[2023-10-26T13:05:13.866+0200][158.290s] GC(60) Using 10 workers of 10 for evacuation
[2023-10-26T13:05:13.868+0200][158.291s] GC(60)   Pre Evacuate Collection Set: 0.1ms
[2023-10-26T13:05:13.868+0200][158.291s] GC(60)   Merge Heap Roots: 0.1ms
[2023-10-26T13:05:13.868+0200][158.291s] GC(60)   Evacuate Collection Set: 0.7ms
[2023-10-26T13:05:13.868+0200][158.291s] GC(60)   Post Evacuate Collection Set: 0.5ms
[2023-10-26T13:05:13.868+0200][158.291s] GC(60)   Other: 0.1ms
[2023-10-26T13:05:13.868+0200][158.291s] GC(60) Eden regions: 306->0(302)
[2023-10-26T13:05:13.868+0200][158.291s] GC(60) Survivor regions: 1->5(39)
[2023-10-26T13:05:13.868+0200][158.291s] GC(60) Old regions: 119->119
[2023-10-26T13:05:13.868+0200][158.291s] GC(60) Archive regions: 0->0
[2023-10-26T13:05:13.868+0200][158.291s] GC(60) Humongous regions: 4->4
[2023-10-26T13:05:13.868+0200][158.291s] GC(60) Metaspace: 61581K(62144K)->61581K(62144K) NonClass: 54640K(54912K)->54640K(54912K) Class: 6941K(7232K)->6941K(7232K)
[2023-10-26T13:05:13.868+0200][158.291s] GC(60) Pause Young (Normal) (G1 Evacuation Pause) 429M->127M(512M) 1.682ms
[2023-10-26T13:05:13.868+0200][158.291s] GC(60) User=0.00s Sys=0.00s Real=0.00s
[2023-10-26T13:05:18.329+0200][162.752s] GC(61) Pause Young (Normal) (G1 Evacuation Pause)
[2023-10-26T13:05:18.329+0200][162.752s] GC(61) Using 10 workers of 10 for evacuation
[2023-10-26T13:05:18.331+0200][162.754s] GC(61)   Pre Evacuate Collection Set: 0.1ms
[2023-10-26T13:05:18.331+0200][162.754s] GC(61)   Merge Heap Roots: 0.1ms
[2023-10-26T13:05:18.331+0200][162.754s] GC(61)   Evacuate Collection Set: 1.3ms
[2023-10-26T13:05:18.331+0200][162.754s] GC(61)   Post Evacuate Collection Set: 0.6ms
[2023-10-26T13:05:18.331+0200][162.754s] GC(61)   Other: 0.1ms
[2023-10-26T13:05:18.331+0200][162.754s] GC(61) Eden regions: 302->0(298)
[2023-10-26T13:05:18.331+0200][162.754s] GC(61) Survivor regions: 5->9(39)
[2023-10-26T13:05:18.331+0200][162.754s] GC(61) Old regions: 119->119
[2023-10-26T13:05:18.331+0200][162.754s] GC(61) Archive regions: 0->0
[2023-10-26T13:05:18.331+0200][162.754s] GC(61) Humongous regions: 4->4
[2023-10-26T13:05:18.331+0200][162.754s] GC(61) Metaspace: 61593K(62208K)->61593K(62208K) NonClass: 54649K(54976K)->54649K(54976K) Class: 6944K(7232K)->6944K(7232K)
[2023-10-26T13:05:18.331+0200][162.754s] GC(61) Pause Young (Normal) (G1 Evacuation Pause) 429M->130M(512M) 2.370ms
[2023-10-26T13:05:18.331+0200][162.754s] GC(61) User=0.00s Sys=0.00s Real=0.00s
[2023-10-26T13:06:10.775+0200][215.198s] GC(62) Pause Young (Concurrent Start) (CodeCache GC Threshold)
[2023-10-26T13:06:10.775+0200][215.198s] GC(62) Using 10 workers of 10 for evacuation
[2023-10-26T13:06:10.779+0200][215.202s] GC(62)   Pre Evacuate Collection Set: 0.2ms
[2023-10-26T13:06:10.779+0200][215.202s] GC(62)   Merge Heap Roots: 0.1ms
[2023-10-26T13:06:10.779+0200][215.202s] GC(62)   Evacuate Collection Set: 2.3ms
[2023-10-26T13:06:10.779+0200][215.202s] GC(62)   Post Evacuate Collection Set: 0.7ms
[2023-10-26T13:06:10.779+0200][215.202s] GC(62)   Other: 0.1ms
[2023-10-26T13:06:10.779+0200][215.202s] GC(62) Eden regions: 277->0(297)
[2023-10-26T13:06:10.779+0200][215.202s] GC(62) Survivor regions: 9->10(39)
[2023-10-26T13:06:10.779+0200][215.202s] GC(62) Old regions: 119->119
[2023-10-26T13:06:10.779+0200][215.202s] GC(62) Archive regions: 0->0
[2023-10-26T13:06:10.779+0200][215.202s] GC(62) Humongous regions: 4->4
[2023-10-26T13:06:10.779+0200][215.202s] GC(62) Metaspace: 61692K(62336K)->61692K(62336K) NonClass: 54745K(55104K)->54745K(55104K) Class: 6947K(7232K)->6947K(7232K)
[2023-10-26T13:06:10.779+0200][215.202s] GC(62) Pause Young (Concurrent Start) (CodeCache GC Threshold) 406M->132M(512M) 3.663ms
[2023-10-26T13:06:10.779+0200][215.202s] GC(62) User=0.00s Sys=0.00s Real=0.00s
[2023-10-26T13:06:10.779+0200][215.202s] GC(63) Concurrent Mark Cycle
[2023-10-26T13:06:10.779+0200][215.202s] GC(63) Concurrent Clear Claimed Marks
[2023-10-26T13:06:10.779+0200][215.202s] GC(63) Concurrent Clear Claimed Marks 0.054ms
[2023-10-26T13:06:10.779+0200][215.202s] GC(63) Concurrent Scan Root Regions
[2023-10-26T13:06:10.780+0200][215.203s] GC(63) Concurrent Scan Root Regions 0.982ms
[2023-10-26T13:06:10.780+0200][215.203s] GC(63) Concurrent Mark
[2023-10-26T13:06:10.780+0200][215.203s] GC(63) Concurrent Mark From Roots
[2023-10-26T13:06:10.780+0200][215.203s] GC(63) Using 3 workers of 3 for marking
[2023-10-26T13:06:10.811+0200][215.235s] GC(63) Concurrent Mark From Roots 31.340ms
[2023-10-26T13:06:10.811+0200][215.235s] GC(63) Concurrent Preclean
[2023-10-26T13:06:10.811+0200][215.235s] GC(63) Concurrent Preclean 0.154ms
[2023-10-26T13:06:10.811+0200][215.235s] GC(63) Pause Remark
[2023-10-26T13:06:10.815+0200][215.239s] GC(63) Pause Remark 136M->134M(512M) 3.883ms
[2023-10-26T13:06:10.815+0200][215.239s] GC(63) User=0.16s Sys=0.00s Real=0.00s
[2023-10-26T13:06:10.815+0200][215.239s] GC(63) Concurrent Mark 35.692ms
[2023-10-26T13:06:10.815+0200][215.239s] GC(63) Concurrent Rebuild Remembered Sets
[2023-10-26T13:06:10.831+0200][215.255s] GC(63) Concurrent Rebuild Remembered Sets 15.725ms
[2023-10-26T13:06:10.831+0200][215.255s] GC(63) Pause Cleanup
[2023-10-26T13:06:10.831+0200][215.255s] GC(63) Pause Cleanup 135M->135M(512M) 0.189ms
[2023-10-26T13:06:10.831+0200][215.255s] GC(63) User=0.00s Sys=0.00s Real=0.00s
[2023-10-26T13:06:10.831+0200][215.255s] GC(63) Concurrent Cleanup for Next Mark
[2023-10-26T13:06:10.832+0200][215.256s] GC(63) Concurrent Cleanup for Next Mark 0.881ms
[2023-10-26T13:06:10.832+0200][215.256s] GC(63) Concurrent Mark Cycle 53.969ms
[2023-10-26T13:13:47.964+0200][672.387s] GC(64) Pause Young (Concurrent Start) (CodeCache GC Threshold)
[2023-10-26T13:13:47.964+0200][672.387s] GC(64) Using 10 workers of 10 for evacuation
[2023-10-26T13:13:47.967+0200][672.390s] GC(64)   Pre Evacuate Collection Set: 0.2ms
[2023-10-26T13:13:47.967+0200][672.390s] GC(64)   Merge Heap Roots: 0.1ms
[2023-10-26T13:13:47.967+0200][672.390s] GC(64)   Evacuate Collection Set: 1.3ms
[2023-10-26T13:13:47.967+0200][672.390s] GC(64)   Post Evacuate Collection Set: 0.6ms
[2023-10-26T13:13:47.967+0200][672.390s] GC(64)   Other: 0.1ms
[2023-10-26T13:13:47.967+0200][672.390s] GC(64) Eden regions: 71->0(304)
[2023-10-26T13:13:47.967+0200][672.390s] GC(64) Survivor regions: 10->3(39)
[2023-10-26T13:13:47.967+0200][672.390s] GC(64) Old regions: 117->117
[2023-10-26T13:13:47.967+0200][672.390s] GC(64) Archive regions: 0->0
[2023-10-26T13:13:47.967+0200][672.390s] GC(64) Humongous regions: 4->4
[2023-10-26T13:13:47.967+0200][672.390s] GC(64) Metaspace: 63093K(63744K)->63093K(63744K) NonClass: 56030K(56384K)->56030K(56384K) Class: 7063K(7360K)->7063K(7360K)
[2023-10-26T13:13:47.967+0200][672.390s] GC(64) Pause Young (Concurrent Start) (CodeCache GC Threshold) 200M->123M(512M) 2.678ms
[2023-10-26T13:13:47.967+0200][672.390s] GC(64) User=0.00s Sys=0.00s Real=0.00s
[2023-10-26T13:13:47.967+0200][672.390s] GC(65) Concurrent Mark Cycle
[2023-10-26T13:13:47.967+0200][672.390s] GC(65) Concurrent Clear Claimed Marks
[2023-10-26T13:13:47.967+0200][672.390s] GC(65) Concurrent Clear Claimed Marks 0.041ms
[2023-10-26T13:13:47.967+0200][672.390s] GC(65) Concurrent Scan Root Regions
[2023-10-26T13:13:47.968+0200][672.392s] GC(65) Concurrent Scan Root Regions 1.287ms
[2023-10-26T13:13:47.968+0200][672.392s] GC(65) Concurrent Mark
[2023-10-26T13:13:47.968+0200][672.392s] GC(65) Concurrent Mark From Roots
[2023-10-26T13:13:47.968+0200][672.392s] GC(65) Using 3 workers of 3 for marking
[2023-10-26T13:13:47.994+0200][672.418s] GC(65) Concurrent Mark From Roots 26.597ms
[2023-10-26T13:13:47.994+0200][672.418s] GC(65) Concurrent Preclean
[2023-10-26T13:13:47.995+0200][672.419s] GC(65) Concurrent Preclean 0.870ms
[2023-10-26T13:13:47.995+0200][672.419s] GC(65) Pause Remark
[2023-10-26T13:13:48.008+0200][672.432s] GC(65) Pause Remark 126M->126M(512M) 12.321ms
[2023-10-26T13:13:48.008+0200][672.432s] GC(65) User=0.16s Sys=0.00s Real=0.01s
[2023-10-26T13:13:48.008+0200][672.432s] GC(65) Concurrent Mark 40.183ms
[2023-10-26T13:13:48.008+0200][672.432s] GC(65) Concurrent Rebuild Remembered Sets
[2023-10-26T13:13:48.023+0200][672.446s] GC(65) Concurrent Rebuild Remembered Sets 14.679ms
[2023-10-26T13:13:48.024+0200][672.447s] GC(65) Pause Cleanup
[2023-10-26T13:13:48.024+0200][672.447s] GC(65) Pause Cleanup 127M->127M(512M) 0.158ms
[2023-10-26T13:13:48.024+0200][672.447s] GC(65) User=0.00s Sys=0.00s Real=0.00s
[2023-10-26T13:13:48.024+0200][672.447s] GC(65) Concurrent Cleanup for Next Mark
[2023-10-26T13:13:48.025+0200][672.448s] GC(65) Concurrent Cleanup for Next Mark 0.785ms
[2023-10-26T13:13:48.025+0200][672.448s] GC(65) Concurrent Mark Cycle 57.630ms
[2023-10-26T13:40:12.315+0200][2256.738s] GC(66) Pause Young (Concurrent Start) (CodeCache GC Threshold)
[2023-10-26T13:40:12.315+0200][2256.738s] GC(66) Using 10 workers of 10 for evacuation
[2023-10-26T13:40:12.318+0200][2256.741s] GC(66)   Pre Evacuate Collection Set: 0.1ms
[2023-10-26T13:40:12.318+0200][2256.741s] GC(66)   Merge Heap Roots: 0.1ms
[2023-10-26T13:40:12.318+0200][2256.741s] GC(66)   Evacuate Collection Set: 2.1ms
[2023-10-26T13:40:12.318+0200][2256.741s] GC(66)   Post Evacuate Collection Set: 0.4ms
[2023-10-26T13:40:12.318+0200][2256.741s] GC(66)   Other: 0.1ms
[2023-10-26T13:40:12.318+0200][2256.741s] GC(66) Eden regions: 57->0(303)
[2023-10-26T13:40:12.318+0200][2256.741s] GC(66) Survivor regions: 3->4(39)
[2023-10-26T13:40:12.318+0200][2256.741s] GC(66) Old regions: 117->117
[2023-10-26T13:40:12.318+0200][2256.741s] GC(66) Archive regions: 0->0
[2023-10-26T13:40:12.318+0200][2256.741s] GC(66) Humongous regions: 4->4
[2023-10-26T13:40:12.318+0200][2256.741s] GC(66) Metaspace: 63042K(63808K)->63042K(63808K) NonClass: 56045K(56448K)->56045K(56448K) Class: 6997K(7360K)->6997K(7360K)
[2023-10-26T13:40:12.318+0200][2256.741s] GC(66) Pause Young (Concurrent Start) (CodeCache GC Threshold) 180M->124M(512M) 3.034ms
[2023-10-26T13:40:12.318+0200][2256.741s] GC(66) User=0.00s Sys=0.00s Real=0.00s
[2023-10-26T13:40:12.318+0200][2256.741s] GC(67) Concurrent Mark Cycle
[2023-10-26T13:40:12.318+0200][2256.741s] GC(67) Concurrent Clear Claimed Marks
[2023-10-26T13:40:12.318+0200][2256.741s] GC(67) Concurrent Clear Claimed Marks 0.105ms
[2023-10-26T13:40:12.318+0200][2256.741s] GC(67) Concurrent Scan Root Regions
[2023-10-26T13:40:12.320+0200][2256.743s] GC(67) Concurrent Scan Root Regions 1.208ms
[2023-10-26T13:40:12.320+0200][2256.743s] GC(67) Concurrent Mark
[2023-10-26T13:40:12.320+0200][2256.743s] GC(67) Concurrent Mark From Roots
[2023-10-26T13:40:12.320+0200][2256.743s] GC(67) Using 3 workers of 3 for marking
[2023-10-26T13:40:12.349+0200][2256.772s] GC(67) Concurrent Mark From Roots 29.196ms
[2023-10-26T13:40:12.349+0200][2256.772s] GC(67) Concurrent Preclean
[2023-10-26T13:40:12.349+0200][2256.772s] GC(67) Concurrent Preclean 0.264ms
[2023-10-26T13:40:12.349+0200][2256.772s] GC(67) Pause Remark
[2023-10-26T13:40:12.358+0200][2256.782s] GC(67) Pause Remark 127M->127M(512M) 10.031ms
[2023-10-26T13:40:12.358+0200][2256.782s] GC(67) User=0.00s Sys=0.00s Real=0.01s
[2023-10-26T13:40:12.359+0200][2256.783s] GC(67) Concurrent Mark 39.861ms
[2023-10-26T13:40:12.359+0200][2256.783s] GC(67) Concurrent Rebuild Remembered Sets
[2023-10-26T13:40:12.374+0200][2256.798s] GC(67) Concurrent Rebuild Remembered Sets 15.109ms
[2023-10-26T13:40:12.374+0200][2256.798s] GC(67) Pause Cleanup
[2023-10-26T13:40:12.374+0200][2256.798s] GC(67) Pause Cleanup 129M->129M(512M) 0.173ms
[2023-10-26T13:40:12.374+0200][2256.798s] GC(67) User=0.00s Sys=0.00s Real=0.00s
[2023-10-26T13:40:12.374+0200][2256.798s] GC(67) Concurrent Cleanup for Next Mark
[2023-10-26T13:40:12.376+0200][2256.799s] GC(67) Concurrent Cleanup for Next Mark 1.347ms
[2023-10-26T13:40:12.376+0200][2256.800s] GC(67) Concurrent Mark Cycle 58.256ms
[2023-10-26T13:57:56.272+0200][3320.695s] GC(68) Pause Young (Concurrent Start) (CodeCache GC Threshold)
[2023-10-26T13:57:56.272+0200][3320.695s] GC(68) Using 10 workers of 10 for evacuation
[2023-10-26T13:57:56.277+0200][3320.700s] GC(68)   Pre Evacuate Collection Set: 0.2ms
[2023-10-26T13:57:56.277+0200][3320.700s] GC(68)   Merge Heap Roots: 0.1ms
[2023-10-26T13:57:56.277+0200][3320.700s] GC(68)   Evacuate Collection Set: 3.6ms
[2023-10-26T13:57:56.277+0200][3320.700s] GC(68)   Post Evacuate Collection Set: 0.7ms
[2023-10-26T13:57:56.277+0200][3320.700s] GC(68)   Other: 0.1ms
[2023-10-26T13:57:56.277+0200][3320.700s] GC(68) Eden regions: 105->0(300)
[2023-10-26T13:57:56.277+0200][3320.700s] GC(68) Survivor regions: 4->7(39)
[2023-10-26T13:57:56.277+0200][3320.700s] GC(68) Old regions: 117->117
[2023-10-26T13:57:56.277+0200][3320.700s] GC(68) Archive regions: 0->0
[2023-10-26T13:57:56.277+0200][3320.700s] GC(68) Humongous regions: 4->4
[2023-10-26T13:57:56.277+0200][3320.700s] GC(68) Metaspace: 63162K(63872K)->63162K(63872K) NonClass: 56159K(56512K)->56159K(56512K) Class: 7002K(7360K)->7002K(7360K)
[2023-10-26T13:57:56.277+0200][3320.700s] GC(68) Pause Young (Concurrent Start) (CodeCache GC Threshold) 228M->127M(512M) 5.053ms
[2023-10-26T13:57:56.277+0200][3320.700s] GC(68) User=0.00s Sys=0.00s Real=0.00s
[2023-10-26T13:57:56.277+0200][3320.700s] GC(69) Concurrent Mark Cycle
[2023-10-26T13:57:56.277+0200][3320.700s] GC(69) Concurrent Clear Claimed Marks
[2023-10-26T13:57:56.277+0200][3320.700s] GC(69) Concurrent Clear Claimed Marks 0.046ms
[2023-10-26T13:57:56.277+0200][3320.700s] GC(69) Concurrent Scan Root Regions
[2023-10-26T13:57:56.280+0200][3320.704s] GC(69) Concurrent Scan Root Regions 3.387ms
[2023-10-26T13:57:56.280+0200][3320.704s] GC(69) Concurrent Mark
[2023-10-26T13:57:56.281+0200][3320.704s] GC(69) Concurrent Mark From Roots
[2023-10-26T13:57:56.281+0200][3320.704s] GC(69) Using 3 workers of 3 for marking
[2023-10-26T13:57:56.312+0200][3320.735s] GC(69) Concurrent Mark From Roots 31.532ms
[2023-10-26T13:57:56.312+0200][3320.735s] GC(69) Concurrent Preclean
[2023-10-26T13:57:56.312+0200][3320.735s] GC(69) Concurrent Preclean 0.197ms
[2023-10-26T13:57:56.313+0200][3320.736s] GC(69) Pause Remark
[2023-10-26T13:57:56.318+0200][3320.742s] GC(69) Pause Remark 127M->127M(512M) 5.976ms
[2023-10-26T13:57:56.318+0200][3320.742s] GC(69) User=0.00s Sys=0.00s Real=0.01s
[2023-10-26T13:57:56.318+0200][3320.742s] GC(69) Concurrent Mark 38.088ms
[2023-10-26T13:57:56.318+0200][3320.742s] GC(69) Concurrent Rebuild Remembered Sets
[2023-10-26T13:57:56.328+0200][3320.752s] GC(69) Concurrent Rebuild Remembered Sets 9.962ms
[2023-10-26T13:57:56.329+0200][3320.752s] GC(69) Pause Cleanup
[2023-10-26T13:57:56.329+0200][3320.752s] GC(69) Pause Cleanup 127M->127M(512M) 0.146ms
[2023-10-26T13:57:56.329+0200][3320.752s] GC(69) User=0.00s Sys=0.00s Real=0.00s
[2023-10-26T13:57:56.329+0200][3320.752s] GC(69) Concurrent Cleanup for Next Mark
[2023-10-26T13:57:56.330+0200][3320.753s] GC(69) Concurrent Cleanup for Next Mark 0.970ms
[2023-10-26T13:57:56.330+0200][3320.753s] GC(69) Concurrent Mark Cycle 53.027ms
[2023-10-26T14:07:51.814+0200][3916.238s] GC(70) Pause Young (Concurrent Start) (CodeCache GC Threshold)
[2023-10-26T14:07:51.814+0200][3916.238s] GC(70) Using 10 workers of 10 for evacuation
[2023-10-26T14:07:51.818+0200][3916.241s] GC(70)   Pre Evacuate Collection Set: 0.2ms
[2023-10-26T14:07:51.818+0200][3916.241s] GC(70)   Merge Heap Roots: 0.1ms
[2023-10-26T14:07:51.818+0200][3916.241s] GC(70)   Evacuate Collection Set: 2.7ms
[2023-10-26T14:07:51.818+0200][3916.241s] GC(70)   Post Evacuate Collection Set: 0.4ms
[2023-10-26T14:07:51.818+0200][3916.241s] GC(70)   Other: 0.1ms
[2023-10-26T14:07:51.818+0200][3916.241s] GC(70) Eden regions: 53->0(300)
[2023-10-26T14:07:51.818+0200][3916.241s] GC(70) Survivor regions: 7->7(39)
[2023-10-26T14:07:51.818+0200][3916.242s] GC(70) Old regions: 117->117
[2023-10-26T14:07:51.818+0200][3916.242s] GC(70) Archive regions: 0->0
[2023-10-26T14:07:51.818+0200][3916.242s] GC(70) Humongous regions: 4->4
[2023-10-26T14:07:51.818+0200][3916.242s] GC(70) Metaspace: 63360K(63936K)->63360K(63936K) NonClass: 56328K(56576K)->56328K(56576K) Class: 7032K(7360K)->7032K(7360K)
[2023-10-26T14:07:51.818+0200][3916.242s] GC(70) Pause Young (Concurrent Start) (CodeCache GC Threshold) 180M->127M(512M) 3.751ms
[2023-10-26T14:07:51.818+0200][3916.242s] GC(70) User=0.00s Sys=0.00s Real=0.00s
[2023-10-26T14:07:51.818+0200][3916.242s] GC(71) Concurrent Mark Cycle
[2023-10-26T14:07:51.818+0200][3916.242s] GC(71) Concurrent Clear Claimed Marks
[2023-10-26T14:07:51.818+0200][3916.242s] GC(71) Concurrent Clear Claimed Marks 0.046ms
[2023-10-26T14:07:51.818+0200][3916.242s] GC(71) Concurrent Scan Root Regions
[2023-10-26T14:07:51.820+0200][3916.244s] GC(71) Concurrent Scan Root Regions 2.362ms
[2023-10-26T14:07:51.820+0200][3916.244s] GC(71) Concurrent Mark
[2023-10-26T14:07:51.820+0200][3916.244s] GC(71) Concurrent Mark From Roots
[2023-10-26T14:07:51.820+0200][3916.244s] GC(71) Using 3 workers of 3 for marking
[2023-10-26T14:07:51.848+0200][3916.272s] GC(71) Concurrent Mark From Roots 27.460ms
[2023-10-26T14:07:51.848+0200][3916.272s] GC(71) Concurrent Preclean
[2023-10-26T14:07:51.848+0200][3916.272s] GC(71) Concurrent Preclean 0.255ms
[2023-10-26T14:07:51.848+0200][3916.272s] GC(71) Pause Remark
[2023-10-26T14:07:51.852+0200][3916.276s] GC(71) Pause Remark 130M->130M(512M) 3.856ms
[2023-10-26T14:07:51.852+0200][3916.276s] GC(71) User=0.00s Sys=0.00s Real=0.00s
[2023-10-26T14:07:51.852+0200][3916.276s] GC(71) Concurrent Mark 31.966ms
[2023-10-26T14:07:51.852+0200][3916.276s] GC(71) Concurrent Rebuild Remembered Sets
[2023-10-26T14:07:51.865+0200][3916.289s] GC(71) Concurrent Rebuild Remembered Sets 12.701ms
[2023-10-26T14:07:51.865+0200][3916.289s] GC(71) Pause Cleanup
[2023-10-26T14:07:51.865+0200][3916.289s] GC(71) Pause Cleanup 135M->135M(512M) 0.163ms
[2023-10-26T14:07:51.865+0200][3916.289s] GC(71) User=0.00s Sys=0.00s Real=0.00s
[2023-10-26T14:07:51.865+0200][3916.289s] GC(71) Concurrent Cleanup for Next Mark
[2023-10-26T14:07:51.867+0200][3916.290s] GC(71) Concurrent Cleanup for Next Mark 1.106ms
[2023-10-26T14:07:51.867+0200][3916.290s] GC(71) Concurrent Mark Cycle 48.698ms
[2023-10-26T14:07:51.867+0200][3916.291s] Heap
[2023-10-26T14:07:51.867+0200][3916.291s]  garbage-first heap   total 524288K, used 139586K [0x00000000e0000000, 0x0000000100000000)
[2023-10-26T14:07:51.867+0200][3916.291s]   region size 1024K, 16 young (16384K), 7 survivors (7168K)
[2023-10-26T14:07:51.867+0200][3916.291s]  Metaspace       used 63449K, committed 64000K, reserved 1114112K
[2023-10-26T14:07:51.867+0200][3916.291s]   class space    used 7048K, committed 7360K, reserved 1048576K
