[2023-10-11T17:09:40.392+0200][0.012s] CardTable entry size: 512
[2023-10-11T17:09:40.392+0200][0.012s] Using G1
[2023-10-11T17:09:40.512+0200][0.133s] Version: 19.0.1+10-21 (release)
[2023-10-11T17:09:40.512+0200][0.133s] CPUs: 12 total, 12 available
[2023-10-11T17:09:40.512+0200][0.133s] Memory: 16220M
[2023-10-11T17:09:40.512+0200][0.133s] Large Page Support: Disabled
[2023-10-11T17:09:40.512+0200][0.133s] NUMA Support: Disabled
[2023-10-11T17:09:40.512+0200][0.133s] Compressed Oops: Enabled (32-bit)
[2023-10-11T17:09:40.512+0200][0.133s] Heap Region Size: 1M
[2023-10-11T17:09:40.512+0200][0.133s] Heap Min Capacity: 512M
[2023-10-11T17:09:40.512+0200][0.133s] Heap Initial Capacity: 512M
[2023-10-11T17:09:40.512+0200][0.133s] Heap Max Capacity: 512M
[2023-10-11T17:09:40.513+0200][0.133s] Pre-touch: Enabled
[2023-10-11T17:09:40.513+0200][0.133s] Parallel Workers: 10
[2023-10-11T17:09:40.513+0200][0.133s] Concurrent Workers: 3
[2023-10-11T17:09:40.513+0200][0.133s] Concurrent Refinement Workers: 10
[2023-10-11T17:09:40.513+0200][0.133s] Periodic GC: Disabled
[2023-10-11T17:09:40.514+0200][0.134s] CDS archive(s) mapped at: [0x0000000800000000-0x0000000800c40000-0x0000000800c40000), size 12845056, SharedBaseAddress: 0x0000000800000000, ArchiveRelocationMode: 0.
[2023-10-11T17:09:40.514+0200][0.134s] Compressed class space mapped at: 0x0000000801000000-0x0000000841000000, reserved size: 1073741824
[2023-10-11T17:09:40.514+0200][0.134s] Narrow klass base: 0x0000000800000000, Narrow klass shift: 0, Narrow klass range: 0x100000000
[2023-10-11T17:09:41.364+0200][0.984s] GC(0) Pause Young (Normal) (G1 Evacuation Pause)
[2023-10-11T17:09:41.365+0200][0.985s] GC(0) Using 10 workers of 10 for evacuation
[2023-10-11T17:09:41.368+0200][0.989s] GC(0)   Pre Evacuate Collection Set: 0.1ms
[2023-10-11T17:09:41.368+0200][0.989s] GC(0)   Merge Heap Roots: 0.1ms
[2023-10-11T17:09:41.368+0200][0.989s] GC(0)   Evacuate Collection Set: 2.8ms
[2023-10-11T17:09:41.368+0200][0.989s] GC(0)   Post Evacuate Collection Set: 0.5ms
[2023-10-11T17:09:41.368+0200][0.989s] GC(0)   Other: 0.5ms
[2023-10-11T17:09:41.368+0200][0.989s] GC(0) Eden regions: 29->0(41)
[2023-10-11T17:09:41.368+0200][0.989s] GC(0) Survivor regions: 0->4(4)
[2023-10-11T17:09:41.369+0200][0.989s] GC(0) Old regions: 0->1
[2023-10-11T17:09:41.369+0200][0.989s] GC(0) Archive regions: 0->0
[2023-10-11T17:09:41.369+0200][0.989s] GC(0) Humongous regions: 0->0
[2023-10-11T17:09:41.369+0200][0.989s] GC(0) Metaspace: 8991K(9280K)->8991K(9280K) NonClass: 7983K(8128K)->7983K(8128K) Class: 1008K(1152K)->1008K(1152K)
[2023-10-11T17:09:41.369+0200][0.989s] GC(0) Pause Young (Normal) (G1 Evacuation Pause) 29M->4M(512M) 4.495ms
[2023-10-11T17:09:41.369+0200][0.989s] GC(0) User=0.00s Sys=0.00s Real=0.00s
[2023-10-11T17:09:46.576+0200][6.195s] GC(1) Pause Young (Normal) (G1 Evacuation Pause)
[2023-10-11T17:09:46.576+0200][6.195s] GC(1) Using 10 workers of 10 for evacuation
[2023-10-11T17:09:46.582+0200][6.202s] GC(1)   Pre Evacuate Collection Set: 0.1ms
[2023-10-11T17:09:46.582+0200][6.202s] GC(1)   Merge Heap Roots: 0.1ms
[2023-10-11T17:09:46.582+0200][6.202s] GC(1)   Evacuate Collection Set: 5.8ms
[2023-10-11T17:09:46.582+0200][6.202s] GC(1)   Post Evacuate Collection Set: 0.7ms
[2023-10-11T17:09:46.583+0200][6.202s] GC(1)   Other: 0.1ms
[2023-10-11T17:09:46.583+0200][6.202s] GC(1) Eden regions: 41->0(81)
[2023-10-11T17:09:46.583+0200][6.202s] GC(1) Survivor regions: 4->6(6)
[2023-10-11T17:09:46.583+0200][6.202s] GC(1) Old regions: 1->9
[2023-10-11T17:09:46.583+0200][6.202s] GC(1) Archive regions: 0->0
[2023-10-11T17:09:46.583+0200][6.202s] GC(1) Humongous regions: 4->4
[2023-10-11T17:09:46.583+0200][6.202s] GC(1) Metaspace: 19082K(19456K)->19082K(19456K) NonClass: 16931K(17152K)->16931K(17152K) Class: 2151K(2304K)->2151K(2304K)
[2023-10-11T17:09:46.583+0200][6.202s] GC(1) Pause Young (Normal) (G1 Evacuation Pause) 49M->18M(512M) 6.948ms
[2023-10-11T17:09:46.583+0200][6.202s] GC(1) User=0.16s Sys=0.00s Real=0.01s
[2023-10-11T17:09:47.014+0200][6.634s] GC(2) Pause Young (Normal) (G1 Evacuation Pause)
[2023-10-11T17:09:47.014+0200][6.634s] GC(2) Using 10 workers of 10 for evacuation
[2023-10-11T17:09:47.017+0200][6.637s] GC(2)   Pre Evacuate Collection Set: 0.1ms
[2023-10-11T17:09:47.017+0200][6.637s] GC(2)   Merge Heap Roots: 0.1ms
[2023-10-11T17:09:47.017+0200][6.637s] GC(2)   Evacuate Collection Set: 2.3ms
[2023-10-11T17:09:47.017+0200][6.637s] GC(2)   Post Evacuate Collection Set: 0.4ms
[2023-10-11T17:09:47.017+0200][6.637s] GC(2)   Other: 0.1ms
[2023-10-11T17:09:47.017+0200][6.637s] GC(2) Eden regions: 81->0(302)
[2023-10-11T17:09:47.017+0200][6.637s] GC(2) Survivor regions: 6->5(11)
[2023-10-11T17:09:47.017+0200][6.637s] GC(2) Old regions: 9->15
[2023-10-11T17:09:47.017+0200][6.637s] GC(2) Archive regions: 0->0
[2023-10-11T17:09:47.017+0200][6.637s] GC(2) Humongous regions: 4->4
[2023-10-11T17:09:47.017+0200][6.637s] GC(2) Metaspace: 19355K(19776K)->19355K(19776K) NonClass: 17196K(17408K)->17196K(17408K) Class: 2158K(2368K)->2158K(2368K)
[2023-10-11T17:09:47.017+0200][6.637s] GC(2) Pause Young (Normal) (G1 Evacuation Pause) 99M->23M(512M) 3.211ms
[2023-10-11T17:09:47.017+0200][6.637s] GC(2) User=0.16s Sys=0.00s Real=0.00s
[2023-10-11T17:09:47.145+0200][6.764s] GC(3) Pause Young (Concurrent Start) (Metadata GC Threshold)
[2023-10-11T17:09:47.145+0200][6.764s] GC(3) Using 10 workers of 10 for evacuation
[2023-10-11T17:09:47.146+0200][6.766s] GC(3)   Pre Evacuate Collection Set: 0.1ms
[2023-10-11T17:09:47.146+0200][6.766s] GC(3)   Merge Heap Roots: 0.1ms
[2023-10-11T17:09:47.146+0200][6.766s] GC(3)   Evacuate Collection Set: 1.0ms
[2023-10-11T17:09:47.146+0200][6.766s] GC(3)   Post Evacuate Collection Set: 0.5ms
[2023-10-11T17:09:47.146+0200][6.766s] GC(3)   Other: 0.1ms
[2023-10-11T17:09:47.146+0200][6.766s] GC(3) Eden regions: 15->0(302)
[2023-10-11T17:09:47.146+0200][6.766s] GC(3) Survivor regions: 5->5(39)
[2023-10-11T17:09:47.146+0200][6.766s] GC(3) Old regions: 15->15
[2023-10-11T17:09:47.146+0200][6.766s] GC(3) Archive regions: 0->0
[2023-10-11T17:09:47.146+0200][6.766s] GC(3) Humongous regions: 4->4
[2023-10-11T17:09:47.146+0200][6.766s] GC(3) Metaspace: 21081K(21504K)->21081K(21504K) NonClass: 18746K(18944K)->18746K(18944K) Class: 2334K(2560K)->2334K(2560K)
[2023-10-11T17:09:47.146+0200][6.767s] GC(3) Pause Young (Concurrent Start) (Metadata GC Threshold) 37M->23M(512M) 2.084ms
[2023-10-11T17:09:47.146+0200][6.767s] GC(4) Concurrent Mark Cycle
[2023-10-11T17:09:47.146+0200][6.767s] GC(3) User=0.00s Sys=0.00s Real=0.00s
[2023-10-11T17:09:47.146+0200][6.767s] GC(4) Concurrent Clear Claimed Marks
[2023-10-11T17:09:47.146+0200][6.767s] GC(4) Concurrent Clear Claimed Marks 0.037ms
[2023-10-11T17:09:47.146+0200][6.767s] GC(4) Concurrent Scan Root Regions
[2023-10-11T17:09:47.147+0200][6.767s] GC(4) Concurrent Scan Root Regions 0.682ms
[2023-10-11T17:09:47.147+0200][6.767s] GC(4) Concurrent Mark
[2023-10-11T17:09:47.147+0200][6.767s] GC(4) Concurrent Mark From Roots
[2023-10-11T17:09:47.147+0200][6.767s] GC(4) Using 3 workers of 3 for marking
[2023-10-11T17:09:47.157+0200][6.778s] GC(4) Concurrent Mark From Roots 10.211ms
[2023-10-11T17:09:47.157+0200][6.778s] GC(4) Concurrent Preclean
[2023-10-11T17:09:47.157+0200][6.778s] GC(4) Concurrent Preclean 0.038ms
[2023-10-11T17:09:47.158+0200][6.778s] GC(4) Pause Remark
[2023-10-11T17:09:47.160+0200][6.780s] GC(4) Pause Remark 24M->24M(512M) 2.100ms
[2023-10-11T17:09:47.160+0200][6.780s] GC(4) User=0.00s Sys=0.00s Real=0.00s
[2023-10-11T17:09:47.160+0200][6.780s] GC(4) Concurrent Mark 12.582ms
[2023-10-11T17:09:47.160+0200][6.780s] GC(4) Concurrent Rebuild Remembered Sets
[2023-10-11T17:09:47.163+0200][6.783s] GC(4) Concurrent Rebuild Remembered Sets 3.362ms
[2023-10-11T17:09:47.163+0200][6.783s] GC(4) Pause Cleanup
[2023-10-11T17:09:47.164+0200][6.784s] GC(4) Pause Cleanup 24M->24M(512M) 0.103ms
[2023-10-11T17:09:47.164+0200][6.784s] GC(4) User=0.00s Sys=0.00s Real=0.00s
[2023-10-11T17:09:47.164+0200][6.784s] GC(4) Concurrent Cleanup for Next Mark
[2023-10-11T17:09:47.164+0200][6.784s] GC(4) Concurrent Cleanup for Next Mark 0.693ms
[2023-10-11T17:09:47.164+0200][6.784s] GC(4) Concurrent Mark Cycle 17.798ms
[2023-10-11T17:09:47.171+0200][6.790s] GC(5) Pause Young (Concurrent Start) (CodeCache GC Threshold)
[2023-10-11T17:09:47.171+0200][6.790s] GC(5) Using 10 workers of 10 for evacuation
[2023-10-11T17:09:47.172+0200][6.792s] GC(5)   Pre Evacuate Collection Set: 0.1ms
[2023-10-11T17:09:47.172+0200][6.792s] GC(5)   Merge Heap Roots: 0.1ms
[2023-10-11T17:09:47.172+0200][6.792s] GC(5)   Evacuate Collection Set: 0.9ms
[2023-10-11T17:09:47.172+0200][6.792s] GC(5)   Post Evacuate Collection Set: 0.3ms
[2023-10-11T17:09:47.172+0200][6.792s] GC(5)   Other: 0.0ms
[2023-10-11T17:09:47.172+0200][6.792s] GC(5) Eden regions: 2->0(302)
[2023-10-11T17:09:47.172+0200][6.792s] GC(5) Survivor regions: 5->5(39)
[2023-10-11T17:09:47.172+0200][6.792s] GC(5) Old regions: 15->15
[2023-10-11T17:09:47.172+0200][6.792s] GC(5) Archive regions: 0->0
[2023-10-11T17:09:47.172+0200][6.792s] GC(5) Humongous regions: 4->4
[2023-10-11T17:09:47.172+0200][6.792s] GC(5) Metaspace: 21283K(21696K)->21283K(21696K) NonClass: 18915K(19136K)->18915K(19136K) Class: 2368K(2560K)->2368K(2560K)
[2023-10-11T17:09:47.172+0200][6.792s] GC(5) Pause Young (Concurrent Start) (CodeCache GC Threshold) 25M->23M(512M) 1.524ms
[2023-10-11T17:09:47.172+0200][6.792s] GC(6) Concurrent Mark Cycle
[2023-10-11T17:09:47.172+0200][6.792s] GC(5) User=0.03s Sys=0.00s Real=0.00s
[2023-10-11T17:09:47.172+0200][6.792s] GC(6) Concurrent Clear Claimed Marks
[2023-10-11T17:09:47.172+0200][6.792s] GC(6) Concurrent Clear Claimed Marks 0.051ms
[2023-10-11T17:09:47.172+0200][6.792s] GC(6) Concurrent Scan Root Regions
[2023-10-11T17:09:47.172+0200][6.792s] GC(6) Concurrent Scan Root Regions 0.389ms
[2023-10-11T17:09:47.172+0200][6.792s] GC(6) Concurrent Mark
[2023-10-11T17:09:47.172+0200][6.792s] GC(6) Concurrent Mark From Roots
[2023-10-11T17:09:47.172+0200][6.792s] GC(6) Using 3 workers of 3 for marking
[2023-10-11T17:09:47.181+0200][6.801s] GC(6) Concurrent Mark From Roots 8.339ms
[2023-10-11T17:09:47.181+0200][6.801s] GC(6) Concurrent Preclean
[2023-10-11T17:09:47.181+0200][6.801s] GC(6) Concurrent Preclean 0.042ms
[2023-10-11T17:09:47.181+0200][6.801s] GC(6) Pause Remark
[2023-10-11T17:09:47.182+0200][6.802s] GC(6) Pause Remark 25M->25M(512M) 1.095ms
[2023-10-11T17:09:47.182+0200][6.802s] GC(6) User=0.00s Sys=0.00s Real=0.00s
[2023-10-11T17:09:47.182+0200][6.802s] GC(6) Concurrent Mark 9.775ms
[2023-10-11T17:09:47.182+0200][6.802s] GC(6) Concurrent Rebuild Remembered Sets
[2023-10-11T17:09:47.186+0200][6.807s] GC(6) Concurrent Rebuild Remembered Sets 4.461ms
[2023-10-11T17:09:47.186+0200][6.807s] GC(6) Pause Cleanup
[2023-10-11T17:09:47.187+0200][6.807s] GC(6) Pause Cleanup 25M->25M(512M) 0.110ms
[2023-10-11T17:09:47.187+0200][6.807s] GC(6) User=0.03s Sys=0.00s Real=0.00s
[2023-10-11T17:09:47.187+0200][6.807s] GC(6) Concurrent Cleanup for Next Mark
[2023-10-11T17:09:47.187+0200][6.808s] GC(6) Concurrent Cleanup for Next Mark 0.780ms
[2023-10-11T17:09:47.187+0200][6.808s] GC(6) Concurrent Mark Cycle 16.001ms
[2023-10-11T17:09:48.359+0200][7.979s] GC(7) Pause Young (Concurrent Start) (Metadata GC Threshold)
[2023-10-11T17:09:48.359+0200][7.979s] GC(7) Using 10 workers of 10 for evacuation
[2023-10-11T17:09:48.364+0200][7.983s] GC(7)   Pre Evacuate Collection Set: 0.1ms
[2023-10-11T17:09:48.364+0200][7.983s] GC(7)   Merge Heap Roots: 0.0ms
[2023-10-11T17:09:48.364+0200][7.983s] GC(7)   Evacuate Collection Set: 3.4ms
[2023-10-11T17:09:48.364+0200][7.983s] GC(7)   Post Evacuate Collection Set: 0.5ms
[2023-10-11T17:09:48.364+0200][7.983s] GC(7)   Other: 0.1ms
[2023-10-11T17:09:48.364+0200][7.983s] GC(7) Eden regions: 95->0(296)
[2023-10-11T17:09:48.364+0200][7.983s] GC(7) Survivor regions: 5->11(39)
[2023-10-11T17:09:48.364+0200][7.983s] GC(7) Old regions: 15->15
[2023-10-11T17:09:48.364+0200][7.983s] GC(7) Archive regions: 0->0
[2023-10-11T17:09:48.364+0200][7.983s] GC(7) Humongous regions: 5->4
[2023-10-11T17:09:48.364+0200][7.983s] GC(7) Metaspace: 35603K(36096K)->35603K(36096K) NonClass: 31551K(31808K)->31551K(31808K) Class: 4052K(4288K)->4052K(4288K)
[2023-10-11T17:09:48.364+0200][7.984s] GC(7) Pause Young (Concurrent Start) (Metadata GC Threshold) 119M->29M(512M) 4.367ms
[2023-10-11T17:09:48.364+0200][7.984s] GC(8) Concurrent Mark Cycle
[2023-10-11T17:09:48.364+0200][7.984s] GC(7) User=0.00s Sys=0.00s Real=0.01s
[2023-10-11T17:09:48.364+0200][7.984s] GC(8) Concurrent Clear Claimed Marks
[2023-10-11T17:09:48.364+0200][7.984s] GC(8) Concurrent Clear Claimed Marks 0.049ms
[2023-10-11T17:09:48.364+0200][7.984s] GC(8) Concurrent Scan Root Regions
[2023-10-11T17:09:48.366+0200][7.986s] GC(8) Concurrent Scan Root Regions 1.956ms
[2023-10-11T17:09:48.366+0200][7.986s] GC(8) Concurrent Mark
[2023-10-11T17:09:48.366+0200][7.986s] GC(8) Concurrent Mark From Roots
[2023-10-11T17:09:48.366+0200][7.986s] GC(8) Using 3 workers of 3 for marking
[2023-10-11T17:09:48.376+0200][7.996s] GC(8) Concurrent Mark From Roots 9.982ms
[2023-10-11T17:09:48.376+0200][7.996s] GC(8) Concurrent Preclean
[2023-10-11T17:09:48.376+0200][7.996s] GC(8) Concurrent Preclean 0.038ms
[2023-10-11T17:09:48.376+0200][7.996s] GC(8) Pause Remark
[2023-10-11T17:09:48.377+0200][7.997s] GC(8) Pause Remark 30M->30M(512M) 1.233ms
[2023-10-11T17:09:48.377+0200][7.997s] GC(8) User=0.00s Sys=0.00s Real=0.00s
[2023-10-11T17:09:48.377+0200][7.997s] GC(8) Concurrent Mark 11.520ms
[2023-10-11T17:09:48.377+0200][7.997s] GC(8) Concurrent Rebuild Remembered Sets
[2023-10-11T17:09:48.381+0200][8.001s] GC(8) Concurrent Rebuild Remembered Sets 3.558ms
[2023-10-11T17:09:48.381+0200][8.001s] GC(8) Pause Cleanup
[2023-10-11T17:09:48.381+0200][8.001s] GC(8) Pause Cleanup 30M->30M(512M) 0.087ms
[2023-10-11T17:09:48.381+0200][8.001s] GC(8) User=0.00s Sys=0.00s Real=0.00s
[2023-10-11T17:09:48.381+0200][8.001s] GC(8) Concurrent Cleanup for Next Mark
[2023-10-11T17:09:48.382+0200][8.002s] GC(8) Concurrent Cleanup for Next Mark 0.583ms
[2023-10-11T17:09:48.382+0200][8.002s] GC(8) Concurrent Mark Cycle 18.054ms
[2023-10-11T17:10:07.245+0200][26.865s] GC(9) Pause Young (Concurrent Start) (CodeCache GC Threshold)
[2023-10-11T17:10:07.245+0200][26.865s] GC(9) Using 10 workers of 10 for evacuation
[2023-10-11T17:10:07.250+0200][26.870s] GC(9)   Pre Evacuate Collection Set: 0.1ms
[2023-10-11T17:10:07.250+0200][26.870s] GC(9)   Merge Heap Roots: 0.0ms
[2023-10-11T17:10:07.250+0200][26.870s] GC(9)   Evacuate Collection Set: 4.4ms
[2023-10-11T17:10:07.250+0200][26.870s] GC(9)   Post Evacuate Collection Set: 0.4ms
[2023-10-11T17:10:07.250+0200][26.870s] GC(9)   Other: 0.0ms
[2023-10-11T17:10:07.250+0200][26.870s] GC(9) Eden regions: 65->0(293)
[2023-10-11T17:10:07.250+0200][26.870s] GC(9) Survivor regions: 11->14(39)
[2023-10-11T17:10:07.250+0200][26.870s] GC(9) Old regions: 15->15
[2023-10-11T17:10:07.250+0200][26.870s] GC(9) Archive regions: 0->0
[2023-10-11T17:10:07.250+0200][26.870s] GC(9) Humongous regions: 4->4
[2023-10-11T17:10:07.250+0200][26.870s] GC(9) Metaspace: 43400K(43904K)->43400K(43904K) NonClass: 38328K(38592K)->38328K(38592K) Class: 5072K(5312K)->5072K(5312K)
[2023-10-11T17:10:07.250+0200][26.870s] GC(9) Pause Young (Concurrent Start) (CodeCache GC Threshold) 93M->32M(512M) 5.261ms
[2023-10-11T17:10:07.250+0200][26.870s] GC(10) Concurrent Mark Cycle
[2023-10-11T17:10:07.250+0200][26.870s] GC(9) User=0.06s Sys=0.00s Real=0.01s
[2023-10-11T17:10:07.250+0200][26.870s] GC(10) Concurrent Clear Claimed Marks
[2023-10-11T17:10:07.250+0200][26.870s] GC(10) Concurrent Clear Claimed Marks 0.074ms
[2023-10-11T17:10:07.250+0200][26.870s] GC(10) Concurrent Scan Root Regions
[2023-10-11T17:10:07.254+0200][26.874s] GC(10) Concurrent Scan Root Regions 3.399ms
[2023-10-11T17:10:07.254+0200][26.874s] GC(10) Concurrent Mark
[2023-10-11T17:10:07.254+0200][26.874s] GC(10) Concurrent Mark From Roots
[2023-10-11T17:10:07.254+0200][26.874s] GC(10) Using 3 workers of 3 for marking
[2023-10-11T17:10:07.265+0200][26.885s] GC(10) Concurrent Mark From Roots 11.509ms
[2023-10-11T17:10:07.265+0200][26.885s] GC(10) Concurrent Preclean
[2023-10-11T17:10:07.265+0200][26.885s] GC(10) Concurrent Preclean 0.046ms
[2023-10-11T17:10:07.266+0200][26.885s] GC(10) Pause Remark
[2023-10-11T17:10:07.267+0200][26.887s] GC(10) Pause Remark 34M->34M(512M) 1.391ms
[2023-10-11T17:10:07.267+0200][26.887s] GC(10) User=0.00s Sys=0.00s Real=0.00s
[2023-10-11T17:10:07.267+0200][26.887s] GC(10) Concurrent Mark 13.332ms
[2023-10-11T17:10:07.267+0200][26.887s] GC(10) Concurrent Rebuild Remembered Sets
[2023-10-11T17:10:07.273+0200][26.893s] GC(10) Concurrent Rebuild Remembered Sets 5.584ms
[2023-10-11T17:10:07.273+0200][26.893s] GC(10) Pause Cleanup
[2023-10-11T17:10:07.273+0200][26.893s] GC(10) Pause Cleanup 36M->36M(512M) 0.103ms
[2023-10-11T17:10:07.273+0200][26.893s] GC(10) User=0.00s Sys=0.00s Real=0.00s
[2023-10-11T17:10:07.273+0200][26.893s] GC(10) Concurrent Cleanup for Next Mark
[2023-10-11T17:10:07.274+0200][26.894s] GC(10) Concurrent Cleanup for Next Mark 0.886ms
[2023-10-11T17:10:07.274+0200][26.894s] GC(10) Concurrent Mark Cycle 23.760ms
[2023-10-11T17:10:07.574+0200][27.194s] GC(11) Pause Young (Concurrent Start) (CodeCache GC Threshold)
[2023-10-11T17:10:07.574+0200][27.194s] GC(11) Using 10 workers of 10 for evacuation
[2023-10-11T17:10:07.582+0200][27.203s] GC(11)   Pre Evacuate Collection Set: 0.1ms
[2023-10-11T17:10:07.583+0200][27.203s] GC(11)   Merge Heap Roots: 0.0ms
[2023-10-11T17:10:07.583+0200][27.203s] GC(11)   Evacuate Collection Set: 7.8ms
[2023-10-11T17:10:07.583+0200][27.203s] GC(11)   Post Evacuate Collection Set: 0.8ms
[2023-10-11T17:10:07.583+0200][27.203s] GC(11)   Other: 0.1ms
[2023-10-11T17:10:07.583+0200][27.203s] GC(11) Eden regions: 38->0(288)
[2023-10-11T17:10:07.583+0200][27.203s] GC(11) Survivor regions: 14->19(39)
[2023-10-11T17:10:07.583+0200][27.203s] GC(11) Old regions: 15->15
[2023-10-11T17:10:07.583+0200][27.203s] GC(11) Archive regions: 0->0
[2023-10-11T17:10:07.583+0200][27.203s] GC(11) Humongous regions: 4->4
[2023-10-11T17:10:07.583+0200][27.203s] GC(11) Metaspace: 47448K(48000K)->47448K(48000K) NonClass: 41840K(42112K)->41840K(42112K) Class: 5607K(5888K)->5607K(5888K)
[2023-10-11T17:10:07.583+0200][27.203s] GC(11) Pause Young (Concurrent Start) (CodeCache GC Threshold) 70M->37M(512M) 8.947ms
[2023-10-11T17:10:07.583+0200][27.203s] GC(12) Concurrent Mark Cycle
[2023-10-11T17:10:07.583+0200][27.203s] GC(11) User=0.17s Sys=0.02s Real=0.01s
[2023-10-11T17:10:07.583+0200][27.203s] GC(12) Concurrent Clear Claimed Marks
[2023-10-11T17:10:07.583+0200][27.203s] GC(12) Concurrent Clear Claimed Marks 0.073ms
[2023-10-11T17:10:07.583+0200][27.203s] GC(12) Concurrent Scan Root Regions
[2023-10-11T17:10:07.588+0200][27.208s] GC(12) Concurrent Scan Root Regions 4.848ms
[2023-10-11T17:10:07.588+0200][27.208s] GC(12) Concurrent Mark
[2023-10-11T17:10:07.588+0200][27.208s] GC(12) Concurrent Mark From Roots
[2023-10-11T17:10:07.588+0200][27.208s] GC(12) Using 3 workers of 3 for marking
[2023-10-11T17:10:07.598+0200][27.218s] GC(12) Concurrent Mark From Roots 9.994ms
[2023-10-11T17:10:07.598+0200][27.218s] GC(12) Concurrent Preclean
[2023-10-11T17:10:07.598+0200][27.218s] GC(12) Concurrent Preclean 0.074ms
[2023-10-11T17:10:07.598+0200][27.218s] GC(12) Pause Remark
[2023-10-11T17:10:07.599+0200][27.219s] GC(12) Pause Remark 40M->40M(512M) 1.241ms
[2023-10-11T17:10:07.599+0200][27.219s] GC(12) User=0.00s Sys=0.00s Real=0.00s
[2023-10-11T17:10:07.599+0200][27.219s] GC(12) Concurrent Mark 11.546ms
[2023-10-11T17:10:07.599+0200][27.219s] GC(12) Concurrent Rebuild Remembered Sets
[2023-10-11T17:10:07.605+0200][27.225s] GC(12) Concurrent Rebuild Remembered Sets 5.633ms
[2023-10-11T17:10:07.605+0200][27.225s] GC(12) Pause Cleanup
[2023-10-11T17:10:07.605+0200][27.225s] GC(12) Pause Cleanup 40M->40M(512M) 0.073ms
[2023-10-11T17:10:07.605+0200][27.225s] GC(12) User=0.00s Sys=0.00s Real=0.00s
[2023-10-11T17:10:07.605+0200][27.225s] GC(12) Concurrent Cleanup for Next Mark
[2023-10-11T17:10:07.606+0200][27.226s] GC(12) Concurrent Cleanup for Next Mark 0.874ms
[2023-10-11T17:10:07.606+0200][27.226s] GC(12) Concurrent Mark Cycle 23.359ms
[2023-10-11T17:24:50.351+0200][909.971s] GC(13) Pause Young (Concurrent Start) (CodeCache GC Threshold)
[2023-10-11T17:24:50.351+0200][909.971s] GC(13) Using 10 workers of 10 for evacuation
[2023-10-11T17:24:50.362+0200][909.982s] GC(13)   Pre Evacuate Collection Set: 0.2ms
[2023-10-11T17:24:50.362+0200][909.982s] GC(13)   Merge Heap Roots: 0.1ms
[2023-10-11T17:24:50.362+0200][909.982s] GC(13)   Evacuate Collection Set: 9.2ms
[2023-10-11T17:24:50.362+0200][909.982s] GC(13)   Post Evacuate Collection Set: 1.3ms
[2023-10-11T17:24:50.362+0200][909.982s] GC(13)   Other: 0.2ms
[2023-10-11T17:24:50.362+0200][909.982s] GC(13) Eden regions: 146->0(269)
[2023-10-11T17:24:50.362+0200][909.982s] GC(13) Survivor regions: 19->27(39)
[2023-10-11T17:24:50.362+0200][909.982s] GC(13) Old regions: 15->15
[2023-10-11T17:24:50.362+0200][909.982s] GC(13) Archive regions: 0->0
[2023-10-11T17:24:50.362+0200][909.982s] GC(13) Humongous regions: 4->4
[2023-10-11T17:24:50.362+0200][909.982s] GC(13) Metaspace: 56824K(57408K)->56824K(57408K) NonClass: 50010K(50304K)->50010K(50304K) Class: 6813K(7104K)->6813K(7104K)
[2023-10-11T17:24:50.362+0200][909.982s] GC(13) Pause Young (Concurrent Start) (CodeCache GC Threshold) 183M->45M(512M) 11.107ms
[2023-10-11T17:24:50.362+0200][909.982s] GC(13) User=0.16s Sys=0.00s Real=0.01s
[2023-10-11T17:24:50.362+0200][909.982s] GC(14) Concurrent Mark Cycle
[2023-10-11T17:24:50.362+0200][909.982s] GC(14) Concurrent Clear Claimed Marks
[2023-10-11T17:24:50.362+0200][909.982s] GC(14) Concurrent Clear Claimed Marks 0.038ms
[2023-10-11T17:24:50.362+0200][909.982s] GC(14) Concurrent Scan Root Regions
[2023-10-11T17:24:50.367+0200][909.987s] GC(14) Concurrent Scan Root Regions 4.807ms
[2023-10-11T17:24:50.367+0200][909.987s] GC(14) Concurrent Mark
[2023-10-11T17:24:50.367+0200][909.987s] GC(14) Concurrent Mark From Roots
[2023-10-11T17:24:50.367+0200][909.987s] GC(14) Using 3 workers of 3 for marking
[2023-10-11T17:24:50.375+0200][909.996s] GC(14) Concurrent Mark From Roots 8.621ms
[2023-10-11T17:24:50.376+0200][909.996s] GC(14) Concurrent Preclean
[2023-10-11T17:24:50.376+0200][909.996s] GC(14) Concurrent Preclean 0.213ms
[2023-10-11T17:24:50.377+0200][909.996s] GC(14) Pause Remark
[2023-10-11T17:24:50.385+0200][910.005s] GC(14) Pause Remark 46M->46M(512M) 8.384ms
[2023-10-11T17:24:50.385+0200][910.005s] GC(14) User=0.00s Sys=0.00s Real=0.01s
[2023-10-11T17:24:50.385+0200][910.005s] GC(14) Concurrent Mark 17.567ms
[2023-10-11T17:24:50.385+0200][910.005s] GC(14) Concurrent Rebuild Remembered Sets
[2023-10-11T17:24:50.389+0200][910.009s] GC(14) Concurrent Rebuild Remembered Sets 4.413ms
[2023-10-11T17:24:50.390+0200][910.010s] GC(14) Pause Cleanup
[2023-10-11T17:24:50.390+0200][910.010s] GC(14) Pause Cleanup 46M->46M(512M) 0.146ms
[2023-10-11T17:24:50.390+0200][910.010s] GC(14) User=0.00s Sys=0.00s Real=0.00s
[2023-10-11T17:24:50.390+0200][910.010s] GC(14) Concurrent Cleanup for Next Mark
[2023-10-11T17:24:50.391+0200][910.011s] GC(14) Concurrent Cleanup for Next Mark 0.793ms
[2023-10-11T17:24:50.391+0200][910.011s] GC(14) Concurrent Mark Cycle 28.519ms
[2023-10-11T17:24:55.232+0200][914.851s] GC(15) Pause Young (Prepare Mixed) (G1 Evacuation Pause)
[2023-10-11T17:24:55.232+0200][914.851s] GC(15) Using 10 workers of 10 for evacuation
[2023-10-11T17:24:55.240+0200][914.860s] GC(15)   Pre Evacuate Collection Set: 0.1ms
[2023-10-11T17:24:55.240+0200][914.861s] GC(15)   Merge Heap Roots: 0.1ms
[2023-10-11T17:24:55.240+0200][914.861s] GC(15)   Evacuate Collection Set: 7.6ms
[2023-10-11T17:24:55.240+0200][914.861s] GC(15)   Post Evacuate Collection Set: 1.4ms
[2023-10-11T17:24:55.240+0200][914.861s] GC(15)   Other: 0.1ms
[2023-10-11T17:24:55.240+0200][914.861s] GC(15) Eden regions: 269->0(5)
[2023-10-11T17:24:55.240+0200][914.861s] GC(15) Survivor regions: 27->20(37)
[2023-10-11T17:24:55.240+0200][914.861s] GC(15) Old regions: 15->25
[2023-10-11T17:24:55.240+0200][914.861s] GC(15) Archive regions: 0->0
[2023-10-11T17:24:55.240+0200][914.861s] GC(15) Humongous regions: 4->4
[2023-10-11T17:24:55.240+0200][914.861s] GC(15) Metaspace: 58362K(58880K)->58362K(58880K) NonClass: 51502K(51776K)->51502K(51776K) Class: 6860K(7104K)->6860K(7104K)
[2023-10-11T17:24:55.240+0200][914.861s] GC(15) Pause Young (Prepare Mixed) (G1 Evacuation Pause) 314M->48M(512M) 9.544ms
[2023-10-11T17:24:55.240+0200][914.861s] GC(15) User=0.16s Sys=0.00s Real=0.01s
[2023-10-11T17:24:55.284+0200][914.903s] GC(16) Pause Young (Mixed) (G1 Evacuation Pause)
[2023-10-11T17:24:55.284+0200][914.904s] GC(16) Using 10 workers of 10 for evacuation
[2023-10-11T17:24:55.291+0200][914.911s] GC(16)   Pre Evacuate Collection Set: 0.1ms
[2023-10-11T17:24:55.291+0200][914.911s] GC(16)   Merge Heap Roots: 0.1ms
[2023-10-11T17:24:55.291+0200][914.911s] GC(16)   Evacuate Collection Set: 6.1ms
[2023-10-11T17:24:55.291+0200][914.911s] GC(16)   Post Evacuate Collection Set: 0.8ms
[2023-10-11T17:24:55.291+0200][914.911s] GC(16)   Other: 0.1ms
[2023-10-11T17:24:55.291+0200][914.911s] GC(16) Eden regions: 5->0(303)
[2023-10-11T17:24:55.291+0200][914.911s] GC(16) Survivor regions: 20->4(4)
[2023-10-11T17:24:55.291+0200][914.911s] GC(16) Old regions: 25->44
[2023-10-11T17:24:55.291+0200][914.911s] GC(16) Archive regions: 0->0
[2023-10-11T17:24:55.291+0200][914.911s] GC(16) Humongous regions: 4->4
[2023-10-11T17:24:55.291+0200][914.911s] GC(16) Metaspace: 58371K(58944K)->58371K(58944K) NonClass: 51510K(51840K)->51510K(51840K) Class: 6860K(7104K)->6860K(7104K)
[2023-10-11T17:24:55.291+0200][914.911s] GC(16) Pause Young (Mixed) (G1 Evacuation Pause) 53M->50M(512M) 7.344ms
[2023-10-11T17:24:55.291+0200][914.911s] GC(16) User=0.00s Sys=0.00s Real=0.01s
[2023-10-11T17:24:59.755+0200][919.376s] GC(17) Pause Young (Concurrent Start) (CodeCache GC Threshold)
[2023-10-11T17:24:59.755+0200][919.376s] GC(17) Using 10 workers of 10 for evacuation
[2023-10-11T17:24:59.757+0200][919.377s] GC(17)   Pre Evacuate Collection Set: 0.1ms
[2023-10-11T17:24:59.757+0200][919.377s] GC(17)   Merge Heap Roots: 0.1ms
[2023-10-11T17:24:59.757+0200][919.377s] GC(17)   Evacuate Collection Set: 0.7ms
[2023-10-11T17:24:59.757+0200][919.377s] GC(17)   Post Evacuate Collection Set: 0.5ms
[2023-10-11T17:24:59.757+0200][919.377s] GC(17)   Other: 0.1ms
[2023-10-11T17:24:59.757+0200][919.377s] GC(17) Eden regions: 245->0(302)
[2023-10-11T17:24:59.757+0200][919.377s] GC(17) Survivor regions: 4->5(39)
[2023-10-11T17:24:59.757+0200][919.377s] GC(17) Old regions: 44->44
[2023-10-11T17:24:59.757+0200][919.377s] GC(17) Archive regions: 0->0
[2023-10-11T17:24:59.757+0200][919.377s] GC(17) Humongous regions: 4->4
[2023-10-11T17:24:59.757+0200][919.377s] GC(17) Metaspace: 58914K(59456K)->58914K(59456K) NonClass: 52053K(52352K)->52053K(52352K) Class: 6860K(7104K)->6860K(7104K)
[2023-10-11T17:24:59.757+0200][919.377s] GC(17) Pause Young (Concurrent Start) (CodeCache GC Threshold) 295M->51M(512M) 1.639ms
[2023-10-11T17:24:59.757+0200][919.377s] GC(17) User=0.00s Sys=0.00s Real=0.00s
[2023-10-11T17:24:59.757+0200][919.377s] GC(18) Concurrent Mark Cycle
[2023-10-11T17:24:59.757+0200][919.377s] GC(18) Concurrent Clear Claimed Marks
[2023-10-11T17:24:59.757+0200][919.377s] GC(18) Concurrent Clear Claimed Marks 0.028ms
[2023-10-11T17:24:59.757+0200][919.377s] GC(18) Concurrent Scan Root Regions
[2023-10-11T17:24:59.758+0200][919.378s] GC(18) Concurrent Scan Root Regions 0.580ms
[2023-10-11T17:24:59.758+0200][919.378s] GC(18) Concurrent Mark
[2023-10-11T17:24:59.758+0200][919.378s] GC(18) Concurrent Mark From Roots
[2023-10-11T17:24:59.758+0200][919.378s] GC(18) Using 3 workers of 3 for marking
[2023-10-11T17:24:59.775+0200][919.396s] GC(18) Concurrent Mark From Roots 17.587ms
[2023-10-11T17:24:59.775+0200][919.396s] GC(18) Concurrent Preclean
[2023-10-11T17:24:59.776+0200][919.396s] GC(18) Concurrent Preclean 0.212ms
[2023-10-11T17:24:59.776+0200][919.396s] GC(18) Pause Remark
[2023-10-11T17:24:59.784+0200][919.404s] GC(18) Pause Remark 53M->53M(512M) 8.049ms
[2023-10-11T17:24:59.784+0200][919.404s] GC(18) User=0.16s Sys=0.00s Real=0.01s
[2023-10-11T17:24:59.784+0200][919.404s] GC(18) Concurrent Mark 26.171ms
[2023-10-11T17:24:59.784+0200][919.404s] GC(18) Concurrent Rebuild Remembered Sets
[2023-10-11T17:24:59.797+0200][919.417s] GC(18) Concurrent Rebuild Remembered Sets 12.776ms
[2023-10-11T17:24:59.797+0200][919.417s] GC(18) Pause Cleanup
[2023-10-11T17:24:59.797+0200][919.417s] GC(18) Pause Cleanup 53M->53M(512M) 0.164ms
[2023-10-11T17:24:59.797+0200][919.417s] GC(18) User=0.00s Sys=0.00s Real=0.00s
[2023-10-11T17:24:59.797+0200][919.417s] GC(18) Concurrent Cleanup for Next Mark
[2023-10-11T17:24:59.798+0200][919.418s] GC(18) Concurrent Cleanup for Next Mark 0.760ms
[2023-10-11T17:24:59.798+0200][919.418s] GC(18) Concurrent Mark Cycle 40.901ms
[2023-10-11T17:25:01.049+0200][920.669s] GC(19) Pause Young (Concurrent Start) (CodeCache GC Threshold)
[2023-10-11T17:25:01.049+0200][920.669s] GC(19) Using 10 workers of 10 for evacuation
[2023-10-11T17:25:01.052+0200][920.672s] GC(19)   Pre Evacuate Collection Set: 0.3ms
[2023-10-11T17:25:01.052+0200][920.672s] GC(19)   Merge Heap Roots: 0.1ms
[2023-10-11T17:25:01.052+0200][920.672s] GC(19)   Evacuate Collection Set: 1.2ms
[2023-10-11T17:25:01.052+0200][920.672s] GC(19)   Post Evacuate Collection Set: 0.6ms
[2023-10-11T17:25:01.052+0200][920.672s] GC(19)   Other: 0.1ms
[2023-10-11T17:25:01.052+0200][920.672s] GC(19) Eden regions: 69->0(301)
[2023-10-11T17:25:01.052+0200][920.672s] GC(19) Survivor regions: 5->6(39)
[2023-10-11T17:25:01.052+0200][920.672s] GC(19) Old regions: 44->44
[2023-10-11T17:25:01.052+0200][920.672s] GC(19) Archive regions: 0->0
[2023-10-11T17:25:01.052+0200][920.672s] GC(19) Humongous regions: 4->4
[2023-10-11T17:25:01.052+0200][920.672s] GC(19) Metaspace: 59131K(59648K)->59131K(59648K) NonClass: 52293K(52544K)->52293K(52544K) Class: 6837K(7104K)->6837K(7104K)
[2023-10-11T17:25:01.052+0200][920.672s] GC(19) Pause Young (Concurrent Start) (CodeCache GC Threshold) 120M->53M(512M) 2.571ms
[2023-10-11T17:25:01.052+0200][920.672s] GC(19) User=0.00s Sys=0.00s Real=0.00s
[2023-10-11T17:25:01.052+0200][920.672s] GC(20) Concurrent Mark Cycle
[2023-10-11T17:25:01.052+0200][920.672s] GC(20) Concurrent Clear Claimed Marks
[2023-10-11T17:25:01.052+0200][920.672s] GC(20) Concurrent Clear Claimed Marks 0.035ms
[2023-10-11T17:25:01.052+0200][920.672s] GC(20) Concurrent Scan Root Regions
[2023-10-11T17:25:01.053+0200][920.673s] GC(20) Concurrent Scan Root Regions 0.779ms
[2023-10-11T17:25:01.053+0200][920.673s] GC(20) Concurrent Mark
[2023-10-11T17:25:01.053+0200][920.673s] GC(20) Concurrent Mark From Roots
[2023-10-11T17:25:01.053+0200][920.673s] GC(20) Using 3 workers of 3 for marking
[2023-10-11T17:25:01.080+0200][920.700s] GC(20) Concurrent Mark From Roots 26.933ms
[2023-10-11T17:25:01.080+0200][920.700s] GC(20) Concurrent Preclean
[2023-10-11T17:25:01.080+0200][920.700s] GC(20) Concurrent Preclean 0.324ms
[2023-10-11T17:25:01.080+0200][920.700s] GC(20) Pause Remark
[2023-10-11T17:25:01.083+0200][920.703s] GC(20) Pause Remark 56M->56M(512M) 2.707ms
[2023-10-11T17:25:01.083+0200][920.703s] GC(20) User=0.00s Sys=0.00s Real=0.00s
[2023-10-11T17:25:01.083+0200][920.703s] GC(20) Concurrent Mark 30.285ms
[2023-10-11T17:25:01.083+0200][920.703s] GC(20) Concurrent Rebuild Remembered Sets
[2023-10-11T17:25:01.099+0200][920.719s] GC(20) Concurrent Rebuild Remembered Sets 15.641ms
[2023-10-11T17:25:01.099+0200][920.719s] GC(20) Pause Cleanup
[2023-10-11T17:25:01.099+0200][920.719s] GC(20) Pause Cleanup 57M->57M(512M) 0.117ms
[2023-10-11T17:25:01.099+0200][920.719s] GC(20) User=0.00s Sys=0.00s Real=0.00s
[2023-10-11T17:25:01.099+0200][920.719s] GC(20) Concurrent Cleanup for Next Mark
[2023-10-11T17:25:01.101+0200][920.720s] GC(20) Concurrent Cleanup for Next Mark 1.169ms
[2023-10-11T17:25:01.101+0200][920.720s] GC(20) Concurrent Mark Cycle 48.442ms
[2023-10-11T17:25:04.480+0200][924.100s] GC(21) Pause Young (Concurrent Start) (CodeCache GC Threshold)
[2023-10-11T17:25:04.480+0200][924.100s] GC(21) Using 10 workers of 10 for evacuation
[2023-10-11T17:25:04.482+0200][924.102s] GC(21)   Pre Evacuate Collection Set: 0.1ms
[2023-10-11T17:25:04.482+0200][924.102s] GC(21)   Merge Heap Roots: 0.1ms
[2023-10-11T17:25:04.482+0200][924.102s] GC(21)   Evacuate Collection Set: 1.2ms
[2023-10-11T17:25:04.482+0200][924.102s] GC(21)   Post Evacuate Collection Set: 0.3ms
[2023-10-11T17:25:04.482+0200][924.102s] GC(21)   Other: 0.1ms
[2023-10-11T17:25:04.482+0200][924.102s] GC(21) Eden regions: 196->0(299)
[2023-10-11T17:25:04.482+0200][924.102s] GC(21) Survivor regions: 6->8(39)
[2023-10-11T17:25:04.482+0200][924.102s] GC(21) Old regions: 44->44
[2023-10-11T17:25:04.482+0200][924.102s] GC(21) Archive regions: 0->0
[2023-10-11T17:25:04.482+0200][924.102s] GC(21) Humongous regions: 4->4
[2023-10-11T17:25:04.482+0200][924.102s] GC(21) Metaspace: 59492K(59968K)->59492K(59968K) NonClass: 52623K(52864K)->52623K(52864K) Class: 6868K(7104K)->6868K(7104K)
[2023-10-11T17:25:04.482+0200][924.102s] GC(21) Pause Young (Concurrent Start) (CodeCache GC Threshold) 249M->54M(512M) 1.980ms
[2023-10-11T17:25:04.482+0200][924.102s] GC(22) Concurrent Mark Cycle
[2023-10-11T17:25:04.482+0200][924.102s] GC(21) User=0.00s Sys=0.00s Real=0.00s
[2023-10-11T17:25:04.482+0200][924.102s] GC(22) Concurrent Clear Claimed Marks
[2023-10-11T17:25:04.482+0200][924.102s] GC(22) Concurrent Clear Claimed Marks 0.052ms
[2023-10-11T17:25:04.482+0200][924.102s] GC(22) Concurrent Scan Root Regions
[2023-10-11T17:25:04.483+0200][924.103s] GC(22) Concurrent Scan Root Regions 0.868ms
[2023-10-11T17:25:04.483+0200][924.103s] GC(22) Concurrent Mark
[2023-10-11T17:25:04.483+0200][924.103s] GC(22) Concurrent Mark From Roots
[2023-10-11T17:25:04.483+0200][924.103s] GC(22) Using 3 workers of 3 for marking
[2023-10-11T17:25:04.503+0200][924.123s] GC(22) Concurrent Mark From Roots 20.125ms
[2023-10-11T17:25:04.504+0200][924.123s] GC(22) Concurrent Preclean
[2023-10-11T17:25:04.504+0200][924.123s] GC(22) Concurrent Preclean 0.261ms
[2023-10-11T17:25:04.504+0200][924.124s] GC(22) Pause Remark
[2023-10-11T17:25:04.506+0200][924.127s] GC(22) Pause Remark 56M->56M(512M) 3.127ms
[2023-10-11T17:25:04.506+0200][924.127s] GC(22) User=0.00s Sys=0.00s Real=0.00s
[2023-10-11T17:25:04.506+0200][924.127s] GC(22) Concurrent Mark 23.894ms
[2023-10-11T17:25:04.506+0200][924.127s] GC(22) Concurrent Rebuild Remembered Sets
[2023-10-11T17:25:04.516+0200][924.137s] GC(22) Concurrent Rebuild Remembered Sets 9.719ms
[2023-10-11T17:25:04.516+0200][924.137s] GC(22) Pause Cleanup
[2023-10-11T17:25:04.517+0200][924.137s] GC(22) Pause Cleanup 56M->56M(512M) 0.167ms
[2023-10-11T17:25:04.517+0200][924.137s] GC(22) User=0.00s Sys=0.00s Real=0.00s
[2023-10-11T17:25:04.517+0200][924.137s] GC(22) Concurrent Cleanup for Next Mark
[2023-10-11T17:25:04.517+0200][924.138s] GC(22) Concurrent Cleanup for Next Mark 0.710ms
[2023-10-11T17:25:04.517+0200][924.138s] GC(22) Concurrent Mark Cycle 35.793ms
[2023-10-11T17:25:09.680+0200][929.300s] GC(23) Pause Young (Prepare Mixed) (G1 Evacuation Pause)
[2023-10-11T17:25:09.680+0200][929.300s] GC(23) Using 10 workers of 10 for evacuation
[2023-10-11T17:25:09.683+0200][929.303s] GC(23)   Pre Evacuate Collection Set: 0.1ms
[2023-10-11T17:25:09.683+0200][929.303s] GC(23)   Merge Heap Roots: 0.1ms
[2023-10-11T17:25:09.683+0200][929.303s] GC(23)   Evacuate Collection Set: 1.7ms
[2023-10-11T17:25:09.683+0200][929.303s] GC(23)   Post Evacuate Collection Set: 0.6ms
[2023-10-11T17:25:09.683+0200][929.303s] GC(23)   Other: 0.1ms
[2023-10-11T17:25:09.683+0200][929.303s] GC(23) Eden regions: 299->0(14)
[2023-10-11T17:25:09.683+0200][929.303s] GC(23) Survivor regions: 8->11(39)
[2023-10-11T17:25:09.683+0200][929.303s] GC(23) Old regions: 44->44
[2023-10-11T17:25:09.683+0200][929.303s] GC(23) Archive regions: 0->0
[2023-10-11T17:25:09.683+0200][929.303s] GC(23) Humongous regions: 4->4
[2023-10-11T17:25:09.683+0200][929.303s] GC(23) Metaspace: 59874K(60352K)->59874K(60352K) NonClass: 53005K(53248K)->53005K(53248K) Class: 6868K(7104K)->6868K(7104K)
[2023-10-11T17:25:09.683+0200][929.303s] GC(23) Pause Young (Prepare Mixed) (G1 Evacuation Pause) 353M->58M(512M) 2.777ms
[2023-10-11T17:25:09.683+0200][929.303s] GC(23) User=0.00s Sys=0.00s Real=0.00s
[2023-10-11T17:25:09.937+0200][929.558s] GC(24) Pause Young (Mixed) (G1 Evacuation Pause)
[2023-10-11T17:25:09.937+0200][929.558s] GC(24) Using 10 workers of 10 for evacuation
[2023-10-11T17:25:09.940+0200][929.560s] GC(24)   Pre Evacuate Collection Set: 0.2ms
[2023-10-11T17:25:09.940+0200][929.560s] GC(24)   Merge Heap Roots: 0.1ms
[2023-10-11T17:25:09.940+0200][929.560s] GC(24)   Evacuate Collection Set: 1.8ms
[2023-10-11T17:25:09.940+0200][929.560s] GC(24)   Post Evacuate Collection Set: 0.5ms
[2023-10-11T17:25:09.940+0200][929.560s] GC(24)   Other: 0.1ms
[2023-10-11T17:25:09.940+0200][929.561s] GC(24) Eden regions: 14->0(306)
[2023-10-11T17:25:09.940+0200][929.561s] GC(24) Survivor regions: 11->1(4)
[2023-10-11T17:25:09.940+0200][929.561s] GC(24) Old regions: 44->54
[2023-10-11T17:25:09.940+0200][929.561s] GC(24) Archive regions: 0->0
[2023-10-11T17:25:09.940+0200][929.561s] GC(24) Humongous regions: 4->4
[2023-10-11T17:25:09.940+0200][929.561s] GC(24) Metaspace: 59926K(60416K)->59926K(60416K) NonClass: 53057K(53312K)->53057K(53312K) Class: 6868K(7104K)->6868K(7104K)
[2023-10-11T17:25:09.940+0200][929.561s] GC(24) Pause Young (Mixed) (G1 Evacuation Pause) 72M->58M(512M) 2.965ms
[2023-10-11T17:25:09.940+0200][929.561s] GC(24) User=0.00s Sys=0.00s Real=0.00s
[2023-10-11T17:25:15.187+0200][934.807s] GC(25) Pause Young (Concurrent Start) (CodeCache GC Threshold)
[2023-10-11T17:25:15.187+0200][934.807s] GC(25) Using 10 workers of 10 for evacuation
[2023-10-11T17:25:15.189+0200][934.809s] GC(25)   Pre Evacuate Collection Set: 0.1ms
[2023-10-11T17:25:15.189+0200][934.809s] GC(25)   Merge Heap Roots: 0.1ms
[2023-10-11T17:25:15.189+0200][934.809s] GC(25)   Evacuate Collection Set: 1.0ms
[2023-10-11T17:25:15.189+0200][934.809s] GC(25)   Post Evacuate Collection Set: 0.5ms
[2023-10-11T17:25:15.189+0200][934.809s] GC(25)   Other: 0.1ms
[2023-10-11T17:25:15.189+0200][934.809s] GC(25) Eden regions: 298->0(301)
[2023-10-11T17:25:15.189+0200][934.809s] GC(25) Survivor regions: 1->6(39)
[2023-10-11T17:25:15.189+0200][934.809s] GC(25) Old regions: 54->54
[2023-10-11T17:25:15.189+0200][934.809s] GC(25) Archive regions: 0->0
[2023-10-11T17:25:15.189+0200][934.809s] GC(25) Humongous regions: 4->4
[2023-10-11T17:25:15.189+0200][934.809s] GC(25) Metaspace: 60526K(61056K)->60526K(61056K) NonClass: 53651K(53952K)->53651K(53952K) Class: 6874K(7104K)->6874K(7104K)
[2023-10-11T17:25:15.189+0200][934.810s] GC(25) Pause Young (Concurrent Start) (CodeCache GC Threshold) 355M->62M(512M) 2.095ms
[2023-10-11T17:25:15.189+0200][934.810s] GC(25) User=0.00s Sys=0.00s Real=0.00s
[2023-10-11T17:25:15.189+0200][934.810s] GC(26) Concurrent Mark Cycle
[2023-10-11T17:25:15.189+0200][934.810s] GC(26) Concurrent Clear Claimed Marks
[2023-10-11T17:25:15.189+0200][934.810s] GC(26) Concurrent Clear Claimed Marks 0.024ms
[2023-10-11T17:25:15.189+0200][934.810s] GC(26) Concurrent Scan Root Regions
[2023-10-11T17:25:15.190+0200][934.810s] GC(26) Concurrent Scan Root Regions 0.615ms
[2023-10-11T17:25:15.190+0200][934.810s] GC(26) Concurrent Mark
[2023-10-11T17:25:15.190+0200][934.810s] GC(26) Concurrent Mark From Roots
[2023-10-11T17:25:15.190+0200][934.810s] GC(26) Using 3 workers of 3 for marking
[2023-10-11T17:25:15.208+0200][934.829s] GC(26) Concurrent Mark From Roots 18.242ms
[2023-10-11T17:25:15.208+0200][934.829s] GC(26) Concurrent Preclean
[2023-10-11T17:25:15.208+0200][934.829s] GC(26) Concurrent Preclean 0.159ms
[2023-10-11T17:25:15.209+0200][934.829s] GC(26) Pause Remark
[2023-10-11T17:25:15.214+0200][934.834s] GC(26) Pause Remark 63M->63M(512M) 5.408ms
[2023-10-11T17:25:15.214+0200][934.834s] GC(26) User=0.00s Sys=0.00s Real=0.00s
[2023-10-11T17:25:15.214+0200][934.834s] GC(26) Concurrent Mark 24.104ms
[2023-10-11T17:25:15.214+0200][934.834s] GC(26) Concurrent Rebuild Remembered Sets
[2023-10-11T17:25:15.224+0200][934.844s] GC(26) Concurrent Rebuild Remembered Sets 10.089ms
[2023-10-11T17:25:15.224+0200][934.845s] GC(26) Pause Cleanup
[2023-10-11T17:25:15.225+0200][934.845s] GC(26) Pause Cleanup 63M->63M(512M) 0.151ms
[2023-10-11T17:25:15.225+0200][934.845s] GC(26) User=0.00s Sys=0.00s Real=0.00s
[2023-10-11T17:25:15.225+0200][934.845s] GC(26) Concurrent Cleanup for Next Mark
[2023-10-11T17:25:15.225+0200][934.846s] GC(26) Concurrent Cleanup for Next Mark 0.728ms
[2023-10-11T17:25:15.225+0200][934.846s] GC(26) Concurrent Mark Cycle 36.113ms
[2023-10-11T17:25:20.392+0200][940.011s] GC(27) Pause Young (Prepare Mixed) (G1 Evacuation Pause)
[2023-10-11T17:25:20.392+0200][940.011s] GC(27) Using 10 workers of 10 for evacuation
[2023-10-11T17:25:20.394+0200][940.013s] GC(27)   Pre Evacuate Collection Set: 0.0ms
[2023-10-11T17:25:20.394+0200][940.013s] GC(27)   Merge Heap Roots: 0.0ms
[2023-10-11T17:25:20.394+0200][940.013s] GC(27)   Evacuate Collection Set: 1.4ms
[2023-10-11T17:25:20.394+0200][940.013s] GC(27)   Post Evacuate Collection Set: 0.5ms
[2023-10-11T17:25:20.394+0200][940.013s] GC(27)   Other: 0.1ms
[2023-10-11T17:25:20.394+0200][940.013s] GC(27) Eden regions: 301->0(16)
[2023-10-11T17:25:20.394+0200][940.013s] GC(27) Survivor regions: 6->9(39)
[2023-10-11T17:25:20.394+0200][940.013s] GC(27) Old regions: 54->54
[2023-10-11T17:25:20.394+0200][940.014s] GC(27) Archive regions: 0->0
[2023-10-11T17:25:20.394+0200][940.014s] GC(27) Humongous regions: 4->4
[2023-10-11T17:25:20.394+0200][940.014s] GC(27) Metaspace: 61014K(61504K)->61014K(61504K) NonClass: 54088K(54336K)->54088K(54336K) Class: 6925K(7168K)->6925K(7168K)
[2023-10-11T17:25:20.394+0200][940.014s] GC(27) Pause Young (Prepare Mixed) (G1 Evacuation Pause) 363M->65M(512M) 2.335ms
[2023-10-11T17:25:20.394+0200][940.014s] GC(27) User=0.00s Sys=0.00s Real=0.00s
[2023-10-11T17:25:20.674+0200][940.294s] GC(28) Pause Young (Mixed) (G1 Evacuation Pause)
[2023-10-11T17:25:20.674+0200][940.294s] GC(28) Using 10 workers of 10 for evacuation
[2023-10-11T17:25:20.676+0200][940.296s] GC(28)   Pre Evacuate Collection Set: 0.1ms
[2023-10-11T17:25:20.676+0200][940.296s] GC(28)   Merge Heap Roots: 0.1ms
[2023-10-11T17:25:20.676+0200][940.296s] GC(28)   Evacuate Collection Set: 1.4ms
[2023-10-11T17:25:20.676+0200][940.296s] GC(28)   Post Evacuate Collection Set: 0.4ms
[2023-10-11T17:25:20.676+0200][940.296s] GC(28)   Other: 0.1ms
[2023-10-11T17:25:20.676+0200][940.296s] GC(28) Eden regions: 16->0(306)
[2023-10-11T17:25:20.676+0200][940.296s] GC(28) Survivor regions: 9->1(4)
[2023-10-11T17:25:20.676+0200][940.296s] GC(28) Old regions: 54->62
[2023-10-11T17:25:20.676+0200][940.296s] GC(28) Archive regions: 0->0
[2023-10-11T17:25:20.676+0200][940.296s] GC(28) Humongous regions: 4->4
[2023-10-11T17:25:20.676+0200][940.296s] GC(28) Metaspace: 61015K(61504K)->61015K(61504K) NonClass: 54089K(54336K)->54089K(54336K) Class: 6925K(7168K)->6925K(7168K)
[2023-10-11T17:25:20.676+0200][940.296s] GC(28) Pause Young (Mixed) (G1 Evacuation Pause) 81M->66M(512M) 2.413ms
[2023-10-11T17:25:20.676+0200][940.296s] GC(28) User=0.00s Sys=0.00s Real=0.00s
[2023-10-11T17:25:25.829+0200][945.448s] GC(29) Pause Young (Normal) (G1 Evacuation Pause)
[2023-10-11T17:25:25.829+0200][945.448s] GC(29) Using 10 workers of 10 for evacuation
[2023-10-11T17:25:25.830+0200][945.449s] GC(29)   Pre Evacuate Collection Set: 0.1ms
[2023-10-11T17:25:25.830+0200][945.449s] GC(29)   Merge Heap Roots: 0.1ms
[2023-10-11T17:25:25.830+0200][945.449s] GC(29)   Evacuate Collection Set: 0.7ms
[2023-10-11T17:25:25.830+0200][945.449s] GC(29)   Post Evacuate Collection Set: 0.4ms
[2023-10-11T17:25:25.830+0200][945.449s] GC(29)   Other: 0.1ms
[2023-10-11T17:25:25.830+0200][945.449s] GC(29) Eden regions: 306->0(301)
[2023-10-11T17:25:25.830+0200][945.450s] GC(29) Survivor regions: 1->6(39)
[2023-10-11T17:25:25.830+0200][945.450s] GC(29) Old regions: 62->62
[2023-10-11T17:25:25.830+0200][945.450s] GC(29) Archive regions: 0->0
[2023-10-11T17:25:25.830+0200][945.450s] GC(29) Humongous regions: 4->4
[2023-10-11T17:25:25.830+0200][945.450s] GC(29) Metaspace: 61183K(61696K)->61183K(61696K) NonClass: 54257K(54528K)->54257K(54528K) Class: 6925K(7168K)->6925K(7168K)
[2023-10-11T17:25:25.830+0200][945.450s] GC(29) Pause Young (Normal) (G1 Evacuation Pause) 372M->71M(512M) 1.585ms
[2023-10-11T17:25:25.830+0200][945.450s] GC(29) User=0.00s Sys=0.00s Real=0.00s
[2023-10-11T17:25:31.016+0200][950.636s] GC(30) Pause Young (Normal) (G1 Evacuation Pause)
[2023-10-11T17:25:31.016+0200][950.636s] GC(30) Using 10 workers of 10 for evacuation
[2023-10-11T17:25:31.018+0200][950.637s] GC(30)   Pre Evacuate Collection Set: 0.1ms
[2023-10-11T17:25:31.018+0200][950.637s] GC(30)   Merge Heap Roots: 0.1ms
[2023-10-11T17:25:31.018+0200][950.637s] GC(30)   Evacuate Collection Set: 1.1ms
[2023-10-11T17:25:31.018+0200][950.637s] GC(30)   Post Evacuate Collection Set: 0.3ms
[2023-10-11T17:25:31.018+0200][950.637s] GC(30)   Other: 0.1ms
[2023-10-11T17:25:31.018+0200][950.637s] GC(30) Eden regions: 301->0(298)
[2023-10-11T17:25:31.018+0200][950.637s] GC(30) Survivor regions: 6->9(39)
[2023-10-11T17:25:31.018+0200][950.637s] GC(30) Old regions: 62->62
[2023-10-11T17:25:31.018+0200][950.637s] GC(30) Archive regions: 0->0
[2023-10-11T17:25:31.018+0200][950.637s] GC(30) Humongous regions: 4->4
[2023-10-11T17:25:31.018+0200][950.637s] GC(30) Metaspace: 61246K(61760K)->61246K(61760K) NonClass: 54320K(54592K)->54320K(54592K) Class: 6925K(7168K)->6925K(7168K)
[2023-10-11T17:25:31.018+0200][950.637s] GC(30) Pause Young (Normal) (G1 Evacuation Pause) 372M->73M(512M) 1.791ms
[2023-10-11T17:25:31.018+0200][950.637s] GC(30) User=0.00s Sys=0.00s Real=0.00s
[2023-10-11T17:25:31.270+0200][950.890s] GC(31) Pause Young (Concurrent Start) (CodeCache GC Threshold)
[2023-10-11T17:25:31.270+0200][950.890s] GC(31) Using 10 workers of 10 for evacuation
[2023-10-11T17:25:31.272+0200][950.892s] GC(31)   Pre Evacuate Collection Set: 0.1ms
[2023-10-11T17:25:31.272+0200][950.892s] GC(31)   Merge Heap Roots: 0.0ms
[2023-10-11T17:25:31.272+0200][950.892s] GC(31)   Evacuate Collection Set: 1.3ms
[2023-10-11T17:25:31.272+0200][950.892s] GC(31)   Post Evacuate Collection Set: 0.3ms
[2023-10-11T17:25:31.272+0200][950.892s] GC(31)   Other: 0.1ms
[2023-10-11T17:25:31.272+0200][950.892s] GC(31) Eden regions: 14->0(298)
[2023-10-11T17:25:31.272+0200][950.892s] GC(31) Survivor regions: 9->9(39)
[2023-10-11T17:25:31.272+0200][950.892s] GC(31) Old regions: 62->62
[2023-10-11T17:25:31.272+0200][950.892s] GC(31) Archive regions: 0->0
[2023-10-11T17:25:31.272+0200][950.892s] GC(31) Humongous regions: 4->4
[2023-10-11T17:25:31.272+0200][950.892s] GC(31) Metaspace: 61246K(61760K)->61246K(61760K) NonClass: 54320K(54592K)->54320K(54592K) Class: 6925K(7168K)->6925K(7168K)
[2023-10-11T17:25:31.272+0200][950.892s] GC(31) Pause Young (Concurrent Start) (CodeCache GC Threshold) 87M->74M(512M) 2.165ms
[2023-10-11T17:25:31.272+0200][950.892s] GC(32) Concurrent Mark Cycle
[2023-10-11T17:25:31.272+0200][950.892s] GC(31) User=0.00s Sys=0.00s Real=0.00s
[2023-10-11T17:25:31.272+0200][950.892s] GC(32) Concurrent Clear Claimed Marks
[2023-10-11T17:25:31.272+0200][950.892s] GC(32) Concurrent Clear Claimed Marks 0.087ms
[2023-10-11T17:25:31.272+0200][950.892s] GC(32) Concurrent Scan Root Regions
[2023-10-11T17:25:31.273+0200][950.893s] GC(32) Concurrent Scan Root Regions 1.063ms
[2023-10-11T17:25:31.273+0200][950.893s] GC(32) Concurrent Mark
[2023-10-11T17:25:31.273+0200][950.893s] GC(32) Concurrent Mark From Roots
[2023-10-11T17:25:31.273+0200][950.893s] GC(32) Using 3 workers of 3 for marking
[2023-10-11T17:25:31.300+0200][950.920s] GC(32) Concurrent Mark From Roots 26.454ms
[2023-10-11T17:25:31.300+0200][950.920s] GC(32) Concurrent Preclean
[2023-10-11T17:25:31.300+0200][950.920s] GC(32) Concurrent Preclean 0.193ms
[2023-10-11T17:25:31.300+0200][950.920s] GC(32) Pause Remark
[2023-10-11T17:25:31.303+0200][950.923s] GC(32) Pause Remark 77M->77M(512M) 3.131ms
[2023-10-11T17:25:31.303+0200][950.923s] GC(32) User=0.00s Sys=0.00s Real=0.00s
[2023-10-11T17:25:31.303+0200][950.924s] GC(32) Concurrent Mark 30.168ms
[2023-10-11T17:25:31.303+0200][950.924s] GC(32) Concurrent Rebuild Remembered Sets
[2023-10-11T17:25:31.315+0200][950.935s] GC(32) Concurrent Rebuild Remembered Sets 11.306ms
[2023-10-11T17:25:31.315+0200][950.935s] GC(32) Pause Cleanup
[2023-10-11T17:25:31.315+0200][950.935s] GC(32) Pause Cleanup 78M->78M(512M) 0.105ms
[2023-10-11T17:25:31.315+0200][950.935s] GC(32) User=0.00s Sys=0.00s Real=0.00s
[2023-10-11T17:25:31.315+0200][950.935s] GC(32) Concurrent Cleanup for Next Mark
[2023-10-11T17:25:31.316+0200][950.936s] GC(32) Concurrent Cleanup for Next Mark 0.724ms
[2023-10-11T17:25:31.316+0200][950.936s] GC(32) Concurrent Mark Cycle 43.801ms
[2023-10-11T17:25:34.305+0200][953.924s] GC(33) Pause Young (Concurrent Start) (CodeCache GC Threshold)
[2023-10-11T17:25:34.305+0200][953.924s] GC(33) Using 10 workers of 10 for evacuation
[2023-10-11T17:25:34.307+0200][953.927s] GC(33)   Pre Evacuate Collection Set: 0.1ms
[2023-10-11T17:25:34.307+0200][953.927s] GC(33)   Merge Heap Roots: 0.1ms
[2023-10-11T17:25:34.307+0200][953.927s] GC(33)   Evacuate Collection Set: 1.8ms
[2023-10-11T17:25:34.307+0200][953.927s] GC(33)   Post Evacuate Collection Set: 0.5ms
[2023-10-11T17:25:34.307+0200][953.927s] GC(33)   Other: 0.1ms
[2023-10-11T17:25:34.307+0200][953.927s] GC(33) Eden regions: 174->0(295)
[2023-10-11T17:25:34.307+0200][953.927s] GC(33) Survivor regions: 9->12(39)
[2023-10-11T17:25:34.307+0200][953.927s] GC(33) Old regions: 62->62
[2023-10-11T17:25:34.307+0200][953.927s] GC(33) Archive regions: 0->0
[2023-10-11T17:25:34.307+0200][953.927s] GC(33) Humongous regions: 4->4
[2023-10-11T17:25:34.307+0200][953.927s] GC(33) Metaspace: 61490K(61952K)->61490K(61952K) NonClass: 54563K(54784K)->54563K(54784K) Class: 6926K(7168K)->6926K(7168K)
[2023-10-11T17:25:34.307+0200][953.927s] GC(33) Pause Young (Concurrent Start) (CodeCache GC Threshold) 248M->77M(512M) 2.899ms
[2023-10-11T17:25:34.307+0200][953.927s] GC(33) User=0.00s Sys=0.00s Real=0.00s
[2023-10-11T17:25:34.308+0200][953.927s] GC(34) Concurrent Mark Cycle
[2023-10-11T17:25:34.308+0200][953.927s] GC(34) Concurrent Clear Claimed Marks
[2023-10-11T17:25:34.308+0200][953.927s] GC(34) Concurrent Clear Claimed Marks 0.041ms
[2023-10-11T17:25:34.308+0200][953.927s] GC(34) Concurrent Scan Root Regions
[2023-10-11T17:25:34.308+0200][953.928s] GC(34) Concurrent Scan Root Regions 0.804ms
[2023-10-11T17:25:34.308+0200][953.928s] GC(34) Concurrent Mark
[2023-10-11T17:25:34.308+0200][953.928s] GC(34) Concurrent Mark From Roots
[2023-10-11T17:25:34.308+0200][953.928s] GC(34) Using 3 workers of 3 for marking
[2023-10-11T17:25:34.339+0200][953.958s] GC(34) Concurrent Mark From Roots 30.390ms
[2023-10-11T17:25:34.339+0200][953.958s] GC(34) Concurrent Preclean
[2023-10-11T17:25:34.339+0200][953.959s] GC(34) Concurrent Preclean 0.212ms
[2023-10-11T17:25:34.339+0200][953.959s] GC(34) Pause Remark
[2023-10-11T17:25:34.344+0200][953.964s] GC(34) Pause Remark 79M->79M(512M) 5.668ms
[2023-10-11T17:25:34.344+0200][953.964s] GC(34) User=0.16s Sys=0.00s Real=0.01s
[2023-10-11T17:25:34.344+0200][953.965s] GC(34) Concurrent Mark 36.541ms
[2023-10-11T17:25:34.344+0200][953.965s] GC(34) Concurrent Rebuild Remembered Sets
[2023-10-11T17:25:34.355+0200][953.975s] GC(34) Concurrent Rebuild Remembered Sets 10.509ms
[2023-10-11T17:25:34.356+0200][953.975s] GC(34) Pause Cleanup
[2023-10-11T17:25:34.356+0200][953.975s] GC(34) Pause Cleanup 79M->79M(512M) 0.149ms
[2023-10-11T17:25:34.356+0200][953.975s] GC(34) User=0.00s Sys=0.00s Real=0.00s
[2023-10-11T17:25:34.356+0200][953.975s] GC(34) Concurrent Cleanup for Next Mark
[2023-10-11T17:25:34.356+0200][953.976s] GC(34) Concurrent Cleanup for Next Mark 0.697ms
[2023-10-11T17:25:34.356+0200][953.976s] GC(34) Concurrent Mark Cycle 49.124ms
[2023-10-11T17:25:37.251+0200][956.871s] GC(35) Pause Young (Concurrent Start) (CodeCache GC Threshold)
[2023-10-11T17:25:37.251+0200][956.871s] GC(35) Using 10 workers of 10 for evacuation
[2023-10-11T17:25:37.254+0200][956.874s] GC(35)   Pre Evacuate Collection Set: 0.2ms
[2023-10-11T17:25:37.254+0200][956.874s] GC(35)   Merge Heap Roots: 0.1ms
[2023-10-11T17:25:37.254+0200][956.874s] GC(35)   Evacuate Collection Set: 2.0ms
[2023-10-11T17:25:37.254+0200][956.874s] GC(35)   Post Evacuate Collection Set: 0.5ms
[2023-10-11T17:25:37.254+0200][956.874s] GC(35)   Other: 0.1ms
[2023-10-11T17:25:37.254+0200][956.874s] GC(35) Eden regions: 175->0(293)
[2023-10-11T17:25:37.254+0200][956.874s] GC(35) Survivor regions: 12->14(39)
[2023-10-11T17:25:37.254+0200][956.874s] GC(35) Old regions: 62->62
[2023-10-11T17:25:37.254+0200][956.874s] GC(35) Archive regions: 0->0
[2023-10-11T17:25:37.254+0200][956.874s] GC(35) Humongous regions: 4->4
[2023-10-11T17:25:37.254+0200][956.874s] GC(35) Metaspace: 61510K(61952K)->61510K(61952K) NonClass: 54582K(54784K)->54582K(54784K) Class: 6927K(7168K)->6927K(7168K)
[2023-10-11T17:25:37.254+0200][956.874s] GC(35) Pause Young (Concurrent Start) (CodeCache GC Threshold) 251M->78M(512M) 3.080ms
[2023-10-11T17:25:37.254+0200][956.874s] GC(35) User=0.00s Sys=0.00s Real=0.00s
[2023-10-11T17:25:37.254+0200][956.874s] GC(36) Concurrent Mark Cycle
[2023-10-11T17:25:37.254+0200][956.874s] GC(36) Concurrent Clear Claimed Marks
[2023-10-11T17:25:37.254+0200][956.874s] GC(36) Concurrent Clear Claimed Marks 0.036ms
[2023-10-11T17:25:37.254+0200][956.874s] GC(36) Concurrent Scan Root Regions
[2023-10-11T17:25:37.255+0200][956.875s] GC(36) Concurrent Scan Root Regions 0.822ms
[2023-10-11T17:25:37.255+0200][956.875s] GC(36) Concurrent Mark
[2023-10-11T17:25:37.255+0200][956.875s] GC(36) Concurrent Mark From Roots
[2023-10-11T17:25:37.255+0200][956.875s] GC(36) Using 3 workers of 3 for marking
[2023-10-11T17:25:37.275+0200][956.894s] GC(36) Concurrent Mark From Roots 19.469ms
[2023-10-11T17:25:37.275+0200][956.894s] GC(36) Concurrent Preclean
[2023-10-11T17:25:37.275+0200][956.894s] GC(36) Concurrent Preclean 0.167ms
[2023-10-11T17:25:37.275+0200][956.895s] GC(36) Pause Remark
[2023-10-11T17:25:37.280+0200][956.900s] GC(36) Pause Remark 80M->80M(512M) 5.349ms
[2023-10-11T17:25:37.280+0200][956.900s] GC(36) User=0.00s Sys=0.00s Real=0.00s
[2023-10-11T17:25:37.280+0200][956.900s] GC(36) Concurrent Mark 25.501ms
[2023-10-11T17:25:37.280+0200][956.900s] GC(36) Concurrent Rebuild Remembered Sets
[2023-10-11T17:25:37.291+0200][956.911s] GC(36) Concurrent Rebuild Remembered Sets 10.601ms
[2023-10-11T17:25:37.292+0200][956.911s] GC(36) Pause Cleanup
[2023-10-11T17:25:37.292+0200][956.911s] GC(36) Pause Cleanup 81M->81M(512M) 0.133ms
[2023-10-11T17:25:37.292+0200][956.911s] GC(36) User=0.00s Sys=0.00s Real=0.00s
[2023-10-11T17:25:37.292+0200][956.911s] GC(36) Concurrent Cleanup for Next Mark
[2023-10-11T17:25:37.292+0200][956.912s] GC(36) Concurrent Cleanup for Next Mark 0.660ms
[2023-10-11T17:25:37.292+0200][956.912s] GC(36) Concurrent Mark Cycle 38.206ms
[2023-10-11T17:25:41.931+0200][961.551s] GC(37) Pause Young (Prepare Mixed) (G1 Evacuation Pause)
[2023-10-11T17:25:41.931+0200][961.551s] GC(37) Using 10 workers of 10 for evacuation
[2023-10-11T17:25:41.934+0200][961.554s] GC(37)   Pre Evacuate Collection Set: 0.1ms
[2023-10-11T17:25:41.934+0200][961.554s] GC(37)   Merge Heap Roots: 0.1ms
[2023-10-11T17:25:41.934+0200][961.554s] GC(37)   Evacuate Collection Set: 2.5ms
[2023-10-11T17:25:41.934+0200][961.554s] GC(37)   Post Evacuate Collection Set: 0.4ms
[2023-10-11T17:25:41.934+0200][961.554s] GC(37)   Other: 0.1ms
[2023-10-11T17:25:41.934+0200][961.554s] GC(37) Eden regions: 293->0(8)
[2023-10-11T17:25:41.934+0200][961.554s] GC(37) Survivor regions: 14->17(39)
[2023-10-11T17:25:41.934+0200][961.554s] GC(37) Old regions: 62->62
[2023-10-11T17:25:41.934+0200][961.554s] GC(37) Archive regions: 0->0
[2023-10-11T17:25:41.934+0200][961.554s] GC(37) Humongous regions: 4->4
[2023-10-11T17:25:41.934+0200][961.554s] GC(37) Metaspace: 61538K(62080K)->61538K(62080K) NonClass: 54607K(54912K)->54607K(54912K) Class: 6931K(7168K)->6931K(7168K)
[2023-10-11T17:25:41.934+0200][961.554s] GC(37) Pause Young (Prepare Mixed) (G1 Evacuation Pause) 371M->81M(512M) 3.273ms
[2023-10-11T17:25:41.934+0200][961.554s] GC(37) User=0.00s Sys=0.00s Real=0.00s
[2023-10-11T17:25:42.074+0200][961.694s] GC(38) Pause Young (Mixed) (G1 Evacuation Pause)
[2023-10-11T17:25:42.074+0200][961.694s] GC(38) Using 10 workers of 10 for evacuation
[2023-10-11T17:25:42.078+0200][961.697s] GC(38)   Pre Evacuate Collection Set: 0.1ms
[2023-10-11T17:25:42.078+0200][961.697s] GC(38)   Merge Heap Roots: 0.1ms
[2023-10-11T17:25:42.078+0200][961.697s] GC(38)   Evacuate Collection Set: 2.6ms
[2023-10-11T17:25:42.078+0200][961.697s] GC(38)   Post Evacuate Collection Set: 0.3ms
[2023-10-11T17:25:42.078+0200][961.697s] GC(38)   Other: 0.1ms
[2023-10-11T17:25:42.078+0200][961.697s] GC(38) Eden regions: 8->0(306)
[2023-10-11T17:25:42.078+0200][961.697s] GC(38) Survivor regions: 17->1(4)
[2023-10-11T17:25:42.078+0200][961.697s] GC(38) Old regions: 62->77
[2023-10-11T17:25:42.078+0200][961.697s] GC(38) Archive regions: 0->0
[2023-10-11T17:25:42.078+0200][961.697s] GC(38) Humongous regions: 4->4
[2023-10-11T17:25:42.078+0200][961.697s] GC(38) Metaspace: 61538K(62080K)->61538K(62080K) NonClass: 54607K(54912K)->54607K(54912K) Class: 6931K(7168K)->6931K(7168K)
[2023-10-11T17:25:42.078+0200][961.697s] GC(38) Pause Young (Mixed) (G1 Evacuation Pause) 89M->81M(512M) 3.319ms
[2023-10-11T17:25:42.078+0200][961.697s] GC(38) User=0.00s Sys=0.00s Real=0.00s
[2023-10-11T17:25:47.313+0200][966.933s] GC(39) Pause Young (Normal) (G1 Evacuation Pause)
[2023-10-11T17:25:47.313+0200][966.933s] GC(39) Using 10 workers of 10 for evacuation
[2023-10-11T17:25:47.315+0200][966.934s] GC(39)   Pre Evacuate Collection Set: 0.1ms
[2023-10-11T17:25:47.315+0200][966.934s] GC(39)   Merge Heap Roots: 0.1ms
[2023-10-11T17:25:47.315+0200][966.934s] GC(39)   Evacuate Collection Set: 0.9ms
[2023-10-11T17:25:47.315+0200][966.934s] GC(39)   Post Evacuate Collection Set: 0.4ms
[2023-10-11T17:25:47.315+0200][966.934s] GC(39)   Other: 0.1ms
[2023-10-11T17:25:47.315+0200][966.934s] GC(39) Eden regions: 306->0(302)
[2023-10-11T17:25:47.315+0200][966.934s] GC(39) Survivor regions: 1->5(39)
[2023-10-11T17:25:47.315+0200][966.934s] GC(39) Old regions: 77->77
[2023-10-11T17:25:47.315+0200][966.934s] GC(39) Archive regions: 0->0
[2023-10-11T17:25:47.315+0200][966.935s] GC(39) Humongous regions: 4->4
[2023-10-11T17:25:47.315+0200][966.935s] GC(39) Metaspace: 61557K(62080K)->61557K(62080K) NonClass: 54625K(54912K)->54625K(54912K) Class: 6932K(7168K)->6932K(7168K)
[2023-10-11T17:25:47.315+0200][966.935s] GC(39) Pause Young (Normal) (G1 Evacuation Pause) 387M->85M(512M) 1.696ms
[2023-10-11T17:25:47.315+0200][966.935s] GC(39) User=0.00s Sys=0.00s Real=0.00s
[2023-10-11T17:25:52.341+0200][971.961s] GC(40) Pause Young (Normal) (G1 Evacuation Pause)
[2023-10-11T17:25:52.342+0200][971.962s] GC(40) Using 10 workers of 10 for evacuation
[2023-10-11T17:25:52.344+0200][971.964s] GC(40)   Pre Evacuate Collection Set: 0.1ms
[2023-10-11T17:25:52.344+0200][971.964s] GC(40)   Merge Heap Roots: 0.1ms
[2023-10-11T17:25:52.344+0200][971.964s] GC(40)   Evacuate Collection Set: 1.1ms
[2023-10-11T17:25:52.344+0200][971.964s] GC(40)   Post Evacuate Collection Set: 0.5ms
[2023-10-11T17:25:52.344+0200][971.964s] GC(40)   Other: 0.1ms
[2023-10-11T17:25:52.344+0200][971.964s] GC(40) Eden regions: 302->0(298)
[2023-10-11T17:25:52.344+0200][971.964s] GC(40) Survivor regions: 5->9(39)
[2023-10-11T17:25:52.344+0200][971.964s] GC(40) Old regions: 77->77
[2023-10-11T17:25:52.344+0200][971.964s] GC(40) Archive regions: 0->0
[2023-10-11T17:25:52.344+0200][971.964s] GC(40) Humongous regions: 4->4
[2023-10-11T17:25:52.344+0200][971.964s] GC(40) Metaspace: 61563K(62080K)->61563K(62080K) NonClass: 54631K(54912K)->54631K(54912K) Class: 6932K(7168K)->6932K(7168K)
[2023-10-11T17:25:52.344+0200][971.964s] GC(40) Pause Young (Normal) (G1 Evacuation Pause) 387M->88M(512M) 2.224ms
[2023-10-11T17:25:52.344+0200][971.964s] GC(40) User=0.16s Sys=0.00s Real=0.00s
[2023-10-11T17:25:57.333+0200][976.952s] GC(41) Pause Young (Normal) (G1 Evacuation Pause)
[2023-10-11T17:25:57.333+0200][976.953s] GC(41) Using 10 workers of 10 for evacuation
[2023-10-11T17:25:57.335+0200][976.955s] GC(41)   Pre Evacuate Collection Set: 0.1ms
[2023-10-11T17:25:57.335+0200][976.955s] GC(41)   Merge Heap Roots: 0.1ms
[2023-10-11T17:25:57.335+0200][976.955s] GC(41)   Evacuate Collection Set: 1.7ms
[2023-10-11T17:25:57.335+0200][976.955s] GC(41)   Post Evacuate Collection Set: 0.4ms
[2023-10-11T17:25:57.335+0200][976.955s] GC(41)   Other: 0.1ms
[2023-10-11T17:25:57.335+0200][976.955s] GC(41) Eden regions: 298->0(294)
[2023-10-11T17:25:57.335+0200][976.955s] GC(41) Survivor regions: 9->13(39)
[2023-10-11T17:25:57.335+0200][976.955s] GC(41) Old regions: 77->77
[2023-10-11T17:25:57.335+0200][976.955s] GC(41) Archive regions: 0->0
[2023-10-11T17:25:57.335+0200][976.955s] GC(41) Humongous regions: 4->4
[2023-10-11T17:25:57.335+0200][976.955s] GC(41) Metaspace: 61603K(62144K)->61603K(62144K) NonClass: 54670K(54976K)->54670K(54976K) Class: 6932K(7168K)->6932K(7168K)
[2023-10-11T17:25:57.335+0200][976.955s] GC(41) Pause Young (Normal) (G1 Evacuation Pause) 386M->93M(512M) 2.538ms
[2023-10-11T17:25:57.335+0200][976.955s] GC(41) User=0.00s Sys=0.00s Real=0.00s
[2023-10-11T17:26:02.092+0200][981.712s] GC(42) Pause Young (Normal) (G1 Evacuation Pause)
[2023-10-11T17:26:02.093+0200][981.712s] GC(42) Using 10 workers of 10 for evacuation
[2023-10-11T17:26:02.096+0200][981.715s] GC(42)   Pre Evacuate Collection Set: 0.1ms
[2023-10-11T17:26:02.096+0200][981.715s] GC(42)   Merge Heap Roots: 0.1ms
[2023-10-11T17:26:02.096+0200][981.715s] GC(42)   Evacuate Collection Set: 2.3ms
[2023-10-11T17:26:02.096+0200][981.715s] GC(42)   Post Evacuate Collection Set: 0.6ms
[2023-10-11T17:26:02.096+0200][981.715s] GC(42)   Other: 0.1ms
[2023-10-11T17:26:02.096+0200][981.715s] GC(42) Eden regions: 294->0(290)
[2023-10-11T17:26:02.096+0200][981.715s] GC(42) Survivor regions: 13->17(39)
[2023-10-11T17:26:02.096+0200][981.715s] GC(42) Old regions: 77->77
[2023-10-11T17:26:02.096+0200][981.715s] GC(42) Archive regions: 0->0
[2023-10-11T17:26:02.096+0200][981.715s] GC(42) Humongous regions: 4->4
[2023-10-11T17:26:02.096+0200][981.715s] GC(42) Metaspace: 61613K(62144K)->61613K(62144K) NonClass: 54679K(54976K)->54679K(54976K) Class: 6933K(7168K)->6933K(7168K)
[2023-10-11T17:26:02.096+0200][981.715s] GC(42) Pause Young (Normal) (G1 Evacuation Pause) 387M->96M(512M) 3.344ms
[2023-10-11T17:26:02.096+0200][981.715s] GC(42) User=0.16s Sys=0.00s Real=0.00s
[2023-10-11T17:26:04.110+0200][983.730s] GC(43) Pause Young (Concurrent Start) (CodeCache GC Threshold)
[2023-10-11T17:26:04.110+0200][983.730s] GC(43) Using 10 workers of 10 for evacuation
[2023-10-11T17:26:04.113+0200][983.733s] GC(43)   Pre Evacuate Collection Set: 0.1ms
[2023-10-11T17:26:04.114+0200][983.733s] GC(43)   Merge Heap Roots: 0.1ms
[2023-10-11T17:26:04.114+0200][983.733s] GC(43)   Evacuate Collection Set: 2.6ms
[2023-10-11T17:26:04.114+0200][983.733s] GC(43)   Post Evacuate Collection Set: 0.4ms
[2023-10-11T17:26:04.114+0200][983.733s] GC(43)   Other: 0.1ms
[2023-10-11T17:26:04.114+0200][983.733s] GC(43) Eden regions: 125->0(289)
[2023-10-11T17:26:04.114+0200][983.733s] GC(43) Survivor regions: 17->18(39)
[2023-10-11T17:26:04.114+0200][983.733s] GC(43) Old regions: 77->77
[2023-10-11T17:26:04.114+0200][983.733s] GC(43) Archive regions: 0->0
[2023-10-11T17:26:04.114+0200][983.733s] GC(43) Humongous regions: 4->4
[2023-10-11T17:26:04.114+0200][983.733s] GC(43) Metaspace: 61619K(62144K)->61619K(62144K) NonClass: 54685K(54976K)->54685K(54976K) Class: 6933K(7168K)->6933K(7168K)
[2023-10-11T17:26:04.114+0200][983.733s] GC(43) Pause Young (Concurrent Start) (CodeCache GC Threshold) 221M->98M(512M) 3.494ms
[2023-10-11T17:26:04.114+0200][983.733s] GC(43) User=0.00s Sys=0.00s Real=0.00s
[2023-10-11T17:26:04.114+0200][983.733s] GC(44) Concurrent Mark Cycle
[2023-10-11T17:26:04.114+0200][983.733s] GC(44) Concurrent Clear Claimed Marks
[2023-10-11T17:26:04.114+0200][983.733s] GC(44) Concurrent Clear Claimed Marks 0.050ms
[2023-10-11T17:26:04.114+0200][983.733s] GC(44) Concurrent Scan Root Regions
[2023-10-11T17:26:04.115+0200][983.734s] GC(44) Concurrent Scan Root Regions 1.071ms
[2023-10-11T17:26:04.115+0200][983.734s] GC(44) Concurrent Mark
[2023-10-11T17:26:04.115+0200][983.734s] GC(44) Concurrent Mark From Roots
[2023-10-11T17:26:04.115+0200][983.734s] GC(44) Using 3 workers of 3 for marking
[2023-10-11T17:26:04.132+0200][983.753s] GC(44) Concurrent Mark From Roots 18.460ms
[2023-10-11T17:26:04.132+0200][983.753s] GC(44) Concurrent Preclean
[2023-10-11T17:26:04.133+0200][983.753s] GC(44) Concurrent Preclean 0.149ms
[2023-10-11T17:26:04.133+0200][983.753s] GC(44) Pause Remark
[2023-10-11T17:26:04.138+0200][983.758s] GC(44) Pause Remark 99M->99M(512M) 4.305ms
[2023-10-11T17:26:04.138+0200][983.758s] GC(44) User=0.00s Sys=0.00s Real=0.01s
[2023-10-11T17:26:04.138+0200][983.758s] GC(44) Concurrent Mark 23.188ms
[2023-10-11T17:26:04.138+0200][983.758s] GC(44) Concurrent Rebuild Remembered Sets
[2023-10-11T17:26:04.150+0200][983.769s] GC(44) Concurrent Rebuild Remembered Sets 11.742ms
[2023-10-11T17:26:04.150+0200][983.770s] GC(44) Pause Cleanup
[2023-10-11T17:26:04.150+0200][983.770s] GC(44) Pause Cleanup 99M->99M(512M) 0.159ms
[2023-10-11T17:26:04.150+0200][983.770s] GC(44) User=0.00s Sys=0.00s Real=0.00s
[2023-10-11T17:26:04.150+0200][983.770s] GC(44) Concurrent Cleanup for Next Mark
[2023-10-11T17:26:04.151+0200][983.771s] GC(44) Concurrent Cleanup for Next Mark 0.793ms
[2023-10-11T17:26:04.151+0200][983.771s] GC(44) Concurrent Mark Cycle 37.363ms
[2023-10-11T17:26:08.831+0200][988.451s] GC(45) Pause Young (Prepare Mixed) (G1 Evacuation Pause)
[2023-10-11T17:26:08.831+0200][988.451s] GC(45) Using 10 workers of 10 for evacuation
[2023-10-11T17:26:08.835+0200][988.455s] GC(45)   Pre Evacuate Collection Set: 0.1ms
[2023-10-11T17:26:08.835+0200][988.455s] GC(45)   Merge Heap Roots: 0.1ms
[2023-10-11T17:26:08.835+0200][988.455s] GC(45)   Evacuate Collection Set: 2.8ms
[2023-10-11T17:26:08.835+0200][988.455s] GC(45)   Post Evacuate Collection Set: 0.6ms
[2023-10-11T17:26:08.835+0200][988.455s] GC(45)   Other: 0.1ms
[2023-10-11T17:26:08.835+0200][988.455s] GC(45) Eden regions: 289->0(3)
[2023-10-11T17:26:08.835+0200][988.455s] GC(45) Survivor regions: 18->22(39)
[2023-10-11T17:26:08.835+0200][988.455s] GC(45) Old regions: 77->77
[2023-10-11T17:26:08.835+0200][988.455s] GC(45) Archive regions: 0->0
[2023-10-11T17:26:08.835+0200][988.455s] GC(45) Humongous regions: 4->4
[2023-10-11T17:26:08.835+0200][988.455s] GC(45) Metaspace: 61632K(62144K)->61632K(62144K) NonClass: 54699K(54976K)->54699K(54976K) Class: 6933K(7168K)->6933K(7168K)
[2023-10-11T17:26:08.835+0200][988.455s] GC(45) Pause Young (Prepare Mixed) (G1 Evacuation Pause) 387M->102M(512M) 3.897ms
[2023-10-11T17:26:08.835+0200][988.455s] GC(45) User=0.00s Sys=0.00s Real=0.00s
[2023-10-11T17:26:08.902+0200][988.522s] GC(46) Pause Young (Mixed) (G1 Evacuation Pause)
[2023-10-11T17:26:08.902+0200][988.522s] GC(46) Using 10 workers of 10 for evacuation
[2023-10-11T17:26:08.907+0200][988.526s] GC(46)   Pre Evacuate Collection Set: 0.1ms
[2023-10-11T17:26:08.907+0200][988.526s] GC(46)   Merge Heap Roots: 0.1ms
[2023-10-11T17:26:08.907+0200][988.526s] GC(46)   Evacuate Collection Set: 3.8ms
[2023-10-11T17:26:08.907+0200][988.526s] GC(46)   Post Evacuate Collection Set: 0.5ms
[2023-10-11T17:26:08.907+0200][988.526s] GC(46)   Other: 0.1ms
[2023-10-11T17:26:08.907+0200][988.526s] GC(46) Eden regions: 3->0(306)
[2023-10-11T17:26:08.907+0200][988.526s] GC(46) Survivor regions: 22->1(4)
[2023-10-11T17:26:08.907+0200][988.526s] GC(46) Old regions: 77->96
[2023-10-11T17:26:08.907+0200][988.526s] GC(46) Archive regions: 0->0
[2023-10-11T17:26:08.907+0200][988.527s] GC(46) Humongous regions: 4->4
[2023-10-11T17:26:08.907+0200][988.527s] GC(46) Metaspace: 61632K(62144K)->61632K(62144K) NonClass: 54699K(54976K)->54699K(54976K) Class: 6933K(7168K)->6933K(7168K)
[2023-10-11T17:26:08.907+0200][988.527s] GC(46) Pause Young (Mixed) (G1 Evacuation Pause) 105M->100M(512M) 4.759ms
[2023-10-11T17:26:08.907+0200][988.527s] GC(46) User=0.16s Sys=0.00s Real=0.01s
[2023-10-11T17:26:13.747+0200][993.366s] GC(47) Pause Young (Normal) (G1 Evacuation Pause)
[2023-10-11T17:26:13.747+0200][993.366s] GC(47) Using 10 workers of 10 for evacuation
[2023-10-11T17:26:13.748+0200][993.368s] GC(47)   Pre Evacuate Collection Set: 0.1ms
[2023-10-11T17:26:13.748+0200][993.368s] GC(47)   Merge Heap Roots: 0.1ms
[2023-10-11T17:26:13.748+0200][993.368s] GC(47)   Evacuate Collection Set: 0.7ms
[2023-10-11T17:26:13.748+0200][993.368s] GC(47)   Post Evacuate Collection Set: 0.3ms
[2023-10-11T17:26:13.748+0200][993.368s] GC(47)   Other: 0.1ms
[2023-10-11T17:26:13.748+0200][993.368s] GC(47) Eden regions: 306->0(302)
[2023-10-11T17:26:13.748+0200][993.368s] GC(47) Survivor regions: 1->5(39)
[2023-10-11T17:26:13.748+0200][993.368s] GC(47) Old regions: 96->96
[2023-10-11T17:26:13.748+0200][993.368s] GC(47) Archive regions: 0->0
[2023-10-11T17:26:13.748+0200][993.368s] GC(47) Humongous regions: 4->4
[2023-10-11T17:26:13.748+0200][993.368s] GC(47) Metaspace: 61725K(62272K)->61725K(62272K) NonClass: 54783K(55040K)->54783K(55040K) Class: 6942K(7232K)->6942K(7232K)
[2023-10-11T17:26:13.748+0200][993.368s] GC(47) Pause Young (Normal) (G1 Evacuation Pause) 406M->104M(512M) 1.487ms
[2023-10-11T17:26:13.748+0200][993.368s] GC(47) User=0.00s Sys=0.00s Real=0.00s
[2023-10-11T17:26:18.877+0200][998.497s] GC(48) Pause Young (Normal) (G1 Evacuation Pause)
[2023-10-11T17:26:18.877+0200][998.497s] GC(48) Using 10 workers of 10 for evacuation
[2023-10-11T17:26:18.879+0200][998.499s] GC(48)   Pre Evacuate Collection Set: 0.1ms
[2023-10-11T17:26:18.879+0200][998.499s] GC(48)   Merge Heap Roots: 0.1ms
[2023-10-11T17:26:18.879+0200][998.499s] GC(48)   Evacuate Collection Set: 1.1ms
[2023-10-11T17:26:18.879+0200][998.499s] GC(48)   Post Evacuate Collection Set: 0.6ms
[2023-10-11T17:26:18.879+0200][998.499s] GC(48)   Other: 0.1ms
[2023-10-11T17:26:18.879+0200][998.499s] GC(48) Eden regions: 302->0(299)
[2023-10-11T17:26:18.879+0200][998.499s] GC(48) Survivor regions: 5->8(39)
[2023-10-11T17:26:18.879+0200][998.499s] GC(48) Old regions: 96->96
[2023-10-11T17:26:18.879+0200][998.499s] GC(48) Archive regions: 0->0
[2023-10-11T17:26:18.879+0200][998.499s] GC(48) Humongous regions: 4->4
[2023-10-11T17:26:18.879+0200][998.499s] GC(48) Metaspace: 61726K(62272K)->61726K(62272K) NonClass: 54784K(55040K)->54784K(55040K) Class: 6942K(7232K)->6942K(7232K)
[2023-10-11T17:26:18.879+0200][998.499s] GC(48) Pause Young (Normal) (G1 Evacuation Pause) 406M->107M(512M) 2.207ms
[2023-10-11T17:26:18.879+0200][998.499s] GC(48) User=0.00s Sys=0.00s Real=0.00s
[2023-10-11T17:26:23.673+0200][1003.293s] GC(49) Pause Young (Normal) (G1 Evacuation Pause)
[2023-10-11T17:26:23.673+0200][1003.294s] GC(49) Using 10 workers of 10 for evacuation
[2023-10-11T17:26:23.676+0200][1003.296s] GC(49)   Pre Evacuate Collection Set: 0.1ms
[2023-10-11T17:26:23.676+0200][1003.296s] GC(49)   Merge Heap Roots: 0.1ms
[2023-10-11T17:26:23.676+0200][1003.296s] GC(49)   Evacuate Collection Set: 1.6ms
[2023-10-11T17:26:23.676+0200][1003.296s] GC(49)   Post Evacuate Collection Set: 0.5ms
[2023-10-11T17:26:23.676+0200][1003.296s] GC(49)   Other: 0.1ms
[2023-10-11T17:26:23.676+0200][1003.296s] GC(49) Eden regions: 299->0(295)
[2023-10-11T17:26:23.676+0200][1003.296s] GC(49) Survivor regions: 8->12(39)
[2023-10-11T17:26:23.676+0200][1003.296s] GC(49) Old regions: 96->96
[2023-10-11T17:26:23.676+0200][1003.296s] GC(49) Archive regions: 0->0
[2023-10-11T17:26:23.676+0200][1003.296s] GC(49) Humongous regions: 4->4
[2023-10-11T17:26:23.676+0200][1003.296s] GC(49) Metaspace: 61769K(62336K)->61769K(62336K) NonClass: 54826K(55104K)->54826K(55104K) Class: 6942K(7232K)->6942K(7232K)
[2023-10-11T17:26:23.676+0200][1003.296s] GC(49) Pause Young (Normal) (G1 Evacuation Pause) 406M->111M(512M) 2.602ms
[2023-10-11T17:26:23.676+0200][1003.296s] GC(49) User=0.00s Sys=0.00s Real=0.00s
[2023-10-11T17:26:28.374+0200][1007.994s] GC(50) Pause Young (Normal) (G1 Evacuation Pause)
[2023-10-11T17:26:28.374+0200][1007.994s] GC(50) Using 10 workers of 10 for evacuation
[2023-10-11T17:26:28.377+0200][1007.996s] GC(50)   Pre Evacuate Collection Set: 0.1ms
[2023-10-11T17:26:28.377+0200][1007.997s] GC(50)   Merge Heap Roots: 0.1ms
[2023-10-11T17:26:28.377+0200][1007.997s] GC(50)   Evacuate Collection Set: 2.1ms
[2023-10-11T17:26:28.377+0200][1007.997s] GC(50)   Post Evacuate Collection Set: 0.5ms
[2023-10-11T17:26:28.377+0200][1007.997s] GC(50)   Other: 0.1ms
[2023-10-11T17:26:28.377+0200][1007.997s] GC(50) Eden regions: 295->0(291)
[2023-10-11T17:26:28.377+0200][1007.997s] GC(50) Survivor regions: 12->16(39)
[2023-10-11T17:26:28.377+0200][1007.997s] GC(50) Old regions: 96->96
[2023-10-11T17:26:28.377+0200][1007.997s] GC(50) Archive regions: 0->0
[2023-10-11T17:26:28.377+0200][1007.997s] GC(50) Humongous regions: 4->4
[2023-10-11T17:26:28.377+0200][1007.997s] GC(50) Metaspace: 61770K(62336K)->61770K(62336K) NonClass: 54827K(55104K)->54827K(55104K) Class: 6942K(7232K)->6942K(7232K)
[2023-10-11T17:26:28.377+0200][1007.997s] GC(50) Pause Young (Normal) (G1 Evacuation Pause) 406M->115M(512M) 3.072ms
[2023-10-11T17:26:28.377+0200][1007.997s] GC(50) User=0.16s Sys=0.00s Real=0.00s
[2023-10-11T17:26:32.592+0200][1012.212s] GC(51) Pause Young (Concurrent Start) (CodeCache GC Threshold)
[2023-10-11T17:26:32.592+0200][1012.212s] GC(51) Using 10 workers of 10 for evacuation
[2023-10-11T17:26:32.595+0200][1012.215s] GC(51)   Pre Evacuate Collection Set: 0.1ms
[2023-10-11T17:26:32.595+0200][1012.215s] GC(51)   Merge Heap Roots: 0.1ms
[2023-10-11T17:26:32.595+0200][1012.215s] GC(51)   Evacuate Collection Set: 2.6ms
[2023-10-11T17:26:32.595+0200][1012.215s] GC(51)   Post Evacuate Collection Set: 0.3ms
[2023-10-11T17:26:32.595+0200][1012.215s] GC(51)   Other: 0.1ms
[2023-10-11T17:26:32.595+0200][1012.215s] GC(51) Eden regions: 265->0(287)
[2023-10-11T17:26:32.595+0200][1012.215s] GC(51) Survivor regions: 16->20(39)
[2023-10-11T17:26:32.595+0200][1012.215s] GC(51) Old regions: 96->96
[2023-10-11T17:26:32.595+0200][1012.215s] GC(51) Archive regions: 0->0
[2023-10-11T17:26:32.595+0200][1012.215s] GC(51) Humongous regions: 4->4
[2023-10-11T17:26:32.595+0200][1012.215s] GC(51) Metaspace: 61781K(62336K)->61781K(62336K) NonClass: 54838K(55104K)->54838K(55104K) Class: 6942K(7232K)->6942K(7232K)
[2023-10-11T17:26:32.595+0200][1012.215s] GC(51) Pause Young (Concurrent Start) (CodeCache GC Threshold) 380M->119M(512M) 3.403ms
[2023-10-11T17:26:32.595+0200][1012.215s] GC(52) Concurrent Mark Cycle
[2023-10-11T17:26:32.595+0200][1012.215s] GC(51) User=0.16s Sys=0.00s Real=0.00s
[2023-10-11T17:26:32.595+0200][1012.215s] GC(52) Concurrent Clear Claimed Marks
[2023-10-11T17:26:32.595+0200][1012.215s] GC(52) Concurrent Clear Claimed Marks 0.060ms
[2023-10-11T17:26:32.595+0200][1012.215s] GC(52) Concurrent Scan Root Regions
[2023-10-11T17:26:32.596+0200][1012.217s] GC(52) Concurrent Scan Root Regions 1.237ms
[2023-10-11T17:26:32.596+0200][1012.217s] GC(52) Concurrent Mark
[2023-10-11T17:26:32.596+0200][1012.217s] GC(52) Concurrent Mark From Roots
[2023-10-11T17:26:32.596+0200][1012.217s] GC(52) Using 3 workers of 3 for marking
[2023-10-11T17:26:32.617+0200][1012.238s] GC(52) Concurrent Mark From Roots 21.059ms
[2023-10-11T17:26:32.617+0200][1012.238s] GC(52) Concurrent Preclean
[2023-10-11T17:26:32.618+0200][1012.238s] GC(52) Concurrent Preclean 0.173ms
[2023-10-11T17:26:32.618+0200][1012.238s] GC(52) Pause Remark
[2023-10-11T17:26:32.626+0200][1012.245s] GC(52) Pause Remark 120M->120M(512M) 7.373ms
[2023-10-11T17:26:32.626+0200][1012.245s] GC(52) User=0.00s Sys=0.00s Real=0.01s
[2023-10-11T17:26:32.626+0200][1012.246s] GC(52) Concurrent Mark 28.894ms
[2023-10-11T17:26:32.626+0200][1012.246s] GC(52) Concurrent Rebuild Remembered Sets
[2023-10-11T17:26:32.639+0200][1012.259s] GC(52) Concurrent Rebuild Remembered Sets 13.401ms
[2023-10-11T17:26:32.639+0200][1012.259s] GC(52) Pause Cleanup
[2023-10-11T17:26:32.640+0200][1012.259s] GC(52) Pause Cleanup 120M->120M(512M) 0.147ms
[2023-10-11T17:26:32.640+0200][1012.259s] GC(52) User=0.00s Sys=0.00s Real=0.00s
[2023-10-11T17:26:32.640+0200][1012.259s] GC(52) Concurrent Cleanup for Next Mark
[2023-10-11T17:26:32.640+0200][1012.260s] GC(52) Concurrent Cleanup for Next Mark 0.641ms
[2023-10-11T17:26:32.640+0200][1012.260s] GC(52) Concurrent Mark Cycle 44.757ms
[2023-10-11T17:26:36.577+0200][1016.197s] GC(53) Pause Young (Concurrent Start) (CodeCache GC Threshold)
[2023-10-11T17:26:36.577+0200][1016.197s] GC(53) Using 10 workers of 10 for evacuation
[2023-10-11T17:26:36.581+0200][1016.201s] GC(53)   Pre Evacuate Collection Set: 0.1ms
[2023-10-11T17:26:36.581+0200][1016.201s] GC(53)   Merge Heap Roots: 0.1ms
[2023-10-11T17:26:36.581+0200][1016.201s] GC(53)   Evacuate Collection Set: 3.0ms
[2023-10-11T17:26:36.581+0200][1016.201s] GC(53)   Post Evacuate Collection Set: 0.4ms
[2023-10-11T17:26:36.581+0200][1016.201s] GC(53)   Other: 0.1ms
[2023-10-11T17:26:36.581+0200][1016.201s] GC(53) Eden regions: 233->0(285)
[2023-10-11T17:26:36.581+0200][1016.201s] GC(53) Survivor regions: 20->22(39)
[2023-10-11T17:26:36.581+0200][1016.201s] GC(53) Old regions: 96->96
[2023-10-11T17:26:36.581+0200][1016.201s] GC(53) Archive regions: 0->0
[2023-10-11T17:26:36.581+0200][1016.201s] GC(53) Humongous regions: 4->4
[2023-10-11T17:26:36.581+0200][1016.201s] GC(53) Metaspace: 61906K(62464K)->61906K(62464K) NonClass: 54940K(55232K)->54940K(55232K) Class: 6965K(7232K)->6965K(7232K)
[2023-10-11T17:26:36.581+0200][1016.201s] GC(53) Pause Young (Concurrent Start) (CodeCache GC Threshold) 352M->121M(512M) 3.937ms
[2023-10-11T17:26:36.581+0200][1016.201s] GC(53) User=0.16s Sys=0.00s Real=0.00s
[2023-10-11T17:26:36.581+0200][1016.201s] GC(54) Concurrent Mark Cycle
[2023-10-11T17:26:36.581+0200][1016.201s] GC(54) Concurrent Clear Claimed Marks
[2023-10-11T17:26:36.581+0200][1016.201s] GC(54) Concurrent Clear Claimed Marks 0.044ms
[2023-10-11T17:26:36.581+0200][1016.201s] GC(54) Concurrent Scan Root Regions
[2023-10-11T17:26:36.582+0200][1016.202s] GC(54) Concurrent Scan Root Regions 1.233ms
[2023-10-11T17:26:36.582+0200][1016.202s] GC(54) Concurrent Mark
[2023-10-11T17:26:36.582+0200][1016.202s] GC(54) Concurrent Mark From Roots
[2023-10-11T17:26:36.582+0200][1016.202s] GC(54) Using 3 workers of 3 for marking
[2023-10-11T17:26:36.609+0200][1016.229s] GC(54) Concurrent Mark From Roots 26.811ms
[2023-10-11T17:26:36.609+0200][1016.229s] GC(54) Concurrent Preclean
[2023-10-11T17:26:36.609+0200][1016.229s] GC(54) Concurrent Preclean 0.156ms
[2023-10-11T17:26:36.610+0200][1016.229s] GC(54) Pause Remark
[2023-10-11T17:26:36.613+0200][1016.233s] GC(54) Pause Remark 124M->124M(512M) 3.434ms
[2023-10-11T17:26:36.613+0200][1016.233s] GC(54) User=0.00s Sys=0.00s Real=0.00s
[2023-10-11T17:26:36.613+0200][1016.233s] GC(54) Concurrent Mark 30.595ms
[2023-10-11T17:26:36.613+0200][1016.233s] GC(54) Concurrent Rebuild Remembered Sets
[2023-10-11T17:26:36.626+0200][1016.246s] GC(54) Concurrent Rebuild Remembered Sets 12.917ms
[2023-10-11T17:26:36.626+0200][1016.246s] GC(54) Pause Cleanup
[2023-10-11T17:26:36.626+0200][1016.246s] GC(54) Pause Cleanup 125M->125M(512M) 0.110ms
[2023-10-11T17:26:36.626+0200][1016.246s] GC(54) User=0.00s Sys=0.00s Real=0.00s
[2023-10-11T17:26:36.626+0200][1016.246s] GC(54) Concurrent Cleanup for Next Mark
[2023-10-11T17:26:36.626+0200][1016.247s] GC(54) Concurrent Cleanup for Next Mark 0.641ms
[2023-10-11T17:26:36.626+0200][1016.247s] GC(54) Concurrent Mark Cycle 45.870ms
[2023-10-11T17:26:41.195+0200][1020.815s] GC(55) Pause Young (Prepare Mixed) (G1 Evacuation Pause)
[2023-10-11T17:26:41.195+0200][1020.815s] GC(55) Using 10 workers of 10 for evacuation
[2023-10-11T17:26:41.199+0200][1020.819s] GC(55)   Pre Evacuate Collection Set: 0.1ms
[2023-10-11T17:26:41.199+0200][1020.819s] GC(55)   Merge Heap Roots: 0.1ms
[2023-10-11T17:26:41.199+0200][1020.819s] GC(55)   Evacuate Collection Set: 3.6ms
[2023-10-11T17:26:41.199+0200][1020.819s] GC(55)   Post Evacuate Collection Set: 0.5ms
[2023-10-11T17:26:41.199+0200][1020.819s] GC(55)   Other: 0.1ms
[2023-10-11T17:26:41.199+0200][1020.819s] GC(55) Eden regions: 285->0(3)
[2023-10-11T17:26:41.199+0200][1020.819s] GC(55) Survivor regions: 22->22(39)
[2023-10-11T17:26:41.199+0200][1020.819s] GC(55) Old regions: 96->100
[2023-10-11T17:26:41.199+0200][1020.819s] GC(55) Archive regions: 0->0
[2023-10-11T17:26:41.199+0200][1020.819s] GC(55) Humongous regions: 4->4
[2023-10-11T17:26:41.199+0200][1020.819s] GC(55) Metaspace: 61906K(62464K)->61906K(62464K) NonClass: 54940K(55232K)->54940K(55232K) Class: 6965K(7232K)->6965K(7232K)
[2023-10-11T17:26:41.199+0200][1020.820s] GC(55) Pause Young (Prepare Mixed) (G1 Evacuation Pause) 406M->124M(512M) 4.475ms
[2023-10-11T17:26:41.199+0200][1020.820s] GC(55) User=0.00s Sys=0.00s Real=0.00s
[2023-10-11T17:26:41.261+0200][1020.881s] GC(56) Pause Young (Mixed) (G1 Evacuation Pause)
[2023-10-11T17:26:41.261+0200][1020.881s] GC(56) Using 10 workers of 10 for evacuation
[2023-10-11T17:26:41.266+0200][1020.886s] GC(56)   Pre Evacuate Collection Set: 0.1ms
[2023-10-11T17:26:41.266+0200][1020.886s] GC(56)   Merge Heap Roots: 0.1ms
[2023-10-11T17:26:41.266+0200][1020.886s] GC(56)   Evacuate Collection Set: 3.7ms
[2023-10-11T17:26:41.266+0200][1020.886s] GC(56)   Post Evacuate Collection Set: 0.5ms
[2023-10-11T17:26:41.266+0200][1020.886s] GC(56)   Other: 0.1ms
[2023-10-11T17:26:41.266+0200][1020.886s] GC(56) Eden regions: 3->0(306)
[2023-10-11T17:26:41.266+0200][1020.886s] GC(56) Survivor regions: 22->1(4)
[2023-10-11T17:26:41.266+0200][1020.886s] GC(56) Old regions: 100->119
[2023-10-11T17:26:41.266+0200][1020.886s] GC(56) Archive regions: 0->0
[2023-10-11T17:26:41.266+0200][1020.886s] GC(56) Humongous regions: 4->4
[2023-10-11T17:26:41.266+0200][1020.886s] GC(56) Metaspace: 61906K(62464K)->61906K(62464K) NonClass: 54940K(55232K)->54940K(55232K) Class: 6965K(7232K)->6965K(7232K)
[2023-10-11T17:26:41.266+0200][1020.886s] GC(56) Pause Young (Mixed) (G1 Evacuation Pause) 127M->123M(512M) 4.580ms
[2023-10-11T17:26:41.266+0200][1020.886s] GC(56) User=0.14s Sys=0.00s Real=0.01s
[2023-10-11T17:26:46.371+0200][1025.990s] GC(57) Pause Young (Normal) (G1 Evacuation Pause)
[2023-10-11T17:26:46.371+0200][1025.991s] GC(57) Using 10 workers of 10 for evacuation
[2023-10-11T17:26:46.372+0200][1025.992s] GC(57)   Pre Evacuate Collection Set: 0.1ms
[2023-10-11T17:26:46.372+0200][1025.992s] GC(57)   Merge Heap Roots: 0.1ms
[2023-10-11T17:26:46.372+0200][1025.992s] GC(57)   Evacuate Collection Set: 0.8ms
[2023-10-11T17:26:46.372+0200][1025.992s] GC(57)   Post Evacuate Collection Set: 0.4ms
[2023-10-11T17:26:46.372+0200][1025.992s] GC(57)   Other: 0.1ms
[2023-10-11T17:26:46.372+0200][1025.992s] GC(57) Eden regions: 306->0(301)
[2023-10-11T17:26:46.372+0200][1025.992s] GC(57) Survivor regions: 1->6(39)
[2023-10-11T17:26:46.372+0200][1025.992s] GC(57) Old regions: 119->119
[2023-10-11T17:26:46.372+0200][1025.992s] GC(57) Archive regions: 0->0
[2023-10-11T17:26:46.372+0200][1025.992s] GC(57) Humongous regions: 4->4
[2023-10-11T17:26:46.372+0200][1025.992s] GC(57) Metaspace: 61912K(62464K)->61912K(62464K) NonClass: 54947K(55232K)->54947K(55232K) Class: 6965K(7232K)->6965K(7232K)
[2023-10-11T17:26:46.372+0200][1025.992s] GC(57) Pause Young (Normal) (G1 Evacuation Pause) 429M->127M(512M) 1.625ms
[2023-10-11T17:26:46.372+0200][1025.992s] GC(57) User=0.00s Sys=0.00s Real=0.00s
[2023-10-11T17:26:58.531+0200][1038.151s] GC(58) Pause Young (Concurrent Start) (CodeCache GC Threshold)
[2023-10-11T17:26:58.531+0200][1038.151s] GC(58) Using 10 workers of 10 for evacuation
[2023-10-11T17:26:58.533+0200][1038.153s] GC(58)   Pre Evacuate Collection Set: 0.1ms
[2023-10-11T17:26:58.533+0200][1038.153s] GC(58)   Merge Heap Roots: 0.1ms
[2023-10-11T17:26:58.533+0200][1038.153s] GC(58)   Evacuate Collection Set: 1.5ms
[2023-10-11T17:26:58.533+0200][1038.153s] GC(58)   Post Evacuate Collection Set: 0.4ms
[2023-10-11T17:26:58.533+0200][1038.153s] GC(58)   Other: 0.1ms
[2023-10-11T17:26:58.533+0200][1038.153s] GC(58) Eden regions: 54->0(302)
[2023-10-11T17:26:58.533+0200][1038.153s] GC(58) Survivor regions: 6->5(39)
[2023-10-11T17:26:58.533+0200][1038.153s] GC(58) Old regions: 119->119
[2023-10-11T17:26:58.533+0200][1038.153s] GC(58) Archive regions: 0->0
[2023-10-11T17:26:58.533+0200][1038.153s] GC(58) Humongous regions: 4->4
[2023-10-11T17:26:58.533+0200][1038.153s] GC(58) Metaspace: 61962K(62464K)->61962K(62464K) NonClass: 54996K(55232K)->54996K(55232K) Class: 6965K(7232K)->6965K(7232K)
[2023-10-11T17:26:58.533+0200][1038.153s] GC(58) Pause Young (Concurrent Start) (CodeCache GC Threshold) 181M->126M(512M) 2.480ms
[2023-10-11T17:26:58.533+0200][1038.153s] GC(58) User=0.00s Sys=0.00s Real=0.00s
[2023-10-11T17:26:58.533+0200][1038.153s] GC(59) Concurrent Mark Cycle
[2023-10-11T17:26:58.533+0200][1038.153s] GC(59) Concurrent Clear Claimed Marks
[2023-10-11T17:26:58.533+0200][1038.153s] GC(59) Concurrent Clear Claimed Marks 0.062ms
[2023-10-11T17:26:58.533+0200][1038.153s] GC(59) Concurrent Scan Root Regions
[2023-10-11T17:26:58.534+0200][1038.154s] GC(59) Concurrent Scan Root Regions 0.953ms
[2023-10-11T17:26:58.534+0200][1038.154s] GC(59) Concurrent Mark
[2023-10-11T17:26:58.534+0200][1038.154s] GC(59) Concurrent Mark From Roots
[2023-10-11T17:26:58.534+0200][1038.154s] GC(59) Using 3 workers of 3 for marking
[2023-10-11T17:26:58.568+0200][1038.187s] GC(59) Concurrent Mark From Roots 32.923ms
[2023-10-11T17:26:58.568+0200][1038.187s] GC(59) Concurrent Preclean
[2023-10-11T17:26:58.568+0200][1038.187s] GC(59) Concurrent Preclean 0.184ms
[2023-10-11T17:26:58.568+0200][1038.188s] GC(59) Pause Remark
[2023-10-11T17:26:58.572+0200][1038.193s] GC(59) Pause Remark 128M->127M(512M) 4.880ms
[2023-10-11T17:26:58.573+0200][1038.193s] GC(59) User=0.00s Sys=0.00s Real=0.00s
[2023-10-11T17:26:58.573+0200][1038.193s] GC(59) Concurrent Mark 38.364ms
[2023-10-11T17:26:58.573+0200][1038.193s] GC(59) Concurrent Rebuild Remembered Sets
[2023-10-11T17:26:58.583+0200][1038.203s] GC(59) Concurrent Rebuild Remembered Sets 10.510ms
[2023-10-11T17:26:58.583+0200][1038.203s] GC(59) Pause Cleanup
[2023-10-11T17:26:58.584+0200][1038.204s] GC(59) Pause Cleanup 127M->127M(512M) 0.185ms
[2023-10-11T17:26:58.584+0200][1038.204s] GC(59) User=0.00s Sys=0.00s Real=0.00s
[2023-10-11T17:26:58.584+0200][1038.204s] GC(59) Concurrent Cleanup for Next Mark
[2023-10-11T17:26:58.585+0200][1038.204s] GC(59) Concurrent Cleanup for Next Mark 0.614ms
[2023-10-11T17:26:58.585+0200][1038.204s] GC(59) Concurrent Mark Cycle 51.094ms
[2023-10-11T17:28:33.967+0200][1133.587s] GC(60) Pause Young (Prepare Mixed) (G1 Evacuation Pause)
[2023-10-11T17:28:33.967+0200][1133.587s] GC(60) Using 10 workers of 10 for evacuation
[2023-10-11T17:28:33.968+0200][1133.588s] GC(60)   Pre Evacuate Collection Set: 0.2ms
[2023-10-11T17:28:33.969+0200][1133.589s] GC(60)   Merge Heap Roots: 0.1ms
[2023-10-11T17:28:33.969+0200][1133.589s] GC(60)   Evacuate Collection Set: 1.0ms
[2023-10-11T17:28:33.969+0200][1133.589s] GC(60)   Post Evacuate Collection Set: 0.6ms
[2023-10-11T17:28:33.969+0200][1133.589s] GC(60)   Other: 0.1ms
[2023-10-11T17:28:33.969+0200][1133.589s] GC(60) Eden regions: 302->0(20)
[2023-10-11T17:28:33.969+0200][1133.589s] GC(60) Survivor regions: 5->5(39)
[2023-10-11T17:28:33.969+0200][1133.589s] GC(60) Old regions: 118->118
[2023-10-11T17:28:33.969+0200][1133.589s] GC(60) Archive regions: 0->0
[2023-10-11T17:28:33.969+0200][1133.589s] GC(60) Humongous regions: 4->4
[2023-10-11T17:28:33.969+0200][1133.589s] GC(60) Metaspace: 62161K(62656K)->62161K(62656K) NonClass: 55169K(55424K)->55169K(55424K) Class: 6992K(7232K)->6992K(7232K)
[2023-10-11T17:28:33.969+0200][1133.589s] GC(60) Pause Young (Prepare Mixed) (G1 Evacuation Pause) 428M->126M(512M) 2.046ms
[2023-10-11T17:28:33.969+0200][1133.589s] GC(60) User=0.16s Sys=0.00s Real=0.00s
[2023-10-11T17:28:34.311+0200][1133.931s] GC(61) Pause Young (Mixed) (G1 Evacuation Pause)
[2023-10-11T17:28:34.311+0200][1133.931s] GC(61) Using 10 workers of 10 for evacuation
[2023-10-11T17:28:34.313+0200][1133.933s] GC(61)   Pre Evacuate Collection Set: 0.2ms
[2023-10-11T17:28:34.313+0200][1133.933s] GC(61)   Merge Heap Roots: 0.1ms
[2023-10-11T17:28:34.313+0200][1133.933s] GC(61)   Evacuate Collection Set: 1.3ms
[2023-10-11T17:28:34.313+0200][1133.933s] GC(61)   Post Evacuate Collection Set: 0.5ms
[2023-10-11T17:28:34.313+0200][1133.933s] GC(61)   Other: 0.1ms
[2023-10-11T17:28:34.313+0200][1133.933s] GC(61) Eden regions: 20->0(24)
[2023-10-11T17:28:34.313+0200][1133.933s] GC(61) Survivor regions: 5->1(4)
[2023-10-11T17:28:34.313+0200][1133.933s] GC(61) Old regions: 118->72
[2023-10-11T17:28:34.313+0200][1133.933s] GC(61) Archive regions: 0->0
[2023-10-11T17:28:34.313+0200][1133.933s] GC(61) Humongous regions: 4->4
[2023-10-11T17:28:34.313+0200][1133.933s] GC(61) Metaspace: 62161K(62656K)->62161K(62656K) NonClass: 55169K(55424K)->55169K(55424K) Class: 6992K(7232K)->6992K(7232K)
[2023-10-11T17:28:34.313+0200][1133.933s] GC(61) Pause Young (Mixed) (G1 Evacuation Pause) 146M->75M(512M) 2.415ms
[2023-10-11T17:28:34.313+0200][1133.933s] GC(61) User=0.16s Sys=0.00s Real=0.00s
[2023-10-11T17:28:34.683+0200][1134.303s] GC(62) Pause Young (Mixed) (G1 Evacuation Pause)
[2023-10-11T17:28:34.683+0200][1134.303s] GC(62) Using 10 workers of 10 for evacuation
[2023-10-11T17:28:34.684+0200][1134.304s] GC(62)   Pre Evacuate Collection Set: 0.1ms
[2023-10-11T17:28:34.684+0200][1134.304s] GC(62)   Merge Heap Roots: 0.1ms
[2023-10-11T17:28:34.684+0200][1134.304s] GC(62)   Evacuate Collection Set: 0.4ms
[2023-10-11T17:28:34.684+0200][1134.304s] GC(62)   Post Evacuate Collection Set: 0.4ms
[2023-10-11T17:28:34.684+0200][1134.304s] GC(62)   Other: 0.1ms
[2023-10-11T17:28:34.684+0200][1134.304s] GC(62) Eden regions: 24->0(305)
[2023-10-11T17:28:34.684+0200][1134.304s] GC(62) Survivor regions: 1->2(4)
[2023-10-11T17:28:34.684+0200][1134.304s] GC(62) Old regions: 72->69
[2023-10-11T17:28:34.684+0200][1134.304s] GC(62) Archive regions: 0->0
[2023-10-11T17:28:34.684+0200][1134.304s] GC(62) Humongous regions: 4->4
[2023-10-11T17:28:34.684+0200][1134.304s] GC(62) Metaspace: 62161K(62656K)->62161K(62656K) NonClass: 55169K(55424K)->55169K(55424K) Class: 6992K(7232K)->6992K(7232K)
[2023-10-11T17:28:34.684+0200][1134.304s] GC(62) Pause Young (Mixed) (G1 Evacuation Pause) 99M->74M(512M) 1.210ms
[2023-10-11T17:28:34.684+0200][1134.304s] GC(62) User=0.00s Sys=0.00s Real=0.00s
[2023-10-11T17:28:39.779+0200][1139.399s] GC(63) Pause Young (Normal) (G1 Evacuation Pause)
[2023-10-11T17:28:39.779+0200][1139.399s] GC(63) Using 10 workers of 10 for evacuation
[2023-10-11T17:28:39.780+0200][1139.401s] GC(63)   Pre Evacuate Collection Set: 0.1ms
[2023-10-11T17:28:39.780+0200][1139.401s] GC(63)   Merge Heap Roots: 0.1ms
[2023-10-11T17:28:39.780+0200][1139.401s] GC(63)   Evacuate Collection Set: 0.9ms
[2023-10-11T17:28:39.780+0200][1139.401s] GC(63)   Post Evacuate Collection Set: 0.4ms
[2023-10-11T17:28:39.781+0200][1139.401s] GC(63)   Other: 0.1ms
[2023-10-11T17:28:39.781+0200][1139.401s] GC(63) Eden regions: 305->0(301)
[2023-10-11T17:28:39.781+0200][1139.401s] GC(63) Survivor regions: 2->6(39)
[2023-10-11T17:28:39.781+0200][1139.401s] GC(63) Old regions: 69->69
[2023-10-11T17:28:39.781+0200][1139.401s] GC(63) Archive regions: 0->0
[2023-10-11T17:28:39.781+0200][1139.401s] GC(63) Humongous regions: 4->4
[2023-10-11T17:28:39.781+0200][1139.401s] GC(63) Metaspace: 62169K(62720K)->62169K(62720K) NonClass: 55176K(55488K)->55176K(55488K) Class: 6992K(7232K)->6992K(7232K)
[2023-10-11T17:28:39.781+0200][1139.401s] GC(63) Pause Young (Normal) (G1 Evacuation Pause) 379M->78M(512M) 1.710ms
[2023-10-11T17:28:39.781+0200][1139.401s] GC(63) User=0.16s Sys=0.00s Real=0.00s
[2023-10-11T17:28:44.823+0200][1144.444s] GC(64) Pause Young (Normal) (G1 Evacuation Pause)
[2023-10-11T17:28:44.823+0200][1144.444s] GC(64) Using 10 workers of 10 for evacuation
[2023-10-11T17:28:44.826+0200][1144.446s] GC(64)   Pre Evacuate Collection Set: 0.1ms
[2023-10-11T17:28:44.826+0200][1144.446s] GC(64)   Merge Heap Roots: 0.0ms
[2023-10-11T17:28:44.826+0200][1144.446s] GC(64)   Evacuate Collection Set: 1.3ms
[2023-10-11T17:28:44.826+0200][1144.446s] GC(64)   Post Evacuate Collection Set: 0.5ms
[2023-10-11T17:28:44.826+0200][1144.446s] GC(64)   Other: 0.1ms
[2023-10-11T17:28:44.826+0200][1144.446s] GC(64) Eden regions: 301->0(297)
[2023-10-11T17:28:44.826+0200][1144.446s] GC(64) Survivor regions: 6->10(39)
[2023-10-11T17:28:44.826+0200][1144.446s] GC(64) Old regions: 69->69
[2023-10-11T17:28:44.826+0200][1144.446s] GC(64) Archive regions: 0->0
[2023-10-11T17:28:44.826+0200][1144.446s] GC(64) Humongous regions: 4->4
[2023-10-11T17:28:44.826+0200][1144.446s] GC(64) Metaspace: 62169K(62720K)->62169K(62720K) NonClass: 55176K(55488K)->55176K(55488K) Class: 6992K(7232K)->6992K(7232K)
[2023-10-11T17:28:44.826+0200][1144.446s] GC(64) Pause Young (Normal) (G1 Evacuation Pause) 379M->81M(512M) 2.282ms
[2023-10-11T17:28:44.826+0200][1144.446s] GC(64) User=0.00s Sys=0.00s Real=0.00s
[2023-10-11T17:28:49.577+0200][1149.197s] GC(65) Pause Young (Normal) (G1 Evacuation Pause)
[2023-10-11T17:28:49.577+0200][1149.197s] GC(65) Using 10 workers of 10 for evacuation
[2023-10-11T17:28:49.580+0200][1149.200s] GC(65)   Pre Evacuate Collection Set: 0.1ms
[2023-10-11T17:28:49.580+0200][1149.200s] GC(65)   Merge Heap Roots: 0.1ms
[2023-10-11T17:28:49.580+0200][1149.200s] GC(65)   Evacuate Collection Set: 2.0ms
[2023-10-11T17:28:49.580+0200][1149.200s] GC(65)   Post Evacuate Collection Set: 0.6ms
[2023-10-11T17:28:49.580+0200][1149.200s] GC(65)   Other: 0.1ms
[2023-10-11T17:28:49.580+0200][1149.200s] GC(65) Eden regions: 297->0(294)
[2023-10-11T17:28:49.580+0200][1149.200s] GC(65) Survivor regions: 10->13(39)
[2023-10-11T17:28:49.580+0200][1149.200s] GC(65) Old regions: 69->69
[2023-10-11T17:28:49.580+0200][1149.200s] GC(65) Archive regions: 0->0
[2023-10-11T17:28:49.580+0200][1149.200s] GC(65) Humongous regions: 4->4
[2023-10-11T17:28:49.580+0200][1149.200s] GC(65) Metaspace: 62171K(62720K)->62171K(62720K) NonClass: 55178K(55488K)->55178K(55488K) Class: 6992K(7232K)->6992K(7232K)
[2023-10-11T17:28:49.581+0200][1149.200s] GC(65) Pause Young (Normal) (G1 Evacuation Pause) 378M->85M(512M) 3.094ms
[2023-10-11T17:28:49.581+0200][1149.200s] GC(65) User=0.02s Sys=0.00s Real=0.00s
[2023-10-11T17:28:54.511+0200][1154.131s] GC(66) Pause Young (Normal) (G1 Evacuation Pause)
[2023-10-11T17:28:54.511+0200][1154.131s] GC(66) Using 10 workers of 10 for evacuation
[2023-10-11T17:28:54.515+0200][1154.135s] GC(66)   Pre Evacuate Collection Set: 0.1ms
[2023-10-11T17:28:54.515+0200][1154.135s] GC(66)   Merge Heap Roots: 0.1ms
[2023-10-11T17:28:54.515+0200][1154.135s] GC(66)   Evacuate Collection Set: 2.3ms
[2023-10-11T17:28:54.515+0200][1154.135s] GC(66)   Post Evacuate Collection Set: 0.6ms
[2023-10-11T17:28:54.515+0200][1154.135s] GC(66)   Other: 0.1ms
[2023-10-11T17:28:54.515+0200][1154.135s] GC(66) Eden regions: 294->0(291)
[2023-10-11T17:28:54.515+0200][1154.135s] GC(66) Survivor regions: 13->16(39)
[2023-10-11T17:28:54.515+0200][1154.135s] GC(66) Old regions: 69->69
[2023-10-11T17:28:54.515+0200][1154.135s] GC(66) Archive regions: 0->0
[2023-10-11T17:28:54.515+0200][1154.135s] GC(66) Humongous regions: 4->4
[2023-10-11T17:28:54.515+0200][1154.135s] GC(66) Metaspace: 62178K(62720K)->62178K(62720K) NonClass: 55185K(55488K)->55185K(55488K) Class: 6992K(7232K)->6992K(7232K)
[2023-10-11T17:28:54.515+0200][1154.135s] GC(66) Pause Young (Normal) (G1 Evacuation Pause) 379M->88M(512M) 3.453ms
[2023-10-11T17:28:54.515+0200][1154.135s] GC(66) User=0.02s Sys=0.00s Real=0.00s
[2023-10-11T17:28:59.276+0200][1158.896s] GC(67) Pause Young (Normal) (G1 Evacuation Pause)
[2023-10-11T17:28:59.276+0200][1158.896s] GC(67) Using 10 workers of 10 for evacuation
[2023-10-11T17:28:59.279+0200][1158.899s] GC(67)   Pre Evacuate Collection Set: 0.1ms
[2023-10-11T17:28:59.279+0200][1158.899s] GC(67)   Merge Heap Roots: 0.1ms
[2023-10-11T17:28:59.279+0200][1158.899s] GC(67)   Evacuate Collection Set: 2.5ms
[2023-10-11T17:28:59.279+0200][1158.899s] GC(67)   Post Evacuate Collection Set: 0.5ms
[2023-10-11T17:28:59.279+0200][1158.899s] GC(67)   Other: 0.1ms
[2023-10-11T17:28:59.279+0200][1158.899s] GC(67) Eden regions: 291->0(287)
[2023-10-11T17:28:59.279+0200][1158.899s] GC(67) Survivor regions: 16->20(39)
[2023-10-11T17:28:59.279+0200][1158.899s] GC(67) Old regions: 69->69
[2023-10-11T17:28:59.279+0200][1158.899s] GC(67) Archive regions: 0->0
[2023-10-11T17:28:59.279+0200][1158.899s] GC(67) Humongous regions: 4->4
[2023-10-11T17:28:59.279+0200][1158.899s] GC(67) Metaspace: 62180K(62720K)->62180K(62720K) NonClass: 55187K(55488K)->55187K(55488K) Class: 6992K(7232K)->6992K(7232K)
[2023-10-11T17:28:59.279+0200][1158.899s] GC(67) Pause Young (Normal) (G1 Evacuation Pause) 379M->91M(512M) 3.443ms
[2023-10-11T17:28:59.279+0200][1158.899s] GC(67) User=0.00s Sys=0.00s Real=0.00s
[2023-10-11T17:29:04.231+0200][1163.851s] GC(68) Pause Young (Normal) (G1 Evacuation Pause)
[2023-10-11T17:29:04.231+0200][1163.851s] GC(68) Using 10 workers of 10 for evacuation
[2023-10-11T17:29:04.236+0200][1163.855s] GC(68)   Pre Evacuate Collection Set: 0.1ms
[2023-10-11T17:29:04.236+0200][1163.855s] GC(68)   Merge Heap Roots: 0.1ms
[2023-10-11T17:29:04.236+0200][1163.855s] GC(68)   Evacuate Collection Set: 3.1ms
[2023-10-11T17:29:04.236+0200][1163.855s] GC(68)   Post Evacuate Collection Set: 0.6ms
[2023-10-11T17:29:04.236+0200][1163.855s] GC(68)   Other: 0.1ms
[2023-10-11T17:29:04.236+0200][1163.855s] GC(68) Eden regions: 287->0(283)
[2023-10-11T17:29:04.236+0200][1163.855s] GC(68) Survivor regions: 20->24(39)
[2023-10-11T17:29:04.236+0200][1163.855s] GC(68) Old regions: 69->69
[2023-10-11T17:29:04.236+0200][1163.855s] GC(68) Archive regions: 0->0
[2023-10-11T17:29:04.236+0200][1163.855s] GC(68) Humongous regions: 4->4
[2023-10-11T17:29:04.236+0200][1163.855s] GC(68) Metaspace: 62209K(62720K)->62209K(62720K) NonClass: 55217K(55488K)->55217K(55488K) Class: 6992K(7232K)->6992K(7232K)
[2023-10-11T17:29:04.236+0200][1163.856s] GC(68) Pause Young (Normal) (G1 Evacuation Pause) 378M->95M(512M) 4.172ms
[2023-10-11T17:29:04.236+0200][1163.856s] GC(68) User=0.16s Sys=0.00s Real=0.01s
[2023-10-11T17:29:04.886+0200][1164.506s] GC(69) Pause Young (Concurrent Start) (CodeCache GC Threshold)
[2023-10-11T17:29:04.886+0200][1164.506s] GC(69) Using 10 workers of 10 for evacuation
[2023-10-11T17:29:04.890+0200][1164.510s] GC(69)   Pre Evacuate Collection Set: 0.1ms
[2023-10-11T17:29:04.890+0200][1164.510s] GC(69)   Merge Heap Roots: 0.1ms
[2023-10-11T17:29:04.890+0200][1164.510s] GC(69)   Evacuate Collection Set: 3.2ms
[2023-10-11T17:29:04.890+0200][1164.510s] GC(69)   Post Evacuate Collection Set: 0.5ms
[2023-10-11T17:29:04.890+0200][1164.510s] GC(69)   Other: 0.1ms
[2023-10-11T17:29:04.890+0200][1164.510s] GC(69) Eden regions: 39->0(287)
[2023-10-11T17:29:04.890+0200][1164.510s] GC(69) Survivor regions: 24->20(39)
[2023-10-11T17:29:04.890+0200][1164.510s] GC(69) Old regions: 69->73
[2023-10-11T17:29:04.890+0200][1164.510s] GC(69) Archive regions: 0->0
[2023-10-11T17:29:04.890+0200][1164.510s] GC(69) Humongous regions: 4->4
[2023-10-11T17:29:04.890+0200][1164.510s] GC(69) Metaspace: 62209K(62720K)->62209K(62720K) NonClass: 55217K(55488K)->55217K(55488K) Class: 6992K(7232K)->6992K(7232K)
[2023-10-11T17:29:04.890+0200][1164.510s] GC(69) Pause Young (Concurrent Start) (CodeCache GC Threshold) 134M->95M(512M) 4.300ms
[2023-10-11T17:29:04.890+0200][1164.510s] GC(70) Concurrent Mark Cycle
[2023-10-11T17:29:04.890+0200][1164.510s] GC(69) User=0.00s Sys=0.00s Real=0.00s
[2023-10-11T17:29:04.890+0200][1164.510s] GC(70) Concurrent Clear Claimed Marks
[2023-10-11T17:29:04.890+0200][1164.511s] GC(70) Concurrent Clear Claimed Marks 0.112ms
[2023-10-11T17:29:04.890+0200][1164.511s] GC(70) Concurrent Scan Root Regions
[2023-10-11T17:29:04.892+0200][1164.512s] GC(70) Concurrent Scan Root Regions 1.377ms
[2023-10-11T17:29:04.892+0200][1164.512s] GC(70) Concurrent Mark
[2023-10-11T17:29:04.892+0200][1164.512s] GC(70) Concurrent Mark From Roots
[2023-10-11T17:29:04.892+0200][1164.512s] GC(70) Using 3 workers of 3 for marking
[2023-10-11T17:29:04.916+0200][1164.536s] GC(70) Concurrent Mark From Roots 24.063ms
[2023-10-11T17:29:04.916+0200][1164.536s] GC(70) Concurrent Preclean
[2023-10-11T17:29:04.916+0200][1164.536s] GC(70) Concurrent Preclean 0.161ms
[2023-10-11T17:29:04.916+0200][1164.536s] GC(70) Pause Remark
[2023-10-11T17:29:04.920+0200][1164.540s] GC(70) Pause Remark 97M->97M(512M) 3.608ms
[2023-10-11T17:29:04.920+0200][1164.540s] GC(70) User=0.00s Sys=0.00s Real=0.00s
[2023-10-11T17:29:04.920+0200][1164.540s] GC(70) Concurrent Mark 28.110ms
[2023-10-11T17:29:04.920+0200][1164.540s] GC(70) Concurrent Rebuild Remembered Sets
[2023-10-11T17:29:04.931+0200][1164.551s] GC(70) Concurrent Rebuild Remembered Sets 10.811ms
[2023-10-11T17:29:04.931+0200][1164.551s] GC(70) Pause Cleanup
[2023-10-11T17:29:04.932+0200][1164.551s] GC(70) Pause Cleanup 97M->97M(512M) 0.165ms
[2023-10-11T17:29:04.932+0200][1164.551s] GC(70) User=0.00s Sys=0.00s Real=0.00s
[2023-10-11T17:29:04.932+0200][1164.552s] GC(70) Concurrent Cleanup for Next Mark
[2023-10-11T17:29:04.932+0200][1164.552s] GC(70) Concurrent Cleanup for Next Mark 0.694ms
[2023-10-11T17:29:04.933+0200][1164.552s] GC(70) Concurrent Mark Cycle 41.776ms
[2023-10-11T17:29:09.640+0200][1169.260s] GC(71) Pause Young (Prepare Mixed) (G1 Evacuation Pause)
[2023-10-11T17:29:09.640+0200][1169.260s] GC(71) Using 10 workers of 10 for evacuation
[2023-10-11T17:29:09.644+0200][1169.264s] GC(71)   Pre Evacuate Collection Set: 0.1ms
[2023-10-11T17:29:09.644+0200][1169.264s] GC(71)   Merge Heap Roots: 0.1ms
[2023-10-11T17:29:09.644+0200][1169.264s] GC(71)   Evacuate Collection Set: 3.0ms
[2023-10-11T17:29:09.644+0200][1169.264s] GC(71)   Post Evacuate Collection Set: 0.6ms
[2023-10-11T17:29:09.644+0200][1169.264s] GC(71)   Other: 0.1ms
[2023-10-11T17:29:09.644+0200][1169.264s] GC(71) Eden regions: 287->0(2)
[2023-10-11T17:29:09.644+0200][1169.264s] GC(71) Survivor regions: 20->23(39)
[2023-10-11T17:29:09.644+0200][1169.264s] GC(71) Old regions: 73->73
[2023-10-11T17:29:09.644+0200][1169.264s] GC(71) Archive regions: 0->0
[2023-10-11T17:29:09.644+0200][1169.264s] GC(71) Humongous regions: 4->4
[2023-10-11T17:29:09.644+0200][1169.264s] GC(71) Metaspace: 62233K(62848K)->62233K(62848K) NonClass: 55235K(55552K)->55235K(55552K) Class: 6997K(7296K)->6997K(7296K)
[2023-10-11T17:29:09.644+0200][1169.264s] GC(71) Pause Young (Prepare Mixed) (G1 Evacuation Pause) 382M->98M(512M) 4.178ms
[2023-10-11T17:29:09.644+0200][1169.264s] GC(71) User=0.00s Sys=0.00s Real=0.00s
[2023-10-11T17:29:09.667+0200][1169.287s] GC(72) Pause Young (Mixed) (G1 Evacuation Pause)
[2023-10-11T17:29:09.667+0200][1169.287s] GC(72) Using 10 workers of 10 for evacuation
[2023-10-11T17:29:09.671+0200][1169.291s] GC(72)   Pre Evacuate Collection Set: 0.1ms
[2023-10-11T17:29:09.671+0200][1169.291s] GC(72)   Merge Heap Roots: 0.1ms
[2023-10-11T17:29:09.671+0200][1169.291s] GC(72)   Evacuate Collection Set: 3.1ms
[2023-10-11T17:29:09.671+0200][1169.291s] GC(72)   Post Evacuate Collection Set: 0.5ms
[2023-10-11T17:29:09.671+0200][1169.291s] GC(72)   Other: 0.1ms
[2023-10-11T17:29:09.671+0200][1169.291s] GC(72) Eden regions: 2->0(305)
[2023-10-11T17:29:09.671+0200][1169.291s] GC(72) Survivor regions: 23->2(4)
[2023-10-11T17:29:09.671+0200][1169.291s] GC(72) Old regions: 73->90
[2023-10-11T17:29:09.671+0200][1169.291s] GC(72) Archive regions: 0->0
[2023-10-11T17:29:09.671+0200][1169.291s] GC(72) Humongous regions: 4->4
[2023-10-11T17:29:09.671+0200][1169.291s] GC(72) Metaspace: 62233K(62848K)->62233K(62848K) NonClass: 55235K(55552K)->55235K(55552K) Class: 6997K(7296K)->6997K(7296K)
[2023-10-11T17:29:09.671+0200][1169.291s] GC(72) Pause Young (Mixed) (G1 Evacuation Pause) 100M->95M(512M) 4.120ms
[2023-10-11T17:29:09.671+0200][1169.291s] GC(72) User=0.00s Sys=0.00s Real=0.00s
[2023-10-11T17:29:14.805+0200][1174.424s] GC(73) Pause Young (Normal) (G1 Evacuation Pause)
[2023-10-11T17:29:14.805+0200][1174.424s] GC(73) Using 10 workers of 10 for evacuation
[2023-10-11T17:29:14.806+0200][1174.426s] GC(73)   Pre Evacuate Collection Set: 0.1ms
[2023-10-11T17:29:14.806+0200][1174.426s] GC(73)   Merge Heap Roots: 0.1ms
[2023-10-11T17:29:14.806+0200][1174.426s] GC(73)   Evacuate Collection Set: 0.8ms
[2023-10-11T17:29:14.806+0200][1174.426s] GC(73)   Post Evacuate Collection Set: 0.6ms
[2023-10-11T17:29:14.806+0200][1174.426s] GC(73)   Other: 0.1ms
[2023-10-11T17:29:14.806+0200][1174.426s] GC(73) Eden regions: 305->0(302)
[2023-10-11T17:29:14.806+0200][1174.426s] GC(73) Survivor regions: 2->5(39)
[2023-10-11T17:29:14.806+0200][1174.426s] GC(73) Old regions: 90->90
[2023-10-11T17:29:14.806+0200][1174.426s] GC(73) Archive regions: 0->0
[2023-10-11T17:29:14.806+0200][1174.426s] GC(73) Humongous regions: 4->4
[2023-10-11T17:29:14.806+0200][1174.426s] GC(73) Metaspace: 62235K(62848K)->62235K(62848K) NonClass: 55237K(55552K)->55237K(55552K) Class: 6997K(7296K)->6997K(7296K)
[2023-10-11T17:29:14.806+0200][1174.426s] GC(73) Pause Young (Normal) (G1 Evacuation Pause) 400M->98M(512M) 1.895ms
[2023-10-11T17:29:14.806+0200][1174.426s] GC(73) User=0.00s Sys=0.00s Real=0.00s
[2023-10-11T17:29:19.946+0200][1179.566s] GC(74) Pause Young (Normal) (G1 Evacuation Pause)
[2023-10-11T17:29:19.946+0200][1179.566s] GC(74) Using 10 workers of 10 for evacuation
[2023-10-11T17:29:19.949+0200][1179.568s] GC(74)   Pre Evacuate Collection Set: 0.1ms
[2023-10-11T17:29:19.949+0200][1179.568s] GC(74)   Merge Heap Roots: 0.1ms
[2023-10-11T17:29:19.949+0200][1179.568s] GC(74)   Evacuate Collection Set: 1.3ms
[2023-10-11T17:29:19.949+0200][1179.568s] GC(74)   Post Evacuate Collection Set: 0.6ms
[2023-10-11T17:29:19.949+0200][1179.568s] GC(74)   Other: 0.1ms
[2023-10-11T17:29:19.949+0200][1179.568s] GC(74) Eden regions: 302->0(297)
[2023-10-11T17:29:19.949+0200][1179.568s] GC(74) Survivor regions: 5->10(39)
[2023-10-11T17:29:19.949+0200][1179.568s] GC(74) Old regions: 90->90
[2023-10-11T17:29:19.949+0200][1179.568s] GC(74) Archive regions: 0->0
[2023-10-11T17:29:19.949+0200][1179.568s] GC(74) Humongous regions: 4->4
[2023-10-11T17:29:19.949+0200][1179.568s] GC(74) Metaspace: 62237K(62848K)->62237K(62848K) NonClass: 55240K(55552K)->55240K(55552K) Class: 6997K(7296K)->6997K(7296K)
[2023-10-11T17:29:19.949+0200][1179.568s] GC(74) Pause Young (Normal) (G1 Evacuation Pause) 400M->103M(512M) 2.377ms
[2023-10-11T17:29:19.949+0200][1179.568s] GC(74) User=0.00s Sys=0.00s Real=0.00s
[2023-10-11T17:29:25.065+0200][1184.684s] GC(75) Pause Young (Normal) (G1 Evacuation Pause)
[2023-10-11T17:29:25.065+0200][1184.684s] GC(75) Using 10 workers of 10 for evacuation
[2023-10-11T17:29:25.068+0200][1184.687s] GC(75)   Pre Evacuate Collection Set: 0.1ms
[2023-10-11T17:29:25.068+0200][1184.687s] GC(75)   Merge Heap Roots: 0.2ms
[2023-10-11T17:29:25.068+0200][1184.687s] GC(75)   Evacuate Collection Set: 1.7ms
[2023-10-11T17:29:25.068+0200][1184.687s] GC(75)   Post Evacuate Collection Set: 0.7ms
[2023-10-11T17:29:25.068+0200][1184.687s] GC(75)   Other: 0.1ms
[2023-10-11T17:29:25.068+0200][1184.687s] GC(75) Eden regions: 297->0(294)
[2023-10-11T17:29:25.068+0200][1184.687s] GC(75) Survivor regions: 10->13(39)
[2023-10-11T17:29:25.068+0200][1184.687s] GC(75) Old regions: 90->90
[2023-10-11T17:29:25.068+0200][1184.687s] GC(75) Archive regions: 0->0
[2023-10-11T17:29:25.068+0200][1184.687s] GC(75) Humongous regions: 4->4
[2023-10-11T17:29:25.068+0200][1184.687s] GC(75) Metaspace: 62240K(62848K)->62240K(62848K) NonClass: 55243K(55552K)->55243K(55552K) Class: 6997K(7296K)->6997K(7296K)
[2023-10-11T17:29:25.068+0200][1184.687s] GC(75) Pause Young (Normal) (G1 Evacuation Pause) 400M->106M(512M) 2.951ms
[2023-10-11T17:29:25.068+0200][1184.687s] GC(75) User=0.00s Sys=0.00s Real=0.00s
[2023-10-11T17:29:30.174+0200][1189.794s] GC(76) Pause Young (Normal) (G1 Evacuation Pause)
[2023-10-11T17:29:30.174+0200][1189.794s] GC(76) Using 10 workers of 10 for evacuation
[2023-10-11T17:29:30.178+0200][1189.798s] GC(76)   Pre Evacuate Collection Set: 0.1ms
[2023-10-11T17:29:30.178+0200][1189.798s] GC(76)   Merge Heap Roots: 0.1ms
[2023-10-11T17:29:30.178+0200][1189.798s] GC(76)   Evacuate Collection Set: 2.7ms
[2023-10-11T17:29:30.178+0200][1189.798s] GC(76)   Post Evacuate Collection Set: 0.7ms
[2023-10-11T17:29:30.178+0200][1189.798s] GC(76)   Other: 0.1ms
[2023-10-11T17:29:30.178+0200][1189.798s] GC(76) Eden regions: 294->0(290)
[2023-10-11T17:29:30.178+0200][1189.798s] GC(76) Survivor regions: 13->17(39)
[2023-10-11T17:29:30.178+0200][1189.798s] GC(76) Old regions: 90->90
[2023-10-11T17:29:30.178+0200][1189.798s] GC(76) Archive regions: 0->0
[2023-10-11T17:29:30.178+0200][1189.798s] GC(76) Humongous regions: 4->4
[2023-10-11T17:29:30.178+0200][1189.798s] GC(76) Metaspace: 62240K(62848K)->62240K(62848K) NonClass: 55243K(55552K)->55243K(55552K) Class: 6997K(7296K)->6997K(7296K)
[2023-10-11T17:29:30.178+0200][1189.798s] GC(76) Pause Young (Normal) (G1 Evacuation Pause) 400M->110M(512M) 3.900ms
[2023-10-11T17:29:30.178+0200][1189.798s] GC(76) User=0.00s Sys=0.00s Real=0.00s
[2023-10-11T17:29:35.262+0200][1194.881s] GC(77) Pause Young (Normal) (G1 Evacuation Pause)
[2023-10-11T17:29:35.262+0200][1194.882s] GC(77) Using 10 workers of 10 for evacuation
[2023-10-11T17:29:35.266+0200][1194.885s] GC(77)   Pre Evacuate Collection Set: 0.1ms
[2023-10-11T17:29:35.266+0200][1194.885s] GC(77)   Merge Heap Roots: 0.1ms
[2023-10-11T17:29:35.266+0200][1194.885s] GC(77)   Evacuate Collection Set: 2.9ms
[2023-10-11T17:29:35.266+0200][1194.885s] GC(77)   Post Evacuate Collection Set: 0.6ms
[2023-10-11T17:29:35.266+0200][1194.885s] GC(77)   Other: 0.1ms
[2023-10-11T17:29:35.266+0200][1194.885s] GC(77) Eden regions: 290->0(286)
[2023-10-11T17:29:35.266+0200][1194.885s] GC(77) Survivor regions: 17->21(39)
[2023-10-11T17:29:35.266+0200][1194.885s] GC(77) Old regions: 90->90
[2023-10-11T17:29:35.266+0200][1194.885s] GC(77) Archive regions: 0->0
[2023-10-11T17:29:35.266+0200][1194.885s] GC(77) Humongous regions: 4->4
[2023-10-11T17:29:35.266+0200][1194.885s] GC(77) Metaspace: 62245K(62848K)->62245K(62848K) NonClass: 55248K(55552K)->55248K(55552K) Class: 6997K(7296K)->6997K(7296K)
[2023-10-11T17:29:35.266+0200][1194.885s] GC(77) Pause Young (Normal) (G1 Evacuation Pause) 400M->113M(512M) 3.928ms
[2023-10-11T17:29:35.266+0200][1194.885s] GC(77) User=0.16s Sys=0.00s Real=0.00s
[2023-10-11T17:29:43.076+0200][1202.696s] GC(78) Pause Young (Concurrent Start) (CodeCache GC Threshold)
[2023-10-11T17:29:43.076+0200][1202.696s] GC(78) Using 10 workers of 10 for evacuation
[2023-10-11T17:29:43.079+0200][1202.699s] GC(78)   Pre Evacuate Collection Set: 0.1ms
[2023-10-11T17:29:43.079+0200][1202.699s] GC(78)   Merge Heap Roots: 0.1ms
[2023-10-11T17:29:43.079+0200][1202.699s] GC(78)   Evacuate Collection Set: 2.6ms
[2023-10-11T17:29:43.079+0200][1202.699s] GC(78)   Post Evacuate Collection Set: 0.5ms
[2023-10-11T17:29:43.079+0200][1202.699s] GC(78)   Other: 0.1ms
[2023-10-11T17:29:43.079+0200][1202.699s] GC(78) Eden regions: 206->0(291)
[2023-10-11T17:29:43.079+0200][1202.699s] GC(78) Survivor regions: 21->16(39)
[2023-10-11T17:29:43.079+0200][1202.699s] GC(78) Old regions: 90->90
[2023-10-11T17:29:43.079+0200][1202.699s] GC(78) Archive regions: 0->0
[2023-10-11T17:29:43.079+0200][1202.699s] GC(78) Humongous regions: 4->4
[2023-10-11T17:29:43.079+0200][1202.700s] GC(78) Metaspace: 62289K(62848K)->62289K(62848K) NonClass: 55289K(55552K)->55289K(55552K) Class: 7000K(7296K)->7000K(7296K)
[2023-10-11T17:29:43.079+0200][1202.700s] GC(78) Pause Young (Concurrent Start) (CodeCache GC Threshold) 319M->109M(512M) 3.686ms
[2023-10-11T17:29:43.079+0200][1202.700s] GC(79) Concurrent Mark Cycle
[2023-10-11T17:29:43.079+0200][1202.700s] GC(78) User=0.16s Sys=0.00s Real=0.00s
[2023-10-11T17:29:43.080+0200][1202.700s] GC(79) Concurrent Clear Claimed Marks
[2023-10-11T17:29:43.080+0200][1202.700s] GC(79) Concurrent Clear Claimed Marks 0.165ms
[2023-10-11T17:29:43.080+0200][1202.700s] GC(79) Concurrent Scan Root Regions
[2023-10-11T17:29:43.081+0200][1202.701s] GC(79) Concurrent Scan Root Regions 1.028ms
[2023-10-11T17:29:43.081+0200][1202.701s] GC(79) Concurrent Mark
[2023-10-11T17:29:43.081+0200][1202.701s] GC(79) Concurrent Mark From Roots
[2023-10-11T17:29:43.081+0200][1202.701s] GC(79) Using 3 workers of 3 for marking
[2023-10-11T17:29:43.101+0200][1202.721s] GC(79) Concurrent Mark From Roots 20.095ms
[2023-10-11T17:29:43.101+0200][1202.721s] GC(79) Concurrent Preclean
[2023-10-11T17:29:43.101+0200][1202.721s] GC(79) Concurrent Preclean 0.159ms
[2023-10-11T17:29:43.101+0200][1202.721s] GC(79) Pause Remark
[2023-10-11T17:29:43.107+0200][1202.727s] GC(79) Pause Remark 111M->111M(512M) 5.610ms
[2023-10-11T17:29:43.107+0200][1202.727s] GC(79) User=0.00s Sys=0.00s Real=0.01s
[2023-10-11T17:29:43.107+0200][1202.727s] GC(79) Concurrent Mark 26.161ms
[2023-10-11T17:29:43.107+0200][1202.727s] GC(79) Concurrent Rebuild Remembered Sets
[2023-10-11T17:29:43.118+0200][1202.738s] GC(79) Concurrent Rebuild Remembered Sets 10.631ms
[2023-10-11T17:29:43.118+0200][1202.738s] GC(79) Pause Cleanup
[2023-10-11T17:29:43.118+0200][1202.738s] GC(79) Pause Cleanup 111M->111M(512M) 0.172ms
[2023-10-11T17:29:43.118+0200][1202.738s] GC(79) User=0.00s Sys=0.00s Real=0.00s
[2023-10-11T17:29:43.118+0200][1202.738s] GC(79) Concurrent Cleanup for Next Mark
[2023-10-11T17:29:43.119+0200][1202.739s] GC(79) Concurrent Cleanup for Next Mark 0.661ms
[2023-10-11T17:29:43.119+0200][1202.739s] GC(79) Concurrent Mark Cycle 39.210ms
[2023-10-11T17:29:47.890+0200][1207.511s] GC(80) Pause Young (Prepare Mixed) (G1 Evacuation Pause)
[2023-10-11T17:29:47.890+0200][1207.511s] GC(80) Using 10 workers of 10 for evacuation
[2023-10-11T17:29:47.892+0200][1207.512s] GC(80)   Pre Evacuate Collection Set: 0.1ms
[2023-10-11T17:29:47.892+0200][1207.512s] GC(80)   Merge Heap Roots: 0.1ms
[2023-10-11T17:29:47.892+0200][1207.512s] GC(80)   Evacuate Collection Set: 1.1ms
[2023-10-11T17:29:47.892+0200][1207.512s] GC(80)   Post Evacuate Collection Set: 0.3ms
[2023-10-11T17:29:47.892+0200][1207.512s] GC(80)   Other: 0.1ms
[2023-10-11T17:29:47.892+0200][1207.512s] GC(80) Eden regions: 291->0(18)
[2023-10-11T17:29:47.892+0200][1207.512s] GC(80) Survivor regions: 16->7(39)
[2023-10-11T17:29:47.892+0200][1207.512s] GC(80) Old regions: 90->90
[2023-10-11T17:29:47.892+0200][1207.512s] GC(80) Archive regions: 0->0
[2023-10-11T17:29:47.892+0200][1207.512s] GC(80) Humongous regions: 4->4
[2023-10-11T17:29:47.892+0200][1207.512s] GC(80) Metaspace: 62297K(62848K)->62297K(62848K) NonClass: 55297K(55552K)->55297K(55552K) Class: 7000K(7296K)->7000K(7296K)
[2023-10-11T17:29:47.892+0200][1207.512s] GC(80) Pause Young (Prepare Mixed) (G1 Evacuation Pause) 400M->99M(512M) 1.844ms
[2023-10-11T17:29:47.892+0200][1207.512s] GC(80) User=0.00s Sys=0.00s Real=0.00s
[2023-10-11T17:29:48.206+0200][1207.825s] GC(81) Pause Young (Mixed) (G1 Evacuation Pause)
[2023-10-11T17:29:48.206+0200][1207.825s] GC(81) Using 10 workers of 10 for evacuation
[2023-10-11T17:29:48.208+0200][1207.827s] GC(81)   Pre Evacuate Collection Set: 0.1ms
[2023-10-11T17:29:48.208+0200][1207.827s] GC(81)   Merge Heap Roots: 0.1ms
[2023-10-11T17:29:48.208+0200][1207.827s] GC(81)   Evacuate Collection Set: 1.2ms
[2023-10-11T17:29:48.208+0200][1207.827s] GC(81)   Post Evacuate Collection Set: 0.4ms
[2023-10-11T17:29:48.208+0200][1207.827s] GC(81)   Other: 0.1ms
[2023-10-11T17:29:48.208+0200][1207.827s] GC(81) Eden regions: 18->0(305)
[2023-10-11T17:29:48.208+0200][1207.827s] GC(81) Survivor regions: 7->2(4)
[2023-10-11T17:29:48.208+0200][1207.827s] GC(81) Old regions: 90->71
[2023-10-11T17:29:48.208+0200][1207.827s] GC(81) Archive regions: 0->0
[2023-10-11T17:29:48.208+0200][1207.827s] GC(81) Humongous regions: 4->4
[2023-10-11T17:29:48.208+0200][1207.827s] GC(81) Metaspace: 62298K(62848K)->62298K(62848K) NonClass: 55298K(55552K)->55298K(55552K) Class: 7000K(7296K)->7000K(7296K)
[2023-10-11T17:29:48.208+0200][1207.828s] GC(81) Pause Young (Mixed) (G1 Evacuation Pause) 117M->75M(512M) 2.080ms
[2023-10-11T17:29:48.208+0200][1207.828s] GC(81) User=0.00s Sys=0.00s Real=0.00s
[2023-10-11T17:29:50.291+0200][1209.911s] GC(82) Pause Young (Concurrent Start) (CodeCache GC Threshold)
[2023-10-11T17:29:50.291+0200][1209.911s] GC(82) Using 10 workers of 10 for evacuation
[2023-10-11T17:29:50.293+0200][1209.913s] GC(82)   Pre Evacuate Collection Set: 0.2ms
[2023-10-11T17:29:50.293+0200][1209.913s] GC(82)   Merge Heap Roots: 0.1ms
[2023-10-11T17:29:50.293+0200][1209.913s] GC(82)   Evacuate Collection Set: 0.8ms
[2023-10-11T17:29:50.293+0200][1209.913s] GC(82)   Post Evacuate Collection Set: 0.4ms
[2023-10-11T17:29:50.293+0200][1209.913s] GC(82)   Other: 0.1ms
[2023-10-11T17:29:50.293+0200][1209.913s] GC(82) Eden regions: 129->0(304)
[2023-10-11T17:29:50.293+0200][1209.913s] GC(82) Survivor regions: 2->3(39)
[2023-10-11T17:29:50.293+0200][1209.913s] GC(82) Old regions: 71->71
[2023-10-11T17:29:50.293+0200][1209.913s] GC(82) Archive regions: 0->0
[2023-10-11T17:29:50.293+0200][1209.913s] GC(82) Humongous regions: 4->4
[2023-10-11T17:29:50.293+0200][1209.913s] GC(82) Metaspace: 62299K(62848K)->62299K(62848K) NonClass: 55299K(55552K)->55299K(55552K) Class: 7000K(7296K)->7000K(7296K)
[2023-10-11T17:29:50.293+0200][1209.913s] GC(82) Pause Young (Concurrent Start) (CodeCache GC Threshold) 204M->77M(512M) 1.840ms
[2023-10-11T17:29:50.293+0200][1209.913s] GC(82) User=0.00s Sys=0.00s Real=0.00s
[2023-10-11T17:29:50.293+0200][1209.913s] GC(83) Concurrent Mark Cycle
[2023-10-11T17:29:50.293+0200][1209.913s] GC(83) Concurrent Clear Claimed Marks
[2023-10-11T17:29:50.293+0200][1209.913s] GC(83) Concurrent Clear Claimed Marks 0.023ms
[2023-10-11T17:29:50.293+0200][1209.913s] GC(83) Concurrent Scan Root Regions
[2023-10-11T17:29:50.293+0200][1209.914s] GC(83) Concurrent Scan Root Regions 0.633ms
[2023-10-11T17:29:50.293+0200][1209.914s] GC(83) Concurrent Mark
[2023-10-11T17:29:50.294+0200][1209.914s] GC(83) Concurrent Mark From Roots
[2023-10-11T17:29:50.294+0200][1209.914s] GC(83) Using 3 workers of 3 for marking
[2023-10-11T17:29:50.316+0200][1209.936s] GC(83) Concurrent Mark From Roots 22.439ms
[2023-10-11T17:29:50.316+0200][1209.936s] GC(83) Concurrent Preclean
[2023-10-11T17:29:50.316+0200][1209.936s] GC(83) Concurrent Preclean 0.180ms
[2023-10-11T17:29:50.316+0200][1209.937s] GC(83) Pause Remark
[2023-10-11T17:29:50.322+0200][1209.941s] GC(83) Pause Remark 79M->79M(512M) 4.864ms
[2023-10-11T17:29:50.322+0200][1209.941s] GC(83) User=0.00s Sys=0.00s Real=0.01s
[2023-10-11T17:29:50.322+0200][1209.942s] GC(83) Concurrent Mark 27.728ms
[2023-10-11T17:29:50.322+0200][1209.942s] GC(83) Concurrent Rebuild Remembered Sets
[2023-10-11T17:29:50.332+0200][1209.952s] GC(83) Concurrent Rebuild Remembered Sets 10.442ms
[2023-10-11T17:29:50.333+0200][1209.952s] GC(83) Pause Cleanup
[2023-10-11T17:29:50.333+0200][1209.952s] GC(83) Pause Cleanup 79M->79M(512M) 0.178ms
[2023-10-11T17:29:50.333+0200][1209.952s] GC(83) User=0.00s Sys=0.00s Real=0.00s
[2023-10-11T17:29:50.333+0200][1209.952s] GC(83) Concurrent Cleanup for Next Mark
[2023-10-11T17:29:50.334+0200][1209.953s] GC(83) Concurrent Cleanup for Next Mark 0.639ms
[2023-10-11T17:29:50.334+0200][1209.953s] GC(83) Concurrent Mark Cycle 40.032ms
[2023-10-11T17:29:55.348+0200][1214.968s] GC(84) Pause Young (Prepare Mixed) (G1 Evacuation Pause)
[2023-10-11T17:29:55.348+0200][1214.968s] GC(84) Using 10 workers of 10 for evacuation
[2023-10-11T17:29:55.351+0200][1214.970s] GC(84)   Pre Evacuate Collection Set: 0.2ms
[2023-10-11T17:29:55.351+0200][1214.970s] GC(84)   Merge Heap Roots: 0.2ms
[2023-10-11T17:29:55.351+0200][1214.970s] GC(84)   Evacuate Collection Set: 1.1ms
[2023-10-11T17:29:55.351+0200][1214.970s] GC(84)   Post Evacuate Collection Set: 0.6ms
[2023-10-11T17:29:55.351+0200][1214.970s] GC(84)   Other: 0.1ms
[2023-10-11T17:29:55.351+0200][1214.970s] GC(84) Eden regions: 304->0(18)
[2023-10-11T17:29:55.351+0200][1214.970s] GC(84) Survivor regions: 3->7(39)
[2023-10-11T17:29:55.351+0200][1214.970s] GC(84) Old regions: 71->71
[2023-10-11T17:29:55.351+0200][1214.970s] GC(84) Archive regions: 0->0
[2023-10-11T17:29:55.351+0200][1214.970s] GC(84) Humongous regions: 4->4
[2023-10-11T17:29:55.351+0200][1214.970s] GC(84) Metaspace: 62300K(62848K)->62300K(62848K) NonClass: 55300K(55552K)->55300K(55552K) Class: 7000K(7296K)->7000K(7296K)
[2023-10-11T17:29:55.351+0200][1214.970s] GC(84) Pause Young (Prepare Mixed) (G1 Evacuation Pause) 381M->81M(512M) 2.391ms
[2023-10-11T17:29:55.351+0200][1214.970s] GC(84) User=0.00s Sys=0.00s Real=0.00s
[2023-10-11T17:29:55.608+0200][1215.228s] GC(85) Pause Young (Mixed) (G1 Evacuation Pause)
[2023-10-11T17:29:55.608+0200][1215.228s] GC(85) Using 10 workers of 10 for evacuation
[2023-10-11T17:29:55.609+0200][1215.229s] GC(85)   Pre Evacuate Collection Set: 0.1ms
[2023-10-11T17:29:55.609+0200][1215.230s] GC(85)   Merge Heap Roots: 0.1ms
[2023-10-11T17:29:55.609+0200][1215.230s] GC(85)   Evacuate Collection Set: 1.1ms
[2023-10-11T17:29:55.609+0200][1215.230s] GC(85)   Post Evacuate Collection Set: 0.4ms
[2023-10-11T17:29:55.609+0200][1215.230s] GC(85)   Other: 0.1ms
[2023-10-11T17:29:55.609+0200][1215.230s] GC(85) Eden regions: 18->0(306)
[2023-10-11T17:29:55.609+0200][1215.230s] GC(85) Survivor regions: 7->1(4)
[2023-10-11T17:29:55.609+0200][1215.230s] GC(85) Old regions: 71->73
[2023-10-11T17:29:55.609+0200][1215.230s] GC(85) Archive regions: 0->0
[2023-10-11T17:29:55.609+0200][1215.230s] GC(85) Humongous regions: 4->4
[2023-10-11T17:29:55.609+0200][1215.230s] GC(85) Metaspace: 62300K(62848K)->62300K(62848K) NonClass: 55300K(55552K)->55300K(55552K) Class: 7000K(7296K)->7000K(7296K)
[2023-10-11T17:29:55.609+0200][1215.230s] GC(85) Pause Young (Mixed) (G1 Evacuation Pause) 99M->77M(512M) 1.948ms
[2023-10-11T17:29:55.609+0200][1215.230s] GC(85) User=0.16s Sys=0.00s Real=0.00s
[2023-10-11T17:30:00.521+0200][1220.140s] GC(86) Pause Young (Normal) (G1 Evacuation Pause)
[2023-10-11T17:30:00.521+0200][1220.140s] GC(86) Using 10 workers of 10 for evacuation
[2023-10-11T17:30:00.522+0200][1220.142s] GC(86)   Pre Evacuate Collection Set: 0.1ms
[2023-10-11T17:30:00.522+0200][1220.142s] GC(86)   Merge Heap Roots: 0.1ms
[2023-10-11T17:30:00.522+0200][1220.142s] GC(86)   Evacuate Collection Set: 0.8ms
[2023-10-11T17:30:00.522+0200][1220.142s] GC(86)   Post Evacuate Collection Set: 0.3ms
[2023-10-11T17:30:00.522+0200][1220.142s] GC(86)   Other: 0.1ms
[2023-10-11T17:30:00.522+0200][1220.142s] GC(86) Eden regions: 306->0(301)
[2023-10-11T17:30:00.522+0200][1220.142s] GC(86) Survivor regions: 1->6(39)
[2023-10-11T17:30:00.522+0200][1220.142s] GC(86) Old regions: 73->73
[2023-10-11T17:30:00.522+0200][1220.142s] GC(86) Archive regions: 0->0
[2023-10-11T17:30:00.522+0200][1220.142s] GC(86) Humongous regions: 4->4
[2023-10-11T17:30:00.522+0200][1220.142s] GC(86) Metaspace: 62308K(62848K)->62308K(62848K) NonClass: 55308K(55552K)->55308K(55552K) Class: 7000K(7296K)->7000K(7296K)
[2023-10-11T17:30:00.522+0200][1220.142s] GC(86) Pause Young (Normal) (G1 Evacuation Pause) 383M->81M(512M) 1.469ms
[2023-10-11T17:30:00.522+0200][1220.142s] GC(86) User=0.00s Sys=0.00s Real=0.00s
[2023-10-11T17:30:04.153+0200][1223.772s] GC(87) Pause Young (Concurrent Start) (CodeCache GC Threshold)
[2023-10-11T17:30:04.153+0200][1223.772s] GC(87) Using 10 workers of 10 for evacuation
[2023-10-11T17:30:04.155+0200][1223.774s] GC(87)   Pre Evacuate Collection Set: 0.2ms
[2023-10-11T17:30:04.155+0200][1223.774s] GC(87)   Merge Heap Roots: 0.1ms
[2023-10-11T17:30:04.155+0200][1223.774s] GC(87)   Evacuate Collection Set: 1.2ms
[2023-10-11T17:30:04.155+0200][1223.774s] GC(87)   Post Evacuate Collection Set: 0.4ms
[2023-10-11T17:30:04.155+0200][1223.774s] GC(87)   Other: 0.1ms
[2023-10-11T17:30:04.155+0200][1223.774s] GC(87) Eden regions: 225->0(298)
[2023-10-11T17:30:04.155+0200][1223.774s] GC(87) Survivor regions: 6->9(39)
[2023-10-11T17:30:04.155+0200][1223.774s] GC(87) Old regions: 73->73
[2023-10-11T17:30:04.155+0200][1223.774s] GC(87) Archive regions: 0->0
[2023-10-11T17:30:04.155+0200][1223.774s] GC(87) Humongous regions: 4->4
[2023-10-11T17:30:04.155+0200][1223.774s] GC(87) Metaspace: 62310K(62848K)->62310K(62848K) NonClass: 55310K(55552K)->55310K(55552K) Class: 7000K(7296K)->7000K(7296K)
[2023-10-11T17:30:04.155+0200][1223.774s] GC(87) Pause Young (Concurrent Start) (CodeCache GC Threshold) 306M->84M(512M) 2.241ms
[2023-10-11T17:30:04.155+0200][1223.775s] GC(87) User=0.00s Sys=0.00s Real=0.00s
[2023-10-11T17:30:04.155+0200][1223.775s] GC(88) Concurrent Mark Cycle
[2023-10-11T17:30:04.155+0200][1223.775s] GC(88) Concurrent Clear Claimed Marks
[2023-10-11T17:30:04.155+0200][1223.775s] GC(88) Concurrent Clear Claimed Marks 0.032ms
[2023-10-11T17:30:04.155+0200][1223.775s] GC(88) Concurrent Scan Root Regions
[2023-10-11T17:30:04.156+0200][1223.775s] GC(88) Concurrent Scan Root Regions 0.598ms
[2023-10-11T17:30:04.156+0200][1223.775s] GC(88) Concurrent Mark
[2023-10-11T17:30:04.156+0200][1223.775s] GC(88) Concurrent Mark From Roots
[2023-10-11T17:30:04.156+0200][1223.775s] GC(88) Using 3 workers of 3 for marking
[2023-10-11T17:30:04.174+0200][1223.794s] GC(88) Concurrent Mark From Roots 18.725ms
[2023-10-11T17:30:04.174+0200][1223.794s] GC(88) Concurrent Preclean
[2023-10-11T17:30:04.175+0200][1223.794s] GC(88) Concurrent Preclean 0.182ms
[2023-10-11T17:30:04.175+0200][1223.794s] GC(88) Pause Remark
[2023-10-11T17:30:04.181+0200][1223.800s] GC(88) Pause Remark 84M->84M(512M) 5.781ms
[2023-10-11T17:30:04.181+0200][1223.800s] GC(88) User=0.00s Sys=0.00s Real=0.01s
[2023-10-11T17:30:04.181+0200][1223.800s] GC(88) Concurrent Mark 24.996ms
[2023-10-11T17:30:04.181+0200][1223.800s] GC(88) Concurrent Rebuild Remembered Sets
[2023-10-11T17:30:04.192+0200][1223.812s] GC(88) Concurrent Rebuild Remembered Sets 11.329ms
[2023-10-11T17:30:04.192+0200][1223.812s] GC(88) Pause Cleanup
[2023-10-11T17:30:04.192+0200][1223.812s] GC(88) Pause Cleanup 86M->86M(512M) 0.137ms
[2023-10-11T17:30:04.192+0200][1223.812s] GC(88) User=0.00s Sys=0.00s Real=0.00s
[2023-10-11T17:30:04.192+0200][1223.812s] GC(88) Concurrent Cleanup for Next Mark
[2023-10-11T17:30:04.193+0200][1223.813s] GC(88) Concurrent Cleanup for Next Mark 0.671ms
[2023-10-11T17:30:04.193+0200][1223.813s] GC(88) Concurrent Mark Cycle 38.186ms
[2023-10-11T17:30:08.928+0200][1228.548s] GC(89) Pause Young (Prepare Mixed) (G1 Evacuation Pause)
[2023-10-11T17:30:08.928+0200][1228.549s] GC(89) Using 10 workers of 10 for evacuation
[2023-10-11T17:30:08.930+0200][1228.551s] GC(89)   Pre Evacuate Collection Set: 0.1ms
[2023-10-11T17:30:08.930+0200][1228.551s] GC(89)   Merge Heap Roots: 0.1ms
[2023-10-11T17:30:08.930+0200][1228.551s] GC(89)   Evacuate Collection Set: 1.6ms
[2023-10-11T17:30:08.930+0200][1228.551s] GC(89)   Post Evacuate Collection Set: 0.5ms
[2023-10-11T17:30:08.931+0200][1228.551s] GC(89)   Other: 0.1ms
[2023-10-11T17:30:08.931+0200][1228.551s] GC(89) Eden regions: 298->0(14)
[2023-10-11T17:30:08.931+0200][1228.551s] GC(89) Survivor regions: 9->11(39)
[2023-10-11T17:30:08.931+0200][1228.551s] GC(89) Old regions: 73->73
[2023-10-11T17:30:08.931+0200][1228.551s] GC(89) Archive regions: 0->0
[2023-10-11T17:30:08.931+0200][1228.551s] GC(89) Humongous regions: 4->4
[2023-10-11T17:30:08.931+0200][1228.551s] GC(89) Metaspace: 62311K(62848K)->62311K(62848K) NonClass: 55311K(55552K)->55311K(55552K) Class: 7000K(7296K)->7000K(7296K)
[2023-10-11T17:30:08.931+0200][1228.551s] GC(89) Pause Young (Prepare Mixed) (G1 Evacuation Pause) 382M->86M(512M) 2.589ms
[2023-10-11T17:30:08.931+0200][1228.551s] GC(89) User=0.00s Sys=0.00s Real=0.00s
[2023-10-11T17:30:09.165+0200][1228.785s] GC(90) Pause Young (Mixed) (G1 Evacuation Pause)
[2023-10-11T17:30:09.165+0200][1228.785s] GC(90) Using 10 workers of 10 for evacuation
[2023-10-11T17:30:09.167+0200][1228.787s] GC(90)   Pre Evacuate Collection Set: 0.1ms
[2023-10-11T17:30:09.167+0200][1228.787s] GC(90)   Merge Heap Roots: 0.1ms
[2023-10-11T17:30:09.167+0200][1228.787s] GC(90)   Evacuate Collection Set: 1.7ms
[2023-10-11T17:30:09.167+0200][1228.787s] GC(90)   Post Evacuate Collection Set: 0.5ms
[2023-10-11T17:30:09.167+0200][1228.787s] GC(90)   Other: 0.1ms
[2023-10-11T17:30:09.167+0200][1228.787s] GC(90) Eden regions: 14->0(306)
[2023-10-11T17:30:09.167+0200][1228.787s] GC(90) Survivor regions: 11->1(4)
[2023-10-11T17:30:09.167+0200][1228.787s] GC(90) Old regions: 73->79
[2023-10-11T17:30:09.167+0200][1228.787s] GC(90) Archive regions: 0->0
[2023-10-11T17:30:09.168+0200][1228.787s] GC(90) Humongous regions: 4->4
[2023-10-11T17:30:09.168+0200][1228.787s] GC(90) Metaspace: 62311K(62848K)->62311K(62848K) NonClass: 55311K(55552K)->55311K(55552K) Class: 7000K(7296K)->7000K(7296K)
[2023-10-11T17:30:09.168+0200][1228.787s] GC(90) Pause Young (Mixed) (G1 Evacuation Pause) 100M->83M(512M) 2.659ms
[2023-10-11T17:30:09.168+0200][1228.787s] GC(90) User=0.00s Sys=0.00s Real=0.00s
[2023-10-11T17:30:14.121+0200][1233.741s] GC(91) Pause Young (Normal) (G1 Evacuation Pause)
[2023-10-11T17:30:14.121+0200][1233.741s] GC(91) Using 10 workers of 10 for evacuation
[2023-10-11T17:30:14.123+0200][1233.743s] GC(91)   Pre Evacuate Collection Set: 0.1ms
[2023-10-11T17:30:14.123+0200][1233.743s] GC(91)   Merge Heap Roots: 0.1ms
[2023-10-11T17:30:14.123+0200][1233.743s] GC(91)   Evacuate Collection Set: 0.8ms
[2023-10-11T17:30:14.123+0200][1233.743s] GC(91)   Post Evacuate Collection Set: 0.5ms
[2023-10-11T17:30:14.123+0200][1233.743s] GC(91)   Other: 0.1ms
[2023-10-11T17:30:14.123+0200][1233.743s] GC(91) Eden regions: 306->0(302)
[2023-10-11T17:30:14.123+0200][1233.743s] GC(91) Survivor regions: 1->5(39)
[2023-10-11T17:30:14.123+0200][1233.743s] GC(91) Old regions: 79->79
[2023-10-11T17:30:14.123+0200][1233.743s] GC(91) Archive regions: 0->0
[2023-10-11T17:30:14.123+0200][1233.743s] GC(91) Humongous regions: 4->4
[2023-10-11T17:30:14.123+0200][1233.743s] GC(91) Metaspace: 62312K(62848K)->62312K(62848K) NonClass: 55312K(55552K)->55312K(55552K) Class: 7000K(7296K)->7000K(7296K)
[2023-10-11T17:30:14.123+0200][1233.743s] GC(91) Pause Young (Normal) (G1 Evacuation Pause) 389M->87M(512M) 1.881ms
[2023-10-11T17:30:14.123+0200][1233.743s] GC(91) User=0.00s Sys=0.00s Real=0.00s
[2023-10-11T17:30:18.964+0200][1238.584s] GC(92) Pause Young (Normal) (G1 Evacuation Pause)
[2023-10-11T17:30:18.964+0200][1238.584s] GC(92) Using 10 workers of 10 for evacuation
[2023-10-11T17:30:18.966+0200][1238.586s] GC(92)   Pre Evacuate Collection Set: 0.1ms
[2023-10-11T17:30:18.966+0200][1238.586s] GC(92)   Merge Heap Roots: 0.1ms
[2023-10-11T17:30:18.966+0200][1238.586s] GC(92)   Evacuate Collection Set: 1.1ms
[2023-10-11T17:30:18.966+0200][1238.586s] GC(92)   Post Evacuate Collection Set: 0.4ms
[2023-10-11T17:30:18.966+0200][1238.586s] GC(92)   Other: 0.1ms
[2023-10-11T17:30:18.966+0200][1238.586s] GC(92) Eden regions: 302->0(298)
[2023-10-11T17:30:18.966+0200][1238.586s] GC(92) Survivor regions: 5->9(39)
[2023-10-11T17:30:18.966+0200][1238.586s] GC(92) Old regions: 79->79
[2023-10-11T17:30:18.966+0200][1238.586s] GC(92) Archive regions: 0->0
[2023-10-11T17:30:18.966+0200][1238.586s] GC(92) Humongous regions: 4->4
[2023-10-11T17:30:18.966+0200][1238.586s] GC(92) Metaspace: 62407K(62976K)->62407K(62976K) NonClass: 55404K(55680K)->55404K(55680K) Class: 7002K(7296K)->7002K(7296K)
[2023-10-11T17:30:18.966+0200][1238.586s] GC(92) Pause Young (Normal) (G1 Evacuation Pause) 389M->91M(512M) 1.902ms
[2023-10-11T17:30:18.966+0200][1238.586s] GC(92) User=0.00s Sys=0.00s Real=0.00s
[2023-10-11T17:30:23.936+0200][1243.557s] GC(93) Pause Young (Normal) (G1 Evacuation Pause)
[2023-10-11T17:30:23.937+0200][1243.557s] GC(93) Using 10 workers of 10 for evacuation
[2023-10-11T17:30:23.939+0200][1243.559s] GC(93)   Pre Evacuate Collection Set: 0.1ms
[2023-10-11T17:30:23.939+0200][1243.559s] GC(93)   Merge Heap Roots: 0.1ms
[2023-10-11T17:30:23.939+0200][1243.559s] GC(93)   Evacuate Collection Set: 1.6ms
[2023-10-11T17:30:23.939+0200][1243.559s] GC(93)   Post Evacuate Collection Set: 0.4ms
[2023-10-11T17:30:23.939+0200][1243.559s] GC(93)   Other: 0.1ms
[2023-10-11T17:30:23.939+0200][1243.559s] GC(93) Eden regions: 298->0(294)
[2023-10-11T17:30:23.939+0200][1243.559s] GC(93) Survivor regions: 9->13(39)
[2023-10-11T17:30:23.939+0200][1243.559s] GC(93) Old regions: 79->79
[2023-10-11T17:30:23.939+0200][1243.559s] GC(93) Archive regions: 0->0
[2023-10-11T17:30:23.939+0200][1243.559s] GC(93) Humongous regions: 4->4
[2023-10-11T17:30:23.939+0200][1243.559s] GC(93) Metaspace: 62408K(62976K)->62408K(62976K) NonClass: 55405K(55680K)->55405K(55680K) Class: 7002K(7296K)->7002K(7296K)
[2023-10-11T17:30:23.939+0200][1243.559s] GC(93) Pause Young (Normal) (G1 Evacuation Pause) 389M->94M(512M) 2.486ms
[2023-10-11T17:30:23.939+0200][1243.559s] GC(93) User=0.00s Sys=0.02s Real=0.00s
[2023-10-11T17:30:28.769+0200][1248.389s] GC(94) Pause Young (Normal) (G1 Evacuation Pause)
[2023-10-11T17:30:28.769+0200][1248.389s] GC(94) Using 10 workers of 10 for evacuation
[2023-10-11T17:30:28.772+0200][1248.392s] GC(94)   Pre Evacuate Collection Set: 0.1ms
[2023-10-11T17:30:28.772+0200][1248.392s] GC(94)   Merge Heap Roots: 0.1ms
[2023-10-11T17:30:28.772+0200][1248.392s] GC(94)   Evacuate Collection Set: 2.1ms
[2023-10-11T17:30:28.772+0200][1248.392s] GC(94)   Post Evacuate Collection Set: 0.5ms
[2023-10-11T17:30:28.772+0200][1248.392s] GC(94)   Other: 0.1ms
[2023-10-11T17:30:28.772+0200][1248.392s] GC(94) Eden regions: 294->0(291)
[2023-10-11T17:30:28.772+0200][1248.392s] GC(94) Survivor regions: 13->16(39)
[2023-10-11T17:30:28.772+0200][1248.392s] GC(94) Old regions: 79->79
[2023-10-11T17:30:28.772+0200][1248.392s] GC(94) Archive regions: 0->0
[2023-10-11T17:30:28.772+0200][1248.392s] GC(94) Humongous regions: 4->4
[2023-10-11T17:30:28.772+0200][1248.392s] GC(94) Metaspace: 62409K(62976K)->62409K(62976K) NonClass: 55406K(55680K)->55406K(55680K) Class: 7002K(7296K)->7002K(7296K)
[2023-10-11T17:30:28.772+0200][1248.392s] GC(94) Pause Young (Normal) (G1 Evacuation Pause) 388M->98M(512M) 3.125ms
[2023-10-11T17:30:28.772+0200][1248.392s] GC(94) User=0.00s Sys=0.00s Real=0.00s
[2023-10-11T17:30:31.055+0200][1250.675s] GC(95) Pause Young (Concurrent Start) (CodeCache GC Threshold)
[2023-10-11T17:30:31.055+0200][1250.675s] GC(95) Using 10 workers of 10 for evacuation
[2023-10-11T17:30:31.059+0200][1250.679s] GC(95)   Pre Evacuate Collection Set: 0.2ms
[2023-10-11T17:30:31.059+0200][1250.679s] GC(95)   Merge Heap Roots: 0.1ms
[2023-10-11T17:30:31.059+0200][1250.679s] GC(95)   Evacuate Collection Set: 2.6ms
[2023-10-11T17:30:31.059+0200][1250.679s] GC(95)   Post Evacuate Collection Set: 0.5ms
[2023-10-11T17:30:31.059+0200][1250.679s] GC(95)   Other: 0.1ms
[2023-10-11T17:30:31.059+0200][1250.679s] GC(95) Eden regions: 141->0(289)
[2023-10-11T17:30:31.059+0200][1250.679s] GC(95) Survivor regions: 16->18(39)
[2023-10-11T17:30:31.059+0200][1250.679s] GC(95) Old regions: 79->79
[2023-10-11T17:30:31.059+0200][1250.679s] GC(95) Archive regions: 0->0
[2023-10-11T17:30:31.059+0200][1250.679s] GC(95) Humongous regions: 4->4
[2023-10-11T17:30:31.059+0200][1250.679s] GC(95) Metaspace: 62409K(62976K)->62409K(62976K) NonClass: 55406K(55680K)->55406K(55680K) Class: 7002K(7296K)->7002K(7296K)
[2023-10-11T17:30:31.059+0200][1250.679s] GC(95) Pause Young (Concurrent Start) (CodeCache GC Threshold) 239M->99M(512M) 3.789ms
[2023-10-11T17:30:31.059+0200][1250.679s] GC(95) User=0.00s Sys=0.00s Real=0.00s
[2023-10-11T17:30:31.059+0200][1250.679s] GC(96) Concurrent Mark Cycle
[2023-10-11T17:30:31.059+0200][1250.679s] GC(96) Concurrent Clear Claimed Marks
[2023-10-11T17:30:31.059+0200][1250.679s] GC(96) Concurrent Clear Claimed Marks 0.053ms
[2023-10-11T17:30:31.059+0200][1250.679s] GC(96) Concurrent Scan Root Regions
[2023-10-11T17:30:31.060+0200][1250.680s] GC(96) Concurrent Scan Root Regions 1.025ms
[2023-10-11T17:30:31.060+0200][1250.680s] GC(96) Concurrent Mark
[2023-10-11T17:30:31.060+0200][1250.680s] GC(96) Concurrent Mark From Roots
[2023-10-11T17:30:31.060+0200][1250.680s] GC(96) Using 3 workers of 3 for marking
[2023-10-11T17:30:31.081+0200][1250.701s] GC(96) Concurrent Mark From Roots 20.878ms
[2023-10-11T17:30:31.081+0200][1250.701s] GC(96) Concurrent Preclean
[2023-10-11T17:30:31.081+0200][1250.701s] GC(96) Concurrent Preclean 0.206ms
[2023-10-11T17:30:31.081+0200][1250.701s] GC(96) Pause Remark
[2023-10-11T17:30:31.087+0200][1250.706s] GC(96) Pause Remark 104M->103M(512M) 5.171ms
[2023-10-11T17:30:31.087+0200][1250.706s] GC(96) User=0.00s Sys=0.00s Real=0.01s
[2023-10-11T17:30:31.087+0200][1250.706s] GC(96) Concurrent Mark 26.543ms
[2023-10-11T17:30:31.087+0200][1250.707s] GC(96) Concurrent Rebuild Remembered Sets
[2023-10-11T17:30:31.099+0200][1250.719s] GC(96) Concurrent Rebuild Remembered Sets 12.015ms
[2023-10-11T17:30:31.099+0200][1250.719s] GC(96) Pause Cleanup
[2023-10-11T17:30:31.099+0200][1250.719s] GC(96) Pause Cleanup 104M->104M(512M) 0.129ms
[2023-10-11T17:30:31.099+0200][1250.719s] GC(96) User=0.00s Sys=0.00s Real=0.00s
[2023-10-11T17:30:31.099+0200][1250.719s] GC(96) Concurrent Cleanup for Next Mark
[2023-10-11T17:30:31.100+0200][1250.720s] GC(96) Concurrent Cleanup for Next Mark 0.669ms
[2023-10-11T17:30:31.100+0200][1250.720s] GC(96) Concurrent Mark Cycle 40.819ms
[2023-10-11T17:30:35.694+0200][1255.314s] GC(97) Pause Young (Prepare Mixed) (G1 Evacuation Pause)
[2023-10-11T17:30:35.694+0200][1255.314s] GC(97) Using 10 workers of 10 for evacuation
[2023-10-11T17:30:35.698+0200][1255.317s] GC(97)   Pre Evacuate Collection Set: 0.1ms
[2023-10-11T17:30:35.698+0200][1255.317s] GC(97)   Merge Heap Roots: 0.1ms
[2023-10-11T17:30:35.698+0200][1255.317s] GC(97)   Evacuate Collection Set: 2.8ms
[2023-10-11T17:30:35.698+0200][1255.317s] GC(97)   Post Evacuate Collection Set: 0.6ms
[2023-10-11T17:30:35.698+0200][1255.317s] GC(97)   Other: 0.1ms
[2023-10-11T17:30:35.698+0200][1255.317s] GC(97) Eden regions: 289->0(4)
[2023-10-11T17:30:35.698+0200][1255.317s] GC(97) Survivor regions: 18->21(39)
[2023-10-11T17:30:35.698+0200][1255.318s] GC(97) Old regions: 78->78
[2023-10-11T17:30:35.698+0200][1255.318s] GC(97) Archive regions: 0->0
[2023-10-11T17:30:35.698+0200][1255.318s] GC(97) Humongous regions: 4->4
[2023-10-11T17:30:35.698+0200][1255.318s] GC(97) Metaspace: 62420K(62976K)->62420K(62976K) NonClass: 55417K(55680K)->55417K(55680K) Class: 7003K(7296K)->7003K(7296K)
[2023-10-11T17:30:35.698+0200][1255.318s] GC(97) Pause Young (Prepare Mixed) (G1 Evacuation Pause) 388M->102M(512M) 3.905ms
[2023-10-11T17:30:35.698+0200][1255.318s] GC(97) User=0.00s Sys=0.00s Real=0.00s
[2023-10-11T17:30:35.736+0200][1255.356s] GC(98) Pause Young (Mixed) (G1 Evacuation Pause)
[2023-10-11T17:30:35.736+0200][1255.356s] GC(98) Using 10 workers of 10 for evacuation
[2023-10-11T17:30:35.740+0200][1255.359s] GC(98)   Pre Evacuate Collection Set: 0.1ms
[2023-10-11T17:30:35.740+0200][1255.360s] GC(98)   Merge Heap Roots: 0.1ms
[2023-10-11T17:30:35.740+0200][1255.360s] GC(98)   Evacuate Collection Set: 2.8ms
[2023-10-11T17:30:35.740+0200][1255.360s] GC(98)   Post Evacuate Collection Set: 0.4ms
[2023-10-11T17:30:35.740+0200][1255.360s] GC(98)   Other: 0.1ms
[2023-10-11T17:30:35.740+0200][1255.360s] GC(98) Eden regions: 4->0(306)
[2023-10-11T17:30:35.740+0200][1255.360s] GC(98) Survivor regions: 21->1(4)
[2023-10-11T17:30:35.740+0200][1255.360s] GC(98) Old regions: 78->95
[2023-10-11T17:30:35.740+0200][1255.360s] GC(98) Archive regions: 0->0
[2023-10-11T17:30:35.740+0200][1255.360s] GC(98) Humongous regions: 4->4
[2023-10-11T17:30:35.740+0200][1255.360s] GC(98) Metaspace: 62420K(62976K)->62420K(62976K) NonClass: 55417K(55680K)->55417K(55680K) Class: 7003K(7296K)->7003K(7296K)
[2023-10-11T17:30:35.740+0200][1255.360s] GC(98) Pause Young (Mixed) (G1 Evacuation Pause) 106M->99M(512M) 3.736ms
[2023-10-11T17:30:35.740+0200][1255.360s] GC(98) User=0.00s Sys=0.00s Real=0.00s
[2023-10-11T17:30:40.827+0200][1260.446s] GC(99) Pause Young (Normal) (G1 Evacuation Pause)
[2023-10-11T17:30:40.827+0200][1260.446s] GC(99) Using 10 workers of 10 for evacuation
[2023-10-11T17:30:40.828+0200][1260.448s] GC(99)   Pre Evacuate Collection Set: 0.1ms
[2023-10-11T17:30:40.828+0200][1260.448s] GC(99)   Merge Heap Roots: 0.1ms
[2023-10-11T17:30:40.828+0200][1260.448s] GC(99)   Evacuate Collection Set: 0.9ms
[2023-10-11T17:30:40.828+0200][1260.448s] GC(99)   Post Evacuate Collection Set: 0.6ms
[2023-10-11T17:30:40.828+0200][1260.448s] GC(99)   Other: 0.1ms
[2023-10-11T17:30:40.828+0200][1260.448s] GC(99) Eden regions: 306->0(301)
[2023-10-11T17:30:40.828+0200][1260.448s] GC(99) Survivor regions: 1->6(39)
[2023-10-11T17:30:40.829+0200][1260.448s] GC(99) Old regions: 95->95
[2023-10-11T17:30:40.829+0200][1260.448s] GC(99) Archive regions: 0->0
[2023-10-11T17:30:40.829+0200][1260.448s] GC(99) Humongous regions: 4->4
[2023-10-11T17:30:40.829+0200][1260.448s] GC(99) Metaspace: 62424K(62976K)->62424K(62976K) NonClass: 55420K(55680K)->55420K(55680K) Class: 7003K(7296K)->7003K(7296K)
[2023-10-11T17:30:40.829+0200][1260.448s] GC(99) Pause Young (Normal) (G1 Evacuation Pause) 405M->104M(512M) 2.050ms
[2023-10-11T17:30:40.829+0200][1260.448s] GC(99) User=0.16s Sys=0.00s Real=0.00s
[2023-10-11T17:30:45.730+0200][1265.350s] GC(100) Pause Young (Normal) (G1 Evacuation Pause)
[2023-10-11T17:30:45.730+0200][1265.350s] GC(100) Using 10 workers of 10 for evacuation
[2023-10-11T17:30:45.732+0200][1265.352s] GC(100)   Pre Evacuate Collection Set: 0.1ms
[2023-10-11T17:30:45.732+0200][1265.352s] GC(100)   Merge Heap Roots: 0.1ms
[2023-10-11T17:30:45.732+0200][1265.352s] GC(100)   Evacuate Collection Set: 1.3ms
[2023-10-11T17:30:45.732+0200][1265.352s] GC(100)   Post Evacuate Collection Set: 0.5ms
[2023-10-11T17:30:45.732+0200][1265.352s] GC(100)   Other: 0.1ms
[2023-10-11T17:30:45.732+0200][1265.352s] GC(100) Eden regions: 301->0(298)
[2023-10-11T17:30:45.732+0200][1265.352s] GC(100) Survivor regions: 6->9(39)
[2023-10-11T17:30:45.732+0200][1265.352s] GC(100) Old regions: 95->95
[2023-10-11T17:30:45.732+0200][1265.352s] GC(100) Archive regions: 0->0
[2023-10-11T17:30:45.732+0200][1265.352s] GC(100) Humongous regions: 4->4
[2023-10-11T17:30:45.732+0200][1265.352s] GC(100) Metaspace: 62427K(62976K)->62427K(62976K) NonClass: 55424K(55680K)->55424K(55680K) Class: 7003K(7296K)->7003K(7296K)
[2023-10-11T17:30:45.732+0200][1265.352s] GC(100) Pause Young (Normal) (G1 Evacuation Pause) 405M->107M(512M) 2.293ms
[2023-10-11T17:30:45.732+0200][1265.352s] GC(100) User=0.00s Sys=0.00s Real=0.00s
[2023-10-11T17:30:50.500+0200][1270.120s] GC(101) Pause Young (Normal) (G1 Evacuation Pause)
[2023-10-11T17:30:50.500+0200][1270.120s] GC(101) Using 10 workers of 10 for evacuation
[2023-10-11T17:30:50.502+0200][1270.122s] GC(101)   Pre Evacuate Collection Set: 0.1ms
[2023-10-11T17:30:50.502+0200][1270.122s] GC(101)   Merge Heap Roots: 0.1ms
[2023-10-11T17:30:50.502+0200][1270.122s] GC(101)   Evacuate Collection Set: 1.7ms
[2023-10-11T17:30:50.502+0200][1270.122s] GC(101)   Post Evacuate Collection Set: 0.5ms
[2023-10-11T17:30:50.502+0200][1270.122s] GC(101)   Other: 0.1ms
[2023-10-11T17:30:50.502+0200][1270.122s] GC(101) Eden regions: 298->0(294)
[2023-10-11T17:30:50.502+0200][1270.122s] GC(101) Survivor regions: 9->13(39)
[2023-10-11T17:30:50.502+0200][1270.122s] GC(101) Old regions: 95->95
[2023-10-11T17:30:50.502+0200][1270.122s] GC(101) Archive regions: 0->0
[2023-10-11T17:30:50.502+0200][1270.122s] GC(101) Humongous regions: 4->4
[2023-10-11T17:30:50.502+0200][1270.122s] GC(101) Metaspace: 62430K(62976K)->62430K(62976K) NonClass: 55427K(55680K)->55427K(55680K) Class: 7003K(7296K)->7003K(7296K)
[2023-10-11T17:30:50.502+0200][1270.122s] GC(101) Pause Young (Normal) (G1 Evacuation Pause) 405M->111M(512M) 2.713ms
[2023-10-11T17:30:50.502+0200][1270.122s] GC(101) User=0.00s Sys=0.00s Real=0.00s
[2023-10-11T17:30:55.355+0200][1274.975s] GC(102) Pause Young (Normal) (G1 Evacuation Pause)
[2023-10-11T17:30:55.355+0200][1274.975s] GC(102) Using 10 workers of 10 for evacuation
[2023-10-11T17:30:55.358+0200][1274.978s] GC(102)   Pre Evacuate Collection Set: 0.1ms
[2023-10-11T17:30:55.358+0200][1274.978s] GC(102)   Merge Heap Roots: 0.1ms
[2023-10-11T17:30:55.358+0200][1274.978s] GC(102)   Evacuate Collection Set: 2.2ms
[2023-10-11T17:30:55.358+0200][1274.978s] GC(102)   Post Evacuate Collection Set: 0.6ms
[2023-10-11T17:30:55.358+0200][1274.978s] GC(102)   Other: 0.1ms
[2023-10-11T17:30:55.358+0200][1274.978s] GC(102) Eden regions: 294->0(290)
[2023-10-11T17:30:55.358+0200][1274.978s] GC(102) Survivor regions: 13->17(39)
[2023-10-11T17:30:55.358+0200][1274.978s] GC(102) Old regions: 95->95
[2023-10-11T17:30:55.358+0200][1274.978s] GC(102) Archive regions: 0->0
[2023-10-11T17:30:55.358+0200][1274.978s] GC(102) Humongous regions: 4->4
[2023-10-11T17:30:55.358+0200][1274.978s] GC(102) Metaspace: 62434K(62976K)->62434K(62976K) NonClass: 55430K(55680K)->55430K(55680K) Class: 7003K(7296K)->7003K(7296K)
[2023-10-11T17:30:55.358+0200][1274.978s] GC(102) Pause Young (Normal) (G1 Evacuation Pause) 405M->115M(512M) 3.295ms
[2023-10-11T17:30:55.358+0200][1274.978s] GC(102) User=0.00s Sys=0.00s Real=0.00s
[2023-10-11T17:31:00.302+0200][1279.922s] GC(103) Pause Young (Normal) (G1 Evacuation Pause)
[2023-10-11T17:31:00.302+0200][1279.922s] GC(103) Using 10 workers of 10 for evacuation
[2023-10-11T17:31:00.305+0200][1279.925s] GC(103)   Pre Evacuate Collection Set: 0.1ms
[2023-10-11T17:31:00.305+0200][1279.925s] GC(103)   Merge Heap Roots: 0.1ms
[2023-10-11T17:31:00.305+0200][1279.925s] GC(103)   Evacuate Collection Set: 2.5ms
[2023-10-11T17:31:00.305+0200][1279.925s] GC(103)   Post Evacuate Collection Set: 0.6ms
[2023-10-11T17:31:00.305+0200][1279.925s] GC(103)   Other: 0.1ms
[2023-10-11T17:31:00.305+0200][1279.925s] GC(103) Eden regions: 290->0(287)
[2023-10-11T17:31:00.305+0200][1279.925s] GC(103) Survivor regions: 17->20(39)
[2023-10-11T17:31:00.305+0200][1279.925s] GC(103) Old regions: 95->95
[2023-10-11T17:31:00.305+0200][1279.925s] GC(103) Archive regions: 0->0
[2023-10-11T17:31:00.305+0200][1279.925s] GC(103) Humongous regions: 4->4
[2023-10-11T17:31:00.305+0200][1279.925s] GC(103) Metaspace: 62434K(62976K)->62434K(62976K) NonClass: 55430K(55680K)->55430K(55680K) Class: 7003K(7296K)->7003K(7296K)
[2023-10-11T17:31:00.305+0200][1279.925s] GC(103) Pause Young (Normal) (G1 Evacuation Pause) 405M->118M(512M) 3.577ms
[2023-10-11T17:31:00.305+0200][1279.925s] GC(103) User=0.00s Sys=0.00s Real=0.00s
[2023-10-11T17:31:05.047+0200][1284.667s] GC(104) Pause Young (Normal) (G1 Evacuation Pause)
[2023-10-11T17:31:05.047+0200][1284.667s] GC(104) Using 10 workers of 10 for evacuation
[2023-10-11T17:31:05.051+0200][1284.671s] GC(104)   Pre Evacuate Collection Set: 0.2ms
[2023-10-11T17:31:05.051+0200][1284.671s] GC(104)   Merge Heap Roots: 0.1ms
[2023-10-11T17:31:05.051+0200][1284.671s] GC(104)   Evacuate Collection Set: 3.2ms
[2023-10-11T17:31:05.051+0200][1284.671s] GC(104)   Post Evacuate Collection Set: 0.6ms
[2023-10-11T17:31:05.051+0200][1284.671s] GC(104)   Other: 0.1ms
[2023-10-11T17:31:05.051+0200][1284.671s] GC(104) Eden regions: 287->0(284)
[2023-10-11T17:31:05.051+0200][1284.671s] GC(104) Survivor regions: 20->23(39)
[2023-10-11T17:31:05.051+0200][1284.671s] GC(104) Old regions: 95->95
[2023-10-11T17:31:05.051+0200][1284.671s] GC(104) Archive regions: 0->0
[2023-10-11T17:31:05.051+0200][1284.671s] GC(104) Humongous regions: 4->4
[2023-10-11T17:31:05.051+0200][1284.671s] GC(104) Metaspace: 62447K(62976K)->62447K(62976K) NonClass: 55443K(55680K)->55443K(55680K) Class: 7004K(7296K)->7004K(7296K)
[2023-10-11T17:31:05.051+0200][1284.671s] GC(104) Pause Young (Normal) (G1 Evacuation Pause) 405M->121M(512M) 4.322ms
[2023-10-11T17:31:05.051+0200][1284.671s] GC(104) User=0.00s Sys=0.00s Real=0.00s
[2023-10-11T17:31:05.700+0200][1285.320s] GC(105) Pause Young (Concurrent Start) (CodeCache GC Threshold)
[2023-10-11T17:31:05.700+0200][1285.320s] GC(105) Using 10 workers of 10 for evacuation
[2023-10-11T17:31:05.703+0200][1285.324s] GC(105)   Pre Evacuate Collection Set: 0.1ms
[2023-10-11T17:31:05.703+0200][1285.324s] GC(105)   Merge Heap Roots: 0.1ms
[2023-10-11T17:31:05.703+0200][1285.324s] GC(105)   Evacuate Collection Set: 3.3ms
[2023-10-11T17:31:05.703+0200][1285.324s] GC(105)   Post Evacuate Collection Set: 0.4ms
[2023-10-11T17:31:05.703+0200][1285.324s] GC(105)   Other: 0.1ms
[2023-10-11T17:31:05.703+0200][1285.324s] GC(105) Eden regions: 44->0(287)
[2023-10-11T17:31:05.703+0200][1285.324s] GC(105) Survivor regions: 23->20(39)
[2023-10-11T17:31:05.703+0200][1285.324s] GC(105) Old regions: 95->99
[2023-10-11T17:31:05.703+0200][1285.324s] GC(105) Archive regions: 0->0
[2023-10-11T17:31:05.704+0200][1285.324s] GC(105) Humongous regions: 4->4
[2023-10-11T17:31:05.704+0200][1285.324s] GC(105) Metaspace: 62447K(62976K)->62447K(62976K) NonClass: 55443K(55680K)->55443K(55680K) Class: 7004K(7296K)->7004K(7296K)
[2023-10-11T17:31:05.704+0200][1285.324s] GC(105) Pause Young (Concurrent Start) (CodeCache GC Threshold) 164M->121M(512M) 4.373ms
[2023-10-11T17:31:05.704+0200][1285.324s] GC(105) User=0.16s Sys=0.00s Real=0.00s
[2023-10-11T17:31:05.704+0200][1285.324s] GC(106) Concurrent Mark Cycle
[2023-10-11T17:31:05.704+0200][1285.324s] GC(106) Concurrent Clear Claimed Marks
[2023-10-11T17:31:05.704+0200][1285.324s] GC(106) Concurrent Clear Claimed Marks 0.047ms
[2023-10-11T17:31:05.704+0200][1285.324s] GC(106) Concurrent Scan Root Regions
[2023-10-11T17:31:05.705+0200][1285.326s] GC(106) Concurrent Scan Root Regions 1.324ms
[2023-10-11T17:31:05.705+0200][1285.326s] GC(106) Concurrent Mark
[2023-10-11T17:31:05.705+0200][1285.326s] GC(106) Concurrent Mark From Roots
[2023-10-11T17:31:05.705+0200][1285.326s] GC(106) Using 3 workers of 3 for marking
[2023-10-11T17:31:05.725+0200][1285.345s] GC(106) Concurrent Mark From Roots 19.356ms
[2023-10-11T17:31:05.725+0200][1285.345s] GC(106) Concurrent Preclean
[2023-10-11T17:31:05.725+0200][1285.345s] GC(106) Concurrent Preclean 0.162ms
[2023-10-11T17:31:05.725+0200][1285.345s] GC(106) Pause Remark
[2023-10-11T17:31:05.730+0200][1285.350s] GC(106) Pause Remark 123M->123M(512M) 4.952ms
[2023-10-11T17:31:05.730+0200][1285.350s] GC(106) User=0.00s Sys=0.00s Real=0.01s
[2023-10-11T17:31:05.730+0200][1285.350s] GC(106) Concurrent Mark 24.734ms
[2023-10-11T17:31:05.730+0200][1285.350s] GC(106) Concurrent Rebuild Remembered Sets
[2023-10-11T17:31:05.743+0200][1285.363s] GC(106) Concurrent Rebuild Remembered Sets 13.078ms
[2023-10-11T17:31:05.743+0200][1285.364s] GC(106) Pause Cleanup
[2023-10-11T17:31:05.743+0200][1285.364s] GC(106) Pause Cleanup 123M->123M(512M) 0.177ms
[2023-10-11T17:31:05.744+0200][1285.364s] GC(106) User=0.00s Sys=0.00s Real=0.00s
[2023-10-11T17:31:05.744+0200][1285.364s] GC(106) Concurrent Cleanup for Next Mark
[2023-10-11T17:31:05.744+0200][1285.365s] GC(106) Concurrent Cleanup for Next Mark 0.662ms
[2023-10-11T17:31:05.744+0200][1285.365s] GC(106) Concurrent Mark Cycle 40.414ms
[2023-10-11T17:31:10.178+0200][1289.799s] GC(107) Pause Young (Prepare Mixed) (G1 Evacuation Pause)
[2023-10-11T17:31:10.178+0200][1289.799s] GC(107) Using 10 workers of 10 for evacuation
[2023-10-11T17:31:10.183+0200][1289.803s] GC(107)   Pre Evacuate Collection Set: 0.1ms
[2023-10-11T17:31:10.183+0200][1289.803s] GC(107)   Merge Heap Roots: 0.1ms
[2023-10-11T17:31:10.183+0200][1289.803s] GC(107)   Evacuate Collection Set: 3.5ms
[2023-10-11T17:31:10.183+0200][1289.803s] GC(107)   Post Evacuate Collection Set: 0.6ms
[2023-10-11T17:31:10.183+0200][1289.803s] GC(107)   Other: 0.1ms
[2023-10-11T17:31:10.183+0200][1289.803s] GC(107) Eden regions: 287->0(2)
[2023-10-11T17:31:10.183+0200][1289.803s] GC(107) Survivor regions: 20->23(39)
[2023-10-11T17:31:10.183+0200][1289.803s] GC(107) Old regions: 99->99
[2023-10-11T17:31:10.183+0200][1289.803s] GC(107) Archive regions: 0->0
[2023-10-11T17:31:10.183+0200][1289.803s] GC(107) Humongous regions: 4->4
[2023-10-11T17:31:10.183+0200][1289.803s] GC(107) Metaspace: 62448K(62976K)->62448K(62976K) NonClass: 55443K(55680K)->55443K(55680K) Class: 7004K(7296K)->7004K(7296K)
[2023-10-11T17:31:10.183+0200][1289.803s] GC(107) Pause Young (Prepare Mixed) (G1 Evacuation Pause) 408M->125M(512M) 4.693ms
[2023-10-11T17:31:10.183+0200][1289.803s] GC(107) User=0.00s Sys=0.00s Real=0.01s
[2023-10-11T17:31:10.196+0200][1289.817s] GC(108) Pause Young (Mixed) (G1 Evacuation Pause)
[2023-10-11T17:31:10.196+0200][1289.817s] GC(108) Using 10 workers of 10 for evacuation
[2023-10-11T17:31:10.201+0200][1289.821s] GC(108)   Pre Evacuate Collection Set: 0.1ms
[2023-10-11T17:31:10.201+0200][1289.821s] GC(108)   Merge Heap Roots: 0.1ms
[2023-10-11T17:31:10.201+0200][1289.821s] GC(108)   Evacuate Collection Set: 3.8ms
[2023-10-11T17:31:10.201+0200][1289.821s] GC(108)   Post Evacuate Collection Set: 0.4ms
[2023-10-11T17:31:10.201+0200][1289.821s] GC(108)   Other: 0.1ms
[2023-10-11T17:31:10.201+0200][1289.821s] GC(108) Eden regions: 2->0(306)
[2023-10-11T17:31:10.201+0200][1289.821s] GC(108) Survivor regions: 23->1(4)
[2023-10-11T17:31:10.201+0200][1289.821s] GC(108) Old regions: 99->118
[2023-10-11T17:31:10.201+0200][1289.821s] GC(108) Archive regions: 0->0
[2023-10-11T17:31:10.201+0200][1289.821s] GC(108) Humongous regions: 4->4
[2023-10-11T17:31:10.201+0200][1289.821s] GC(108) Metaspace: 62448K(62976K)->62448K(62976K) NonClass: 55443K(55680K)->55443K(55680K) Class: 7004K(7296K)->7004K(7296K)
[2023-10-11T17:31:10.201+0200][1289.821s] GC(108) Pause Young (Mixed) (G1 Evacuation Pause) 127M->122M(512M) 4.619ms
[2023-10-11T17:31:10.201+0200][1289.821s] GC(108) User=0.00s Sys=0.00s Real=0.00s
[2023-10-11T17:31:15.272+0200][1294.892s] GC(109) Pause Young (Normal) (G1 Evacuation Pause)
[2023-10-11T17:31:15.272+0200][1294.892s] GC(109) Using 10 workers of 10 for evacuation
[2023-10-11T17:31:15.274+0200][1294.893s] GC(109)   Pre Evacuate Collection Set: 0.1ms
[2023-10-11T17:31:15.274+0200][1294.893s] GC(109)   Merge Heap Roots: 0.1ms
[2023-10-11T17:31:15.274+0200][1294.893s] GC(109)   Evacuate Collection Set: 0.8ms
[2023-10-11T17:31:15.274+0200][1294.893s] GC(109)   Post Evacuate Collection Set: 0.3ms
[2023-10-11T17:31:15.274+0200][1294.893s] GC(109)   Other: 0.1ms
[2023-10-11T17:31:15.274+0200][1294.893s] GC(109) Eden regions: 306->0(302)
[2023-10-11T17:31:15.274+0200][1294.893s] GC(109) Survivor regions: 1->5(39)
[2023-10-11T17:31:15.274+0200][1294.893s] GC(109) Old regions: 118->118
[2023-10-11T17:31:15.274+0200][1294.893s] GC(109) Archive regions: 0->0
[2023-10-11T17:31:15.274+0200][1294.893s] GC(109) Humongous regions: 4->4
[2023-10-11T17:31:15.274+0200][1294.893s] GC(109) Metaspace: 62463K(62976K)->62463K(62976K) NonClass: 55459K(55680K)->55459K(55680K) Class: 7004K(7296K)->7004K(7296K)
[2023-10-11T17:31:15.274+0200][1294.893s] GC(109) Pause Young (Normal) (G1 Evacuation Pause) 428M->126M(512M) 1.467ms
[2023-10-11T17:31:15.274+0200][1294.893s] GC(109) User=0.00s Sys=0.00s Real=0.00s
[2023-10-11T17:31:20.053+0200][1299.672s] GC(110) Pause Young (Normal) (G1 Evacuation Pause)
[2023-10-11T17:31:20.053+0200][1299.672s] GC(110) Using 10 workers of 10 for evacuation
[2023-10-11T17:31:20.055+0200][1299.674s] GC(110)   Pre Evacuate Collection Set: 0.1ms
[2023-10-11T17:31:20.055+0200][1299.674s] GC(110)   Merge Heap Roots: 0.1ms
[2023-10-11T17:31:20.055+0200][1299.674s] GC(110)   Evacuate Collection Set: 1.3ms
[2023-10-11T17:31:20.055+0200][1299.674s] GC(110)   Post Evacuate Collection Set: 0.5ms
[2023-10-11T17:31:20.055+0200][1299.674s] GC(110)   Other: 0.1ms
[2023-10-11T17:31:20.055+0200][1299.674s] GC(110) Eden regions: 302->0(298)
[2023-10-11T17:31:20.055+0200][1299.674s] GC(110) Survivor regions: 5->9(39)
[2023-10-11T17:31:20.055+0200][1299.674s] GC(110) Old regions: 118->118
[2023-10-11T17:31:20.055+0200][1299.674s] GC(110) Archive regions: 0->0
[2023-10-11T17:31:20.055+0200][1299.674s] GC(110) Humongous regions: 4->4
[2023-10-11T17:31:20.055+0200][1299.674s] GC(110) Metaspace: 62463K(62976K)->62463K(62976K) NonClass: 55459K(55680K)->55459K(55680K) Class: 7004K(7296K)->7004K(7296K)
[2023-10-11T17:31:20.055+0200][1299.675s] GC(110) Pause Young (Normal) (G1 Evacuation Pause) 428M->130M(512M) 2.224ms
[2023-10-11T17:31:20.055+0200][1299.675s] GC(110) User=0.00s Sys=0.00s Real=0.00s
[2023-10-11T17:31:24.723+0200][1304.343s] GC(111) Pause Young (Normal) (G1 Evacuation Pause)
[2023-10-11T17:31:24.723+0200][1304.343s] GC(111) Using 10 workers of 10 for evacuation
[2023-10-11T17:31:24.726+0200][1304.346s] GC(111)   Pre Evacuate Collection Set: 0.1ms
[2023-10-11T17:31:24.726+0200][1304.346s] GC(111)   Merge Heap Roots: 0.1ms
[2023-10-11T17:31:24.726+0200][1304.346s] GC(111)   Evacuate Collection Set: 1.9ms
[2023-10-11T17:31:24.726+0200][1304.346s] GC(111)   Post Evacuate Collection Set: 0.5ms
[2023-10-11T17:31:24.726+0200][1304.346s] GC(111)   Other: 0.1ms
[2023-10-11T17:31:24.726+0200][1304.346s] GC(111) Eden regions: 298->0(294)
[2023-10-11T17:31:24.726+0200][1304.346s] GC(111) Survivor regions: 9->13(39)
[2023-10-11T17:31:24.726+0200][1304.346s] GC(111) Old regions: 118->118
[2023-10-11T17:31:24.726+0200][1304.346s] GC(111) Archive regions: 0->0
[2023-10-11T17:31:24.726+0200][1304.346s] GC(111) Humongous regions: 4->4
[2023-10-11T17:31:24.726+0200][1304.346s] GC(111) Metaspace: 62463K(62976K)->62463K(62976K) NonClass: 55459K(55680K)->55459K(55680K) Class: 7004K(7296K)->7004K(7296K)
[2023-10-11T17:31:24.726+0200][1304.346s] GC(111) Pause Young (Normal) (G1 Evacuation Pause) 428M->134M(512M) 3.009ms
[2023-10-11T17:31:24.726+0200][1304.346s] GC(111) User=0.00s Sys=0.00s Real=0.00s
[2023-10-11T17:31:28.412+0200][1308.032s] GC(112) Pause Young (Concurrent Start) (CodeCache GC Threshold)
[2023-10-11T17:31:28.412+0200][1308.032s] GC(112) Using 10 workers of 10 for evacuation
[2023-10-11T17:31:28.415+0200][1308.035s] GC(112)   Pre Evacuate Collection Set: 0.1ms
[2023-10-11T17:31:28.415+0200][1308.035s] GC(112)   Merge Heap Roots: 0.1ms
[2023-10-11T17:31:28.415+0200][1308.035s] GC(112)   Evacuate Collection Set: 2.5ms
[2023-10-11T17:31:28.415+0200][1308.035s] GC(112)   Post Evacuate Collection Set: 0.4ms
[2023-10-11T17:31:28.415+0200][1308.035s] GC(112)   Other: 0.1ms
[2023-10-11T17:31:28.415+0200][1308.035s] GC(112) Eden regions: 228->0(291)
[2023-10-11T17:31:28.415+0200][1308.035s] GC(112) Survivor regions: 13->16(39)
[2023-10-11T17:31:28.415+0200][1308.035s] GC(112) Old regions: 118->118
[2023-10-11T17:31:28.415+0200][1308.035s] GC(112) Archive regions: 0->0
[2023-10-11T17:31:28.415+0200][1308.035s] GC(112) Humongous regions: 4->4
[2023-10-11T17:31:28.415+0200][1308.035s] GC(112) Metaspace: 62463K(62976K)->62463K(62976K) NonClass: 55459K(55680K)->55459K(55680K) Class: 7004K(7296K)->7004K(7296K)
[2023-10-11T17:31:28.415+0200][1308.035s] GC(112) Pause Young (Concurrent Start) (CodeCache GC Threshold) 361M->136M(512M) 3.387ms
[2023-10-11T17:31:28.415+0200][1308.035s] GC(113) Concurrent Mark Cycle
[2023-10-11T17:31:28.415+0200][1308.035s] GC(112) User=0.00s Sys=0.00s Real=0.00s
[2023-10-11T17:31:28.415+0200][1308.035s] GC(113) Concurrent Clear Claimed Marks
[2023-10-11T17:31:28.415+0200][1308.035s] GC(113) Concurrent Clear Claimed Marks 0.098ms
[2023-10-11T17:31:28.415+0200][1308.035s] GC(113) Concurrent Scan Root Regions
[2023-10-11T17:31:28.416+0200][1308.037s] GC(113) Concurrent Scan Root Regions 1.293ms
[2023-10-11T17:31:28.416+0200][1308.037s] GC(113) Concurrent Mark
[2023-10-11T17:31:28.416+0200][1308.037s] GC(113) Concurrent Mark From Roots
[2023-10-11T17:31:28.416+0200][1308.037s] GC(113) Using 3 workers of 3 for marking
[2023-10-11T17:31:28.443+0200][1308.063s] GC(113) Concurrent Mark From Roots 26.022ms
[2023-10-11T17:31:28.443+0200][1308.063s] GC(113) Concurrent Preclean
[2023-10-11T17:31:28.443+0200][1308.063s] GC(113) Concurrent Preclean 0.186ms
[2023-10-11T17:31:28.443+0200][1308.063s] GC(113) Pause Remark
[2023-10-11T17:31:28.452+0200][1308.072s] GC(113) Pause Remark 138M->138M(512M) 8.580ms
[2023-10-11T17:31:28.452+0200][1308.072s] GC(113) User=0.00s Sys=0.00s Real=0.01s
[2023-10-11T17:31:28.452+0200][1308.072s] GC(113) Concurrent Mark 35.102ms
[2023-10-11T17:31:28.452+0200][1308.072s] GC(113) Concurrent Rebuild Remembered Sets
[2023-10-11T17:31:28.467+0200][1308.087s] GC(113) Concurrent Rebuild Remembered Sets 15.715ms
[2023-10-11T17:31:28.468+0200][1308.088s] GC(113) Pause Cleanup
[2023-10-11T17:31:28.468+0200][1308.088s] GC(113) Pause Cleanup 138M->138M(512M) 0.172ms
[2023-10-11T17:31:28.468+0200][1308.088s] GC(113) User=0.00s Sys=0.00s Real=0.00s
[2023-10-11T17:31:28.468+0200][1308.088s] GC(113) Concurrent Cleanup for Next Mark
[2023-10-11T17:31:28.469+0200][1308.089s] GC(113) Concurrent Cleanup for Next Mark 0.675ms
[2023-10-11T17:31:28.469+0200][1308.089s] GC(113) Concurrent Mark Cycle 53.475ms
[2023-10-11T17:31:33.188+0200][1312.808s] GC(114) Pause Young (Prepare Mixed) (G1 Evacuation Pause)
[2023-10-11T17:31:33.188+0200][1312.808s] GC(114) Using 10 workers of 10 for evacuation
[2023-10-11T17:31:33.192+0200][1312.812s] GC(114)   Pre Evacuate Collection Set: 0.1ms
[2023-10-11T17:31:33.192+0200][1312.812s] GC(114)   Merge Heap Roots: 0.1ms
[2023-10-11T17:31:33.192+0200][1312.812s] GC(114)   Evacuate Collection Set: 2.6ms
[2023-10-11T17:31:33.192+0200][1312.812s] GC(114)   Post Evacuate Collection Set: 0.6ms
[2023-10-11T17:31:33.192+0200][1312.812s] GC(114)   Other: 0.1ms
[2023-10-11T17:31:33.192+0200][1312.812s] GC(114) Eden regions: 291->0(7)
[2023-10-11T17:31:33.192+0200][1312.812s] GC(114) Survivor regions: 16->18(39)
[2023-10-11T17:31:33.192+0200][1312.812s] GC(114) Old regions: 117->117
[2023-10-11T17:31:33.192+0200][1312.812s] GC(114) Archive regions: 0->0
[2023-10-11T17:31:33.192+0200][1312.812s] GC(114) Humongous regions: 4->4
[2023-10-11T17:31:33.192+0200][1312.812s] GC(114) Metaspace: 62424K(62976K)->62424K(62976K) NonClass: 55431K(55680K)->55431K(55680K) Class: 6993K(7296K)->6993K(7296K)
[2023-10-11T17:31:33.192+0200][1312.812s] GC(114) Pause Young (Prepare Mixed) (G1 Evacuation Pause) 427M->138M(512M) 3.750ms
[2023-10-11T17:31:33.192+0200][1312.812s] GC(114) User=0.00s Sys=0.00s Real=0.00s
[2023-10-11T17:31:33.282+0200][1312.902s] GC(115) Pause Young (Mixed) (G1 Evacuation Pause)
[2023-10-11T17:31:33.282+0200][1312.902s] GC(115) Using 10 workers of 10 for evacuation
[2023-10-11T17:31:33.285+0200][1312.905s] GC(115)   Pre Evacuate Collection Set: 0.1ms
[2023-10-11T17:31:33.285+0200][1312.905s] GC(115)   Merge Heap Roots: 0.1ms
[2023-10-11T17:31:33.285+0200][1312.905s] GC(115)   Evacuate Collection Set: 2.5ms
[2023-10-11T17:31:33.285+0200][1312.905s] GC(115)   Post Evacuate Collection Set: 0.4ms
[2023-10-11T17:31:33.285+0200][1312.905s] GC(115)   Other: 0.1ms
[2023-10-11T17:31:33.285+0200][1312.905s] GC(115) Eden regions: 7->0(306)
[2023-10-11T17:31:33.285+0200][1312.905s] GC(115) Survivor regions: 18->1(4)
[2023-10-11T17:31:33.285+0200][1312.905s] GC(115) Old regions: 117->131
[2023-10-11T17:31:33.285+0200][1312.905s] GC(115) Archive regions: 0->0
[2023-10-11T17:31:33.285+0200][1312.905s] GC(115) Humongous regions: 4->4
[2023-10-11T17:31:33.285+0200][1312.905s] GC(115) Metaspace: 62424K(62976K)->62424K(62976K) NonClass: 55431K(55680K)->55431K(55680K) Class: 6993K(7296K)->6993K(7296K)
[2023-10-11T17:31:33.285+0200][1312.905s] GC(115) Pause Young (Mixed) (G1 Evacuation Pause) 145M->134M(512M) 3.276ms
[2023-10-11T17:31:33.285+0200][1312.905s] GC(115) User=0.00s Sys=0.00s Real=0.00s
[2023-10-11T17:32:49.991+0200][1389.611s] GC(116) Pause Young (Concurrent Start) (CodeCache GC Threshold)
[2023-10-11T17:32:49.991+0200][1389.611s] GC(116) Using 10 workers of 10 for evacuation
[2023-10-11T17:32:49.994+0200][1389.613s] GC(116)   Pre Evacuate Collection Set: 0.2ms
[2023-10-11T17:32:49.994+0200][1389.613s] GC(116)   Merge Heap Roots: 0.1ms
[2023-10-11T17:32:49.994+0200][1389.613s] GC(116)   Evacuate Collection Set: 1.5ms
[2023-10-11T17:32:49.994+0200][1389.613s] GC(116)   Post Evacuate Collection Set: 0.6ms
[2023-10-11T17:32:49.994+0200][1389.613s] GC(116)   Other: 0.1ms
[2023-10-11T17:32:49.994+0200][1389.613s] GC(116) Eden regions: 270->0(302)
[2023-10-11T17:32:49.994+0200][1389.613s] GC(116) Survivor regions: 1->5(39)
[2023-10-11T17:32:49.994+0200][1389.613s] GC(116) Old regions: 131->131
[2023-10-11T17:32:49.994+0200][1389.613s] GC(116) Archive regions: 0->0
[2023-10-11T17:32:49.994+0200][1389.613s] GC(116) Humongous regions: 4->4
[2023-10-11T17:32:49.994+0200][1389.613s] GC(116) Metaspace: 62543K(63104K)->62543K(63104K) NonClass: 55540K(55808K)->55540K(55808K) Class: 7003K(7296K)->7003K(7296K)
[2023-10-11T17:32:49.994+0200][1389.613s] GC(116) Pause Young (Concurrent Start) (CodeCache GC Threshold) 404M->138M(512M) 2.664ms
[2023-10-11T17:32:49.994+0200][1389.613s] GC(116) User=0.00s Sys=0.00s Real=0.00s
[2023-10-11T17:32:49.994+0200][1389.613s] GC(117) Concurrent Mark Cycle
[2023-10-11T17:32:49.994+0200][1389.614s] GC(117) Concurrent Clear Claimed Marks
[2023-10-11T17:32:49.994+0200][1389.614s] GC(117) Concurrent Clear Claimed Marks 0.048ms
[2023-10-11T17:32:49.994+0200][1389.614s] GC(117) Concurrent Scan Root Regions
[2023-10-11T17:32:49.995+0200][1389.615s] GC(117) Concurrent Scan Root Regions 1.554ms
[2023-10-11T17:32:49.996+0200][1389.615s] GC(117) Concurrent Mark
[2023-10-11T17:32:49.996+0200][1389.615s] GC(117) Concurrent Mark From Roots
[2023-10-11T17:32:49.996+0200][1389.615s] GC(117) Using 3 workers of 3 for marking
[2023-10-11T17:32:50.023+0200][1389.642s] GC(117) Concurrent Mark From Roots 27.240ms
[2023-10-11T17:32:50.023+0200][1389.642s] GC(117) Concurrent Preclean
[2023-10-11T17:32:50.023+0200][1389.643s] GC(117) Concurrent Preclean 0.201ms
[2023-10-11T17:32:50.023+0200][1389.643s] GC(117) Pause Remark
[2023-10-11T17:32:50.032+0200][1389.653s] GC(117) Pause Remark 139M->138M(512M) 9.954ms
[2023-10-11T17:32:50.032+0200][1389.653s] GC(117) User=0.00s Sys=0.00s Real=0.01s
[2023-10-11T17:32:50.033+0200][1389.653s] GC(117) Concurrent Mark 37.761ms
[2023-10-11T17:32:50.033+0200][1389.653s] GC(117) Concurrent Rebuild Remembered Sets
[2023-10-11T17:32:50.046+0200][1389.667s] GC(117) Concurrent Rebuild Remembered Sets 13.528ms
[2023-10-11T17:32:50.046+0200][1389.667s] GC(117) Pause Cleanup
[2023-10-11T17:32:50.046+0200][1389.667s] GC(117) Pause Cleanup 138M->138M(512M) 0.141ms
[2023-10-11T17:32:50.046+0200][1389.667s] GC(117) User=0.00s Sys=0.00s Real=0.00s
[2023-10-11T17:32:50.046+0200][1389.667s] GC(117) Concurrent Cleanup for Next Mark
[2023-10-11T17:32:50.047+0200][1389.667s] GC(117) Concurrent Cleanup for Next Mark 0.669ms
[2023-10-11T17:32:50.047+0200][1389.668s] GC(117) Concurrent Mark Cycle 54.041ms
[2023-10-11T17:35:25.036+0200][1544.656s] GC(118) Pause Young (Prepare Mixed) (G1 Evacuation Pause)
[2023-10-11T17:35:25.036+0200][1544.656s] GC(118) Using 10 workers of 10 for evacuation
[2023-10-11T17:35:25.037+0200][1544.658s] GC(118)   Pre Evacuate Collection Set: 0.1ms
[2023-10-11T17:35:25.037+0200][1544.658s] GC(118)   Merge Heap Roots: 0.1ms
[2023-10-11T17:35:25.037+0200][1544.658s] GC(118)   Evacuate Collection Set: 1.0ms
[2023-10-11T17:35:25.037+0200][1544.658s] GC(118)   Post Evacuate Collection Set: 0.4ms
[2023-10-11T17:35:25.037+0200][1544.658s] GC(118)   Other: 0.1ms
[2023-10-11T17:35:25.037+0200][1544.658s] GC(118) Eden regions: 302->0(19)
[2023-10-11T17:35:25.037+0200][1544.658s] GC(118) Survivor regions: 5->6(39)
[2023-10-11T17:35:25.037+0200][1544.658s] GC(118) Old regions: 129->129
[2023-10-11T17:35:25.037+0200][1544.658s] GC(118) Archive regions: 0->0
[2023-10-11T17:35:25.037+0200][1544.658s] GC(118) Humongous regions: 4->4
[2023-10-11T17:35:25.037+0200][1544.658s] GC(118) Metaspace: 62697K(63232K)->62697K(63232K) NonClass: 55674K(55936K)->55674K(55936K) Class: 7022K(7296K)->7022K(7296K)
[2023-10-11T17:35:25.038+0200][1544.658s] GC(118) Pause Young (Prepare Mixed) (G1 Evacuation Pause) 439M->138M(512M) 2.014ms
[2023-10-11T17:35:25.038+0200][1544.658s] GC(118) User=0.00s Sys=0.00s Real=0.00s
[2023-10-11T17:35:25.355+0200][1544.974s] GC(119) Pause Young (Mixed) (G1 Evacuation Pause)
[2023-10-11T17:35:25.355+0200][1544.974s] GC(119) Using 10 workers of 10 for evacuation
[2023-10-11T17:35:25.357+0200][1544.976s] GC(119)   Pre Evacuate Collection Set: 0.1ms
[2023-10-11T17:35:25.357+0200][1544.976s] GC(119)   Merge Heap Roots: 0.1ms
[2023-10-11T17:35:25.357+0200][1544.976s] GC(119)   Evacuate Collection Set: 1.1ms
[2023-10-11T17:35:25.357+0200][1544.976s] GC(119)   Post Evacuate Collection Set: 0.4ms
[2023-10-11T17:35:25.357+0200][1544.976s] GC(119)   Other: 0.1ms
[2023-10-11T17:35:25.357+0200][1544.976s] GC(119) Eden regions: 19->0(24)
[2023-10-11T17:35:25.357+0200][1544.976s] GC(119) Survivor regions: 6->1(4)
[2023-10-11T17:35:25.357+0200][1544.976s] GC(119) Old regions: 129->82
[2023-10-11T17:35:25.357+0200][1544.976s] GC(119) Archive regions: 0->0
[2023-10-11T17:35:25.357+0200][1544.976s] GC(119) Humongous regions: 4->4
[2023-10-11T17:35:25.357+0200][1544.976s] GC(119) Metaspace: 62697K(63232K)->62697K(63232K) NonClass: 55674K(55936K)->55674K(55936K) Class: 7022K(7296K)->7022K(7296K)
[2023-10-11T17:35:25.357+0200][1544.976s] GC(119) Pause Young (Mixed) (G1 Evacuation Pause) 157M->86M(512M) 2.060ms
[2023-10-11T17:35:25.357+0200][1544.976s] GC(119) User=0.00s Sys=0.00s Real=0.00s
[2023-10-11T17:35:25.730+0200][1545.350s] GC(120) Pause Young (Mixed) (G1 Evacuation Pause)
[2023-10-11T17:35:25.730+0200][1545.350s] GC(120) Using 10 workers of 10 for evacuation
[2023-10-11T17:35:25.732+0200][1545.353s] GC(120)   Pre Evacuate Collection Set: 0.1ms
[2023-10-11T17:35:25.733+0200][1545.353s] GC(120)   Merge Heap Roots: 0.1ms
[2023-10-11T17:35:25.733+0200][1545.353s] GC(120)   Evacuate Collection Set: 1.1ms
[2023-10-11T17:35:25.733+0200][1545.353s] GC(120)   Post Evacuate Collection Set: 0.9ms
[2023-10-11T17:35:25.733+0200][1545.353s] GC(120)   Other: 0.1ms
[2023-10-11T17:35:25.733+0200][1545.353s] GC(120) Eden regions: 24->0(305)
[2023-10-11T17:35:25.733+0200][1545.353s] GC(120) Survivor regions: 1->2(4)
[2023-10-11T17:35:25.733+0200][1545.353s] GC(120) Old regions: 82->69
[2023-10-11T17:35:25.733+0200][1545.353s] GC(120) Archive regions: 0->0
[2023-10-11T17:35:25.733+0200][1545.353s] GC(120) Humongous regions: 4->4
[2023-10-11T17:35:25.733+0200][1545.353s] GC(120) Metaspace: 62718K(63296K)->62718K(63296K) NonClass: 55695K(56000K)->55695K(56000K) Class: 7022K(7296K)->7022K(7296K)
[2023-10-11T17:35:25.733+0200][1545.353s] GC(120) Pause Young (Mixed) (G1 Evacuation Pause) 110M->73M(512M) 2.515ms
[2023-10-11T17:35:25.733+0200][1545.353s] GC(120) User=0.00s Sys=0.00s Real=0.00s
[2023-10-11T17:35:30.632+0200][1550.251s] GC(121) Pause Young (Normal) (G1 Evacuation Pause)
[2023-10-11T17:35:30.632+0200][1550.251s] GC(121) Using 10 workers of 10 for evacuation
[2023-10-11T17:35:30.633+0200][1550.253s] GC(121)   Pre Evacuate Collection Set: 0.1ms
[2023-10-11T17:35:30.633+0200][1550.253s] GC(121)   Merge Heap Roots: 0.1ms
[2023-10-11T17:35:30.633+0200][1550.253s] GC(121)   Evacuate Collection Set: 0.8ms
[2023-10-11T17:35:30.633+0200][1550.253s] GC(121)   Post Evacuate Collection Set: 0.5ms
[2023-10-11T17:35:30.633+0200][1550.253s] GC(121)   Other: 0.1ms
[2023-10-11T17:35:30.633+0200][1550.253s] GC(121) Eden regions: 305->0(301)
[2023-10-11T17:35:30.633+0200][1550.253s] GC(121) Survivor regions: 2->6(39)
[2023-10-11T17:35:30.633+0200][1550.253s] GC(121) Old regions: 69->69
[2023-10-11T17:35:30.633+0200][1550.253s] GC(121) Archive regions: 0->0
[2023-10-11T17:35:30.633+0200][1550.253s] GC(121) Humongous regions: 4->4
[2023-10-11T17:35:30.633+0200][1550.253s] GC(121) Metaspace: 62773K(63296K)->62773K(63296K) NonClass: 55744K(56000K)->55744K(56000K) Class: 7029K(7296K)->7029K(7296K)
[2023-10-11T17:35:30.633+0200][1550.253s] GC(121) Pause Young (Normal) (G1 Evacuation Pause) 378M->77M(512M) 1.735ms
[2023-10-11T17:35:30.633+0200][1550.253s] GC(121) User=0.00s Sys=0.00s Real=0.00s
[2023-10-11T17:35:35.547+0200][1555.167s] GC(122) Pause Young (Normal) (G1 Evacuation Pause)
[2023-10-11T17:35:35.547+0200][1555.167s] GC(122) Using 10 workers of 10 for evacuation
[2023-10-11T17:35:35.549+0200][1555.169s] GC(122)   Pre Evacuate Collection Set: 0.1ms
[2023-10-11T17:35:35.549+0200][1555.169s] GC(122)   Merge Heap Roots: 0.1ms
[2023-10-11T17:35:35.549+0200][1555.169s] GC(122)   Evacuate Collection Set: 1.2ms
[2023-10-11T17:35:35.549+0200][1555.169s] GC(122)   Post Evacuate Collection Set: 0.3ms
[2023-10-11T17:35:35.549+0200][1555.169s] GC(122)   Other: 0.1ms
[2023-10-11T17:35:35.549+0200][1555.169s] GC(122) Eden regions: 301->0(298)
[2023-10-11T17:35:35.549+0200][1555.169s] GC(122) Survivor regions: 6->9(39)
[2023-10-11T17:35:35.549+0200][1555.169s] GC(122) Old regions: 69->69
[2023-10-11T17:35:35.549+0200][1555.169s] GC(122) Archive regions: 0->0
[2023-10-11T17:35:35.549+0200][1555.169s] GC(122) Humongous regions: 4->4
[2023-10-11T17:35:35.549+0200][1555.169s] GC(122) Metaspace: 62806K(63296K)->62806K(63296K) NonClass: 55775K(56000K)->55775K(56000K) Class: 7030K(7296K)->7030K(7296K)
[2023-10-11T17:35:35.549+0200][1555.169s] GC(122) Pause Young (Normal) (G1 Evacuation Pause) 378M->81M(512M) 2.015ms
[2023-10-11T17:35:35.549+0200][1555.169s] GC(122) User=0.00s Sys=0.00s Real=0.00s
[2023-10-11T17:35:40.500+0200][1560.121s] GC(123) Pause Young (Normal) (G1 Evacuation Pause)
[2023-10-11T17:35:40.501+0200][1560.121s] GC(123) Using 10 workers of 10 for evacuation
[2023-10-11T17:35:40.503+0200][1560.123s] GC(123)   Pre Evacuate Collection Set: 0.1ms
[2023-10-11T17:35:40.503+0200][1560.123s] GC(123)   Merge Heap Roots: 0.2ms
[2023-10-11T17:35:40.503+0200][1560.123s] GC(123)   Evacuate Collection Set: 1.6ms
[2023-10-11T17:35:40.503+0200][1560.123s] GC(123)   Post Evacuate Collection Set: 0.5ms
[2023-10-11T17:35:40.503+0200][1560.123s] GC(123)   Other: 0.1ms
[2023-10-11T17:35:40.503+0200][1560.123s] GC(123) Eden regions: 298->0(294)
[2023-10-11T17:35:40.503+0200][1560.123s] GC(123) Survivor regions: 9->13(39)
[2023-10-11T17:35:40.503+0200][1560.123s] GC(123) Old regions: 69->69
[2023-10-11T17:35:40.503+0200][1560.123s] GC(123) Archive regions: 0->0
[2023-10-11T17:35:40.503+0200][1560.123s] GC(123) Humongous regions: 4->4
[2023-10-11T17:35:40.503+0200][1560.123s] GC(123) Metaspace: 62806K(63296K)->62806K(63296K) NonClass: 55776K(56000K)->55776K(56000K) Class: 7030K(7296K)->7030K(7296K)
[2023-10-11T17:35:40.503+0200][1560.123s] GC(123) Pause Young (Normal) (G1 Evacuation Pause) 379M->84M(512M) 2.649ms
[2023-10-11T17:35:40.503+0200][1560.123s] GC(123) User=0.00s Sys=0.00s Real=0.00s
[2023-10-11T17:35:45.038+0200][1564.658s] GC(124) Pause Young (Normal) (G1 Evacuation Pause)
[2023-10-11T17:35:45.038+0200][1564.658s] GC(124) Using 10 workers of 10 for evacuation
[2023-10-11T17:35:45.041+0200][1564.661s] GC(124)   Pre Evacuate Collection Set: 0.1ms
[2023-10-11T17:35:45.041+0200][1564.661s] GC(124)   Merge Heap Roots: 0.1ms
[2023-10-11T17:35:45.041+0200][1564.661s] GC(124)   Evacuate Collection Set: 2.3ms
[2023-10-11T17:35:45.041+0200][1564.661s] GC(124)   Post Evacuate Collection Set: 0.7ms
[2023-10-11T17:35:45.041+0200][1564.661s] GC(124)   Other: 0.1ms
[2023-10-11T17:35:45.041+0200][1564.661s] GC(124) Eden regions: 294->0(291)
[2023-10-11T17:35:45.041+0200][1564.661s] GC(124) Survivor regions: 13->16(39)
[2023-10-11T17:35:45.041+0200][1564.661s] GC(124) Old regions: 69->69
[2023-10-11T17:35:45.041+0200][1564.661s] GC(124) Archive regions: 0->0
[2023-10-11T17:35:45.041+0200][1564.661s] GC(124) Humongous regions: 4->4
[2023-10-11T17:35:45.041+0200][1564.661s] GC(124) Metaspace: 62806K(63296K)->62806K(63296K) NonClass: 55776K(56000K)->55776K(56000K) Class: 7030K(7296K)->7030K(7296K)
[2023-10-11T17:35:45.041+0200][1564.661s] GC(124) Pause Young (Normal) (G1 Evacuation Pause) 378M->87M(512M) 3.563ms
[2023-10-11T17:35:45.041+0200][1564.661s] GC(124) User=0.00s Sys=0.00s Real=0.00s
[2023-10-11T17:35:49.595+0200][1569.214s] GC(125) Pause Young (Normal) (G1 Evacuation Pause)
[2023-10-11T17:35:49.595+0200][1569.214s] GC(125) Using 10 workers of 10 for evacuation
[2023-10-11T17:35:49.598+0200][1569.218s] GC(125)   Pre Evacuate Collection Set: 0.1ms
[2023-10-11T17:35:49.598+0200][1569.218s] GC(125)   Merge Heap Roots: 0.2ms
[2023-10-11T17:35:49.598+0200][1569.218s] GC(125)   Evacuate Collection Set: 2.6ms
[2023-10-11T17:35:49.598+0200][1569.218s] GC(125)   Post Evacuate Collection Set: 0.7ms
[2023-10-11T17:35:49.598+0200][1569.218s] GC(125)   Other: 0.1ms
[2023-10-11T17:35:49.598+0200][1569.218s] GC(125) Eden regions: 291->0(288)
[2023-10-11T17:35:49.598+0200][1569.218s] GC(125) Survivor regions: 16->19(39)
[2023-10-11T17:35:49.598+0200][1569.218s] GC(125) Old regions: 69->69
[2023-10-11T17:35:49.598+0200][1569.218s] GC(125) Archive regions: 0->0
[2023-10-11T17:35:49.598+0200][1569.218s] GC(125) Humongous regions: 4->4
[2023-10-11T17:35:49.598+0200][1569.218s] GC(125) Metaspace: 62806K(63296K)->62806K(63296K) NonClass: 55776K(56000K)->55776K(56000K) Class: 7030K(7296K)->7030K(7296K)
[2023-10-11T17:35:49.598+0200][1569.218s] GC(125) Pause Young (Normal) (G1 Evacuation Pause) 378M->91M(512M) 3.802ms
[2023-10-11T17:35:49.598+0200][1569.218s] GC(125) User=0.00s Sys=0.00s Real=0.00s
[2023-10-11T17:35:54.055+0200][1573.674s] GC(126) Pause Young (Normal) (G1 Evacuation Pause)
[2023-10-11T17:35:54.055+0200][1573.674s] GC(126) Using 10 workers of 10 for evacuation
[2023-10-11T17:35:54.058+0200][1573.678s] GC(126)   Pre Evacuate Collection Set: 0.1ms
[2023-10-11T17:35:54.058+0200][1573.678s] GC(126)   Merge Heap Roots: 0.1ms
[2023-10-11T17:35:54.058+0200][1573.678s] GC(126)   Evacuate Collection Set: 3.0ms
[2023-10-11T17:35:54.058+0200][1573.678s] GC(126)   Post Evacuate Collection Set: 0.5ms
[2023-10-11T17:35:54.058+0200][1573.678s] GC(126)   Other: 0.1ms
[2023-10-11T17:35:54.058+0200][1573.678s] GC(126) Eden regions: 288->0(284)
[2023-10-11T17:35:54.058+0200][1573.678s] GC(126) Survivor regions: 19->23(39)
[2023-10-11T17:35:54.058+0200][1573.678s] GC(126) Old regions: 69->69
[2023-10-11T17:35:54.058+0200][1573.678s] GC(126) Archive regions: 0->0
[2023-10-11T17:35:54.058+0200][1573.678s] GC(126) Humongous regions: 4->4
[2023-10-11T17:35:54.058+0200][1573.678s] GC(126) Metaspace: 62806K(63296K)->62806K(63296K) NonClass: 55776K(56000K)->55776K(56000K) Class: 7030K(7296K)->7030K(7296K)
[2023-10-11T17:35:54.058+0200][1573.678s] GC(126) Pause Young (Normal) (G1 Evacuation Pause) 379M->94M(512M) 4.038ms
[2023-10-11T17:35:54.058+0200][1573.678s] GC(126) User=0.00s Sys=0.00s Real=0.00s
[2023-10-11T17:35:58.408+0200][1578.027s] GC(127) Pause Young (Normal) (G1 Evacuation Pause)
[2023-10-11T17:35:58.408+0200][1578.027s] GC(127) Using 10 workers of 10 for evacuation
[2023-10-11T17:35:58.412+0200][1578.031s] GC(127)   Pre Evacuate Collection Set: 0.1ms
[2023-10-11T17:35:58.412+0200][1578.031s] GC(127)   Merge Heap Roots: 0.1ms
[2023-10-11T17:35:58.412+0200][1578.031s] GC(127)   Evacuate Collection Set: 3.4ms
[2023-10-11T17:35:58.412+0200][1578.032s] GC(127)   Post Evacuate Collection Set: 0.6ms
[2023-10-11T17:35:58.412+0200][1578.032s] GC(127)   Other: 0.1ms
[2023-10-11T17:35:58.412+0200][1578.032s] GC(127) Eden regions: 284->0(285)
[2023-10-11T17:35:58.412+0200][1578.032s] GC(127) Survivor regions: 23->22(39)
[2023-10-11T17:35:58.412+0200][1578.032s] GC(127) Old regions: 69->73
[2023-10-11T17:35:58.412+0200][1578.032s] GC(127) Archive regions: 0->0
[2023-10-11T17:35:58.412+0200][1578.032s] GC(127) Humongous regions: 4->4
[2023-10-11T17:35:58.412+0200][1578.032s] GC(127) Metaspace: 62806K(63296K)->62806K(63296K) NonClass: 55776K(56000K)->55776K(56000K) Class: 7030K(7296K)->7030K(7296K)
[2023-10-11T17:35:58.412+0200][1578.032s] GC(127) Pause Young (Normal) (G1 Evacuation Pause) 378M->97M(512M) 4.503ms
[2023-10-11T17:35:58.412+0200][1578.032s] GC(127) User=0.00s Sys=0.00s Real=0.00s
[2023-10-11T17:36:02.888+0200][1582.508s] GC(128) Pause Young (Normal) (G1 Evacuation Pause)
[2023-10-11T17:36:02.888+0200][1582.508s] GC(128) Using 10 workers of 10 for evacuation
[2023-10-11T17:36:02.893+0200][1582.513s] GC(128)   Pre Evacuate Collection Set: 0.1ms
[2023-10-11T17:36:02.893+0200][1582.513s] GC(128)   Merge Heap Roots: 0.1ms
[2023-10-11T17:36:02.893+0200][1582.513s] GC(128)   Evacuate Collection Set: 3.7ms
[2023-10-11T17:36:02.893+0200][1582.513s] GC(128)   Post Evacuate Collection Set: 0.7ms
[2023-10-11T17:36:02.893+0200][1582.513s] GC(128)   Other: 0.1ms
[2023-10-11T17:36:02.893+0200][1582.513s] GC(128) Eden regions: 285->0(285)
[2023-10-11T17:36:02.893+0200][1582.513s] GC(128) Survivor regions: 22->22(39)
[2023-10-11T17:36:02.893+0200][1582.513s] GC(128) Old regions: 73->76
[2023-10-11T17:36:02.893+0200][1582.513s] GC(128) Archive regions: 0->0
[2023-10-11T17:36:02.893+0200][1582.513s] GC(128) Humongous regions: 4->4
[2023-10-11T17:36:02.893+0200][1582.513s] GC(128) Metaspace: 62806K(63296K)->62806K(63296K) NonClass: 55776K(56000K)->55776K(56000K) Class: 7030K(7296K)->7030K(7296K)
[2023-10-11T17:36:02.893+0200][1582.513s] GC(128) Pause Young (Normal) (G1 Evacuation Pause) 382M->100M(512M) 4.987ms
[2023-10-11T17:36:02.893+0200][1582.513s] GC(128) User=0.16s Sys=0.00s Real=0.00s
[2023-10-11T17:36:07.349+0200][1586.969s] GC(129) Pause Young (Normal) (G1 Evacuation Pause)
[2023-10-11T17:36:07.349+0200][1586.969s] GC(129) Using 10 workers of 10 for evacuation
[2023-10-11T17:36:07.353+0200][1586.974s] GC(129)   Pre Evacuate Collection Set: 0.1ms
[2023-10-11T17:36:07.354+0200][1586.974s] GC(129)   Merge Heap Roots: 0.1ms
[2023-10-11T17:36:07.354+0200][1586.974s] GC(129)   Evacuate Collection Set: 3.6ms
[2023-10-11T17:36:07.354+0200][1586.974s] GC(129)   Post Evacuate Collection Set: 0.8ms
[2023-10-11T17:36:07.354+0200][1586.974s] GC(129)   Other: 0.1ms
[2023-10-11T17:36:07.354+0200][1586.974s] GC(129) Eden regions: 285->0(285)
[2023-10-11T17:36:07.354+0200][1586.974s] GC(129) Survivor regions: 22->22(39)
[2023-10-11T17:36:07.354+0200][1586.974s] GC(129) Old regions: 76->79
[2023-10-11T17:36:07.354+0200][1586.974s] GC(129) Archive regions: 0->0
[2023-10-11T17:36:07.354+0200][1586.974s] GC(129) Humongous regions: 4->4
[2023-10-11T17:36:07.354+0200][1586.974s] GC(129) Metaspace: 62810K(63296K)->62810K(63296K) NonClass: 55779K(56000K)->55779K(56000K) Class: 7030K(7296K)->7030K(7296K)
[2023-10-11T17:36:07.354+0200][1586.974s] GC(129) Pause Young (Normal) (G1 Evacuation Pause) 385M->104M(512M) 4.928ms
[2023-10-11T17:36:07.354+0200][1586.974s] GC(129) User=0.00s Sys=0.00s Real=0.01s
[2023-10-11T17:36:11.641+0200][1591.261s] GC(130) Pause Young (Normal) (G1 Evacuation Pause)
[2023-10-11T17:36:11.641+0200][1591.261s] GC(130) Using 10 workers of 10 for evacuation
[2023-10-11T17:36:11.646+0200][1591.266s] GC(130)   Pre Evacuate Collection Set: 0.1ms
[2023-10-11T17:36:11.646+0200][1591.266s] GC(130)   Merge Heap Roots: 0.1ms
[2023-10-11T17:36:11.646+0200][1591.266s] GC(130)   Evacuate Collection Set: 3.5ms
[2023-10-11T17:36:11.646+0200][1591.266s] GC(130)   Post Evacuate Collection Set: 0.6ms
[2023-10-11T17:36:11.646+0200][1591.266s] GC(130)   Other: 0.1ms
[2023-10-11T17:36:11.646+0200][1591.266s] GC(130) Eden regions: 285->0(285)
[2023-10-11T17:36:11.646+0200][1591.266s] GC(130) Survivor regions: 22->22(39)
[2023-10-11T17:36:11.646+0200][1591.266s] GC(130) Old regions: 79->83
[2023-10-11T17:36:11.646+0200][1591.266s] GC(130) Archive regions: 0->0
[2023-10-11T17:36:11.646+0200][1591.266s] GC(130) Humongous regions: 4->4
[2023-10-11T17:36:11.646+0200][1591.266s] GC(130) Metaspace: 62812K(63296K)->62812K(63296K) NonClass: 55781K(56000K)->55781K(56000K) Class: 7030K(7296K)->7030K(7296K)
[2023-10-11T17:36:11.646+0200][1591.266s] GC(130) Pause Young (Normal) (G1 Evacuation Pause) 389M->107M(512M) 4.757ms
[2023-10-11T17:36:11.646+0200][1591.266s] GC(130) User=0.00s Sys=0.00s Real=0.00s
[2023-10-11T17:36:16.028+0200][1595.648s] GC(131) Pause Young (Normal) (G1 Evacuation Pause)
[2023-10-11T17:36:16.028+0200][1595.648s] GC(131) Using 10 workers of 10 for evacuation
[2023-10-11T17:36:16.032+0200][1595.652s] GC(131)   Pre Evacuate Collection Set: 0.1ms
[2023-10-11T17:36:16.032+0200][1595.652s] GC(131)   Merge Heap Roots: 0.1ms
[2023-10-11T17:36:16.032+0200][1595.652s] GC(131)   Evacuate Collection Set: 3.4ms
[2023-10-11T17:36:16.032+0200][1595.652s] GC(131)   Post Evacuate Collection Set: 0.6ms
[2023-10-11T17:36:16.033+0200][1595.652s] GC(131)   Other: 0.1ms
[2023-10-11T17:36:16.033+0200][1595.652s] GC(131) Eden regions: 285->0(285)
[2023-10-11T17:36:16.033+0200][1595.652s] GC(131) Survivor regions: 22->22(39)
[2023-10-11T17:36:16.033+0200][1595.652s] GC(131) Old regions: 83->86
[2023-10-11T17:36:16.033+0200][1595.652s] GC(131) Archive regions: 0->0
[2023-10-11T17:36:16.033+0200][1595.652s] GC(131) Humongous regions: 4->4
[2023-10-11T17:36:16.033+0200][1595.652s] GC(131) Metaspace: 62812K(63296K)->62812K(63296K) NonClass: 55781K(56000K)->55781K(56000K) Class: 7030K(7296K)->7030K(7296K)
[2023-10-11T17:36:16.033+0200][1595.652s] GC(131) Pause Young (Normal) (G1 Evacuation Pause) 392M->110M(512M) 4.342ms
[2023-10-11T17:36:16.033+0200][1595.652s] GC(131) User=0.16s Sys=0.00s Real=0.00s
[2023-10-11T17:36:20.584+0200][1600.203s] GC(132) Pause Young (Normal) (G1 Evacuation Pause)
[2023-10-11T17:36:20.584+0200][1600.203s] GC(132) Using 10 workers of 10 for evacuation
[2023-10-11T17:36:20.589+0200][1600.208s] GC(132)   Pre Evacuate Collection Set: 0.1ms
[2023-10-11T17:36:20.589+0200][1600.208s] GC(132)   Merge Heap Roots: 0.1ms
[2023-10-11T17:36:20.589+0200][1600.208s] GC(132)   Evacuate Collection Set: 4.0ms
[2023-10-11T17:36:20.589+0200][1600.208s] GC(132)   Post Evacuate Collection Set: 0.8ms
[2023-10-11T17:36:20.589+0200][1600.208s] GC(132)   Other: 0.1ms
[2023-10-11T17:36:20.589+0200][1600.208s] GC(132) Eden regions: 285->0(285)
[2023-10-11T17:36:20.589+0200][1600.208s] GC(132) Survivor regions: 22->22(39)
[2023-10-11T17:36:20.589+0200][1600.208s] GC(132) Old regions: 86->89
[2023-10-11T17:36:20.589+0200][1600.208s] GC(132) Archive regions: 0->0
[2023-10-11T17:36:20.589+0200][1600.208s] GC(132) Humongous regions: 4->4
[2023-10-11T17:36:20.589+0200][1600.208s] GC(132) Metaspace: 62812K(63296K)->62812K(63296K) NonClass: 55781K(56000K)->55781K(56000K) Class: 7030K(7296K)->7030K(7296K)
[2023-10-11T17:36:20.589+0200][1600.208s] GC(132) Pause Young (Normal) (G1 Evacuation Pause) 395M->114M(512M) 5.215ms
[2023-10-11T17:36:20.589+0200][1600.208s] GC(132) User=0.00s Sys=0.00s Real=0.00s
[2023-10-11T17:36:24.961+0200][1604.580s] GC(133) Pause Young (Normal) (G1 Evacuation Pause)
[2023-10-11T17:36:24.961+0200][1604.581s] GC(133) Using 10 workers of 10 for evacuation
[2023-10-11T17:36:24.964+0200][1604.585s] GC(133)   Pre Evacuate Collection Set: 0.1ms
[2023-10-11T17:36:24.964+0200][1604.585s] GC(133)   Merge Heap Roots: 0.1ms
[2023-10-11T17:36:24.964+0200][1604.585s] GC(133)   Evacuate Collection Set: 3.3ms
[2023-10-11T17:36:24.964+0200][1604.585s] GC(133)   Post Evacuate Collection Set: 0.6ms
[2023-10-11T17:36:24.964+0200][1604.585s] GC(133)   Other: 0.1ms
[2023-10-11T17:36:24.965+0200][1604.585s] GC(133) Eden regions: 285->0(285)
[2023-10-11T17:36:24.965+0200][1604.585s] GC(133) Survivor regions: 22->22(39)
[2023-10-11T17:36:24.965+0200][1604.585s] GC(133) Old regions: 89->93
[2023-10-11T17:36:24.965+0200][1604.585s] GC(133) Archive regions: 0->0
[2023-10-11T17:36:24.965+0200][1604.585s] GC(133) Humongous regions: 4->4
[2023-10-11T17:36:24.965+0200][1604.585s] GC(133) Metaspace: 62823K(63296K)->62823K(63296K) NonClass: 55792K(56000K)->55792K(56000K) Class: 7030K(7296K)->7030K(7296K)
[2023-10-11T17:36:24.965+0200][1604.585s] GC(133) Pause Young (Normal) (G1 Evacuation Pause) 399M->117M(512M) 4.375ms
[2023-10-11T17:36:24.965+0200][1604.585s] GC(133) User=0.00s Sys=0.00s Real=0.00s
[2023-10-11T17:36:29.389+0200][1609.008s] GC(134) Pause Young (Normal) (G1 Evacuation Pause)
[2023-10-11T17:36:29.389+0200][1609.008s] GC(134) Using 10 workers of 10 for evacuation
[2023-10-11T17:36:29.393+0200][1609.013s] GC(134)   Pre Evacuate Collection Set: 0.1ms
[2023-10-11T17:36:29.393+0200][1609.013s] GC(134)   Merge Heap Roots: 0.1ms
[2023-10-11T17:36:29.393+0200][1609.013s] GC(134)   Evacuate Collection Set: 3.4ms
[2023-10-11T17:36:29.393+0200][1609.013s] GC(134)   Post Evacuate Collection Set: 0.6ms
[2023-10-11T17:36:29.393+0200][1609.013s] GC(134)   Other: 0.1ms
[2023-10-11T17:36:29.393+0200][1609.013s] GC(134) Eden regions: 285->0(285)
[2023-10-11T17:36:29.393+0200][1609.013s] GC(134) Survivor regions: 22->22(39)
[2023-10-11T17:36:29.393+0200][1609.013s] GC(134) Old regions: 93->96
[2023-10-11T17:36:29.393+0200][1609.013s] GC(134) Archive regions: 0->0
[2023-10-11T17:36:29.393+0200][1609.013s] GC(134) Humongous regions: 4->4
[2023-10-11T17:36:29.393+0200][1609.013s] GC(134) Metaspace: 62823K(63296K)->62823K(63296K) NonClass: 55792K(56000K)->55792K(56000K) Class: 7030K(7296K)->7030K(7296K)
[2023-10-11T17:36:29.393+0200][1609.013s] GC(134) Pause Young (Normal) (G1 Evacuation Pause) 402M->121M(512M) 4.400ms
[2023-10-11T17:36:29.393+0200][1609.013s] GC(134) User=0.16s Sys=0.00s Real=0.00s
[2023-10-11T17:36:33.894+0200][1613.514s] GC(135) Pause Young (Normal) (G1 Evacuation Pause)
[2023-10-11T17:36:33.894+0200][1613.514s] GC(135) Using 10 workers of 10 for evacuation
[2023-10-11T17:36:33.898+0200][1613.518s] GC(135)   Pre Evacuate Collection Set: 0.1ms
[2023-10-11T17:36:33.898+0200][1613.518s] GC(135)   Merge Heap Roots: 0.2ms
[2023-10-11T17:36:33.898+0200][1613.518s] GC(135)   Evacuate Collection Set: 3.4ms
[2023-10-11T17:36:33.898+0200][1613.518s] GC(135)   Post Evacuate Collection Set: 0.5ms
[2023-10-11T17:36:33.898+0200][1613.518s] GC(135)   Other: 0.1ms
[2023-10-11T17:36:33.898+0200][1613.518s] GC(135) Eden regions: 285->0(285)
[2023-10-11T17:36:33.898+0200][1613.518s] GC(135) Survivor regions: 22->22(39)
[2023-10-11T17:36:33.898+0200][1613.518s] GC(135) Old regions: 96->99
[2023-10-11T17:36:33.898+0200][1613.518s] GC(135) Archive regions: 0->0
[2023-10-11T17:36:33.898+0200][1613.518s] GC(135) Humongous regions: 4->4
[2023-10-11T17:36:33.898+0200][1613.518s] GC(135) Metaspace: 62823K(63296K)->62823K(63296K) NonClass: 55792K(56000K)->55792K(56000K) Class: 7030K(7296K)->7030K(7296K)
[2023-10-11T17:36:33.898+0200][1613.518s] GC(135) Pause Young (Normal) (G1 Evacuation Pause) 406M->124M(512M) 4.470ms
[2023-10-11T17:36:33.898+0200][1613.518s] GC(135) User=0.00s Sys=0.00s Real=0.00s
[2023-10-11T17:36:38.447+0200][1618.067s] GC(136) Pause Young (Normal) (G1 Evacuation Pause)
[2023-10-11T17:36:38.447+0200][1618.067s] GC(136) Using 10 workers of 10 for evacuation
[2023-10-11T17:36:38.451+0200][1618.071s] GC(136)   Pre Evacuate Collection Set: 0.1ms
[2023-10-11T17:36:38.451+0200][1618.071s] GC(136)   Merge Heap Roots: 0.1ms
[2023-10-11T17:36:38.451+0200][1618.071s] GC(136)   Evacuate Collection Set: 3.5ms
[2023-10-11T17:36:38.451+0200][1618.071s] GC(136)   Post Evacuate Collection Set: 0.5ms
[2023-10-11T17:36:38.451+0200][1618.071s] GC(136)   Other: 0.1ms
[2023-10-11T17:36:38.451+0200][1618.071s] GC(136) Eden regions: 285->0(284)
[2023-10-11T17:36:38.451+0200][1618.071s] GC(136) Survivor regions: 22->23(39)
[2023-10-11T17:36:38.451+0200][1618.071s] GC(136) Old regions: 99->103
[2023-10-11T17:36:38.451+0200][1618.071s] GC(136) Archive regions: 0->0
[2023-10-11T17:36:38.451+0200][1618.071s] GC(136) Humongous regions: 4->4
[2023-10-11T17:36:38.451+0200][1618.071s] GC(136) Metaspace: 62823K(63296K)->62823K(63296K) NonClass: 55792K(56000K)->55792K(56000K) Class: 7030K(7296K)->7030K(7296K)
[2023-10-11T17:36:38.451+0200][1618.071s] GC(136) Pause Young (Normal) (G1 Evacuation Pause) 409M->128M(512M) 4.399ms
[2023-10-11T17:36:38.451+0200][1618.071s] GC(136) User=0.00s Sys=0.00s Real=0.00s
[2023-10-11T17:36:42.225+0200][1621.845s] GC(137) Pause Young (Concurrent Start) (CodeCache GC Threshold)
[2023-10-11T17:36:42.225+0200][1621.845s] GC(137) Using 10 workers of 10 for evacuation
[2023-10-11T17:36:42.230+0200][1621.850s] GC(137)   Pre Evacuate Collection Set: 0.2ms
[2023-10-11T17:36:42.230+0200][1621.850s] GC(137)   Merge Heap Roots: 0.1ms
[2023-10-11T17:36:42.230+0200][1621.850s] GC(137)   Evacuate Collection Set: 3.6ms
[2023-10-11T17:36:42.230+0200][1621.850s] GC(137)   Post Evacuate Collection Set: 0.6ms
[2023-10-11T17:36:42.230+0200][1621.850s] GC(137)   Other: 0.1ms
[2023-10-11T17:36:42.230+0200][1621.850s] GC(137) Eden regions: 237->0(286)
[2023-10-11T17:36:42.230+0200][1621.850s] GC(137) Survivor regions: 23->21(39)
[2023-10-11T17:36:42.230+0200][1621.850s] GC(137) Old regions: 103->106
[2023-10-11T17:36:42.230+0200][1621.850s] GC(137) Archive regions: 0->0
[2023-10-11T17:36:42.230+0200][1621.850s] GC(137) Humongous regions: 4->4
[2023-10-11T17:36:42.230+0200][1621.850s] GC(137) Metaspace: 62823K(63296K)->62823K(63296K) NonClass: 55792K(56000K)->55792K(56000K) Class: 7030K(7296K)->7030K(7296K)
[2023-10-11T17:36:42.230+0200][1621.850s] GC(137) Pause Young (Concurrent Start) (CodeCache GC Threshold) 365M->130M(512M) 4.819ms
[2023-10-11T17:36:42.230+0200][1621.850s] GC(137) User=0.00s Sys=0.00s Real=0.01s
[2023-10-11T17:36:42.230+0200][1621.850s] GC(138) Concurrent Mark Cycle
[2023-10-11T17:36:42.230+0200][1621.850s] GC(138) Concurrent Clear Claimed Marks
[2023-10-11T17:36:42.230+0200][1621.850s] GC(138) Concurrent Clear Claimed Marks 0.039ms
[2023-10-11T17:36:42.230+0200][1621.850s] GC(138) Concurrent Scan Root Regions
[2023-10-11T17:36:42.231+0200][1621.852s] GC(138) Concurrent Scan Root Regions 1.307ms
[2023-10-11T17:36:42.231+0200][1621.852s] GC(138) Concurrent Mark
[2023-10-11T17:36:42.231+0200][1621.852s] GC(138) Concurrent Mark From Roots
[2023-10-11T17:36:42.231+0200][1621.852s] GC(138) Using 3 workers of 3 for marking
[2023-10-11T17:36:42.252+0200][1621.872s] GC(138) Concurrent Mark From Roots 20.308ms
[2023-10-11T17:36:42.252+0200][1621.872s] GC(138) Concurrent Preclean
[2023-10-11T17:36:42.252+0200][1621.872s] GC(138) Concurrent Preclean 0.191ms
[2023-10-11T17:36:42.252+0200][1621.872s] GC(138) Pause Remark
[2023-10-11T17:36:42.262+0200][1621.881s] GC(138) Pause Remark 132M->132M(512M) 8.794ms
[2023-10-11T17:36:42.262+0200][1621.881s] GC(138) User=0.00s Sys=0.00s Real=0.01s
[2023-10-11T17:36:42.262+0200][1621.881s] GC(138) Concurrent Mark 29.626ms
[2023-10-11T17:36:42.262+0200][1621.881s] GC(138) Concurrent Rebuild Remembered Sets
[2023-10-11T17:36:42.277+0200][1621.898s] GC(138) Concurrent Rebuild Remembered Sets 16.300ms
[2023-10-11T17:36:42.277+0200][1621.898s] GC(138) Pause Cleanup
[2023-10-11T17:36:42.277+0200][1621.898s] GC(138) Pause Cleanup 133M->133M(512M) 0.171ms
[2023-10-11T17:36:42.277+0200][1621.898s] GC(138) User=0.00s Sys=0.00s Real=0.00s
[2023-10-11T17:36:42.277+0200][1621.898s] GC(138) Concurrent Cleanup for Next Mark
[2023-10-11T17:36:42.278+0200][1621.899s] GC(138) Concurrent Cleanup for Next Mark 0.633ms
[2023-10-11T17:36:42.278+0200][1621.899s] GC(138) Concurrent Mark Cycle 48.400ms
[2023-10-11T17:36:46.874+0200][1626.494s] GC(139) Pause Young (Prepare Mixed) (G1 Evacuation Pause)
[2023-10-11T17:36:46.874+0200][1626.494s] GC(139) Using 10 workers of 10 for evacuation
[2023-10-11T17:36:46.878+0200][1626.498s] GC(139)   Pre Evacuate Collection Set: 0.1ms
[2023-10-11T17:36:46.878+0200][1626.498s] GC(139)   Merge Heap Roots: 0.1ms
[2023-10-11T17:36:46.878+0200][1626.498s] GC(139)   Evacuate Collection Set: 3.5ms
[2023-10-11T17:36:46.878+0200][1626.498s] GC(139)   Post Evacuate Collection Set: 0.5ms
[2023-10-11T17:36:46.878+0200][1626.498s] GC(139)   Other: 0.1ms
[2023-10-11T17:36:46.878+0200][1626.498s] GC(139) Eden regions: 286->0(3)
[2023-10-11T17:36:46.878+0200][1626.498s] GC(139) Survivor regions: 21->22(39)
[2023-10-11T17:36:46.878+0200][1626.498s] GC(139) Old regions: 106->109
[2023-10-11T17:36:46.878+0200][1626.498s] GC(139) Archive regions: 0->0
[2023-10-11T17:36:46.878+0200][1626.498s] GC(139) Humongous regions: 4->4
[2023-10-11T17:36:46.878+0200][1626.498s] GC(139) Metaspace: 62820K(63296K)->62820K(63296K) NonClass: 55791K(56000K)->55791K(56000K) Class: 7029K(7296K)->7029K(7296K)
[2023-10-11T17:36:46.878+0200][1626.498s] GC(139) Pause Young (Prepare Mixed) (G1 Evacuation Pause) 416M->134M(512M) 4.485ms
[2023-10-11T17:36:46.878+0200][1626.498s] GC(139) User=0.16s Sys=0.00s Real=0.00s
[2023-10-11T17:36:46.901+0200][1626.520s] GC(140) Pause Young (Mixed) (G1 Evacuation Pause)
[2023-10-11T17:36:46.901+0200][1626.520s] GC(140) Using 10 workers of 10 for evacuation
[2023-10-11T17:36:46.905+0200][1626.525s] GC(140)   Pre Evacuate Collection Set: 0.1ms
[2023-10-11T17:36:46.905+0200][1626.525s] GC(140)   Merge Heap Roots: 0.1ms
[2023-10-11T17:36:46.905+0200][1626.525s] GC(140)   Evacuate Collection Set: 3.5ms
[2023-10-11T17:36:46.905+0200][1626.525s] GC(140)   Post Evacuate Collection Set: 0.5ms
[2023-10-11T17:36:46.905+0200][1626.525s] GC(140)   Other: 0.1ms
[2023-10-11T17:36:46.905+0200][1626.525s] GC(140) Eden regions: 3->0(305)
[2023-10-11T17:36:46.905+0200][1626.525s] GC(140) Survivor regions: 22->2(4)
[2023-10-11T17:36:46.905+0200][1626.525s] GC(140) Old regions: 109->125
[2023-10-11T17:36:46.905+0200][1626.525s] GC(140) Archive regions: 0->0
[2023-10-11T17:36:46.905+0200][1626.525s] GC(140) Humongous regions: 4->4
[2023-10-11T17:36:46.905+0200][1626.525s] GC(140) Metaspace: 62820K(63296K)->62820K(63296K) NonClass: 55791K(56000K)->55791K(56000K) Class: 7029K(7296K)->7029K(7296K)
[2023-10-11T17:36:46.905+0200][1626.525s] GC(140) Pause Young (Mixed) (G1 Evacuation Pause) 137M->130M(512M) 4.548ms
[2023-10-11T17:36:46.905+0200][1626.525s] GC(140) User=0.00s Sys=0.00s Real=0.00s
[2023-10-11T17:36:51.559+0200][1631.179s] GC(141) Pause Young (Normal) (G1 Evacuation Pause)
[2023-10-11T17:36:51.559+0200][1631.179s] GC(141) Using 10 workers of 10 for evacuation
[2023-10-11T17:36:51.561+0200][1631.181s] GC(141)   Pre Evacuate Collection Set: 0.1ms
[2023-10-11T17:36:51.561+0200][1631.181s] GC(141)   Merge Heap Roots: 0.1ms
[2023-10-11T17:36:51.561+0200][1631.181s] GC(141)   Evacuate Collection Set: 0.8ms
[2023-10-11T17:36:51.561+0200][1631.181s] GC(141)   Post Evacuate Collection Set: 0.3ms
[2023-10-11T17:36:51.561+0200][1631.181s] GC(141)   Other: 0.1ms
[2023-10-11T17:36:51.561+0200][1631.181s] GC(141) Eden regions: 305->0(301)
[2023-10-11T17:36:51.561+0200][1631.181s] GC(141) Survivor regions: 2->6(39)
[2023-10-11T17:36:51.561+0200][1631.181s] GC(141) Old regions: 125->125
[2023-10-11T17:36:51.561+0200][1631.181s] GC(141) Archive regions: 0->0
[2023-10-11T17:36:51.561+0200][1631.181s] GC(141) Humongous regions: 4->4
[2023-10-11T17:36:51.561+0200][1631.181s] GC(141) Metaspace: 62823K(63296K)->62823K(63296K) NonClass: 55793K(56000K)->55793K(56000K) Class: 7029K(7296K)->7029K(7296K)
[2023-10-11T17:36:51.561+0200][1631.181s] GC(141) Pause Young (Normal) (G1 Evacuation Pause) 435M->133M(512M) 1.545ms
[2023-10-11T17:36:51.561+0200][1631.181s] GC(141) User=0.00s Sys=0.00s Real=0.00s
[2023-10-11T17:36:56.314+0200][1635.934s] GC(142) Pause Young (Normal) (G1 Evacuation Pause)
[2023-10-11T17:36:56.314+0200][1635.934s] GC(142) Using 10 workers of 10 for evacuation
[2023-10-11T17:36:56.317+0200][1635.937s] GC(142)   Pre Evacuate Collection Set: 0.1ms
[2023-10-11T17:36:56.317+0200][1635.937s] GC(142)   Merge Heap Roots: 0.1ms
[2023-10-11T17:36:56.317+0200][1635.937s] GC(142)   Evacuate Collection Set: 1.9ms
[2023-10-11T17:36:56.317+0200][1635.937s] GC(142)   Post Evacuate Collection Set: 0.6ms
[2023-10-11T17:36:56.317+0200][1635.937s] GC(142)   Other: 0.1ms
[2023-10-11T17:36:56.317+0200][1635.937s] GC(142) Eden regions: 301->0(298)
[2023-10-11T17:36:56.317+0200][1635.937s] GC(142) Survivor regions: 6->9(39)
[2023-10-11T17:36:56.317+0200][1635.937s] GC(142) Old regions: 125->125
[2023-10-11T17:36:56.317+0200][1635.937s] GC(142) Archive regions: 0->0
[2023-10-11T17:36:56.317+0200][1635.937s] GC(142) Humongous regions: 4->4
[2023-10-11T17:36:56.317+0200][1635.937s] GC(142) Metaspace: 62823K(63296K)->62823K(63296K) NonClass: 55793K(56000K)->55793K(56000K) Class: 7029K(7296K)->7029K(7296K)
[2023-10-11T17:36:56.317+0200][1635.937s] GC(142) Pause Young (Normal) (G1 Evacuation Pause) 434M->137M(512M) 2.870ms
[2023-10-11T17:36:56.317+0200][1635.937s] GC(142) User=0.00s Sys=0.00s Real=0.00s
[2023-10-11T17:37:00.980+0200][1640.600s] GC(143) Pause Young (Concurrent Start) (G1 Evacuation Pause)
[2023-10-11T17:37:00.980+0200][1640.600s] GC(143) Using 10 workers of 10 for evacuation
[2023-10-11T17:37:00.983+0200][1640.603s] GC(143)   Pre Evacuate Collection Set: 0.2ms
[2023-10-11T17:37:00.983+0200][1640.603s] GC(143)   Merge Heap Roots: 0.1ms
[2023-10-11T17:37:00.983+0200][1640.603s] GC(143)   Evacuate Collection Set: 2.5ms
[2023-10-11T17:37:00.983+0200][1640.603s] GC(143)   Post Evacuate Collection Set: 0.5ms
[2023-10-11T17:37:00.983+0200][1640.603s] GC(143)   Other: 0.1ms
[2023-10-11T17:37:00.983+0200][1640.604s] GC(143) Eden regions: 298->0(294)
[2023-10-11T17:37:00.983+0200][1640.604s] GC(143) Survivor regions: 9->13(39)
[2023-10-11T17:37:00.983+0200][1640.604s] GC(143) Old regions: 125->125
[2023-10-11T17:37:00.983+0200][1640.604s] GC(143) Archive regions: 0->0
[2023-10-11T17:37:00.983+0200][1640.604s] GC(143) Humongous regions: 4->4
[2023-10-11T17:37:00.983+0200][1640.604s] GC(143) Metaspace: 62823K(63296K)->62823K(63296K) NonClass: 55793K(56000K)->55793K(56000K) Class: 7029K(7296K)->7029K(7296K)
[2023-10-11T17:37:00.983+0200][1640.604s] GC(143) Pause Young (Concurrent Start) (G1 Evacuation Pause) 435M->141M(512M) 3.725ms
[2023-10-11T17:37:00.983+0200][1640.604s] GC(143) User=0.00s Sys=0.00s Real=0.00s
[2023-10-11T17:37:00.983+0200][1640.604s] GC(144) Concurrent Mark Cycle
[2023-10-11T17:37:00.983+0200][1640.604s] GC(144) Concurrent Clear Claimed Marks
[2023-10-11T17:37:00.984+0200][1640.604s] GC(144) Concurrent Clear Claimed Marks 0.060ms
[2023-10-11T17:37:00.984+0200][1640.604s] GC(144) Concurrent Scan Root Regions
[2023-10-11T17:37:00.984+0200][1640.605s] GC(144) Concurrent Scan Root Regions 0.870ms
[2023-10-11T17:37:00.984+0200][1640.605s] GC(144) Concurrent Mark
[2023-10-11T17:37:00.984+0200][1640.605s] GC(144) Concurrent Mark From Roots
[2023-10-11T17:37:00.984+0200][1640.605s] GC(144) Using 3 workers of 3 for marking
[2023-10-11T17:37:01.010+0200][1640.630s] GC(144) Concurrent Mark From Roots 25.826ms
[2023-10-11T17:37:01.010+0200][1640.631s] GC(144) Concurrent Preclean
[2023-10-11T17:37:01.011+0200][1640.631s] GC(144) Concurrent Preclean 0.169ms
[2023-10-11T17:37:01.011+0200][1640.631s] GC(144) Pause Remark
[2023-10-11T17:37:01.017+0200][1640.637s] GC(144) Pause Remark 142M->141M(512M) 5.751ms
[2023-10-11T17:37:01.017+0200][1640.637s] GC(144) User=0.00s Sys=0.00s Real=0.01s
[2023-10-11T17:37:01.017+0200][1640.637s] GC(144) Concurrent Mark 32.052ms
[2023-10-11T17:37:01.017+0200][1640.637s] GC(144) Concurrent Rebuild Remembered Sets
[2023-10-11T17:37:01.031+0200][1640.651s] GC(144) Concurrent Rebuild Remembered Sets 13.941ms
[2023-10-11T17:37:01.031+0200][1640.651s] GC(144) Pause Cleanup
[2023-10-11T17:37:01.031+0200][1640.651s] GC(144) Pause Cleanup 142M->142M(512M) 0.168ms
[2023-10-11T17:37:01.031+0200][1640.651s] GC(144) User=0.00s Sys=0.00s Real=0.00s
[2023-10-11T17:37:01.032+0200][1640.651s] GC(144) Concurrent Cleanup for Next Mark
[2023-10-11T17:37:01.033+0200][1640.652s] GC(144) Concurrent Cleanup for Next Mark 1.098ms
[2023-10-11T17:37:01.033+0200][1640.652s] GC(144) Concurrent Mark Cycle 48.572ms
[2023-10-11T17:37:05.711+0200][1645.330s] GC(145) Pause Young (Prepare Mixed) (G1 Evacuation Pause)
[2023-10-11T17:37:05.711+0200][1645.331s] GC(145) Using 10 workers of 10 for evacuation
[2023-10-11T17:37:05.714+0200][1645.334s] GC(145)   Pre Evacuate Collection Set: 0.1ms
[2023-10-11T17:37:05.714+0200][1645.334s] GC(145)   Merge Heap Roots: 0.1ms
[2023-10-11T17:37:05.714+0200][1645.334s] GC(145)   Evacuate Collection Set: 2.5ms
[2023-10-11T17:37:05.714+0200][1645.334s] GC(145)   Post Evacuate Collection Set: 0.4ms
[2023-10-11T17:37:05.714+0200][1645.334s] GC(145)   Other: 0.1ms
[2023-10-11T17:37:05.714+0200][1645.334s] GC(145) Eden regions: 294->0(9)
[2023-10-11T17:37:05.714+0200][1645.334s] GC(145) Survivor regions: 13->16(39)
[2023-10-11T17:37:05.714+0200][1645.334s] GC(145) Old regions: 124->124
[2023-10-11T17:37:05.714+0200][1645.334s] GC(145) Archive regions: 0->0
[2023-10-11T17:37:05.714+0200][1645.334s] GC(145) Humongous regions: 4->4
[2023-10-11T17:37:05.714+0200][1645.334s] GC(145) Metaspace: 62825K(63296K)->62825K(63296K) NonClass: 55795K(56000K)->55795K(56000K) Class: 7030K(7296K)->7030K(7296K)
[2023-10-11T17:37:05.714+0200][1645.334s] GC(145) Pause Young (Prepare Mixed) (G1 Evacuation Pause) 434M->143M(512M) 3.229ms
[2023-10-11T17:37:05.714+0200][1645.334s] GC(145) User=0.00s Sys=0.00s Real=0.00s
[2023-10-11T17:37:05.901+0200][1645.521s] GC(146) Pause Young (Mixed) (G1 Evacuation Pause)
[2023-10-11T17:37:05.901+0200][1645.521s] GC(146) Using 10 workers of 10 for evacuation
[2023-10-11T17:37:05.906+0200][1645.525s] GC(146)   Pre Evacuate Collection Set: 0.1ms
[2023-10-11T17:37:05.906+0200][1645.525s] GC(146)   Merge Heap Roots: 0.1ms
[2023-10-11T17:37:05.906+0200][1645.525s] GC(146)   Evacuate Collection Set: 3.6ms
[2023-10-11T17:37:05.906+0200][1645.525s] GC(146)   Post Evacuate Collection Set: 0.4ms
[2023-10-11T17:37:05.906+0200][1645.525s] GC(146)   Other: 0.1ms
[2023-10-11T17:37:05.906+0200][1645.525s] GC(146) Eden regions: 9->0(302)
[2023-10-11T17:37:05.906+0200][1645.525s] GC(146) Survivor regions: 16->2(4)
[2023-10-11T17:37:05.906+0200][1645.525s] GC(146) Old regions: 124->135
[2023-10-11T17:37:05.906+0200][1645.525s] GC(146) Archive regions: 0->0
[2023-10-11T17:37:05.906+0200][1645.525s] GC(146) Humongous regions: 4->4
[2023-10-11T17:37:05.906+0200][1645.525s] GC(146) Metaspace: 62825K(63296K)->62825K(63296K) NonClass: 55795K(56000K)->55795K(56000K) Class: 7030K(7296K)->7030K(7296K)
[2023-10-11T17:37:05.906+0200][1645.525s] GC(146) Pause Young (Mixed) (G1 Evacuation Pause) 152M->139M(512M) 4.525ms
[2023-10-11T17:37:05.906+0200][1645.525s] GC(146) User=0.02s Sys=0.00s Real=0.00s
[2023-10-11T17:37:10.678+0200][1650.297s] GC(147) Pause Young (Normal) (G1 Evacuation Pause)
[2023-10-11T17:37:10.678+0200][1650.297s] GC(147) Using 10 workers of 10 for evacuation
[2023-10-11T17:37:10.679+0200][1650.299s] GC(147)   Pre Evacuate Collection Set: 0.1ms
[2023-10-11T17:37:10.679+0200][1650.299s] GC(147)   Merge Heap Roots: 0.1ms
[2023-10-11T17:37:10.679+0200][1650.299s] GC(147)   Evacuate Collection Set: 0.8ms
[2023-10-11T17:37:10.679+0200][1650.299s] GC(147)   Post Evacuate Collection Set: 0.6ms
[2023-10-11T17:37:10.679+0200][1650.299s] GC(147)   Other: 0.1ms
[2023-10-11T17:37:10.679+0200][1650.299s] GC(147) Eden regions: 302->0(299)
[2023-10-11T17:37:10.679+0200][1650.299s] GC(147) Survivor regions: 2->5(38)
[2023-10-11T17:37:10.679+0200][1650.299s] GC(147) Old regions: 135->135
[2023-10-11T17:37:10.679+0200][1650.299s] GC(147) Archive regions: 0->0
[2023-10-11T17:37:10.679+0200][1650.299s] GC(147) Humongous regions: 4->4
[2023-10-11T17:37:10.679+0200][1650.299s] GC(147) Metaspace: 62825K(63296K)->62825K(63296K) NonClass: 55795K(56000K)->55795K(56000K) Class: 7030K(7296K)->7030K(7296K)
[2023-10-11T17:37:10.679+0200][1650.299s] GC(147) Pause Young (Normal) (G1 Evacuation Pause) 441M->142M(512M) 1.889ms
[2023-10-11T17:37:10.679+0200][1650.299s] GC(147) User=0.00s Sys=0.00s Real=0.00s
[2023-10-11T18:27:33.092+0200][4672.722s] Heap
[2023-10-11T18:27:33.092+0200][4672.722s]  garbage-first heap   total 524288K, used 296217K [0x00000000e0000000, 0x0000000100000000)
[2023-10-11T18:27:33.092+0200][4672.722s]   region size 1024K, 152 young (155648K), 5 survivors (5120K)
[2023-10-11T18:27:33.092+0200][4672.722s]  Metaspace       used 62945K, committed 63424K, reserved 1114112K
[2023-10-11T18:27:33.092+0200][4672.722s]   class space    used 7052K, committed 7296K, reserved 1048576K
