[2023-10-27T20:40:41.963+0200][0.010s] CardTable entry size: 512
[2023-10-27T20:40:41.963+0200][0.010s] Using G1
[2023-10-27T20:40:42.078+0200][0.125s] Version: 19.0.1+10-21 (release)
[2023-10-27T20:40:42.078+0200][0.125s] CPUs: 12 total, 12 available
[2023-10-27T20:40:42.078+0200][0.125s] Memory: 16220M
[2023-10-27T20:40:42.078+0200][0.125s] Large Page Support: Disabled
[2023-10-27T20:40:42.078+0200][0.125s] NUMA Support: Disabled
[2023-10-27T20:40:42.078+0200][0.125s] Compressed Oops: Enabled (32-bit)
[2023-10-27T20:40:42.078+0200][0.125s] Heap Region Size: 1M
[2023-10-27T20:40:42.079+0200][0.125s] Heap Min Capacity: 512M
[2023-10-27T20:40:42.079+0200][0.125s] Heap Initial Capacity: 512M
[2023-10-27T20:40:42.079+0200][0.125s] Heap Max Capacity: 512M
[2023-10-27T20:40:42.079+0200][0.125s] Pre-touch: Enabled
[2023-10-27T20:40:42.079+0200][0.125s] Parallel Workers: 10
[2023-10-27T20:40:42.079+0200][0.125s] Concurrent Workers: 3
[2023-10-27T20:40:42.079+0200][0.125s] Concurrent Refinement Workers: 10
[2023-10-27T20:40:42.079+0200][0.125s] Periodic GC: Disabled
[2023-10-27T20:40:42.080+0200][0.126s] CDS archive(s) mapped at: [0x0000000800000000-0x0000000800c40000-0x0000000800c40000), size 12845056, SharedBaseAddress: 0x0000000800000000, ArchiveRelocationMode: 0.
[2023-10-27T20:40:42.080+0200][0.126s] Compressed class space mapped at: 0x0000000801000000-0x0000000841000000, reserved size: 1073741824
[2023-10-27T20:40:42.080+0200][0.126s] Narrow klass base: 0x0000000800000000, Narrow klass shift: 0, Narrow klass range: 0x100000000
[2023-10-27T20:40:48.194+0200][6.240s] GC(0) Pause Young (Normal) (G1 Evacuation Pause)
[2023-10-27T20:40:48.194+0200][6.240s] GC(0) Using 10 workers of 10 for evacuation
[2023-10-27T20:40:48.196+0200][6.243s] GC(0)   Pre Evacuate Collection Set: 0.1ms
[2023-10-27T20:40:48.196+0200][6.243s] GC(0)   Merge Heap Roots: 0.2ms
[2023-10-27T20:40:48.196+0200][6.243s] GC(0)   Evacuate Collection Set: 1.9ms
[2023-10-27T20:40:48.196+0200][6.243s] GC(0)   Post Evacuate Collection Set: 0.4ms
[2023-10-27T20:40:48.196+0200][6.243s] GC(0)   Other: 0.4ms
[2023-10-27T20:40:48.196+0200][6.243s] GC(0) Eden regions: 29->0(41)
[2023-10-27T20:40:48.196+0200][6.243s] GC(0) Survivor regions: 0->4(4)
[2023-10-27T20:40:48.196+0200][6.243s] GC(0) Old regions: 0->1
[2023-10-27T20:40:48.196+0200][6.243s] GC(0) Archive regions: 0->0
[2023-10-27T20:40:48.196+0200][6.243s] GC(0) Humongous regions: 0->0
[2023-10-27T20:40:48.196+0200][6.243s] GC(0) Metaspace: 9590K(9856K)->9590K(9856K) NonClass: 8515K(8640K)->8515K(8640K) Class: 1075K(1216K)->1075K(1216K)
[2023-10-27T20:40:48.196+0200][6.243s] GC(0) Pause Young (Normal) (G1 Evacuation Pause) 29M->4M(512M) 3.288ms
[2023-10-27T20:40:48.196+0200][6.243s] GC(0) User=0.00s Sys=0.00s Real=0.00s
[2023-10-27T20:40:48.713+0200][6.760s] GC(1) Pause Young (Normal) (G1 Evacuation Pause)
[2023-10-27T20:40:48.713+0200][6.760s] GC(1) Using 10 workers of 10 for evacuation
[2023-10-27T20:40:48.720+0200][6.766s] GC(1)   Pre Evacuate Collection Set: 0.1ms
[2023-10-27T20:40:48.720+0200][6.766s] GC(1)   Merge Heap Roots: 0.1ms
[2023-10-27T20:40:48.720+0200][6.766s] GC(1)   Evacuate Collection Set: 5.4ms
[2023-10-27T20:40:48.720+0200][6.766s] GC(1)   Post Evacuate Collection Set: 0.6ms
[2023-10-27T20:40:48.720+0200][6.766s] GC(1)   Other: 0.1ms
[2023-10-27T20:40:48.720+0200][6.766s] GC(1) Eden regions: 41->0(192)
[2023-10-27T20:40:48.720+0200][6.766s] GC(1) Survivor regions: 4->6(6)
[2023-10-27T20:40:48.720+0200][6.766s] GC(1) Old regions: 1->9
[2023-10-27T20:40:48.720+0200][6.766s] GC(1) Archive regions: 0->0
[2023-10-27T20:40:48.720+0200][6.766s] GC(1) Humongous regions: 4->4
[2023-10-27T20:40:48.720+0200][6.766s] GC(1) Metaspace: 19122K(19456K)->19122K(19456K) NonClass: 16969K(17152K)->16969K(17152K) Class: 2152K(2304K)->2152K(2304K)
[2023-10-27T20:40:48.720+0200][6.766s] GC(1) Pause Young (Normal) (G1 Evacuation Pause) 49M->18M(512M) 6.436ms
[2023-10-27T20:40:48.720+0200][6.766s] GC(1) User=0.00s Sys=0.00s Real=0.01s
[2023-10-27T20:40:49.193+0200][7.239s] GC(2) Pause Young (Concurrent Start) (Metadata GC Threshold)
[2023-10-27T20:40:49.193+0200][7.239s] GC(2) Using 10 workers of 10 for evacuation
[2023-10-27T20:40:49.196+0200][7.242s] GC(2)   Pre Evacuate Collection Set: 0.2ms
[2023-10-27T20:40:49.196+0200][7.242s] GC(2)   Merge Heap Roots: 0.1ms
[2023-10-27T20:40:49.196+0200][7.242s] GC(2)   Evacuate Collection Set: 2.4ms
[2023-10-27T20:40:49.196+0200][7.242s] GC(2)   Post Evacuate Collection Set: 0.5ms
[2023-10-27T20:40:49.196+0200][7.242s] GC(2)   Other: 0.1ms
[2023-10-27T20:40:49.196+0200][7.242s] GC(2) Eden regions: 93->0(296)
[2023-10-27T20:40:49.196+0200][7.242s] GC(2) Survivor regions: 6->11(25)
[2023-10-27T20:40:49.196+0200][7.242s] GC(2) Old regions: 9->9
[2023-10-27T20:40:49.196+0200][7.242s] GC(2) Archive regions: 0->0
[2023-10-27T20:40:49.196+0200][7.242s] GC(2) Humongous regions: 4->4
[2023-10-27T20:40:49.196+0200][7.242s] GC(2) Metaspace: 21090K(21504K)->21090K(21504K) NonClass: 18754K(18944K)->18754K(18944K) Class: 2335K(2560K)->2335K(2560K)
[2023-10-27T20:40:49.196+0200][7.242s] GC(2) Pause Young (Concurrent Start) (Metadata GC Threshold) 111M->23M(512M) 3.464ms
[2023-10-27T20:40:49.196+0200][7.242s] GC(2) User=0.00s Sys=0.00s Real=0.00s
[2023-10-27T20:40:49.196+0200][7.242s] GC(3) Concurrent Mark Cycle
[2023-10-27T20:40:49.196+0200][7.242s] GC(3) Concurrent Clear Claimed Marks
[2023-10-27T20:40:49.196+0200][7.243s] GC(3) Concurrent Clear Claimed Marks 0.052ms
[2023-10-27T20:40:49.196+0200][7.243s] GC(3) Concurrent Scan Root Regions
[2023-10-27T20:40:49.198+0200][7.244s] GC(3) Concurrent Scan Root Regions 1.794ms
[2023-10-27T20:40:49.198+0200][7.244s] GC(3) Concurrent Mark
[2023-10-27T20:40:49.198+0200][7.244s] GC(3) Concurrent Mark From Roots
[2023-10-27T20:40:49.198+0200][7.244s] GC(3) Using 3 workers of 3 for marking
[2023-10-27T20:40:49.202+0200][7.249s] GC(3) Concurrent Mark From Roots 4.444ms
[2023-10-27T20:40:49.202+0200][7.249s] GC(3) Concurrent Preclean
[2023-10-27T20:40:49.202+0200][7.249s] GC(3) Concurrent Preclean 0.046ms
[2023-10-27T20:40:49.202+0200][7.249s] GC(3) Pause Remark
[2023-10-27T20:40:49.204+0200][7.250s] GC(3) Pause Remark 24M->24M(512M) 1.417ms
[2023-10-27T20:40:49.204+0200][7.250s] GC(3) User=0.00s Sys=0.00s Real=0.00s
[2023-10-27T20:40:49.204+0200][7.251s] GC(3) Concurrent Mark 6.147ms
[2023-10-27T20:40:49.204+0200][7.251s] GC(3) Concurrent Rebuild Remembered Sets
[2023-10-27T20:40:49.206+0200][7.253s] GC(3) Concurrent Rebuild Remembered Sets 2.200ms
[2023-10-27T20:40:49.206+0200][7.253s] GC(3) Pause Cleanup
[2023-10-27T20:40:49.206+0200][7.253s] GC(3) Pause Cleanup 24M->24M(512M) 0.116ms
[2023-10-27T20:40:49.206+0200][7.253s] GC(3) User=0.00s Sys=0.00s Real=0.00s
[2023-10-27T20:40:49.206+0200][7.253s] GC(3) Concurrent Cleanup for Next Mark
[2023-10-27T20:40:49.207+0200][7.254s] GC(3) Concurrent Cleanup for Next Mark 0.703ms
[2023-10-27T20:40:49.207+0200][7.254s] GC(3) Concurrent Mark Cycle 11.362ms
[2023-10-27T20:40:49.233+0200][7.279s] GC(4) Pause Young (Concurrent Start) (CodeCache GC Threshold)
[2023-10-27T20:40:49.233+0200][7.279s] GC(4) Using 10 workers of 10 for evacuation
[2023-10-27T20:40:49.236+0200][7.283s] GC(4)   Pre Evacuate Collection Set: 0.1ms
[2023-10-27T20:40:49.236+0200][7.283s] GC(4)   Merge Heap Roots: 0.1ms
[2023-10-27T20:40:49.236+0200][7.283s] GC(4)   Evacuate Collection Set: 2.4ms
[2023-10-27T20:40:49.236+0200][7.283s] GC(4)   Post Evacuate Collection Set: 0.5ms
[2023-10-27T20:40:49.236+0200][7.283s] GC(4)   Other: 0.1ms
[2023-10-27T20:40:49.236+0200][7.283s] GC(4) Eden regions: 3->0(296)
[2023-10-27T20:40:49.236+0200][7.283s] GC(4) Survivor regions: 11->11(39)
[2023-10-27T20:40:49.236+0200][7.283s] GC(4) Old regions: 9->9
[2023-10-27T20:40:49.236+0200][7.283s] GC(4) Archive regions: 0->0
[2023-10-27T20:40:49.236+0200][7.283s] GC(4) Humongous regions: 4->4
[2023-10-27T20:40:49.236+0200][7.283s] GC(4) Metaspace: 21431K(21888K)->21431K(21888K) NonClass: 19044K(19264K)->19044K(19264K) Class: 2387K(2624K)->2387K(2624K)
[2023-10-27T20:40:49.236+0200][7.283s] GC(4) Pause Young (Concurrent Start) (CodeCache GC Threshold) 26M->23M(512M) 3.369ms
[2023-10-27T20:40:49.236+0200][7.283s] GC(5) Concurrent Mark Cycle
[2023-10-27T20:40:49.236+0200][7.283s] GC(4) User=0.00s Sys=0.02s Real=0.00s
[2023-10-27T20:40:49.236+0200][7.283s] GC(5) Concurrent Clear Claimed Marks
[2023-10-27T20:40:49.236+0200][7.283s] GC(5) Concurrent Clear Claimed Marks 0.033ms
[2023-10-27T20:40:49.236+0200][7.283s] GC(5) Concurrent Scan Root Regions
[2023-10-27T20:40:49.237+0200][7.284s] GC(5) Concurrent Scan Root Regions 1.265ms
[2023-10-27T20:40:49.237+0200][7.284s] GC(5) Concurrent Mark
[2023-10-27T20:40:49.237+0200][7.284s] GC(5) Concurrent Mark From Roots
[2023-10-27T20:40:49.237+0200][7.284s] GC(5) Using 3 workers of 3 for marking
[2023-10-27T20:40:49.243+0200][7.289s] GC(5) Concurrent Mark From Roots 5.250ms
[2023-10-27T20:40:49.243+0200][7.289s] GC(5) Concurrent Preclean
[2023-10-27T20:40:49.243+0200][7.289s] GC(5) Concurrent Preclean 0.031ms
[2023-10-27T20:40:49.244+0200][7.290s] GC(5) Pause Remark
[2023-10-27T20:40:49.244+0200][7.291s] GC(5) Pause Remark 24M->24M(512M) 1.069ms
[2023-10-27T20:40:49.244+0200][7.291s] GC(5) User=0.00s Sys=0.00s Real=0.00s
[2023-10-27T20:40:49.244+0200][7.291s] GC(5) Concurrent Mark 6.622ms
[2023-10-27T20:40:49.244+0200][7.291s] GC(5) Concurrent Rebuild Remembered Sets
[2023-10-27T20:40:49.247+0200][7.293s] GC(5) Concurrent Rebuild Remembered Sets 2.521ms
[2023-10-27T20:40:49.247+0200][7.293s] GC(5) Pause Cleanup
[2023-10-27T20:40:49.247+0200][7.294s] GC(5) Pause Cleanup 25M->25M(512M) 0.094ms
[2023-10-27T20:40:49.247+0200][7.294s] GC(5) User=0.00s Sys=0.00s Real=0.00s
[2023-10-27T20:40:49.247+0200][7.294s] GC(5) Concurrent Cleanup for Next Mark
[2023-10-27T20:40:49.248+0200][7.295s] GC(5) Concurrent Cleanup for Next Mark 1.109ms
[2023-10-27T20:40:49.248+0200][7.295s] GC(5) Concurrent Mark Cycle 11.984ms
[2023-10-27T20:41:08.704+0200][26.751s] GC(6) Pause Young (Concurrent Start) (Metadata GC Threshold)
[2023-10-27T20:41:08.704+0200][26.751s] GC(6) Using 10 workers of 10 for evacuation
[2023-10-27T20:41:08.711+0200][26.757s] GC(6)   Pre Evacuate Collection Set: 0.1ms
[2023-10-27T20:41:08.711+0200][26.757s] GC(6)   Merge Heap Roots: 0.1ms
[2023-10-27T20:41:08.711+0200][26.757s] GC(6)   Evacuate Collection Set: 5.1ms
[2023-10-27T20:41:08.711+0200][26.757s] GC(6)   Post Evacuate Collection Set: 0.8ms
[2023-10-27T20:41:08.711+0200][26.757s] GC(6)   Other: 0.1ms
[2023-10-27T20:41:08.711+0200][26.757s] GC(6) Eden regions: 103->0(290)
[2023-10-27T20:41:08.711+0200][26.757s] GC(6) Survivor regions: 11->17(39)
[2023-10-27T20:41:08.711+0200][26.757s] GC(6) Old regions: 9->9
[2023-10-27T20:41:08.711+0200][26.757s] GC(6) Archive regions: 0->0
[2023-10-27T20:41:08.711+0200][26.757s] GC(6) Humongous regions: 5->4
[2023-10-27T20:41:08.711+0200][26.757s] GC(6) Metaspace: 36151K(36608K)->36151K(36608K) NonClass: 32029K(32256K)->32029K(32256K) Class: 4122K(4352K)->4122K(4352K)
[2023-10-27T20:41:08.711+0200][26.757s] GC(6) Pause Young (Concurrent Start) (Metadata GC Threshold) 127M->29M(512M) 6.420ms
[2023-10-27T20:41:08.711+0200][26.757s] GC(6) User=0.00s Sys=0.00s Real=0.01s
[2023-10-27T20:41:08.711+0200][26.757s] GC(7) Concurrent Mark Cycle
[2023-10-27T20:41:08.711+0200][26.757s] GC(7) Concurrent Clear Claimed Marks
[2023-10-27T20:41:08.711+0200][26.758s] GC(7) Concurrent Clear Claimed Marks 0.074ms
[2023-10-27T20:41:08.711+0200][26.758s] GC(7) Concurrent Scan Root Regions
[2023-10-27T20:41:08.713+0200][26.760s] GC(7) Concurrent Scan Root Regions 2.485ms
[2023-10-27T20:41:08.713+0200][26.760s] GC(7) Concurrent Mark
[2023-10-27T20:41:08.713+0200][26.760s] GC(7) Concurrent Mark From Roots
[2023-10-27T20:41:08.713+0200][26.760s] GC(7) Using 3 workers of 3 for marking
[2023-10-27T20:41:08.718+0200][26.765s] GC(7) Concurrent Mark From Roots 4.498ms
[2023-10-27T20:41:08.718+0200][26.765s] GC(7) Concurrent Preclean
[2023-10-27T20:41:08.718+0200][26.765s] GC(7) Concurrent Preclean 0.040ms
[2023-10-27T20:41:08.718+0200][26.765s] GC(7) Pause Remark
[2023-10-27T20:41:08.720+0200][26.766s] GC(7) Pause Remark 30M->30M(512M) 1.350ms
[2023-10-27T20:41:08.720+0200][26.766s] GC(7) User=0.02s Sys=0.00s Real=0.00s
[2023-10-27T20:41:08.720+0200][26.766s] GC(7) Concurrent Mark 6.244ms
[2023-10-27T20:41:08.720+0200][26.766s] GC(7) Concurrent Rebuild Remembered Sets
[2023-10-27T20:41:08.722+0200][26.769s] GC(7) Concurrent Rebuild Remembered Sets 2.583ms
[2023-10-27T20:41:08.723+0200][26.769s] GC(7) Pause Cleanup
[2023-10-27T20:41:08.723+0200][26.769s] GC(7) Pause Cleanup 30M->30M(512M) 0.125ms
[2023-10-27T20:41:08.723+0200][26.769s] GC(7) User=0.00s Sys=0.00s Real=0.00s
[2023-10-27T20:41:08.723+0200][26.769s] GC(7) Concurrent Cleanup for Next Mark
[2023-10-27T20:41:08.724+0200][26.770s] GC(7) Concurrent Cleanup for Next Mark 0.736ms
[2023-10-27T20:41:08.724+0200][26.770s] GC(7) Concurrent Mark Cycle 12.727ms
[2023-10-27T20:41:09.110+0200][27.156s] GC(8) Pause Young (Concurrent Start) (CodeCache GC Threshold)
[2023-10-27T20:41:09.110+0200][27.156s] GC(8) Using 10 workers of 10 for evacuation
[2023-10-27T20:41:09.118+0200][27.164s] GC(8)   Pre Evacuate Collection Set: 0.2ms
[2023-10-27T20:41:09.118+0200][27.164s] GC(8)   Merge Heap Roots: 0.1ms
[2023-10-27T20:41:09.118+0200][27.164s] GC(8)   Evacuate Collection Set: 6.5ms
[2023-10-27T20:41:09.118+0200][27.164s] GC(8)   Post Evacuate Collection Set: 0.9ms
[2023-10-27T20:41:09.118+0200][27.164s] GC(8)   Other: 0.1ms
[2023-10-27T20:41:09.118+0200][27.164s] GC(8) Eden regions: 47->0(287)
[2023-10-27T20:41:09.118+0200][27.164s] GC(8) Survivor regions: 17->20(39)
[2023-10-27T20:41:09.118+0200][27.164s] GC(8) Old regions: 9->9
[2023-10-27T20:41:09.118+0200][27.164s] GC(8) Archive regions: 0->0
[2023-10-27T20:41:09.118+0200][27.164s] GC(8) Humongous regions: 4->4
[2023-10-27T20:41:09.118+0200][27.164s] GC(8) Metaspace: 42207K(42688K)->42207K(42688K) NonClass: 37279K(37504K)->37279K(37504K) Class: 4927K(5184K)->4927K(5184K)
[2023-10-27T20:41:09.118+0200][27.164s] GC(8) Pause Young (Concurrent Start) (CodeCache GC Threshold) 76M->31M(512M) 8.059ms
[2023-10-27T20:41:09.118+0200][27.164s] GC(9) Concurrent Mark Cycle
[2023-10-27T20:41:09.118+0200][27.164s] GC(8) User=0.05s Sys=0.02s Real=0.01s
[2023-10-27T20:41:09.118+0200][27.164s] GC(9) Concurrent Clear Claimed Marks
[2023-10-27T20:41:09.119+0200][27.165s] GC(9) Concurrent Clear Claimed Marks 0.099ms
[2023-10-27T20:41:09.119+0200][27.165s] GC(9) Concurrent Scan Root Regions
[2023-10-27T20:41:09.123+0200][27.169s] GC(9) Concurrent Scan Root Regions 4.726ms
[2023-10-27T20:41:09.123+0200][27.169s] GC(9) Concurrent Mark
[2023-10-27T20:41:09.123+0200][27.169s] GC(9) Concurrent Mark From Roots
[2023-10-27T20:41:09.123+0200][27.169s] GC(9) Using 3 workers of 3 for marking
[2023-10-27T20:41:09.130+0200][27.176s] GC(9) Concurrent Mark From Roots 6.817ms
[2023-10-27T20:41:09.130+0200][27.176s] GC(9) Concurrent Preclean
[2023-10-27T20:41:09.130+0200][27.176s] GC(9) Concurrent Preclean 0.072ms
[2023-10-27T20:41:09.131+0200][27.177s] GC(9) Pause Remark
[2023-10-27T20:41:09.133+0200][27.179s] GC(9) Pause Remark 32M->32M(512M) 2.297ms
[2023-10-27T20:41:09.133+0200][27.179s] GC(9) User=0.00s Sys=0.00s Real=0.00s
[2023-10-27T20:41:09.133+0200][27.179s] GC(9) Concurrent Mark 9.547ms
[2023-10-27T20:41:09.133+0200][27.179s] GC(9) Concurrent Rebuild Remembered Sets
[2023-10-27T20:41:09.136+0200][27.182s] GC(9) Concurrent Rebuild Remembered Sets 3.504ms
[2023-10-27T20:41:09.137+0200][27.183s] GC(9) Pause Cleanup
[2023-10-27T20:41:09.137+0200][27.183s] GC(9) Pause Cleanup 32M->32M(512M) 0.136ms
[2023-10-27T20:41:09.137+0200][27.183s] GC(9) User=0.00s Sys=0.00s Real=0.00s
[2023-10-27T20:41:09.137+0200][27.183s] GC(9) Concurrent Cleanup for Next Mark
[2023-10-27T20:41:09.138+0200][27.184s] GC(9) Concurrent Cleanup for Next Mark 0.895ms
[2023-10-27T20:41:09.138+0200][27.184s] GC(9) Concurrent Mark Cycle 19.393ms
[2023-10-27T20:41:09.141+0200][27.187s] GC(10) Pause Young (Concurrent Start) (CodeCache GC Threshold)
[2023-10-27T20:41:09.141+0200][27.187s] GC(10) Using 10 workers of 10 for evacuation
[2023-10-27T20:41:09.149+0200][27.195s] GC(10)   Pre Evacuate Collection Set: 0.3ms
[2023-10-27T20:41:09.149+0200][27.195s] GC(10)   Merge Heap Roots: 0.1ms
[2023-10-27T20:41:09.149+0200][27.195s] GC(10)   Evacuate Collection Set: 6.7ms
[2023-10-27T20:41:09.149+0200][27.195s] GC(10)   Post Evacuate Collection Set: 0.5ms
[2023-10-27T20:41:09.149+0200][27.195s] GC(10)   Other: 0.2ms
[2023-10-27T20:41:09.149+0200][27.195s] GC(10) Eden regions: 2->0(287)
[2023-10-27T20:41:09.149+0200][27.195s] GC(10) Survivor regions: 20->20(39)
[2023-10-27T20:41:09.149+0200][27.195s] GC(10) Old regions: 9->9
[2023-10-27T20:41:09.149+0200][27.195s] GC(10) Archive regions: 0->0
[2023-10-27T20:41:09.149+0200][27.195s] GC(10) Humongous regions: 4->4
[2023-10-27T20:41:09.149+0200][27.195s] GC(10) Metaspace: 42471K(42944K)->42471K(42944K) NonClass: 37512K(37760K)->37512K(37760K) Class: 4958K(5184K)->4958K(5184K)
[2023-10-27T20:41:09.149+0200][27.195s] GC(10) Pause Young (Concurrent Start) (CodeCache GC Threshold) 33M->32M(512M) 8.029ms
[2023-10-27T20:41:09.149+0200][27.195s] GC(11) Concurrent Mark Cycle
[2023-10-27T20:41:09.149+0200][27.195s] GC(10) User=0.14s Sys=0.00s Real=0.01s
[2023-10-27T20:41:09.149+0200][27.195s] GC(11) Concurrent Clear Claimed Marks
[2023-10-27T20:41:09.149+0200][27.195s] GC(11) Concurrent Clear Claimed Marks 0.051ms
[2023-10-27T20:41:09.149+0200][27.195s] GC(11) Concurrent Scan Root Regions
[2023-10-27T20:41:09.153+0200][27.199s] GC(11) Concurrent Scan Root Regions 3.750ms
[2023-10-27T20:41:09.153+0200][27.199s] GC(11) Concurrent Mark
[2023-10-27T20:41:09.153+0200][27.199s] GC(11) Concurrent Mark From Roots
[2023-10-27T20:41:09.153+0200][27.199s] GC(11) Using 3 workers of 3 for marking
[2023-10-27T20:41:09.160+0200][27.206s] GC(11) Concurrent Mark From Roots 7.279ms
[2023-10-27T20:41:09.160+0200][27.206s] GC(11) Concurrent Preclean
[2023-10-27T20:41:09.160+0200][27.206s] GC(11) Concurrent Preclean 0.096ms
[2023-10-27T20:41:09.160+0200][27.206s] GC(11) Pause Remark
[2023-10-27T20:41:09.162+0200][27.208s] GC(11) Pause Remark 33M->33M(512M) 1.695ms
[2023-10-27T20:41:09.162+0200][27.208s] GC(11) User=0.00s Sys=0.00s Real=0.00s
[2023-10-27T20:41:09.162+0200][27.208s] GC(11) Concurrent Mark 9.500ms
[2023-10-27T20:41:09.162+0200][27.208s] GC(11) Concurrent Rebuild Remembered Sets
[2023-10-27T20:41:09.166+0200][27.212s] GC(11) Concurrent Rebuild Remembered Sets 3.768ms
[2023-10-27T20:41:09.166+0200][27.212s] GC(11) Pause Cleanup
[2023-10-27T20:41:09.167+0200][27.212s] GC(11) Pause Cleanup 34M->34M(512M) 0.135ms
[2023-10-27T20:41:09.167+0200][27.212s] GC(11) User=0.00s Sys=0.00s Real=0.00s
[2023-10-27T20:41:09.167+0200][27.213s] GC(11) Concurrent Cleanup for Next Mark
[2023-10-27T20:41:09.168+0200][27.214s] GC(11) Concurrent Cleanup for Next Mark 1.305ms
[2023-10-27T20:41:09.168+0200][27.214s] GC(11) Concurrent Mark Cycle 19.207ms
[2023-10-27T20:42:41.885+0200][119.931s] GC(12) Pause Young (Concurrent Start) (CodeCache GC Threshold)
[2023-10-27T20:42:41.885+0200][119.931s] GC(12) Using 10 workers of 10 for evacuation
[2023-10-27T20:42:41.897+0200][119.943s] GC(12)   Pre Evacuate Collection Set: 0.2ms
[2023-10-27T20:42:41.897+0200][119.943s] GC(12)   Merge Heap Roots: 0.1ms
[2023-10-27T20:42:41.897+0200][119.943s] GC(12)   Evacuate Collection Set: 10.3ms
[2023-10-27T20:42:41.897+0200][119.943s] GC(12)   Post Evacuate Collection Set: 1.5ms
[2023-10-27T20:42:41.897+0200][119.943s] GC(12)   Other: 0.1ms
[2023-10-27T20:42:41.897+0200][119.943s] GC(12) Eden regions: 179->0(273)
[2023-10-27T20:42:41.897+0200][119.943s] GC(12) Survivor regions: 20->34(39)
[2023-10-27T20:42:41.897+0200][119.943s] GC(12) Old regions: 9->9
[2023-10-27T20:42:41.897+0200][119.943s] GC(12) Archive regions: 0->0
[2023-10-27T20:42:41.897+0200][119.943s] GC(12) Humongous regions: 4->4
[2023-10-27T20:42:41.897+0200][119.943s] GC(12) Metaspace: 57508K(58112K)->57508K(58112K) NonClass: 50621K(50944K)->50621K(50944K) Class: 6887K(7168K)->6887K(7168K)
[2023-10-27T20:42:41.897+0200][119.943s] GC(12) Pause Young (Concurrent Start) (CodeCache GC Threshold) 211M->46M(512M) 12.360ms
[2023-10-27T20:42:41.897+0200][119.943s] GC(12) User=0.16s Sys=0.00s Real=0.01s
[2023-10-27T20:42:41.897+0200][119.943s] GC(13) Concurrent Mark Cycle
[2023-10-27T20:42:41.897+0200][119.943s] GC(13) Concurrent Clear Claimed Marks
[2023-10-27T20:42:41.897+0200][119.943s] GC(13) Concurrent Clear Claimed Marks 0.053ms
[2023-10-27T20:42:41.897+0200][119.943s] GC(13) Concurrent Scan Root Regions
[2023-10-27T20:42:41.902+0200][119.948s] GC(13) Concurrent Scan Root Regions 4.928ms
[2023-10-27T20:42:41.902+0200][119.948s] GC(13) Concurrent Mark
[2023-10-27T20:42:41.902+0200][119.948s] GC(13) Concurrent Mark From Roots
[2023-10-27T20:42:41.902+0200][119.948s] GC(13) Using 3 workers of 3 for marking
[2023-10-27T20:42:41.908+0200][119.954s] GC(13) Concurrent Mark From Roots 5.638ms
[2023-10-27T20:42:41.908+0200][119.954s] GC(13) Concurrent Preclean
[2023-10-27T20:42:41.908+0200][119.954s] GC(13) Concurrent Preclean 0.030ms
[2023-10-27T20:42:41.908+0200][119.954s] GC(13) Pause Remark
[2023-10-27T20:42:41.910+0200][119.956s] GC(13) Pause Remark 48M->48M(512M) 2.322ms
[2023-10-27T20:42:41.910+0200][119.956s] GC(13) User=0.00s Sys=0.00s Real=0.00s
[2023-10-27T20:42:41.910+0200][119.956s] GC(13) Concurrent Mark 8.314ms
[2023-10-27T20:42:41.910+0200][119.956s] GC(13) Concurrent Rebuild Remembered Sets
[2023-10-27T20:42:41.912+0200][119.959s] GC(13) Concurrent Rebuild Remembered Sets 2.488ms
[2023-10-27T20:42:41.912+0200][119.959s] GC(13) Pause Cleanup
[2023-10-27T20:42:41.913+0200][119.959s] GC(13) Pause Cleanup 48M->48M(512M) 0.108ms
[2023-10-27T20:42:41.913+0200][119.959s] GC(13) User=0.00s Sys=0.00s Real=0.00s
[2023-10-27T20:42:41.913+0200][119.959s] GC(13) Concurrent Cleanup for Next Mark
[2023-10-27T20:42:41.913+0200][119.960s] GC(13) Concurrent Cleanup for Next Mark 0.644ms
[2023-10-27T20:42:41.913+0200][119.960s] GC(13) Concurrent Mark Cycle 16.876ms
[2023-10-27T20:42:46.359+0200][124.406s] GC(14) Pause Young (Normal) (G1 Evacuation Pause)
[2023-10-27T20:42:46.359+0200][124.406s] GC(14) Using 10 workers of 10 for evacuation
[2023-10-27T20:42:46.371+0200][124.417s] GC(14)   Pre Evacuate Collection Set: 0.1ms
[2023-10-27T20:42:46.371+0200][124.417s] GC(14)   Merge Heap Roots: 0.2ms
[2023-10-27T20:42:46.371+0200][124.417s] GC(14)   Evacuate Collection Set: 9.8ms
[2023-10-27T20:42:46.371+0200][124.417s] GC(14)   Post Evacuate Collection Set: 1.2ms
[2023-10-27T20:42:46.371+0200][124.417s] GC(14)   Other: 0.1ms
[2023-10-27T20:42:46.371+0200][124.418s] GC(14) Eden regions: 273->0(285)
[2023-10-27T20:42:46.371+0200][124.418s] GC(14) Survivor regions: 34->22(39)
[2023-10-27T20:42:46.371+0200][124.418s] GC(14) Old regions: 9->25
[2023-10-27T20:42:46.371+0200][124.418s] GC(14) Archive regions: 0->0
[2023-10-27T20:42:46.371+0200][124.418s] GC(14) Humongous regions: 4->4
[2023-10-27T20:42:46.371+0200][124.418s] GC(14) Metaspace: 59036K(59648K)->59036K(59648K) NonClass: 52112K(52416K)->52112K(52416K) Class: 6923K(7232K)->6923K(7232K)
[2023-10-27T20:42:46.371+0200][124.418s] GC(14) Pause Young (Normal) (G1 Evacuation Pause) 319M->50M(512M) 11.626ms
[2023-10-27T20:42:46.371+0200][124.418s] GC(14) User=0.16s Sys=0.00s Real=0.01s
[2023-10-27T20:42:50.950+0200][128.996s] GC(15) Pause Young (Normal) (G1 Evacuation Pause)
[2023-10-27T20:42:50.950+0200][128.996s] GC(15) Using 10 workers of 10 for evacuation
[2023-10-27T20:42:50.957+0200][129.003s] GC(15)   Pre Evacuate Collection Set: 0.1ms
[2023-10-27T20:42:50.957+0200][129.003s] GC(15)   Merge Heap Roots: 0.2ms
[2023-10-27T20:42:50.957+0200][129.003s] GC(15)   Evacuate Collection Set: 5.4ms
[2023-10-27T20:42:50.957+0200][129.003s] GC(15)   Post Evacuate Collection Set: 1.2ms
[2023-10-27T20:42:50.957+0200][129.003s] GC(15)   Other: 0.1ms
[2023-10-27T20:42:50.957+0200][129.003s] GC(15) Eden regions: 285->0(282)
[2023-10-27T20:42:50.957+0200][129.003s] GC(15) Survivor regions: 22->25(39)
[2023-10-27T20:42:50.957+0200][129.003s] GC(15) Old regions: 25->25
[2023-10-27T20:42:50.957+0200][129.003s] GC(15) Archive regions: 0->0
[2023-10-27T20:42:50.957+0200][129.003s] GC(15) Humongous regions: 4->4
[2023-10-27T20:42:50.957+0200][129.003s] GC(15) Metaspace: 59558K(60160K)->59558K(60160K) NonClass: 52634K(52928K)->52634K(52928K) Class: 6923K(7232K)->6923K(7232K)
[2023-10-27T20:42:50.957+0200][129.003s] GC(15) Pause Young (Normal) (G1 Evacuation Pause) 335M->52M(512M) 7.214ms
[2023-10-27T20:42:50.957+0200][129.003s] GC(15) User=0.16s Sys=0.00s Real=0.01s
[2023-10-27T20:42:50.960+0200][129.006s] GC(16) Pause Young (Concurrent Start) (CodeCache GC Threshold)
[2023-10-27T20:42:50.960+0200][129.006s] GC(16) Using 10 workers of 10 for evacuation
[2023-10-27T20:42:50.966+0200][129.012s] GC(16)   Pre Evacuate Collection Set: 0.1ms
[2023-10-27T20:42:50.966+0200][129.012s] GC(16)   Merge Heap Roots: 0.1ms
[2023-10-27T20:42:50.966+0200][129.012s] GC(16)   Evacuate Collection Set: 5.5ms
[2023-10-27T20:42:50.966+0200][129.012s] GC(16)   Post Evacuate Collection Set: 0.9ms
[2023-10-27T20:42:50.966+0200][129.013s] GC(16)   Other: 0.1ms
[2023-10-27T20:42:50.966+0200][129.013s] GC(16) Eden regions: 2->0(298)
[2023-10-27T20:42:50.966+0200][129.013s] GC(16) Survivor regions: 25->9(39)
[2023-10-27T20:42:50.966+0200][129.013s] GC(16) Old regions: 25->41
[2023-10-27T20:42:50.966+0200][129.013s] GC(16) Archive regions: 0->0
[2023-10-27T20:42:50.966+0200][129.013s] GC(16) Humongous regions: 4->4
[2023-10-27T20:42:50.966+0200][129.013s] GC(16) Metaspace: 59558K(60160K)->59558K(60160K) NonClass: 52634K(52928K)->52634K(52928K) Class: 6923K(7232K)->6923K(7232K)
[2023-10-27T20:42:50.966+0200][129.013s] GC(16) Pause Young (Concurrent Start) (CodeCache GC Threshold) 54M->53M(512M) 6.904ms
[2023-10-27T20:42:50.966+0200][129.013s] GC(17) Concurrent Mark Cycle
[2023-10-27T20:42:50.966+0200][129.013s] GC(16) User=0.00s Sys=0.00s Real=0.01s
[2023-10-27T20:42:50.967+0200][129.013s] GC(17) Concurrent Clear Claimed Marks
[2023-10-27T20:42:50.967+0200][129.013s] GC(17) Concurrent Clear Claimed Marks 0.132ms
[2023-10-27T20:42:50.967+0200][129.013s] GC(17) Concurrent Scan Root Regions
[2023-10-27T20:42:50.972+0200][129.018s] GC(17) Concurrent Scan Root Regions 4.906ms
[2023-10-27T20:42:50.972+0200][129.018s] GC(17) Concurrent Mark
[2023-10-27T20:42:50.972+0200][129.018s] GC(17) Concurrent Mark From Roots
[2023-10-27T20:42:50.972+0200][129.018s] GC(17) Using 3 workers of 3 for marking
[2023-10-27T20:42:50.984+0200][129.030s] GC(17) Concurrent Mark From Roots 12.732ms
[2023-10-27T20:42:50.984+0200][129.031s] GC(17) Concurrent Preclean
[2023-10-27T20:42:50.985+0200][129.031s] GC(17) Concurrent Preclean 0.096ms
[2023-10-27T20:42:50.985+0200][129.031s] GC(17) Pause Remark
[2023-10-27T20:42:50.986+0200][129.033s] GC(17) Pause Remark 57M->57M(512M) 1.885ms
[2023-10-27T20:42:50.986+0200][129.033s] GC(17) User=0.16s Sys=0.00s Real=0.00s
[2023-10-27T20:42:50.986+0200][129.033s] GC(17) Concurrent Mark 15.029ms
[2023-10-27T20:42:50.986+0200][129.033s] GC(17) Concurrent Rebuild Remembered Sets
[2023-10-27T20:42:50.996+0200][129.042s] GC(17) Concurrent Rebuild Remembered Sets 9.417ms
[2023-10-27T20:42:50.996+0200][129.042s] GC(17) Pause Cleanup
[2023-10-27T20:42:50.996+0200][129.042s] GC(17) Pause Cleanup 57M->57M(512M) 0.105ms
[2023-10-27T20:42:50.996+0200][129.042s] GC(17) User=0.00s Sys=0.00s Real=0.00s
[2023-10-27T20:42:50.996+0200][129.042s] GC(17) Concurrent Cleanup for Next Mark
[2023-10-27T20:42:50.997+0200][129.043s] GC(17) Concurrent Cleanup for Next Mark 0.586ms
[2023-10-27T20:42:50.997+0200][129.043s] GC(17) Concurrent Mark Cycle 30.445ms
[2023-10-27T20:42:51.479+0200][129.525s] GC(18) Pause Young (Concurrent Start) (CodeCache GC Threshold)
[2023-10-27T20:42:51.479+0200][129.525s] GC(18) Using 10 workers of 10 for evacuation
[2023-10-27T20:42:51.481+0200][129.527s] GC(18)   Pre Evacuate Collection Set: 0.1ms
[2023-10-27T20:42:51.481+0200][129.527s] GC(18)   Merge Heap Roots: 0.1ms
[2023-10-27T20:42:51.481+0200][129.527s] GC(18)   Evacuate Collection Set: 1.2ms
[2023-10-27T20:42:51.481+0200][129.527s] GC(18)   Post Evacuate Collection Set: 0.4ms
[2023-10-27T20:42:51.481+0200][129.527s] GC(18)   Other: 0.1ms
[2023-10-27T20:42:51.481+0200][129.527s] GC(18) Eden regions: 37->0(298)
[2023-10-27T20:42:51.481+0200][129.527s] GC(18) Survivor regions: 9->9(39)
[2023-10-27T20:42:51.481+0200][129.527s] GC(18) Old regions: 41->41
[2023-10-27T20:42:51.481+0200][129.527s] GC(18) Archive regions: 0->0
[2023-10-27T20:42:51.481+0200][129.527s] GC(18) Humongous regions: 4->4
[2023-10-27T20:42:51.481+0200][129.527s] GC(18) Metaspace: 59672K(60288K)->59672K(60288K) NonClass: 52748K(53056K)->52748K(53056K) Class: 6923K(7232K)->6923K(7232K)
[2023-10-27T20:42:51.481+0200][129.527s] GC(18) Pause Young (Concurrent Start) (CodeCache GC Threshold) 90M->52M(512M) 2.085ms
[2023-10-27T20:42:51.481+0200][129.527s] GC(19) Concurrent Mark Cycle
[2023-10-27T20:42:51.481+0200][129.527s] GC(18) User=0.00s Sys=0.00s Real=0.00s
[2023-10-27T20:42:51.481+0200][129.527s] GC(19) Concurrent Clear Claimed Marks
[2023-10-27T20:42:51.481+0200][129.527s] GC(19) Concurrent Clear Claimed Marks 0.078ms
[2023-10-27T20:42:51.481+0200][129.527s] GC(19) Concurrent Scan Root Regions
[2023-10-27T20:42:51.482+0200][129.528s] GC(19) Concurrent Scan Root Regions 0.785ms
[2023-10-27T20:42:51.482+0200][129.528s] GC(19) Concurrent Mark
[2023-10-27T20:42:51.482+0200][129.528s] GC(19) Concurrent Mark From Roots
[2023-10-27T20:42:51.482+0200][129.528s] GC(19) Using 3 workers of 3 for marking
[2023-10-27T20:42:51.503+0200][129.549s] GC(19) Concurrent Mark From Roots 21.041ms
[2023-10-27T20:42:51.503+0200][129.549s] GC(19) Concurrent Preclean
[2023-10-27T20:42:51.503+0200][129.549s] GC(19) Concurrent Preclean 0.082ms
[2023-10-27T20:42:51.503+0200][129.549s] GC(19) Pause Remark
[2023-10-27T20:42:51.507+0200][129.553s] GC(19) Pause Remark 55M->55M(512M) 4.414ms
[2023-10-27T20:42:51.507+0200][129.553s] GC(19) User=0.00s Sys=0.00s Real=0.00s
[2023-10-27T20:42:51.507+0200][129.553s] GC(19) Concurrent Mark 25.762ms
[2023-10-27T20:42:51.507+0200][129.553s] GC(19) Concurrent Rebuild Remembered Sets
[2023-10-27T20:42:51.514+0200][129.561s] GC(19) Concurrent Rebuild Remembered Sets 7.190ms
[2023-10-27T20:42:51.514+0200][129.561s] GC(19) Pause Cleanup
[2023-10-27T20:42:51.514+0200][129.561s] GC(19) Pause Cleanup 55M->55M(512M) 0.091ms
[2023-10-27T20:42:51.514+0200][129.561s] GC(19) User=0.00s Sys=0.00s Real=0.00s
[2023-10-27T20:42:51.514+0200][129.561s] GC(19) Concurrent Cleanup for Next Mark
[2023-10-27T20:42:51.515+0200][129.562s] GC(19) Concurrent Cleanup for Next Mark 0.691ms
[2023-10-27T20:42:51.515+0200][129.562s] GC(19) Concurrent Mark Cycle 34.863ms
[2023-10-27T20:42:51.560+0200][129.606s] GC(20) Pause Young (Concurrent Start) (CodeCache GC Threshold)
[2023-10-27T20:42:51.560+0200][129.606s] GC(20) Using 10 workers of 10 for evacuation
[2023-10-27T20:42:51.562+0200][129.609s] GC(20)   Pre Evacuate Collection Set: 0.2ms
[2023-10-27T20:42:51.562+0200][129.609s] GC(20)   Merge Heap Roots: 0.1ms
[2023-10-27T20:42:51.562+0200][129.609s] GC(20)   Evacuate Collection Set: 1.2ms
[2023-10-27T20:42:51.562+0200][129.609s] GC(20)   Post Evacuate Collection Set: 0.6ms
[2023-10-27T20:42:51.562+0200][129.609s] GC(20)   Other: 0.1ms
[2023-10-27T20:42:51.562+0200][129.609s] GC(20) Eden regions: 6->0(299)
[2023-10-27T20:42:51.562+0200][129.609s] GC(20) Survivor regions: 9->8(39)
[2023-10-27T20:42:51.563+0200][129.609s] GC(20) Old regions: 41->41
[2023-10-27T20:42:51.563+0200][129.609s] GC(20) Archive regions: 0->0
[2023-10-27T20:42:51.563+0200][129.609s] GC(20) Humongous regions: 4->4
[2023-10-27T20:42:51.563+0200][129.609s] GC(20) Metaspace: 59688K(60288K)->59688K(60288K) NonClass: 52765K(53056K)->52765K(53056K) Class: 6923K(7232K)->6923K(7232K)
[2023-10-27T20:42:51.563+0200][129.609s] GC(20) Pause Young (Concurrent Start) (CodeCache GC Threshold) 58M->52M(512M) 2.379ms
[2023-10-27T20:42:51.563+0200][129.609s] GC(21) Concurrent Mark Cycle
[2023-10-27T20:42:51.563+0200][129.609s] GC(20) User=0.00s Sys=0.00s Real=0.00s
[2023-10-27T20:42:51.563+0200][129.609s] GC(21) Concurrent Clear Claimed Marks
[2023-10-27T20:42:51.563+0200][129.609s] GC(21) Concurrent Clear Claimed Marks 0.179ms
[2023-10-27T20:42:51.563+0200][129.609s] GC(21) Concurrent Scan Root Regions
[2023-10-27T20:42:51.564+0200][129.610s] GC(21) Concurrent Scan Root Regions 0.732ms
[2023-10-27T20:42:51.564+0200][129.610s] GC(21) Concurrent Mark
[2023-10-27T20:42:51.564+0200][129.610s] GC(21) Concurrent Mark From Roots
[2023-10-27T20:42:51.564+0200][129.610s] GC(21) Using 3 workers of 3 for marking
[2023-10-27T20:42:51.584+0200][129.630s] GC(21) Concurrent Mark From Roots 20.189ms
[2023-10-27T20:42:51.584+0200][129.630s] GC(21) Concurrent Preclean
[2023-10-27T20:42:51.584+0200][129.630s] GC(21) Concurrent Preclean 0.108ms
[2023-10-27T20:42:51.584+0200][129.630s] GC(21) Pause Remark
[2023-10-27T20:42:51.586+0200][129.632s] GC(21) Pause Remark 55M->55M(512M) 2.041ms
[2023-10-27T20:42:51.586+0200][129.632s] GC(21) User=0.00s Sys=0.00s Real=0.00s
[2023-10-27T20:42:51.586+0200][129.632s] GC(21) Concurrent Mark 22.565ms
[2023-10-27T20:42:51.586+0200][129.632s] GC(21) Concurrent Rebuild Remembered Sets
[2023-10-27T20:42:51.595+0200][129.642s] GC(21) Concurrent Rebuild Remembered Sets 9.105ms
[2023-10-27T20:42:51.596+0200][129.642s] GC(21) Pause Cleanup
[2023-10-27T20:42:51.596+0200][129.642s] GC(21) Pause Cleanup 55M->55M(512M) 0.126ms
[2023-10-27T20:42:51.596+0200][129.642s] GC(21) User=0.00s Sys=0.00s Real=0.00s
[2023-10-27T20:42:51.596+0200][129.642s] GC(21) Concurrent Cleanup for Next Mark
[2023-10-27T20:42:51.596+0200][129.643s] GC(21) Concurrent Cleanup for Next Mark 0.671ms
[2023-10-27T20:42:51.596+0200][129.643s] GC(21) Concurrent Mark Cycle 33.720ms
[2023-10-27T20:42:56.141+0200][134.187s] GC(22) Pause Young (Prepare Mixed) (G1 Evacuation Pause)
[2023-10-27T20:42:56.141+0200][134.187s] GC(22) Using 10 workers of 10 for evacuation
[2023-10-27T20:42:56.144+0200][134.190s] GC(22)   Pre Evacuate Collection Set: 0.1ms
[2023-10-27T20:42:56.144+0200][134.190s] GC(22)   Merge Heap Roots: 0.1ms
[2023-10-27T20:42:56.144+0200][134.190s] GC(22)   Evacuate Collection Set: 1.6ms
[2023-10-27T20:42:56.144+0200][134.190s] GC(22)   Post Evacuate Collection Set: 0.5ms
[2023-10-27T20:42:56.144+0200][134.190s] GC(22)   Other: 0.1ms
[2023-10-27T20:42:56.144+0200][134.190s] GC(22) Eden regions: 299->0(14)
[2023-10-27T20:42:56.144+0200][134.190s] GC(22) Survivor regions: 8->11(39)
[2023-10-27T20:42:56.144+0200][134.190s] GC(22) Old regions: 41->41
[2023-10-27T20:42:56.144+0200][134.190s] GC(22) Archive regions: 0->0
[2023-10-27T20:42:56.144+0200][134.190s] GC(22) Humongous regions: 4->4
[2023-10-27T20:42:56.144+0200][134.190s] GC(22) Metaspace: 59936K(60544K)->59936K(60544K) NonClass: 53011K(53312K)->53011K(53312K) Class: 6924K(7232K)->6924K(7232K)
[2023-10-27T20:42:56.144+0200][134.190s] GC(22) Pause Young (Prepare Mixed) (G1 Evacuation Pause) 351M->55M(512M) 2.580ms
[2023-10-27T20:42:56.144+0200][134.190s] GC(22) User=0.16s Sys=0.00s Real=0.00s
[2023-10-27T20:42:56.295+0200][134.342s] GC(23) Pause Young (Mixed) (G1 Evacuation Pause)
[2023-10-27T20:42:56.295+0200][134.342s] GC(23) Using 10 workers of 10 for evacuation
[2023-10-27T20:42:56.298+0200][134.345s] GC(23)   Pre Evacuate Collection Set: 0.1ms
[2023-10-27T20:42:56.298+0200][134.345s] GC(23)   Merge Heap Roots: 0.1ms
[2023-10-27T20:42:56.298+0200][134.345s] GC(23)   Evacuate Collection Set: 2.3ms
[2023-10-27T20:42:56.298+0200][134.345s] GC(23)   Post Evacuate Collection Set: 0.7ms
[2023-10-27T20:42:56.298+0200][134.345s] GC(23)   Other: 0.1ms
[2023-10-27T20:42:56.298+0200][134.345s] GC(23) Eden regions: 14->0(306)
[2023-10-27T20:42:56.298+0200][134.345s] GC(23) Survivor regions: 11->1(4)
[2023-10-27T20:42:56.298+0200][134.345s] GC(23) Old regions: 41->51
[2023-10-27T20:42:56.298+0200][134.345s] GC(23) Archive regions: 0->0
[2023-10-27T20:42:56.298+0200][134.345s] GC(23) Humongous regions: 4->4
[2023-10-27T20:42:56.298+0200][134.345s] GC(23) Metaspace: 59945K(60544K)->59945K(60544K) NonClass: 53021K(53312K)->53021K(53312K) Class: 6924K(7232K)->6924K(7232K)
[2023-10-27T20:42:56.298+0200][134.345s] GC(23) Pause Young (Mixed) (G1 Evacuation Pause) 69M->55M(512M) 3.446ms
[2023-10-27T20:42:56.298+0200][134.345s] GC(23) User=0.00s Sys=0.02s Real=0.00s
[2023-10-27T20:43:00.997+0200][139.043s] GC(24) Pause Young (Normal) (G1 Evacuation Pause)
[2023-10-27T20:43:00.997+0200][139.043s] GC(24) Using 10 workers of 10 for evacuation
[2023-10-27T20:43:00.998+0200][139.044s] GC(24)   Pre Evacuate Collection Set: 0.1ms
[2023-10-27T20:43:00.998+0200][139.044s] GC(24)   Merge Heap Roots: 0.2ms
[2023-10-27T20:43:00.998+0200][139.044s] GC(24)   Evacuate Collection Set: 0.7ms
[2023-10-27T20:43:00.998+0200][139.044s] GC(24)   Post Evacuate Collection Set: 0.6ms
[2023-10-27T20:43:00.998+0200][139.044s] GC(24)   Other: 0.1ms
[2023-10-27T20:43:00.998+0200][139.044s] GC(24) Eden regions: 306->0(302)
[2023-10-27T20:43:00.998+0200][139.044s] GC(24) Survivor regions: 1->5(39)
[2023-10-27T20:43:00.998+0200][139.044s] GC(24) Old regions: 51->51
[2023-10-27T20:43:00.998+0200][139.044s] GC(24) Archive regions: 0->0
[2023-10-27T20:43:00.998+0200][139.044s] GC(24) Humongous regions: 4->4
[2023-10-27T20:43:00.998+0200][139.044s] GC(24) Metaspace: 60273K(60864K)->60273K(60864K) NonClass: 53348K(53632K)->53348K(53632K) Class: 6925K(7232K)->6925K(7232K)
[2023-10-27T20:43:00.998+0200][139.044s] GC(24) Pause Young (Normal) (G1 Evacuation Pause) 361M->59M(512M) 1.784ms
[2023-10-27T20:43:00.998+0200][139.045s] GC(24) User=0.00s Sys=0.00s Real=0.00s
[2023-10-27T20:43:01.479+0200][139.526s] GC(25) Pause Young (Concurrent Start) (CodeCache GC Threshold)
[2023-10-27T20:43:01.479+0200][139.526s] GC(25) Using 10 workers of 10 for evacuation
[2023-10-27T20:43:01.482+0200][139.528s] GC(25)   Pre Evacuate Collection Set: 0.2ms
[2023-10-27T20:43:01.482+0200][139.528s] GC(25)   Merge Heap Roots: 0.1ms
[2023-10-27T20:43:01.482+0200][139.528s] GC(25)   Evacuate Collection Set: 1.3ms
[2023-10-27T20:43:01.482+0200][139.528s] GC(25)   Post Evacuate Collection Set: 0.5ms
[2023-10-27T20:43:01.482+0200][139.528s] GC(25)   Other: 0.1ms
[2023-10-27T20:43:01.482+0200][139.528s] GC(25) Eden regions: 35->0(300)
[2023-10-27T20:43:01.482+0200][139.528s] GC(25) Survivor regions: 5->7(39)
[2023-10-27T20:43:01.482+0200][139.528s] GC(25) Old regions: 51->51
[2023-10-27T20:43:01.482+0200][139.528s] GC(25) Archive regions: 0->0
[2023-10-27T20:43:01.482+0200][139.528s] GC(25) Humongous regions: 4->4
[2023-10-27T20:43:01.482+0200][139.528s] GC(25) Metaspace: 60309K(60864K)->60309K(60864K) NonClass: 53383K(53632K)->53383K(53632K) Class: 6925K(7232K)->6925K(7232K)
[2023-10-27T20:43:01.482+0200][139.528s] GC(25) Pause Young (Concurrent Start) (CodeCache GC Threshold) 94M->60M(512M) 2.353ms
[2023-10-27T20:43:01.482+0200][139.528s] GC(25) User=0.00s Sys=0.00s Real=0.00s
[2023-10-27T20:43:01.482+0200][139.528s] GC(26) Concurrent Mark Cycle
[2023-10-27T20:43:01.482+0200][139.528s] GC(26) Concurrent Clear Claimed Marks
[2023-10-27T20:43:01.482+0200][139.528s] GC(26) Concurrent Clear Claimed Marks 0.039ms
[2023-10-27T20:43:01.482+0200][139.528s] GC(26) Concurrent Scan Root Regions
[2023-10-27T20:43:01.483+0200][139.529s] GC(26) Concurrent Scan Root Regions 0.703ms
[2023-10-27T20:43:01.483+0200][139.529s] GC(26) Concurrent Mark
[2023-10-27T20:43:01.483+0200][139.529s] GC(26) Concurrent Mark From Roots
[2023-10-27T20:43:01.483+0200][139.529s] GC(26) Using 3 workers of 3 for marking
[2023-10-27T20:43:01.502+0200][139.549s] GC(26) Concurrent Mark From Roots 19.760ms
[2023-10-27T20:43:01.502+0200][139.549s] GC(26) Concurrent Preclean
[2023-10-27T20:43:01.503+0200][139.549s] GC(26) Concurrent Preclean 0.140ms
[2023-10-27T20:43:01.503+0200][139.549s] GC(26) Pause Remark
[2023-10-27T20:43:01.505+0200][139.551s] GC(26) Pause Remark 66M->66M(512M) 2.369ms
[2023-10-27T20:43:01.505+0200][139.551s] GC(26) User=0.00s Sys=0.00s Real=0.00s
[2023-10-27T20:43:01.505+0200][139.552s] GC(26) Concurrent Mark 22.573ms
[2023-10-27T20:43:01.505+0200][139.552s] GC(26) Concurrent Rebuild Remembered Sets
[2023-10-27T20:43:01.516+0200][139.562s] GC(26) Concurrent Rebuild Remembered Sets 10.537ms
[2023-10-27T20:43:01.516+0200][139.562s] GC(26) Pause Cleanup
[2023-10-27T20:43:01.516+0200][139.562s] GC(26) Pause Cleanup 66M->66M(512M) 0.165ms
[2023-10-27T20:43:01.516+0200][139.563s] GC(26) User=0.00s Sys=0.00s Real=0.00s
[2023-10-27T20:43:01.516+0200][139.563s] GC(26) Concurrent Cleanup for Next Mark
[2023-10-27T20:43:01.517+0200][139.564s] GC(26) Concurrent Cleanup for Next Mark 1.136ms
[2023-10-27T20:43:01.518+0200][139.564s] GC(26) Concurrent Mark Cycle 35.648ms
[2023-10-27T20:43:06.124+0200][144.171s] GC(27) Pause Young (Prepare Mixed) (G1 Evacuation Pause)
[2023-10-27T20:43:06.125+0200][144.171s] GC(27) Using 10 workers of 10 for evacuation
[2023-10-27T20:43:06.127+0200][144.173s] GC(27)   Pre Evacuate Collection Set: 0.1ms
[2023-10-27T20:43:06.127+0200][144.173s] GC(27)   Merge Heap Roots: 0.1ms
[2023-10-27T20:43:06.127+0200][144.173s] GC(27)   Evacuate Collection Set: 1.2ms
[2023-10-27T20:43:06.127+0200][144.173s] GC(27)   Post Evacuate Collection Set: 0.6ms
[2023-10-27T20:43:06.127+0200][144.173s] GC(27)   Other: 0.1ms
[2023-10-27T20:43:06.127+0200][144.173s] GC(27) Eden regions: 300->0(16)
[2023-10-27T20:43:06.127+0200][144.173s] GC(27) Survivor regions: 7->9(39)
[2023-10-27T20:43:06.127+0200][144.173s] GC(27) Old regions: 51->51
[2023-10-27T20:43:06.127+0200][144.173s] GC(27) Archive regions: 0->0
[2023-10-27T20:43:06.127+0200][144.173s] GC(27) Humongous regions: 4->4
[2023-10-27T20:43:06.127+0200][144.173s] GC(27) Metaspace: 60801K(61376K)->60801K(61376K) NonClass: 53874K(54144K)->53874K(54144K) Class: 6927K(7232K)->6927K(7232K)
[2023-10-27T20:43:06.127+0200][144.173s] GC(27) Pause Young (Prepare Mixed) (G1 Evacuation Pause) 360M->62M(512M) 2.285ms
[2023-10-27T20:43:06.127+0200][144.173s] GC(27) User=0.02s Sys=0.00s Real=0.00s
[2023-10-27T20:43:06.351+0200][144.397s] GC(28) Pause Young (Mixed) (G1 Evacuation Pause)
[2023-10-27T20:43:06.351+0200][144.397s] GC(28) Using 10 workers of 10 for evacuation
[2023-10-27T20:43:06.353+0200][144.399s] GC(28)   Pre Evacuate Collection Set: 0.1ms
[2023-10-27T20:43:06.353+0200][144.399s] GC(28)   Merge Heap Roots: 0.1ms
[2023-10-27T20:43:06.353+0200][144.399s] GC(28)   Evacuate Collection Set: 1.3ms
[2023-10-27T20:43:06.353+0200][144.399s] GC(28)   Post Evacuate Collection Set: 0.6ms
[2023-10-27T20:43:06.353+0200][144.399s] GC(28)   Other: 0.0ms
[2023-10-27T20:43:06.353+0200][144.399s] GC(28) Eden regions: 16->0(306)
[2023-10-27T20:43:06.353+0200][144.399s] GC(28) Survivor regions: 9->1(4)
[2023-10-27T20:43:06.353+0200][144.399s] GC(28) Old regions: 51->59
[2023-10-27T20:43:06.353+0200][144.399s] GC(28) Archive regions: 0->0
[2023-10-27T20:43:06.353+0200][144.399s] GC(28) Humongous regions: 4->4
[2023-10-27T20:43:06.353+0200][144.399s] GC(28) Metaspace: 60802K(61440K)->60802K(61440K) NonClass: 53875K(54208K)->53875K(54208K) Class: 6927K(7232K)->6927K(7232K)
[2023-10-27T20:43:06.353+0200][144.400s] GC(28) Pause Young (Mixed) (G1 Evacuation Pause) 78M->63M(512M) 2.275ms
[2023-10-27T20:43:06.353+0200][144.400s] GC(28) User=0.00s Sys=0.00s Real=0.00s
[2023-10-27T20:43:10.817+0200][148.863s] GC(29) Pause Young (Normal) (G1 Evacuation Pause)
[2023-10-27T20:43:10.817+0200][148.863s] GC(29) Using 10 workers of 10 for evacuation
[2023-10-27T20:43:10.819+0200][148.865s] GC(29)   Pre Evacuate Collection Set: 0.1ms
[2023-10-27T20:43:10.819+0200][148.865s] GC(29)   Merge Heap Roots: 0.2ms
[2023-10-27T20:43:10.819+0200][148.865s] GC(29)   Evacuate Collection Set: 0.8ms
[2023-10-27T20:43:10.819+0200][148.865s] GC(29)   Post Evacuate Collection Set: 0.6ms
[2023-10-27T20:43:10.819+0200][148.865s] GC(29)   Other: 0.1ms
[2023-10-27T20:43:10.819+0200][148.865s] GC(29) Eden regions: 306->0(302)
[2023-10-27T20:43:10.819+0200][148.865s] GC(29) Survivor regions: 1->5(39)
[2023-10-27T20:43:10.819+0200][148.865s] GC(29) Old regions: 59->59
[2023-10-27T20:43:10.819+0200][148.865s] GC(29) Archive regions: 0->0
[2023-10-27T20:43:10.819+0200][148.865s] GC(29) Humongous regions: 4->4
[2023-10-27T20:43:10.819+0200][148.865s] GC(29) Metaspace: 60941K(61568K)->60941K(61568K) NonClass: 54009K(54336K)->54009K(54336K) Class: 6932K(7232K)->6932K(7232K)
[2023-10-27T20:43:10.819+0200][148.865s] GC(29) Pause Young (Normal) (G1 Evacuation Pause) 369M->67M(512M) 1.983ms
[2023-10-27T20:43:10.819+0200][148.865s] GC(29) User=0.00s Sys=0.00s Real=0.00s
[2023-10-27T20:43:12.750+0200][150.796s] GC(30) Pause Young (Concurrent Start) (CodeCache GC Threshold)
[2023-10-27T20:43:12.750+0200][150.796s] GC(30) Using 10 workers of 10 for evacuation
[2023-10-27T20:43:12.752+0200][150.798s] GC(30)   Pre Evacuate Collection Set: 0.2ms
[2023-10-27T20:43:12.752+0200][150.798s] GC(30)   Merge Heap Roots: 0.1ms
[2023-10-27T20:43:12.752+0200][150.798s] GC(30)   Evacuate Collection Set: 1.0ms
[2023-10-27T20:43:12.752+0200][150.798s] GC(30)   Post Evacuate Collection Set: 0.5ms
[2023-10-27T20:43:12.752+0200][150.798s] GC(30)   Other: 0.1ms
[2023-10-27T20:43:12.752+0200][150.798s] GC(30) Eden regions: 139->0(300)
[2023-10-27T20:43:12.752+0200][150.798s] GC(30) Survivor regions: 5->7(39)
[2023-10-27T20:43:12.752+0200][150.798s] GC(30) Old regions: 59->59
[2023-10-27T20:43:12.752+0200][150.798s] GC(30) Archive regions: 0->0
[2023-10-27T20:43:12.752+0200][150.798s] GC(30) Humongous regions: 4->4
[2023-10-27T20:43:12.752+0200][150.798s] GC(30) Metaspace: 61114K(61760K)->61114K(61760K) NonClass: 54182K(54528K)->54182K(54528K) Class: 6932K(7232K)->6932K(7232K)
[2023-10-27T20:43:12.752+0200][150.798s] GC(30) Pause Young (Concurrent Start) (CodeCache GC Threshold) 205M->68M(512M) 1.991ms
[2023-10-27T20:43:12.752+0200][150.798s] GC(31) Concurrent Mark Cycle
[2023-10-27T20:43:12.752+0200][150.798s] GC(30) User=0.06s Sys=0.03s Real=0.00s
[2023-10-27T20:43:12.752+0200][150.798s] GC(31) Concurrent Clear Claimed Marks
[2023-10-27T20:43:12.752+0200][150.798s] GC(31) Concurrent Clear Claimed Marks 0.046ms
[2023-10-27T20:43:12.752+0200][150.798s] GC(31) Concurrent Scan Root Regions
[2023-10-27T20:43:12.753+0200][150.799s] GC(31) Concurrent Scan Root Regions 0.789ms
[2023-10-27T20:43:12.753+0200][150.799s] GC(31) Concurrent Mark
[2023-10-27T20:43:12.753+0200][150.799s] GC(31) Concurrent Mark From Roots
[2023-10-27T20:43:12.753+0200][150.799s] GC(31) Using 3 workers of 3 for marking
[2023-10-27T20:43:12.776+0200][150.823s] GC(31) Concurrent Mark From Roots 23.620ms
[2023-10-27T20:43:12.776+0200][150.823s] GC(31) Concurrent Preclean
[2023-10-27T20:43:12.776+0200][150.823s] GC(31) Concurrent Preclean 0.089ms
[2023-10-27T20:43:12.777+0200][150.823s] GC(31) Pause Remark
[2023-10-27T20:43:12.780+0200][150.826s] GC(31) Pause Remark 71M->71M(512M) 3.190ms
[2023-10-27T20:43:12.780+0200][150.826s] GC(31) User=0.00s Sys=0.00s Real=0.00s
[2023-10-27T20:43:12.780+0200][150.826s] GC(31) Concurrent Mark 27.089ms
[2023-10-27T20:43:12.780+0200][150.826s] GC(31) Concurrent Rebuild Remembered Sets
[2023-10-27T20:43:12.787+0200][150.834s] GC(31) Concurrent Rebuild Remembered Sets 7.381ms
[2023-10-27T20:43:12.787+0200][150.834s] GC(31) Pause Cleanup
[2023-10-27T20:43:12.788+0200][150.834s] GC(31) Pause Cleanup 72M->72M(512M) 0.126ms
[2023-10-27T20:43:12.788+0200][150.834s] GC(31) User=0.00s Sys=0.00s Real=0.00s
[2023-10-27T20:43:12.788+0200][150.834s] GC(31) Concurrent Cleanup for Next Mark
[2023-10-27T20:43:12.788+0200][150.834s] GC(31) Concurrent Cleanup for Next Mark 0.625ms
[2023-10-27T20:43:12.788+0200][150.834s] GC(31) Concurrent Mark Cycle 36.321ms
[2023-10-27T20:43:14.039+0200][152.085s] GC(32) Pause Young (Concurrent Start) (CodeCache GC Threshold)
[2023-10-27T20:43:14.039+0200][152.085s] GC(32) Using 10 workers of 10 for evacuation
[2023-10-27T20:43:14.041+0200][152.087s] GC(32)   Pre Evacuate Collection Set: 0.2ms
[2023-10-27T20:43:14.041+0200][152.087s] GC(32)   Merge Heap Roots: 0.1ms
[2023-10-27T20:43:14.041+0200][152.087s] GC(32)   Evacuate Collection Set: 1.3ms
[2023-10-27T20:43:14.041+0200][152.087s] GC(32)   Post Evacuate Collection Set: 0.3ms
[2023-10-27T20:43:14.041+0200][152.087s] GC(32)   Other: 0.0ms
[2023-10-27T20:43:14.041+0200][152.087s] GC(32) Eden regions: 95->0(300)
[2023-10-27T20:43:14.041+0200][152.087s] GC(32) Survivor regions: 7->7(39)
[2023-10-27T20:43:14.041+0200][152.087s] GC(32) Old regions: 58->58
[2023-10-27T20:43:14.041+0200][152.087s] GC(32) Archive regions: 0->0
[2023-10-27T20:43:14.041+0200][152.087s] GC(32) Humongous regions: 4->4
[2023-10-27T20:43:14.041+0200][152.087s] GC(32) Metaspace: 61115K(61760K)->61115K(61760K) NonClass: 54183K(54528K)->54183K(54528K) Class: 6932K(7232K)->6932K(7232K)
[2023-10-27T20:43:14.041+0200][152.087s] GC(32) Pause Young (Concurrent Start) (CodeCache GC Threshold) 163M->68M(512M) 2.078ms
[2023-10-27T20:43:14.041+0200][152.087s] GC(33) Concurrent Mark Cycle
[2023-10-27T20:43:14.041+0200][152.087s] GC(32) User=0.00s Sys=0.00s Real=0.00s
[2023-10-27T20:43:14.041+0200][152.087s] GC(33) Concurrent Clear Claimed Marks
[2023-10-27T20:43:14.041+0200][152.087s] GC(33) Concurrent Clear Claimed Marks 0.076ms
[2023-10-27T20:43:14.041+0200][152.087s] GC(33) Concurrent Scan Root Regions
[2023-10-27T20:43:14.042+0200][152.088s] GC(33) Concurrent Scan Root Regions 0.674ms
[2023-10-27T20:43:14.042+0200][152.088s] GC(33) Concurrent Mark
[2023-10-27T20:43:14.042+0200][152.088s] GC(33) Concurrent Mark From Roots
[2023-10-27T20:43:14.042+0200][152.088s] GC(33) Using 3 workers of 3 for marking
[2023-10-27T20:43:14.059+0200][152.106s] GC(33) Concurrent Mark From Roots 18.091ms
[2023-10-27T20:43:14.059+0200][152.106s] GC(33) Concurrent Preclean
[2023-10-27T20:43:14.059+0200][152.106s] GC(33) Concurrent Preclean 0.086ms
[2023-10-27T20:43:14.059+0200][152.106s] GC(33) Pause Remark
[2023-10-27T20:43:14.062+0200][152.109s] GC(33) Pause Remark 71M->71M(512M) 2.569ms
[2023-10-27T20:43:14.062+0200][152.109s] GC(33) User=0.00s Sys=0.00s Real=0.00s
[2023-10-27T20:43:14.062+0200][152.109s] GC(33) Concurrent Mark 21.038ms
[2023-10-27T20:43:14.062+0200][152.109s] GC(33) Concurrent Rebuild Remembered Sets
[2023-10-27T20:43:14.070+0200][152.117s] GC(33) Concurrent Rebuild Remembered Sets 7.833ms
[2023-10-27T20:43:14.070+0200][152.117s] GC(33) Pause Cleanup
[2023-10-27T20:43:14.070+0200][152.117s] GC(33) Pause Cleanup 72M->72M(512M) 0.142ms
[2023-10-27T20:43:14.070+0200][152.117s] GC(33) User=0.00s Sys=0.00s Real=0.00s
[2023-10-27T20:43:14.070+0200][152.117s] GC(33) Concurrent Cleanup for Next Mark
[2023-10-27T20:43:14.071+0200][152.118s] GC(33) Concurrent Cleanup for Next Mark 0.684ms
[2023-10-27T20:43:14.071+0200][152.118s] GC(33) Concurrent Mark Cycle 30.744ms
[2023-10-27T20:43:14.181+0200][152.228s] GC(34) Pause Young (Concurrent Start) (CodeCache GC Threshold)
[2023-10-27T20:43:14.181+0200][152.228s] GC(34) Using 10 workers of 10 for evacuation
[2023-10-27T20:43:14.184+0200][152.230s] GC(34)   Pre Evacuate Collection Set: 0.1ms
[2023-10-27T20:43:14.184+0200][152.230s] GC(34)   Merge Heap Roots: 0.2ms
[2023-10-27T20:43:14.184+0200][152.230s] GC(34)   Evacuate Collection Set: 1.3ms
[2023-10-27T20:43:14.184+0200][152.230s] GC(34)   Post Evacuate Collection Set: 0.5ms
[2023-10-27T20:43:14.184+0200][152.230s] GC(34)   Other: 0.2ms
[2023-10-27T20:43:14.184+0200][152.230s] GC(34) Eden regions: 8->0(300)
[2023-10-27T20:43:14.184+0200][152.230s] GC(34) Survivor regions: 7->7(39)
[2023-10-27T20:43:14.184+0200][152.230s] GC(34) Old regions: 58->58
[2023-10-27T20:43:14.184+0200][152.230s] GC(34) Archive regions: 0->0
[2023-10-27T20:43:14.184+0200][152.230s] GC(34) Humongous regions: 4->4
[2023-10-27T20:43:14.184+0200][152.230s] GC(34) Metaspace: 61115K(61760K)->61115K(61760K) NonClass: 54183K(54528K)->54183K(54528K) Class: 6932K(7232K)->6932K(7232K)
[2023-10-27T20:43:14.184+0200][152.230s] GC(34) Pause Young (Concurrent Start) (CodeCache GC Threshold) 76M->68M(512M) 2.534ms
[2023-10-27T20:43:14.184+0200][152.230s] GC(34) User=0.00s Sys=0.00s Real=0.00s
[2023-10-27T20:43:14.184+0200][152.230s] GC(35) Concurrent Mark Cycle
[2023-10-27T20:43:14.184+0200][152.230s] GC(35) Concurrent Clear Claimed Marks
[2023-10-27T20:43:14.184+0200][152.231s] GC(35) Concurrent Clear Claimed Marks 0.030ms
[2023-10-27T20:43:14.184+0200][152.231s] GC(35) Concurrent Scan Root Regions
[2023-10-27T20:43:14.185+0200][152.231s] GC(35) Concurrent Scan Root Regions 0.707ms
[2023-10-27T20:43:14.185+0200][152.231s] GC(35) Concurrent Mark
[2023-10-27T20:43:14.185+0200][152.231s] GC(35) Concurrent Mark From Roots
[2023-10-27T20:43:14.185+0200][152.231s] GC(35) Using 3 workers of 3 for marking
[2023-10-27T20:43:14.209+0200][152.255s] GC(35) Concurrent Mark From Roots 24.078ms
[2023-10-27T20:43:14.209+0200][152.255s] GC(35) Concurrent Preclean
[2023-10-27T20:43:14.209+0200][152.256s] GC(35) Concurrent Preclean 0.136ms
[2023-10-27T20:43:14.209+0200][152.256s] GC(35) Pause Remark
[2023-10-27T20:43:14.212+0200][152.258s] GC(35) Pause Remark 71M->71M(512M) 2.383ms
[2023-10-27T20:43:14.212+0200][152.258s] GC(35) User=0.00s Sys=0.00s Real=0.00s
[2023-10-27T20:43:14.212+0200][152.258s] GC(35) Concurrent Mark 26.804ms
[2023-10-27T20:43:14.212+0200][152.258s] GC(35) Concurrent Rebuild Remembered Sets
[2023-10-27T20:43:14.220+0200][152.266s] GC(35) Concurrent Rebuild Remembered Sets 8.266ms
[2023-10-27T20:43:14.221+0200][152.266s] GC(35) Pause Cleanup
[2023-10-27T20:43:14.221+0200][152.267s] GC(35) Pause Cleanup 72M->72M(512M) 0.105ms
[2023-10-27T20:43:14.221+0200][152.267s] GC(35) User=0.00s Sys=0.00s Real=0.00s
[2023-10-27T20:43:14.221+0200][152.267s] GC(35) Concurrent Cleanup for Next Mark
[2023-10-27T20:43:14.221+0200][152.267s] GC(35) Concurrent Cleanup for Next Mark 0.576ms
[2023-10-27T20:43:14.221+0200][152.267s] GC(35) Concurrent Mark Cycle 36.795ms
[2023-10-27T20:43:18.655+0200][156.701s] GC(36) Pause Young (Prepare Mixed) (G1 Evacuation Pause)
[2023-10-27T20:43:18.655+0200][156.701s] GC(36) Using 10 workers of 10 for evacuation
[2023-10-27T20:43:18.657+0200][156.703s] GC(36)   Pre Evacuate Collection Set: 0.1ms
[2023-10-27T20:43:18.657+0200][156.703s] GC(36)   Merge Heap Roots: 0.1ms
[2023-10-27T20:43:18.657+0200][156.703s] GC(36)   Evacuate Collection Set: 1.5ms
[2023-10-27T20:43:18.657+0200][156.703s] GC(36)   Post Evacuate Collection Set: 0.5ms
[2023-10-27T20:43:18.657+0200][156.703s] GC(36)   Other: 0.1ms
[2023-10-27T20:43:18.657+0200][156.703s] GC(36) Eden regions: 300->0(14)
[2023-10-27T20:43:18.657+0200][156.703s] GC(36) Survivor regions: 7->11(39)
[2023-10-27T20:43:18.657+0200][156.703s] GC(36) Old regions: 58->58
[2023-10-27T20:43:18.657+0200][156.703s] GC(36) Archive regions: 0->0
[2023-10-27T20:43:18.657+0200][156.703s] GC(36) Humongous regions: 4->4
[2023-10-27T20:43:18.657+0200][156.703s] GC(36) Metaspace: 61147K(61760K)->61147K(61760K) NonClass: 54215K(54528K)->54215K(54528K) Class: 6932K(7232K)->6932K(7232K)
[2023-10-27T20:43:18.657+0200][156.703s] GC(36) Pause Young (Prepare Mixed) (G1 Evacuation Pause) 368M->72M(512M) 2.493ms
[2023-10-27T20:43:18.657+0200][156.703s] GC(36) User=0.00s Sys=0.00s Real=0.00s
[2023-10-27T20:43:18.834+0200][156.881s] GC(37) Pause Young (Mixed) (G1 Evacuation Pause)
[2023-10-27T20:43:18.835+0200][156.881s] GC(37) Using 10 workers of 10 for evacuation
[2023-10-27T20:43:18.837+0200][156.884s] GC(37)   Pre Evacuate Collection Set: 0.1ms
[2023-10-27T20:43:18.837+0200][156.884s] GC(37)   Merge Heap Roots: 0.1ms
[2023-10-27T20:43:18.837+0200][156.884s] GC(37)   Evacuate Collection Set: 1.6ms
[2023-10-27T20:43:18.837+0200][156.884s] GC(37)   Post Evacuate Collection Set: 0.5ms
[2023-10-27T20:43:18.837+0200][156.884s] GC(37)   Other: 0.1ms
[2023-10-27T20:43:18.837+0200][156.884s] GC(37) Eden regions: 14->0(306)
[2023-10-27T20:43:18.837+0200][156.884s] GC(37) Survivor regions: 11->1(4)
[2023-10-27T20:43:18.837+0200][156.884s] GC(37) Old regions: 58->68
[2023-10-27T20:43:18.837+0200][156.884s] GC(37) Archive regions: 0->0
[2023-10-27T20:43:18.837+0200][156.884s] GC(37) Humongous regions: 4->4
[2023-10-27T20:43:18.837+0200][156.884s] GC(37) Metaspace: 61160K(61760K)->61160K(61760K) NonClass: 54228K(54528K)->54228K(54528K) Class: 6932K(7232K)->6932K(7232K)
[2023-10-27T20:43:18.837+0200][156.884s] GC(37) Pause Young (Mixed) (G1 Evacuation Pause) 86M->72M(512M) 2.548ms
[2023-10-27T20:43:18.837+0200][156.884s] GC(37) User=0.00s Sys=0.00s Real=0.00s
[2023-10-27T20:43:23.170+0200][161.216s] GC(38) Pause Young (Normal) (G1 Evacuation Pause)
[2023-10-27T20:43:23.170+0200][161.216s] GC(38) Using 10 workers of 10 for evacuation
[2023-10-27T20:43:23.171+0200][161.218s] GC(38)   Pre Evacuate Collection Set: 0.1ms
[2023-10-27T20:43:23.171+0200][161.218s] GC(38)   Merge Heap Roots: 0.1ms
[2023-10-27T20:43:23.171+0200][161.218s] GC(38)   Evacuate Collection Set: 0.7ms
[2023-10-27T20:43:23.171+0200][161.218s] GC(38)   Post Evacuate Collection Set: 0.4ms
[2023-10-27T20:43:23.171+0200][161.218s] GC(38)   Other: 0.1ms
[2023-10-27T20:43:23.171+0200][161.218s] GC(38) Eden regions: 306->0(302)
[2023-10-27T20:43:23.171+0200][161.218s] GC(38) Survivor regions: 1->5(39)
[2023-10-27T20:43:23.171+0200][161.218s] GC(38) Old regions: 68->68
[2023-10-27T20:43:23.171+0200][161.218s] GC(38) Archive regions: 0->0
[2023-10-27T20:43:23.171+0200][161.218s] GC(38) Humongous regions: 4->4
[2023-10-27T20:43:23.171+0200][161.218s] GC(38) Metaspace: 61408K(62016K)->61408K(62016K) NonClass: 54474K(54784K)->54474K(54784K) Class: 6933K(7232K)->6933K(7232K)
[2023-10-27T20:43:23.171+0200][161.218s] GC(38) Pause Young (Normal) (G1 Evacuation Pause) 378M->75M(512M) 1.558ms
[2023-10-27T20:43:23.171+0200][161.218s] GC(38) User=0.00s Sys=0.00s Real=0.00s
[2023-10-27T20:43:27.576+0200][165.623s] GC(39) Pause Young (Concurrent Start) (G1 Evacuation Pause)
[2023-10-27T20:43:27.576+0200][165.623s] GC(39) Using 10 workers of 10 for evacuation
[2023-10-27T20:43:27.578+0200][165.625s] GC(39)   Pre Evacuate Collection Set: 0.2ms
[2023-10-27T20:43:27.578+0200][165.625s] GC(39)   Merge Heap Roots: 0.1ms
[2023-10-27T20:43:27.578+0200][165.625s] GC(39)   Evacuate Collection Set: 1.3ms
[2023-10-27T20:43:27.578+0200][165.625s] GC(39)   Post Evacuate Collection Set: 0.6ms
[2023-10-27T20:43:27.578+0200][165.625s] GC(39)   Other: 0.1ms
[2023-10-27T20:43:27.578+0200][165.625s] GC(39) Eden regions: 302->0(298)
[2023-10-27T20:43:27.578+0200][165.625s] GC(39) Survivor regions: 5->9(39)
[2023-10-27T20:43:27.578+0200][165.625s] GC(39) Old regions: 68->68
[2023-10-27T20:43:27.578+0200][165.625s] GC(39) Archive regions: 0->0
[2023-10-27T20:43:27.578+0200][165.625s] GC(39) Humongous regions: 4->4
[2023-10-27T20:43:27.578+0200][165.625s] GC(39) Metaspace: 61436K(62016K)->61436K(62016K) NonClass: 54502K(54784K)->54502K(54784K) Class: 6933K(7232K)->6933K(7232K)
[2023-10-27T20:43:27.578+0200][165.625s] GC(39) Pause Young (Concurrent Start) (G1 Evacuation Pause) 377M->79M(512M) 2.384ms
[2023-10-27T20:43:27.578+0200][165.625s] GC(39) User=0.00s Sys=0.00s Real=0.00s
[2023-10-27T20:43:27.578+0200][165.625s] GC(40) Concurrent Mark Cycle
[2023-10-27T20:43:27.578+0200][165.625s] GC(40) Concurrent Clear Claimed Marks
[2023-10-27T20:43:27.578+0200][165.625s] GC(40) Concurrent Clear Claimed Marks 0.024ms
[2023-10-27T20:43:27.578+0200][165.625s] GC(40) Concurrent Scan Root Regions
[2023-10-27T20:43:27.579+0200][165.626s] GC(40) Concurrent Scan Root Regions 0.897ms
[2023-10-27T20:43:27.579+0200][165.626s] GC(40) Concurrent Mark
[2023-10-27T20:43:27.579+0200][165.626s] GC(40) Concurrent Mark From Roots
[2023-10-27T20:43:27.579+0200][165.626s] GC(40) Using 3 workers of 3 for marking
[2023-10-27T20:43:27.604+0200][165.651s] GC(40) Concurrent Mark From Roots 24.870ms
[2023-10-27T20:43:27.604+0200][165.651s] GC(40) Concurrent Preclean
[2023-10-27T20:43:27.604+0200][165.651s] GC(40) Concurrent Preclean 0.097ms
[2023-10-27T20:43:27.605+0200][165.651s] GC(40) Pause Remark
[2023-10-27T20:43:27.607+0200][165.654s] GC(40) Pause Remark 83M->83M(512M) 2.421ms
[2023-10-27T20:43:27.607+0200][165.654s] GC(40) User=0.00s Sys=0.00s Real=0.00s
[2023-10-27T20:43:27.607+0200][165.654s] GC(40) Concurrent Mark 27.564ms
[2023-10-27T20:43:27.607+0200][165.654s] GC(40) Concurrent Rebuild Remembered Sets
[2023-10-27T20:43:27.615+0200][165.661s] GC(40) Concurrent Rebuild Remembered Sets 7.454ms
[2023-10-27T20:43:27.615+0200][165.661s] GC(40) Pause Cleanup
[2023-10-27T20:43:27.615+0200][165.661s] GC(40) Pause Cleanup 84M->84M(512M) 0.119ms
[2023-10-27T20:43:27.615+0200][165.661s] GC(40) User=0.00s Sys=0.00s Real=0.00s
[2023-10-27T20:43:27.615+0200][165.661s] GC(40) Concurrent Cleanup for Next Mark
[2023-10-27T20:43:27.616+0200][165.662s] GC(40) Concurrent Cleanup for Next Mark 0.666ms
[2023-10-27T20:43:27.616+0200][165.662s] GC(40) Concurrent Mark Cycle 37.116ms
[2023-10-27T20:43:32.078+0200][170.125s] GC(41) Pause Young (Prepare Mixed) (G1 Evacuation Pause)
[2023-10-27T20:43:32.078+0200][170.125s] GC(41) Using 10 workers of 10 for evacuation
[2023-10-27T20:43:32.081+0200][170.127s] GC(41)   Pre Evacuate Collection Set: 0.1ms
[2023-10-27T20:43:32.081+0200][170.127s] GC(41)   Merge Heap Roots: 0.1ms
[2023-10-27T20:43:32.081+0200][170.127s] GC(41)   Evacuate Collection Set: 1.6ms
[2023-10-27T20:43:32.081+0200][170.127s] GC(41)   Post Evacuate Collection Set: 0.5ms
[2023-10-27T20:43:32.081+0200][170.127s] GC(41)   Other: 0.1ms
[2023-10-27T20:43:32.081+0200][170.127s] GC(41) Eden regions: 298->0(13)
[2023-10-27T20:43:32.081+0200][170.127s] GC(41) Survivor regions: 9->12(39)
[2023-10-27T20:43:32.081+0200][170.127s] GC(41) Old regions: 68->68
[2023-10-27T20:43:32.081+0200][170.127s] GC(41) Archive regions: 0->0
[2023-10-27T20:43:32.081+0200][170.127s] GC(41) Humongous regions: 4->4
[2023-10-27T20:43:32.081+0200][170.127s] GC(41) Metaspace: 61476K(62080K)->61476K(62080K) NonClass: 54542K(54848K)->54542K(54848K) Class: 6933K(7232K)->6933K(7232K)
[2023-10-27T20:43:32.081+0200][170.127s] GC(41) Pause Young (Prepare Mixed) (G1 Evacuation Pause) 377M->82M(512M) 2.503ms
[2023-10-27T20:43:32.081+0200][170.127s] GC(41) User=0.16s Sys=0.00s Real=0.00s
[2023-10-27T20:43:32.321+0200][170.367s] GC(42) Pause Young (Mixed) (G1 Evacuation Pause)
[2023-10-27T20:43:32.321+0200][170.367s] GC(42) Using 10 workers of 10 for evacuation
[2023-10-27T20:43:32.323+0200][170.370s] GC(42)   Pre Evacuate Collection Set: 0.1ms
[2023-10-27T20:43:32.323+0200][170.370s] GC(42)   Merge Heap Roots: 0.1ms
[2023-10-27T20:43:32.323+0200][170.370s] GC(42)   Evacuate Collection Set: 1.6ms
[2023-10-27T20:43:32.323+0200][170.370s] GC(42)   Post Evacuate Collection Set: 0.4ms
[2023-10-27T20:43:32.323+0200][170.370s] GC(42)   Other: 0.1ms
[2023-10-27T20:43:32.323+0200][170.370s] GC(42) Eden regions: 13->0(306)
[2023-10-27T20:43:32.323+0200][170.370s] GC(42) Survivor regions: 12->1(4)
[2023-10-27T20:43:32.323+0200][170.370s] GC(42) Old regions: 68->78
[2023-10-27T20:43:32.323+0200][170.370s] GC(42) Archive regions: 0->0
[2023-10-27T20:43:32.323+0200][170.370s] GC(42) Humongous regions: 4->4
[2023-10-27T20:43:32.323+0200][170.370s] GC(42) Metaspace: 61476K(62080K)->61476K(62080K) NonClass: 54542K(54848K)->54542K(54848K) Class: 6933K(7232K)->6933K(7232K)
[2023-10-27T20:43:32.323+0200][170.370s] GC(42) Pause Young (Mixed) (G1 Evacuation Pause) 95M->82M(512M) 2.478ms
[2023-10-27T20:43:32.323+0200][170.370s] GC(42) User=0.00s Sys=0.00s Real=0.00s
[2023-10-27T20:43:34.867+0200][172.913s] GC(43) Pause Young (Concurrent Start) (CodeCache GC Threshold)
[2023-10-27T20:43:34.867+0200][172.913s] GC(43) Using 10 workers of 10 for evacuation
[2023-10-27T20:43:34.868+0200][172.914s] GC(43)   Pre Evacuate Collection Set: 0.1ms
[2023-10-27T20:43:34.868+0200][172.914s] GC(43)   Merge Heap Roots: 0.1ms
[2023-10-27T20:43:34.868+0200][172.914s] GC(43)   Evacuate Collection Set: 0.7ms
[2023-10-27T20:43:34.868+0200][172.914s] GC(43)   Post Evacuate Collection Set: 0.3ms
[2023-10-27T20:43:34.868+0200][172.914s] GC(43)   Other: 0.1ms
[2023-10-27T20:43:34.868+0200][172.914s] GC(43) Eden regions: 168->0(303)
[2023-10-27T20:43:34.868+0200][172.914s] GC(43) Survivor regions: 1->4(39)
[2023-10-27T20:43:34.868+0200][172.914s] GC(43) Old regions: 78->78
[2023-10-27T20:43:34.868+0200][172.914s] GC(43) Archive regions: 0->0
[2023-10-27T20:43:34.868+0200][172.914s] GC(43) Humongous regions: 4->4
[2023-10-27T20:43:34.868+0200][172.914s] GC(43) Metaspace: 61476K(62080K)->61476K(62080K) NonClass: 54542K(54848K)->54542K(54848K) Class: 6933K(7232K)->6933K(7232K)
[2023-10-27T20:43:34.868+0200][172.914s] GC(43) Pause Young (Concurrent Start) (CodeCache GC Threshold) 249M->84M(512M) 1.474ms
[2023-10-27T20:43:34.868+0200][172.914s] GC(44) Concurrent Mark Cycle
[2023-10-27T20:43:34.868+0200][172.914s] GC(43) User=0.00s Sys=0.00s Real=0.00s
[2023-10-27T20:43:34.868+0200][172.914s] GC(44) Concurrent Clear Claimed Marks
[2023-10-27T20:43:34.868+0200][172.914s] GC(44) Concurrent Clear Claimed Marks 0.079ms
[2023-10-27T20:43:34.868+0200][172.914s] GC(44) Concurrent Scan Root Regions
[2023-10-27T20:43:34.868+0200][172.915s] GC(44) Concurrent Scan Root Regions 0.589ms
[2023-10-27T20:43:34.868+0200][172.915s] GC(44) Concurrent Mark
[2023-10-27T20:43:34.868+0200][172.915s] GC(44) Concurrent Mark From Roots
[2023-10-27T20:43:34.868+0200][172.915s] GC(44) Using 3 workers of 3 for marking
[2023-10-27T20:43:34.887+0200][172.934s] GC(44) Concurrent Mark From Roots 18.581ms
[2023-10-27T20:43:34.887+0200][172.934s] GC(44) Concurrent Preclean
[2023-10-27T20:43:34.887+0200][172.934s] GC(44) Concurrent Preclean 0.096ms
[2023-10-27T20:43:34.887+0200][172.934s] GC(44) Pause Remark
[2023-10-27T20:43:34.890+0200][172.937s] GC(44) Pause Remark 85M->85M(512M) 3.012ms
[2023-10-27T20:43:34.890+0200][172.937s] GC(44) User=0.00s Sys=0.00s Real=0.00s
[2023-10-27T20:43:34.890+0200][172.937s] GC(44) Concurrent Mark 22.006ms
[2023-10-27T20:43:34.890+0200][172.937s] GC(44) Concurrent Rebuild Remembered Sets
[2023-10-27T20:43:34.899+0200][172.945s] GC(44) Concurrent Rebuild Remembered Sets 8.061ms
[2023-10-27T20:43:34.899+0200][172.945s] GC(44) Pause Cleanup
[2023-10-27T20:43:34.899+0200][172.946s] GC(44) Pause Cleanup 85M->85M(512M) 0.117ms
[2023-10-27T20:43:34.899+0200][172.946s] GC(44) User=0.00s Sys=0.00s Real=0.00s
[2023-10-27T20:43:34.899+0200][172.946s] GC(44) Concurrent Cleanup for Next Mark
[2023-10-27T20:43:34.900+0200][172.946s] GC(44) Concurrent Cleanup for Next Mark 0.672ms
[2023-10-27T20:43:34.900+0200][172.946s] GC(44) Concurrent Mark Cycle 31.934ms
[2023-10-27T20:43:39.368+0200][177.414s] GC(45) Pause Young (Prepare Mixed) (G1 Evacuation Pause)
[2023-10-27T20:43:39.368+0200][177.414s] GC(45) Using 10 workers of 10 for evacuation
[2023-10-27T20:43:39.370+0200][177.416s] GC(45)   Pre Evacuate Collection Set: 0.1ms
[2023-10-27T20:43:39.370+0200][177.416s] GC(45)   Merge Heap Roots: 0.1ms
[2023-10-27T20:43:39.370+0200][177.416s] GC(45)   Evacuate Collection Set: 1.2ms
[2023-10-27T20:43:39.370+0200][177.416s] GC(45)   Post Evacuate Collection Set: 0.6ms
[2023-10-27T20:43:39.370+0200][177.416s] GC(45)   Other: 0.1ms
[2023-10-27T20:43:39.370+0200][177.416s] GC(45) Eden regions: 303->0(18)
[2023-10-27T20:43:39.370+0200][177.416s] GC(45) Survivor regions: 4->7(39)
[2023-10-27T20:43:39.370+0200][177.416s] GC(45) Old regions: 78->78
[2023-10-27T20:43:39.370+0200][177.416s] GC(45) Archive regions: 0->0
[2023-10-27T20:43:39.370+0200][177.416s] GC(45) Humongous regions: 4->4
[2023-10-27T20:43:39.370+0200][177.416s] GC(45) Metaspace: 61484K(62080K)->61484K(62080K) NonClass: 54550K(54848K)->54550K(54848K) Class: 6933K(7232K)->6933K(7232K)
[2023-10-27T20:43:39.370+0200][177.417s] GC(45) Pause Young (Prepare Mixed) (G1 Evacuation Pause) 387M->87M(512M) 2.228ms
[2023-10-27T20:43:39.370+0200][177.417s] GC(45) User=0.00s Sys=0.00s Real=0.00s
[2023-10-27T20:43:39.612+0200][177.657s] GC(46) Pause Young (Mixed) (G1 Evacuation Pause)
[2023-10-27T20:43:39.612+0200][177.658s] GC(46) Using 10 workers of 10 for evacuation
[2023-10-27T20:43:39.613+0200][177.659s] GC(46)   Pre Evacuate Collection Set: 0.1ms
[2023-10-27T20:43:39.613+0200][177.659s] GC(46)   Merge Heap Roots: 0.1ms
[2023-10-27T20:43:39.613+0200][177.659s] GC(46)   Evacuate Collection Set: 1.1ms
[2023-10-27T20:43:39.613+0200][177.659s] GC(46)   Post Evacuate Collection Set: 0.5ms
[2023-10-27T20:43:39.613+0200][177.659s] GC(46)   Other: 0.1ms
[2023-10-27T20:43:39.613+0200][177.659s] GC(46) Eden regions: 18->0(306)
[2023-10-27T20:43:39.613+0200][177.659s] GC(46) Survivor regions: 7->1(4)
[2023-10-27T20:43:39.613+0200][177.659s] GC(46) Old regions: 78->84
[2023-10-27T20:43:39.613+0200][177.659s] GC(46) Archive regions: 0->0
[2023-10-27T20:43:39.613+0200][177.659s] GC(46) Humongous regions: 4->4
[2023-10-27T20:43:39.613+0200][177.659s] GC(46) Metaspace: 61484K(62080K)->61484K(62080K) NonClass: 54550K(54848K)->54550K(54848K) Class: 6933K(7232K)->6933K(7232K)
[2023-10-27T20:43:39.613+0200][177.660s] GC(46) Pause Young (Mixed) (G1 Evacuation Pause) 105M->87M(512M) 2.006ms
[2023-10-27T20:43:39.613+0200][177.660s] GC(46) User=0.00s Sys=0.00s Real=0.00s
[2023-10-27T20:43:44.209+0200][182.256s] GC(47) Pause Young (Concurrent Start) (G1 Evacuation Pause)
[2023-10-27T20:43:44.209+0200][182.256s] GC(47) Using 10 workers of 10 for evacuation
[2023-10-27T20:43:44.211+0200][182.258s] GC(47)   Pre Evacuate Collection Set: 0.2ms
[2023-10-27T20:43:44.211+0200][182.258s] GC(47)   Merge Heap Roots: 0.1ms
[2023-10-27T20:43:44.211+0200][182.258s] GC(47)   Evacuate Collection Set: 1.1ms
[2023-10-27T20:43:44.211+0200][182.258s] GC(47)   Post Evacuate Collection Set: 0.6ms
[2023-10-27T20:43:44.211+0200][182.258s] GC(47)   Other: 0.1ms
[2023-10-27T20:43:44.211+0200][182.258s] GC(47) Eden regions: 306->0(301)
[2023-10-27T20:43:44.211+0200][182.258s] GC(47) Survivor regions: 1->6(39)
[2023-10-27T20:43:44.211+0200][182.258s] GC(47) Old regions: 84->84
[2023-10-27T20:43:44.211+0200][182.258s] GC(47) Archive regions: 0->0
[2023-10-27T20:43:44.211+0200][182.258s] GC(47) Humongous regions: 4->4
[2023-10-27T20:43:44.211+0200][182.258s] GC(47) Metaspace: 61520K(62080K)->61520K(62080K) NonClass: 54586K(54848K)->54586K(54848K) Class: 6933K(7232K)->6933K(7232K)
[2023-10-27T20:43:44.211+0200][182.258s] GC(47) Pause Young (Concurrent Start) (G1 Evacuation Pause) 393M->92M(512M) 2.201ms
[2023-10-27T20:43:44.211+0200][182.258s] GC(47) User=0.00s Sys=0.00s Real=0.00s
[2023-10-27T20:43:44.211+0200][182.258s] GC(48) Concurrent Mark Cycle
[2023-10-27T20:43:44.211+0200][182.258s] GC(48) Concurrent Clear Claimed Marks
[2023-10-27T20:43:44.212+0200][182.258s] GC(48) Concurrent Clear Claimed Marks 0.062ms
[2023-10-27T20:43:44.212+0200][182.258s] GC(48) Concurrent Scan Root Regions
[2023-10-27T20:43:44.212+0200][182.259s] GC(48) Concurrent Scan Root Regions 0.615ms
[2023-10-27T20:43:44.212+0200][182.259s] GC(48) Concurrent Mark
[2023-10-27T20:43:44.212+0200][182.259s] GC(48) Concurrent Mark From Roots
[2023-10-27T20:43:44.212+0200][182.259s] GC(48) Using 3 workers of 3 for marking
[2023-10-27T20:43:44.236+0200][182.283s] GC(48) Concurrent Mark From Roots 24.114ms
[2023-10-27T20:43:44.236+0200][182.283s] GC(48) Concurrent Preclean
[2023-10-27T20:43:44.237+0200][182.283s] GC(48) Concurrent Preclean 0.173ms
[2023-10-27T20:43:44.237+0200][182.283s] GC(48) Pause Remark
[2023-10-27T20:43:44.239+0200][182.286s] GC(48) Pause Remark 94M->94M(512M) 2.640ms
[2023-10-27T20:43:44.240+0200][182.286s] GC(48) User=0.00s Sys=0.00s Real=0.00s
[2023-10-27T20:43:44.240+0200][182.286s] GC(48) Concurrent Mark 27.251ms
[2023-10-27T20:43:44.240+0200][182.286s] GC(48) Concurrent Rebuild Remembered Sets
[2023-10-27T20:43:44.248+0200][182.294s] GC(48) Concurrent Rebuild Remembered Sets 8.048ms
[2023-10-27T20:43:44.248+0200][182.294s] GC(48) Pause Cleanup
[2023-10-27T20:43:44.248+0200][182.294s] GC(48) Pause Cleanup 94M->94M(512M) 0.148ms
[2023-10-27T20:43:44.248+0200][182.295s] GC(48) User=0.00s Sys=0.00s Real=0.00s
[2023-10-27T20:43:44.248+0200][182.295s] GC(48) Concurrent Cleanup for Next Mark
[2023-10-27T20:43:44.249+0200][182.295s] GC(48) Concurrent Cleanup for Next Mark 0.782ms
[2023-10-27T20:43:44.249+0200][182.295s] GC(48) Concurrent Mark Cycle 37.257ms
[2023-10-27T20:43:48.723+0200][186.770s] GC(49) Pause Young (Prepare Mixed) (G1 Evacuation Pause)
[2023-10-27T20:43:48.723+0200][186.770s] GC(49) Using 10 workers of 10 for evacuation
[2023-10-27T20:43:48.725+0200][186.771s] GC(49)   Pre Evacuate Collection Set: 0.1ms
[2023-10-27T20:43:48.725+0200][186.771s] GC(49)   Merge Heap Roots: 0.1ms
[2023-10-27T20:43:48.725+0200][186.771s] GC(49)   Evacuate Collection Set: 1.1ms
[2023-10-27T20:43:48.725+0200][186.771s] GC(49)   Post Evacuate Collection Set: 0.4ms
[2023-10-27T20:43:48.725+0200][186.771s] GC(49)   Other: 0.1ms
[2023-10-27T20:43:48.725+0200][186.771s] GC(49) Eden regions: 301->0(17)
[2023-10-27T20:43:48.725+0200][186.771s] GC(49) Survivor regions: 6->8(39)
[2023-10-27T20:43:48.725+0200][186.771s] GC(49) Old regions: 83->83
[2023-10-27T20:43:48.725+0200][186.771s] GC(49) Archive regions: 0->0
[2023-10-27T20:43:48.725+0200][186.771s] GC(49) Humongous regions: 4->4
[2023-10-27T20:43:48.725+0200][186.771s] GC(49) Metaspace: 61527K(62144K)->61527K(62144K) NonClass: 54593K(54912K)->54593K(54912K) Class: 6933K(7232K)->6933K(7232K)
[2023-10-27T20:43:48.725+0200][186.771s] GC(49) Pause Young (Prepare Mixed) (G1 Evacuation Pause) 393M->94M(512M) 1.965ms
[2023-10-27T20:43:48.725+0200][186.772s] GC(49) User=0.00s Sys=0.00s Real=0.00s
[2023-10-27T20:43:48.993+0200][187.040s] GC(50) Pause Young (Mixed) (G1 Evacuation Pause)
[2023-10-27T20:43:48.993+0200][187.040s] GC(50) Using 10 workers of 10 for evacuation
[2023-10-27T20:43:48.995+0200][187.042s] GC(50)   Pre Evacuate Collection Set: 0.1ms
[2023-10-27T20:43:48.995+0200][187.042s] GC(50)   Merge Heap Roots: 0.2ms
[2023-10-27T20:43:48.995+0200][187.042s] GC(50)   Evacuate Collection Set: 1.2ms
[2023-10-27T20:43:48.995+0200][187.042s] GC(50)   Post Evacuate Collection Set: 0.4ms
[2023-10-27T20:43:48.995+0200][187.042s] GC(50)   Other: 0.1ms
[2023-10-27T20:43:48.995+0200][187.042s] GC(50) Eden regions: 17->0(306)
[2023-10-27T20:43:48.995+0200][187.042s] GC(50) Survivor regions: 8->1(4)
[2023-10-27T20:43:48.995+0200][187.042s] GC(50) Old regions: 83->90
[2023-10-27T20:43:48.995+0200][187.042s] GC(50) Archive regions: 0->0
[2023-10-27T20:43:48.995+0200][187.042s] GC(50) Humongous regions: 4->4
[2023-10-27T20:43:48.995+0200][187.042s] GC(50) Metaspace: 61529K(62144K)->61529K(62144K) NonClass: 54595K(54912K)->54595K(54912K) Class: 6933K(7232K)->6933K(7232K)
[2023-10-27T20:43:48.995+0200][187.042s] GC(50) Pause Young (Mixed) (G1 Evacuation Pause) 111M->94M(512M) 2.139ms
[2023-10-27T20:43:48.995+0200][187.042s] GC(50) User=0.00s Sys=0.00s Real=0.00s
[2023-10-27T20:43:53.529+0200][191.576s] GC(51) Pause Young (Concurrent Start) (G1 Evacuation Pause)
[2023-10-27T20:43:53.529+0200][191.576s] GC(51) Using 10 workers of 10 for evacuation
[2023-10-27T20:43:53.531+0200][191.578s] GC(51)   Pre Evacuate Collection Set: 0.2ms
[2023-10-27T20:43:53.531+0200][191.578s] GC(51)   Merge Heap Roots: 0.1ms
[2023-10-27T20:43:53.531+0200][191.578s] GC(51)   Evacuate Collection Set: 0.9ms
[2023-10-27T20:43:53.531+0200][191.578s] GC(51)   Post Evacuate Collection Set: 0.4ms
[2023-10-27T20:43:53.531+0200][191.578s] GC(51)   Other: 0.1ms
[2023-10-27T20:43:53.531+0200][191.578s] GC(51) Eden regions: 306->0(302)
[2023-10-27T20:43:53.531+0200][191.578s] GC(51) Survivor regions: 1->5(39)
[2023-10-27T20:43:53.531+0200][191.578s] GC(51) Old regions: 90->90
[2023-10-27T20:43:53.531+0200][191.578s] GC(51) Archive regions: 0->0
[2023-10-27T20:43:53.531+0200][191.578s] GC(51) Humongous regions: 4->4
[2023-10-27T20:43:53.531+0200][191.578s] GC(51) Metaspace: 61546K(62208K)->61546K(62208K) NonClass: 54611K(54976K)->54611K(54976K) Class: 6934K(7232K)->6934K(7232K)
[2023-10-27T20:43:53.531+0200][191.578s] GC(51) Pause Young (Concurrent Start) (G1 Evacuation Pause) 400M->98M(512M) 1.915ms
[2023-10-27T20:43:53.531+0200][191.578s] GC(52) Concurrent Mark Cycle
[2023-10-27T20:43:53.531+0200][191.578s] GC(51) User=0.00s Sys=0.00s Real=0.00s
[2023-10-27T20:43:53.531+0200][191.578s] GC(52) Concurrent Clear Claimed Marks
[2023-10-27T20:43:53.531+0200][191.578s] GC(52) Concurrent Clear Claimed Marks 0.067ms
[2023-10-27T20:43:53.531+0200][191.578s] GC(52) Concurrent Scan Root Regions
[2023-10-27T20:43:53.532+0200][191.578s] GC(52) Concurrent Scan Root Regions 0.454ms
[2023-10-27T20:43:53.532+0200][191.578s] GC(52) Concurrent Mark
[2023-10-27T20:43:53.532+0200][191.578s] GC(52) Concurrent Mark From Roots
[2023-10-27T20:43:53.532+0200][191.578s] GC(52) Using 3 workers of 3 for marking
[2023-10-27T20:43:53.556+0200][191.602s] GC(52) Concurrent Mark From Roots 23.918ms
[2023-10-27T20:43:53.556+0200][191.602s] GC(52) Concurrent Preclean
[2023-10-27T20:43:53.556+0200][191.602s] GC(52) Concurrent Preclean 0.093ms
[2023-10-27T20:43:53.556+0200][191.603s] GC(52) Pause Remark
[2023-10-27T20:43:53.559+0200][191.605s] GC(52) Pause Remark 99M->99M(512M) 2.669ms
[2023-10-27T20:43:53.559+0200][191.605s] GC(52) User=0.00s Sys=0.00s Real=0.00s
[2023-10-27T20:43:53.559+0200][191.605s] GC(52) Concurrent Mark 27.024ms
[2023-10-27T20:43:53.559+0200][191.605s] GC(52) Concurrent Rebuild Remembered Sets
[2023-10-27T20:43:53.568+0200][191.614s] GC(52) Concurrent Rebuild Remembered Sets 8.732ms
[2023-10-27T20:43:53.568+0200][191.614s] GC(52) Pause Cleanup
[2023-10-27T20:43:53.568+0200][191.614s] GC(52) Pause Cleanup 99M->99M(512M) 0.131ms
[2023-10-27T20:43:53.568+0200][191.614s] GC(52) User=0.00s Sys=0.00s Real=0.00s
[2023-10-27T20:43:53.568+0200][191.614s] GC(52) Concurrent Cleanup for Next Mark
[2023-10-27T20:43:53.569+0200][191.615s] GC(52) Concurrent Cleanup for Next Mark 0.650ms
[2023-10-27T20:43:53.569+0200][191.615s] GC(52) Concurrent Mark Cycle 37.415ms
[2023-10-27T20:43:57.720+0200][195.767s] GC(53) Pause Young (Prepare Mixed) (G1 Evacuation Pause)
[2023-10-27T20:43:57.720+0200][195.767s] GC(53) Using 10 workers of 10 for evacuation
[2023-10-27T20:43:57.722+0200][195.769s] GC(53)   Pre Evacuate Collection Set: 0.1ms
[2023-10-27T20:43:57.722+0200][195.769s] GC(53)   Merge Heap Roots: 0.2ms
[2023-10-27T20:43:57.722+0200][195.769s] GC(53)   Evacuate Collection Set: 1.2ms
[2023-10-27T20:43:57.722+0200][195.769s] GC(53)   Post Evacuate Collection Set: 0.6ms
[2023-10-27T20:43:57.722+0200][195.769s] GC(53)   Other: 0.1ms
[2023-10-27T20:43:57.722+0200][195.769s] GC(53) Eden regions: 302->0(16)
[2023-10-27T20:43:57.722+0200][195.769s] GC(53) Survivor regions: 5->9(39)
[2023-10-27T20:43:57.722+0200][195.769s] GC(53) Old regions: 90->90
[2023-10-27T20:43:57.722+0200][195.769s] GC(53) Archive regions: 0->0
[2023-10-27T20:43:57.722+0200][195.769s] GC(53) Humongous regions: 4->4
[2023-10-27T20:43:57.722+0200][195.769s] GC(53) Metaspace: 61551K(62208K)->61551K(62208K) NonClass: 54616K(54976K)->54616K(54976K) Class: 6934K(7232K)->6934K(7232K)
[2023-10-27T20:43:57.722+0200][195.769s] GC(53) Pause Young (Prepare Mixed) (G1 Evacuation Pause) 400M->102M(512M) 2.246ms
[2023-10-27T20:43:57.722+0200][195.769s] GC(53) User=0.11s Sys=0.00s Real=0.00s
[2023-10-27T20:43:57.928+0200][195.974s] GC(54) Pause Young (Mixed) (G1 Evacuation Pause)
[2023-10-27T20:43:57.929+0200][195.974s] GC(54) Using 10 workers of 10 for evacuation
[2023-10-27T20:43:57.931+0200][195.977s] GC(54)   Pre Evacuate Collection Set: 0.1ms
[2023-10-27T20:43:57.931+0200][195.977s] GC(54)   Merge Heap Roots: 0.1ms
[2023-10-27T20:43:57.931+0200][195.977s] GC(54)   Evacuate Collection Set: 1.4ms
[2023-10-27T20:43:57.931+0200][195.977s] GC(54)   Post Evacuate Collection Set: 0.5ms
[2023-10-27T20:43:57.931+0200][195.977s] GC(54)   Other: 0.0ms
[2023-10-27T20:43:57.931+0200][195.977s] GC(54) Eden regions: 16->0(305)
[2023-10-27T20:43:57.931+0200][195.977s] GC(54) Survivor regions: 9->2(4)
[2023-10-27T20:43:57.931+0200][195.977s] GC(54) Old regions: 90->98
[2023-10-27T20:43:57.931+0200][195.977s] GC(54) Archive regions: 0->0
[2023-10-27T20:43:57.931+0200][195.977s] GC(54) Humongous regions: 4->4
[2023-10-27T20:43:57.931+0200][195.977s] GC(54) Metaspace: 61551K(62208K)->61551K(62208K) NonClass: 54616K(54976K)->54616K(54976K) Class: 6934K(7232K)->6934K(7232K)
[2023-10-27T20:43:57.931+0200][195.977s] GC(54) Pause Young (Mixed) (G1 Evacuation Pause) 118M->103M(512M) 2.312ms
[2023-10-27T20:43:57.931+0200][195.977s] GC(54) User=0.00s Sys=0.00s Real=0.00s
[2023-10-27T20:44:01.867+0200][199.913s] GC(55) Pause Young (Concurrent Start) (G1 Evacuation Pause)
[2023-10-27T20:44:01.867+0200][199.913s] GC(55) Using 10 workers of 10 for evacuation
[2023-10-27T20:44:01.869+0200][199.915s] GC(55)   Pre Evacuate Collection Set: 0.1ms
[2023-10-27T20:44:01.869+0200][199.915s] GC(55)   Merge Heap Roots: 0.1ms
[2023-10-27T20:44:01.869+0200][199.915s] GC(55)   Evacuate Collection Set: 0.8ms
[2023-10-27T20:44:01.869+0200][199.915s] GC(55)   Post Evacuate Collection Set: 0.4ms
[2023-10-27T20:44:01.869+0200][199.915s] GC(55)   Other: 0.1ms
[2023-10-27T20:44:01.869+0200][199.915s] GC(55) Eden regions: 305->0(302)
[2023-10-27T20:44:01.869+0200][199.915s] GC(55) Survivor regions: 2->5(39)
[2023-10-27T20:44:01.869+0200][199.915s] GC(55) Old regions: 98->98
[2023-10-27T20:44:01.869+0200][199.915s] GC(55) Archive regions: 0->0
[2023-10-27T20:44:01.869+0200][199.915s] GC(55) Humongous regions: 4->4
[2023-10-27T20:44:01.869+0200][199.915s] GC(55) Metaspace: 61563K(62208K)->61563K(62208K) NonClass: 54628K(54976K)->54628K(54976K) Class: 6934K(7232K)->6934K(7232K)
[2023-10-27T20:44:01.869+0200][199.915s] GC(55) Pause Young (Concurrent Start) (G1 Evacuation Pause) 408M->106M(512M) 1.679ms
[2023-10-27T20:44:01.869+0200][199.915s] GC(56) Concurrent Mark Cycle
[2023-10-27T20:44:01.869+0200][199.915s] GC(55) User=0.00s Sys=0.00s Real=0.00s
[2023-10-27T20:44:01.869+0200][199.915s] GC(56) Concurrent Clear Claimed Marks
[2023-10-27T20:44:01.869+0200][199.915s] GC(56) Concurrent Clear Claimed Marks 0.051ms
[2023-10-27T20:44:01.869+0200][199.915s] GC(56) Concurrent Scan Root Regions
[2023-10-27T20:44:01.869+0200][199.915s] GC(56) Concurrent Scan Root Regions 0.484ms
[2023-10-27T20:44:01.869+0200][199.915s] GC(56) Concurrent Mark
[2023-10-27T20:44:01.869+0200][199.915s] GC(56) Concurrent Mark From Roots
[2023-10-27T20:44:01.869+0200][199.915s] GC(56) Using 3 workers of 3 for marking
[2023-10-27T20:44:01.893+0200][199.939s] GC(56) Concurrent Mark From Roots 23.759ms
[2023-10-27T20:44:01.893+0200][199.939s] GC(56) Concurrent Preclean
[2023-10-27T20:44:01.893+0200][199.939s] GC(56) Concurrent Preclean 0.139ms
[2023-10-27T20:44:01.893+0200][199.939s] GC(56) Pause Remark
[2023-10-27T20:44:01.896+0200][199.943s] GC(56) Pause Remark 110M->110M(512M) 3.140ms
[2023-10-27T20:44:01.896+0200][199.943s] GC(56) User=0.00s Sys=0.00s Real=0.00s
[2023-10-27T20:44:01.896+0200][199.943s] GC(56) Concurrent Mark 27.371ms
[2023-10-27T20:44:01.896+0200][199.943s] GC(56) Concurrent Rebuild Remembered Sets
[2023-10-27T20:44:01.904+0200][199.951s] GC(56) Concurrent Rebuild Remembered Sets 8.569ms
[2023-10-27T20:44:01.905+0200][199.951s] GC(56) Pause Cleanup
[2023-10-27T20:44:01.905+0200][199.952s] GC(56) Pause Cleanup 111M->111M(512M) 0.122ms
[2023-10-27T20:44:01.905+0200][199.952s] GC(56) User=0.00s Sys=0.00s Real=0.00s
[2023-10-27T20:44:01.905+0200][199.952s] GC(56) Concurrent Cleanup for Next Mark
[2023-10-27T20:44:01.905+0200][199.952s] GC(56) Concurrent Cleanup for Next Mark 0.716ms
[2023-10-27T20:44:01.906+0200][199.952s] GC(56) Concurrent Mark Cycle 37.687ms
[2023-10-27T20:44:05.988+0200][204.034s] GC(57) Pause Young (Prepare Mixed) (G1 Evacuation Pause)
[2023-10-27T20:44:05.988+0200][204.034s] GC(57) Using 10 workers of 10 for evacuation
[2023-10-27T20:44:05.989+0200][204.035s] GC(57)   Pre Evacuate Collection Set: 0.1ms
[2023-10-27T20:44:05.989+0200][204.035s] GC(57)   Merge Heap Roots: 0.1ms
[2023-10-27T20:44:05.989+0200][204.035s] GC(57)   Evacuate Collection Set: 1.2ms
[2023-10-27T20:44:05.989+0200][204.035s] GC(57)   Post Evacuate Collection Set: 0.4ms
[2023-10-27T20:44:05.989+0200][204.035s] GC(57)   Other: 0.1ms
[2023-10-27T20:44:05.989+0200][204.036s] GC(57) Eden regions: 302->0(16)
[2023-10-27T20:44:05.989+0200][204.036s] GC(57) Survivor regions: 5->9(39)
[2023-10-27T20:44:05.989+0200][204.036s] GC(57) Old regions: 97->97
[2023-10-27T20:44:05.989+0200][204.036s] GC(57) Archive regions: 0->0
[2023-10-27T20:44:05.989+0200][204.036s] GC(57) Humongous regions: 4->4
[2023-10-27T20:44:05.989+0200][204.036s] GC(57) Metaspace: 61567K(62208K)->61567K(62208K) NonClass: 54632K(54976K)->54632K(54976K) Class: 6934K(7232K)->6934K(7232K)
[2023-10-27T20:44:05.989+0200][204.036s] GC(57) Pause Young (Prepare Mixed) (G1 Evacuation Pause) 407M->109M(512M) 2.004ms
[2023-10-27T20:44:05.989+0200][204.036s] GC(57) User=0.00s Sys=0.00s Real=0.00s
[2023-10-27T20:44:06.230+0200][204.277s] GC(58) Pause Young (Mixed) (G1 Evacuation Pause)
[2023-10-27T20:44:06.230+0200][204.277s] GC(58) Using 10 workers of 10 for evacuation
[2023-10-27T20:44:06.232+0200][204.279s] GC(58)   Pre Evacuate Collection Set: 0.1ms
[2023-10-27T20:44:06.232+0200][204.279s] GC(58)   Merge Heap Roots: 0.1ms
[2023-10-27T20:44:06.232+0200][204.279s] GC(58)   Evacuate Collection Set: 1.3ms
[2023-10-27T20:44:06.232+0200][204.279s] GC(58)   Post Evacuate Collection Set: 0.5ms
[2023-10-27T20:44:06.232+0200][204.279s] GC(58)   Other: 0.1ms
[2023-10-27T20:44:06.232+0200][204.279s] GC(58) Eden regions: 16->0(306)
[2023-10-27T20:44:06.232+0200][204.279s] GC(58) Survivor regions: 9->1(4)
[2023-10-27T20:44:06.232+0200][204.279s] GC(58) Old regions: 97->104
[2023-10-27T20:44:06.232+0200][204.279s] GC(58) Archive regions: 0->0
[2023-10-27T20:44:06.232+0200][204.279s] GC(58) Humongous regions: 4->4
[2023-10-27T20:44:06.232+0200][204.279s] GC(58) Metaspace: 61568K(62208K)->61568K(62208K) NonClass: 54633K(54976K)->54633K(54976K) Class: 6934K(7232K)->6934K(7232K)
[2023-10-27T20:44:06.232+0200][204.279s] GC(58) Pause Young (Mixed) (G1 Evacuation Pause) 125M->108M(512M) 2.191ms
[2023-10-27T20:44:06.232+0200][204.279s] GC(58) User=0.00s Sys=0.00s Real=0.00s
[2023-10-27T20:44:10.657+0200][208.704s] GC(59) Pause Young (Concurrent Start) (G1 Evacuation Pause)
[2023-10-27T20:44:10.657+0200][208.704s] GC(59) Using 10 workers of 10 for evacuation
[2023-10-27T20:44:10.659+0200][208.705s] GC(59)   Pre Evacuate Collection Set: 0.1ms
[2023-10-27T20:44:10.659+0200][208.705s] GC(59)   Merge Heap Roots: 0.1ms
[2023-10-27T20:44:10.659+0200][208.705s] GC(59)   Evacuate Collection Set: 1.0ms
[2023-10-27T20:44:10.659+0200][208.705s] GC(59)   Post Evacuate Collection Set: 0.4ms
[2023-10-27T20:44:10.659+0200][208.705s] GC(59)   Other: 0.1ms
[2023-10-27T20:44:10.659+0200][208.705s] GC(59) Eden regions: 306->0(301)
[2023-10-27T20:44:10.659+0200][208.705s] GC(59) Survivor regions: 1->6(39)
[2023-10-27T20:44:10.659+0200][208.705s] GC(59) Old regions: 104->104
[2023-10-27T20:44:10.659+0200][208.705s] GC(59) Archive regions: 0->0
[2023-10-27T20:44:10.659+0200][208.705s] GC(59) Humongous regions: 4->4
[2023-10-27T20:44:10.659+0200][208.705s] GC(59) Metaspace: 61583K(62208K)->61583K(62208K) NonClass: 54648K(54976K)->54648K(54976K) Class: 6934K(7232K)->6934K(7232K)
[2023-10-27T20:44:10.659+0200][208.705s] GC(59) Pause Young (Concurrent Start) (G1 Evacuation Pause) 414M->113M(512M) 1.875ms
[2023-10-27T20:44:10.659+0200][208.705s] GC(60) Concurrent Mark Cycle
[2023-10-27T20:44:10.659+0200][208.705s] GC(59) User=0.16s Sys=0.00s Real=0.00s
[2023-10-27T20:44:10.659+0200][208.705s] GC(60) Concurrent Clear Claimed Marks
[2023-10-27T20:44:10.659+0200][208.706s] GC(60) Concurrent Clear Claimed Marks 0.045ms
[2023-10-27T20:44:10.659+0200][208.706s] GC(60) Concurrent Scan Root Regions
[2023-10-27T20:44:10.660+0200][208.706s] GC(60) Concurrent Scan Root Regions 0.607ms
[2023-10-27T20:44:10.660+0200][208.706s] GC(60) Concurrent Mark
[2023-10-27T20:44:10.660+0200][208.706s] GC(60) Concurrent Mark From Roots
[2023-10-27T20:44:10.660+0200][208.706s] GC(60) Using 3 workers of 3 for marking
[2023-10-27T20:44:10.684+0200][208.731s] GC(60) Concurrent Mark From Roots 24.541ms
[2023-10-27T20:44:10.684+0200][208.731s] GC(60) Concurrent Preclean
[2023-10-27T20:44:10.685+0200][208.731s] GC(60) Concurrent Preclean 0.129ms
[2023-10-27T20:44:10.685+0200][208.731s] GC(60) Pause Remark
[2023-10-27T20:44:10.688+0200][208.735s] GC(60) Pause Remark 119M->119M(512M) 3.600ms
[2023-10-27T20:44:10.688+0200][208.735s] GC(60) User=0.00s Sys=0.00s Real=0.00s
[2023-10-27T20:44:10.688+0200][208.735s] GC(60) Concurrent Mark 28.567ms
[2023-10-27T20:44:10.688+0200][208.735s] GC(60) Concurrent Rebuild Remembered Sets
[2023-10-27T20:44:10.699+0200][208.745s] GC(60) Concurrent Rebuild Remembered Sets 10.667ms
[2023-10-27T20:44:10.699+0200][208.746s] GC(60) Pause Cleanup
[2023-10-27T20:44:10.699+0200][208.746s] GC(60) Pause Cleanup 121M->121M(512M) 0.116ms
[2023-10-27T20:44:10.699+0200][208.746s] GC(60) User=0.00s Sys=0.00s Real=0.00s
[2023-10-27T20:44:10.699+0200][208.746s] GC(60) Concurrent Cleanup for Next Mark
[2023-10-27T20:44:10.700+0200][208.746s] GC(60) Concurrent Cleanup for Next Mark 0.676ms
[2023-10-27T20:44:10.700+0200][208.746s] GC(60) Concurrent Mark Cycle 40.908ms
[2023-10-27T20:44:14.904+0200][212.950s] GC(61) Pause Young (Prepare Mixed) (G1 Evacuation Pause)
[2023-10-27T20:44:14.904+0200][212.950s] GC(61) Using 10 workers of 10 for evacuation
[2023-10-27T20:44:14.906+0200][212.952s] GC(61)   Pre Evacuate Collection Set: 0.1ms
[2023-10-27T20:44:14.906+0200][212.952s] GC(61)   Merge Heap Roots: 0.1ms
[2023-10-27T20:44:14.906+0200][212.952s] GC(61)   Evacuate Collection Set: 1.3ms
[2023-10-27T20:44:14.906+0200][212.952s] GC(61)   Post Evacuate Collection Set: 0.6ms
[2023-10-27T20:44:14.906+0200][212.952s] GC(61)   Other: 0.1ms
[2023-10-27T20:44:14.906+0200][212.952s] GC(61) Eden regions: 301->0(16)
[2023-10-27T20:44:14.906+0200][212.952s] GC(61) Survivor regions: 6->9(39)
[2023-10-27T20:44:14.906+0200][212.952s] GC(61) Old regions: 104->104
[2023-10-27T20:44:14.906+0200][212.952s] GC(61) Archive regions: 0->0
[2023-10-27T20:44:14.906+0200][212.952s] GC(61) Humongous regions: 4->4
[2023-10-27T20:44:14.906+0200][212.952s] GC(61) Metaspace: 61583K(62208K)->61583K(62208K) NonClass: 54648K(54976K)->54648K(54976K) Class: 6934K(7232K)->6934K(7232K)
[2023-10-27T20:44:14.906+0200][212.952s] GC(61) Pause Young (Prepare Mixed) (G1 Evacuation Pause) 414M->116M(512M) 2.313ms
[2023-10-27T20:44:14.906+0200][212.952s] GC(61) User=0.00s Sys=0.00s Real=0.00s
[2023-10-27T20:44:15.103+0200][213.150s] GC(62) Pause Young (Mixed) (G1 Evacuation Pause)
[2023-10-27T20:44:15.104+0200][213.150s] GC(62) Using 10 workers of 10 for evacuation
[2023-10-27T20:44:15.105+0200][213.151s] GC(62)   Pre Evacuate Collection Set: 0.0ms
[2023-10-27T20:44:15.105+0200][213.151s] GC(62)   Merge Heap Roots: 0.0ms
[2023-10-27T20:44:15.105+0200][213.151s] GC(62)   Evacuate Collection Set: 1.2ms
[2023-10-27T20:44:15.105+0200][213.151s] GC(62)   Post Evacuate Collection Set: 0.3ms
[2023-10-27T20:44:15.105+0200][213.151s] GC(62)   Other: 0.1ms
[2023-10-27T20:44:15.105+0200][213.151s] GC(62) Eden regions: 16->0(306)
[2023-10-27T20:44:15.105+0200][213.151s] GC(62) Survivor regions: 9->1(4)
[2023-10-27T20:44:15.105+0200][213.151s] GC(62) Old regions: 104->112
[2023-10-27T20:44:15.105+0200][213.151s] GC(62) Archive regions: 0->0
[2023-10-27T20:44:15.105+0200][213.151s] GC(62) Humongous regions: 4->4
[2023-10-27T20:44:15.105+0200][213.151s] GC(62) Metaspace: 61583K(62208K)->61583K(62208K) NonClass: 54648K(54976K)->54648K(54976K) Class: 6934K(7232K)->6934K(7232K)
[2023-10-27T20:44:15.105+0200][213.151s] GC(62) Pause Young (Mixed) (G1 Evacuation Pause) 132M->115M(512M) 1.863ms
[2023-10-27T20:44:15.105+0200][213.151s] GC(62) User=0.00s Sys=0.00s Real=0.00s
[2023-10-27T20:44:15.740+0200][213.786s] GC(63) Pause Young (Concurrent Start) (CodeCache GC Threshold)
[2023-10-27T20:44:15.740+0200][213.786s] GC(63) Using 10 workers of 10 for evacuation
[2023-10-27T20:44:15.741+0200][213.787s] GC(63)   Pre Evacuate Collection Set: 0.2ms
[2023-10-27T20:44:15.741+0200][213.787s] GC(63)   Merge Heap Roots: 0.1ms
[2023-10-27T20:44:15.741+0200][213.787s] GC(63)   Evacuate Collection Set: 0.6ms
[2023-10-27T20:44:15.741+0200][213.787s] GC(63)   Post Evacuate Collection Set: 0.4ms
[2023-10-27T20:44:15.741+0200][213.787s] GC(63)   Other: 0.1ms
[2023-10-27T20:44:15.741+0200][213.787s] GC(63) Eden regions: 46->0(304)
[2023-10-27T20:44:15.741+0200][213.787s] GC(63) Survivor regions: 1->3(39)
[2023-10-27T20:44:15.741+0200][213.787s] GC(63) Old regions: 112->112
[2023-10-27T20:44:15.741+0200][213.787s] GC(63) Archive regions: 0->0
[2023-10-27T20:44:15.741+0200][213.787s] GC(63) Humongous regions: 4->4
[2023-10-27T20:44:15.741+0200][213.787s] GC(63) Metaspace: 61583K(62208K)->61583K(62208K) NonClass: 54648K(54976K)->54648K(54976K) Class: 6934K(7232K)->6934K(7232K)
[2023-10-27T20:44:15.741+0200][213.787s] GC(63) Pause Young (Concurrent Start) (CodeCache GC Threshold) 161M->117M(512M) 1.549ms
[2023-10-27T20:44:15.741+0200][213.787s] GC(64) Concurrent Mark Cycle
[2023-10-27T20:44:15.741+0200][213.787s] GC(63) User=0.00s Sys=0.00s Real=0.00s
[2023-10-27T20:44:15.741+0200][213.787s] GC(64) Concurrent Clear Claimed Marks
[2023-10-27T20:44:15.741+0200][213.787s] GC(64) Concurrent Clear Claimed Marks 0.042ms
[2023-10-27T20:44:15.741+0200][213.787s] GC(64) Concurrent Scan Root Regions
[2023-10-27T20:44:15.741+0200][213.788s] GC(64) Concurrent Scan Root Regions 0.507ms
[2023-10-27T20:44:15.741+0200][213.788s] GC(64) Concurrent Mark
[2023-10-27T20:44:15.741+0200][213.788s] GC(64) Concurrent Mark From Roots
[2023-10-27T20:44:15.741+0200][213.788s] GC(64) Using 3 workers of 3 for marking
[2023-10-27T20:44:15.764+0200][213.810s] GC(64) Concurrent Mark From Roots 22.379ms
[2023-10-27T20:44:15.764+0200][213.810s] GC(64) Concurrent Preclean
[2023-10-27T20:44:15.764+0200][213.810s] GC(64) Concurrent Preclean 0.077ms
[2023-10-27T20:44:15.764+0200][213.810s] GC(64) Pause Remark
[2023-10-27T20:44:15.766+0200][213.813s] GC(64) Pause Remark 119M->119M(512M) 2.532ms
[2023-10-27T20:44:15.766+0200][213.813s] GC(64) User=0.00s Sys=0.00s Real=0.00s
[2023-10-27T20:44:15.766+0200][213.813s] GC(64) Concurrent Mark 25.219ms
[2023-10-27T20:44:15.766+0200][213.813s] GC(64) Concurrent Rebuild Remembered Sets
[2023-10-27T20:44:15.775+0200][213.822s] GC(64) Concurrent Rebuild Remembered Sets 8.934ms
[2023-10-27T20:44:15.775+0200][213.822s] GC(64) Pause Cleanup
[2023-10-27T20:44:15.775+0200][213.822s] GC(64) Pause Cleanup 119M->119M(512M) 0.153ms
[2023-10-27T20:44:15.775+0200][213.822s] GC(64) User=0.00s Sys=0.00s Real=0.00s
[2023-10-27T20:44:15.775+0200][213.822s] GC(64) Concurrent Cleanup for Next Mark
[2023-10-27T20:44:15.776+0200][213.823s] GC(64) Concurrent Cleanup for Next Mark 0.666ms
[2023-10-27T20:44:15.776+0200][213.823s] GC(64) Concurrent Mark Cycle 35.773ms
[2023-10-27T20:44:18.590+0200][216.636s] GC(65) Pause Young (Concurrent Start) (CodeCache GC Threshold)
[2023-10-27T20:44:18.590+0200][216.636s] GC(65) Using 10 workers of 10 for evacuation
[2023-10-27T20:44:18.591+0200][216.638s] GC(65)   Pre Evacuate Collection Set: 0.1ms
[2023-10-27T20:44:18.591+0200][216.638s] GC(65)   Merge Heap Roots: 0.1ms
[2023-10-27T20:44:18.591+0200][216.638s] GC(65)   Evacuate Collection Set: 0.8ms
[2023-10-27T20:44:18.591+0200][216.638s] GC(65)   Post Evacuate Collection Set: 0.4ms
[2023-10-27T20:44:18.591+0200][216.638s] GC(65)   Other: 0.0ms
[2023-10-27T20:44:18.591+0200][216.638s] GC(65) Eden regions: 203->0(302)
[2023-10-27T20:44:18.591+0200][216.638s] GC(65) Survivor regions: 3->5(39)
[2023-10-27T20:44:18.591+0200][216.638s] GC(65) Old regions: 112->112
[2023-10-27T20:44:18.591+0200][216.638s] GC(65) Archive regions: 0->0
[2023-10-27T20:44:18.591+0200][216.638s] GC(65) Humongous regions: 4->4
[2023-10-27T20:44:18.591+0200][216.638s] GC(65) Metaspace: 61587K(62208K)->61587K(62208K) NonClass: 54652K(54976K)->54652K(54976K) Class: 6934K(7232K)->6934K(7232K)
[2023-10-27T20:44:18.592+0200][216.638s] GC(65) Pause Young (Concurrent Start) (CodeCache GC Threshold) 319M->119M(512M) 1.664ms
[2023-10-27T20:44:18.592+0200][216.638s] GC(66) Concurrent Mark Cycle
[2023-10-27T20:44:18.592+0200][216.638s] GC(65) User=0.00s Sys=0.00s Real=0.00s
[2023-10-27T20:44:18.592+0200][216.638s] GC(66) Concurrent Clear Claimed Marks
[2023-10-27T20:44:18.592+0200][216.638s] GC(66) Concurrent Clear Claimed Marks 0.085ms
[2023-10-27T20:44:18.592+0200][216.638s] GC(66) Concurrent Scan Root Regions
[2023-10-27T20:44:18.592+0200][216.639s] GC(66) Concurrent Scan Root Regions 0.644ms
[2023-10-27T20:44:18.592+0200][216.639s] GC(66) Concurrent Mark
[2023-10-27T20:44:18.592+0200][216.639s] GC(66) Concurrent Mark From Roots
[2023-10-27T20:44:18.592+0200][216.639s] GC(66) Using 3 workers of 3 for marking
[2023-10-27T20:44:18.614+0200][216.661s] GC(66) Concurrent Mark From Roots 21.756ms
[2023-10-27T20:44:18.614+0200][216.661s] GC(66) Concurrent Preclean
[2023-10-27T20:44:18.614+0200][216.661s] GC(66) Concurrent Preclean 0.088ms
[2023-10-27T20:44:18.614+0200][216.661s] GC(66) Pause Remark
[2023-10-27T20:44:18.617+0200][216.663s] GC(66) Pause Remark 121M->121M(512M) 2.574ms
[2023-10-27T20:44:18.617+0200][216.663s] GC(66) User=0.00s Sys=0.00s Real=0.00s
[2023-10-27T20:44:18.617+0200][216.663s] GC(66) Concurrent Mark 24.717ms
[2023-10-27T20:44:18.617+0200][216.663s] GC(66) Concurrent Rebuild Remembered Sets
[2023-10-27T20:44:18.627+0200][216.674s] GC(66) Concurrent Rebuild Remembered Sets 10.073ms
[2023-10-27T20:44:18.627+0200][216.674s] GC(66) Pause Cleanup
[2023-10-27T20:44:18.627+0200][216.674s] GC(66) Pause Cleanup 121M->121M(512M) 0.087ms
[2023-10-27T20:44:18.627+0200][216.674s] GC(66) User=0.00s Sys=0.00s Real=0.00s
[2023-10-27T20:44:18.627+0200][216.674s] GC(66) Concurrent Cleanup for Next Mark
[2023-10-27T20:44:18.628+0200][216.675s] GC(66) Concurrent Cleanup for Next Mark 0.886ms
[2023-10-27T20:44:18.628+0200][216.675s] GC(66) Concurrent Mark Cycle 36.722ms
[2023-10-27T20:44:19.023+0200][217.070s] GC(67) Pause Young (Concurrent Start) (CodeCache GC Threshold)
[2023-10-27T20:44:19.023+0200][217.070s] GC(67) Using 10 workers of 10 for evacuation
[2023-10-27T20:44:19.026+0200][217.072s] GC(67)   Pre Evacuate Collection Set: 0.1ms
[2023-10-27T20:44:19.026+0200][217.072s] GC(67)   Merge Heap Roots: 0.1ms
[2023-10-27T20:44:19.026+0200][217.072s] GC(67)   Evacuate Collection Set: 0.8ms
[2023-10-27T20:44:19.026+0200][217.072s] GC(67)   Post Evacuate Collection Set: 0.4ms
[2023-10-27T20:44:19.026+0200][217.072s] GC(67)   Other: 0.1ms
[2023-10-27T20:44:19.026+0200][217.072s] GC(67) Eden regions: 28->0(296)
[2023-10-27T20:44:19.026+0200][217.072s] GC(67) Survivor regions: 5->5(39)
[2023-10-27T20:44:19.026+0200][217.072s] GC(67) Old regions: 112->112
[2023-10-27T20:44:19.026+0200][217.072s] GC(67) Archive regions: 0->0
[2023-10-27T20:44:19.026+0200][217.072s] GC(67) Humongous regions: 4->4
[2023-10-27T20:44:19.026+0200][217.072s] GC(67) Metaspace: 61587K(62208K)->61587K(62208K) NonClass: 54652K(54976K)->54652K(54976K) Class: 6934K(7232K)->6934K(7232K)
[2023-10-27T20:44:19.026+0200][217.072s] GC(67) Pause Young (Concurrent Start) (CodeCache GC Threshold) 146M->119M(512M) 1.693ms
[2023-10-27T20:44:19.026+0200][217.072s] GC(68) Concurrent Mark Cycle
[2023-10-27T20:44:19.026+0200][217.072s] GC(67) User=0.00s Sys=0.00s Real=0.00s
[2023-10-27T20:44:19.026+0200][217.072s] GC(68) Concurrent Clear Claimed Marks
[2023-10-27T20:44:19.026+0200][217.072s] GC(68) Concurrent Clear Claimed Marks 0.075ms
[2023-10-27T20:44:19.026+0200][217.072s] GC(68) Concurrent Scan Root Regions
[2023-10-27T20:44:19.026+0200][217.073s] GC(68) Concurrent Scan Root Regions 0.711ms
[2023-10-27T20:44:19.027+0200][217.073s] GC(68) Concurrent Mark
[2023-10-27T20:44:19.027+0200][217.073s] GC(68) Concurrent Mark From Roots
[2023-10-27T20:44:19.027+0200][217.073s] GC(68) Using 3 workers of 3 for marking
[2023-10-27T20:44:19.048+0200][217.094s] GC(68) Concurrent Mark From Roots 21.681ms
[2023-10-27T20:44:19.048+0200][217.094s] GC(68) Concurrent Preclean
[2023-10-27T20:44:19.048+0200][217.094s] GC(68) Concurrent Preclean 0.096ms
[2023-10-27T20:44:19.049+0200][217.095s] GC(68) Pause Remark
[2023-10-27T20:44:19.053+0200][217.099s] GC(68) Pause Remark 121M->121M(512M) 4.160ms
[2023-10-27T20:44:19.053+0200][217.099s] GC(68) User=0.00s Sys=0.00s Real=0.00s
[2023-10-27T20:44:19.053+0200][217.099s] GC(68) Concurrent Mark 26.271ms
[2023-10-27T20:44:19.053+0200][217.099s] GC(68) Concurrent Rebuild Remembered Sets
[2023-10-27T20:44:19.062+0200][217.108s] GC(68) Concurrent Rebuild Remembered Sets 8.868ms
[2023-10-27T20:44:19.062+0200][217.108s] GC(68) Pause Cleanup
[2023-10-27T20:44:19.062+0200][217.108s] GC(68) Pause Cleanup 125M->125M(512M) 0.126ms
[2023-10-27T20:44:19.062+0200][217.108s] GC(68) User=0.00s Sys=0.00s Real=0.00s
[2023-10-27T20:44:19.062+0200][217.108s] GC(68) Concurrent Cleanup for Next Mark
[2023-10-27T20:44:19.063+0200][217.109s] GC(68) Concurrent Cleanup for Next Mark 0.747ms
[2023-10-27T20:44:19.063+0200][217.109s] GC(68) Concurrent Mark Cycle 37.083ms
[2023-10-27T20:44:23.289+0200][221.335s] GC(69) Pause Young (Prepare Mixed) (G1 Evacuation Pause)
[2023-10-27T20:44:23.289+0200][221.335s] GC(69) Using 10 workers of 10 for evacuation
[2023-10-27T20:44:23.291+0200][221.337s] GC(69)   Pre Evacuate Collection Set: 0.2ms
[2023-10-27T20:44:23.291+0200][221.337s] GC(69)   Merge Heap Roots: 0.1ms
[2023-10-27T20:44:23.291+0200][221.337s] GC(69)   Evacuate Collection Set: 1.1ms
[2023-10-27T20:44:23.291+0200][221.337s] GC(69)   Post Evacuate Collection Set: 0.5ms
[2023-10-27T20:44:23.291+0200][221.337s] GC(69)   Other: 0.1ms
[2023-10-27T20:44:23.291+0200][221.337s] GC(69) Eden regions: 296->0(16)
[2023-10-27T20:44:23.291+0200][221.337s] GC(69) Survivor regions: 5->9(38)
[2023-10-27T20:44:23.291+0200][221.337s] GC(69) Old regions: 112->112
[2023-10-27T20:44:23.291+0200][221.337s] GC(69) Archive regions: 0->0
[2023-10-27T20:44:23.291+0200][221.337s] GC(69) Humongous regions: 4->4
[2023-10-27T20:44:23.291+0200][221.337s] GC(69) Metaspace: 61606K(62208K)->61606K(62208K) NonClass: 54671K(54976K)->54671K(54976K) Class: 6934K(7232K)->6934K(7232K)
[2023-10-27T20:44:23.291+0200][221.337s] GC(69) Pause Young (Prepare Mixed) (G1 Evacuation Pause) 415M->123M(512M) 2.214ms
[2023-10-27T20:44:23.291+0200][221.337s] GC(69) User=0.00s Sys=0.00s Real=0.00s
[2023-10-27T20:44:23.438+0200][221.485s] GC(70) Pause Young (Mixed) (G1 Evacuation Pause)
[2023-10-27T20:44:23.438+0200][221.485s] GC(70) Using 10 workers of 10 for evacuation
[2023-10-27T20:44:23.440+0200][221.486s] GC(70)   Pre Evacuate Collection Set: 0.1ms
[2023-10-27T20:44:23.440+0200][221.487s] GC(70)   Merge Heap Roots: 0.1ms
[2023-10-27T20:44:23.440+0200][221.487s] GC(70)   Evacuate Collection Set: 1.1ms
[2023-10-27T20:44:23.440+0200][221.487s] GC(70)   Post Evacuate Collection Set: 0.3ms
[2023-10-27T20:44:23.440+0200][221.487s] GC(70)   Other: 0.1ms
[2023-10-27T20:44:23.440+0200][221.487s] GC(70) Eden regions: 16->0(300)
[2023-10-27T20:44:23.440+0200][221.487s] GC(70) Survivor regions: 9->1(4)
[2023-10-27T20:44:23.440+0200][221.487s] GC(70) Old regions: 112->118
[2023-10-27T20:44:23.440+0200][221.487s] GC(70) Archive regions: 0->0
[2023-10-27T20:44:23.440+0200][221.487s] GC(70) Humongous regions: 4->4
[2023-10-27T20:44:23.440+0200][221.487s] GC(70) Metaspace: 61606K(62208K)->61606K(62208K) NonClass: 54671K(54976K)->54671K(54976K) Class: 6934K(7232K)->6934K(7232K)
[2023-10-27T20:44:23.440+0200][221.487s] GC(70) Pause Young (Mixed) (G1 Evacuation Pause) 139M->121M(512M) 1.878ms
[2023-10-27T20:44:23.440+0200][221.487s] GC(70) User=0.16s Sys=0.00s Real=0.00s
[2023-10-27T20:44:27.824+0200][225.870s] GC(71) Pause Young (Concurrent Start) (G1 Evacuation Pause)
[2023-10-27T20:44:27.824+0200][225.870s] GC(71) Using 10 workers of 10 for evacuation
[2023-10-27T20:44:27.825+0200][225.872s] GC(71)   Pre Evacuate Collection Set: 0.1ms
[2023-10-27T20:44:27.825+0200][225.872s] GC(71)   Merge Heap Roots: 0.1ms
[2023-10-27T20:44:27.825+0200][225.872s] GC(71)   Evacuate Collection Set: 0.9ms
[2023-10-27T20:44:27.825+0200][225.872s] GC(71)   Post Evacuate Collection Set: 0.3ms
[2023-10-27T20:44:27.825+0200][225.872s] GC(71)   Other: 0.1ms
[2023-10-27T20:44:27.825+0200][225.872s] GC(71) Eden regions: 300->0(301)
[2023-10-27T20:44:27.825+0200][225.872s] GC(71) Survivor regions: 1->5(38)
[2023-10-27T20:44:27.825+0200][225.872s] GC(71) Old regions: 118->118
[2023-10-27T20:44:27.825+0200][225.872s] GC(71) Archive regions: 0->0
[2023-10-27T20:44:27.825+0200][225.872s] GC(71) Humongous regions: 4->4
[2023-10-27T20:44:27.825+0200][225.872s] GC(71) Metaspace: 61613K(62208K)->61613K(62208K) NonClass: 54676K(54976K)->54676K(54976K) Class: 6936K(7232K)->6936K(7232K)
[2023-10-27T20:44:27.825+0200][225.872s] GC(71) Pause Young (Concurrent Start) (G1 Evacuation Pause) 421M->125M(512M) 1.669ms
[2023-10-27T20:44:27.825+0200][225.872s] GC(72) Concurrent Mark Cycle
[2023-10-27T20:44:27.825+0200][225.872s] GC(71) User=0.00s Sys=0.00s Real=0.00s
[2023-10-27T20:44:27.826+0200][225.872s] GC(72) Concurrent Clear Claimed Marks
[2023-10-27T20:44:27.826+0200][225.872s] GC(72) Concurrent Clear Claimed Marks 0.058ms
[2023-10-27T20:44:27.826+0200][225.872s] GC(72) Concurrent Scan Root Regions
[2023-10-27T20:44:27.827+0200][225.873s] GC(72) Concurrent Scan Root Regions 0.997ms
[2023-10-27T20:44:27.827+0200][225.873s] GC(72) Concurrent Mark
[2023-10-27T20:44:27.827+0200][225.873s] GC(72) Concurrent Mark From Roots
[2023-10-27T20:44:27.827+0200][225.873s] GC(72) Using 3 workers of 3 for marking
[2023-10-27T20:44:27.860+0200][225.907s] GC(72) Concurrent Mark From Roots 33.716ms
[2023-10-27T20:44:27.860+0200][225.907s] GC(72) Concurrent Preclean
[2023-10-27T20:44:27.861+0200][225.907s] GC(72) Concurrent Preclean 0.133ms
[2023-10-27T20:44:27.861+0200][225.907s] GC(72) Pause Remark
[2023-10-27T20:44:27.863+0200][225.910s] GC(72) Pause Remark 128M->128M(512M) 2.483ms
[2023-10-27T20:44:27.863+0200][225.910s] GC(72) User=0.00s Sys=0.00s Real=0.00s
[2023-10-27T20:44:27.863+0200][225.910s] GC(72) Concurrent Mark 36.535ms
[2023-10-27T20:44:27.863+0200][225.910s] GC(72) Concurrent Rebuild Remembered Sets
[2023-10-27T20:44:27.873+0200][225.920s] GC(72) Concurrent Rebuild Remembered Sets 9.990ms
[2023-10-27T20:44:27.873+0200][225.920s] GC(72) Pause Cleanup
[2023-10-27T20:44:27.874+0200][225.920s] GC(72) Pause Cleanup 128M->128M(512M) 0.151ms
[2023-10-27T20:44:27.874+0200][225.920s] GC(72) User=0.00s Sys=0.00s Real=0.00s
[2023-10-27T20:44:27.874+0200][225.920s] GC(72) Concurrent Cleanup for Next Mark
[2023-10-27T20:44:27.875+0200][225.921s] GC(72) Concurrent Cleanup for Next Mark 0.940ms
[2023-10-27T20:44:27.875+0200][225.921s] GC(72) Concurrent Mark Cycle 49.100ms
[2023-10-27T20:44:31.828+0200][229.874s] GC(73) Pause Young (Prepare Mixed) (G1 Evacuation Pause)
[2023-10-27T20:44:31.828+0200][229.874s] GC(73) Using 10 workers of 10 for evacuation
[2023-10-27T20:44:31.830+0200][229.876s] GC(73)   Pre Evacuate Collection Set: 0.1ms
[2023-10-27T20:44:31.830+0200][229.876s] GC(73)   Merge Heap Roots: 0.1ms
[2023-10-27T20:44:31.830+0200][229.876s] GC(73)   Evacuate Collection Set: 1.3ms
[2023-10-27T20:44:31.830+0200][229.876s] GC(73)   Post Evacuate Collection Set: 0.5ms
[2023-10-27T20:44:31.830+0200][229.876s] GC(73)   Other: 0.1ms
[2023-10-27T20:44:31.830+0200][229.876s] GC(73) Eden regions: 301->0(16)
[2023-10-27T20:44:31.830+0200][229.876s] GC(73) Survivor regions: 5->9(39)
[2023-10-27T20:44:31.830+0200][229.876s] GC(73) Old regions: 118->118
[2023-10-27T20:44:31.830+0200][229.876s] GC(73) Archive regions: 0->0
[2023-10-27T20:44:31.830+0200][229.876s] GC(73) Humongous regions: 4->4
[2023-10-27T20:44:31.830+0200][229.876s] GC(73) Metaspace: 61640K(62208K)->61640K(62208K) NonClass: 54704K(54976K)->54704K(54976K) Class: 6936K(7232K)->6936K(7232K)
[2023-10-27T20:44:31.830+0200][229.876s] GC(73) Pause Young (Prepare Mixed) (G1 Evacuation Pause) 426M->129M(512M) 2.222ms
[2023-10-27T20:44:31.830+0200][229.876s] GC(73) User=0.11s Sys=0.00s Real=0.00s
[2023-10-27T20:44:32.076+0200][230.122s] GC(74) Pause Young (Mixed) (G1 Evacuation Pause)
[2023-10-27T20:44:32.076+0200][230.122s] GC(74) Using 10 workers of 10 for evacuation
[2023-10-27T20:44:32.077+0200][230.124s] GC(74)   Pre Evacuate Collection Set: 0.1ms
[2023-10-27T20:44:32.077+0200][230.124s] GC(74)   Merge Heap Roots: 0.1ms
[2023-10-27T20:44:32.077+0200][230.124s] GC(74)   Evacuate Collection Set: 1.3ms
[2023-10-27T20:44:32.077+0200][230.124s] GC(74)   Post Evacuate Collection Set: 0.3ms
[2023-10-27T20:44:32.077+0200][230.124s] GC(74)   Other: 0.1ms
[2023-10-27T20:44:32.077+0200][230.124s] GC(74) Eden regions: 16->0(304)
[2023-10-27T20:44:32.077+0200][230.124s] GC(74) Survivor regions: 9->1(4)
[2023-10-27T20:44:32.077+0200][230.124s] GC(74) Old regions: 118->123
[2023-10-27T20:44:32.077+0200][230.124s] GC(74) Archive regions: 0->0
[2023-10-27T20:44:32.077+0200][230.124s] GC(74) Humongous regions: 4->4
[2023-10-27T20:44:32.077+0200][230.124s] GC(74) Metaspace: 61640K(62208K)->61640K(62208K) NonClass: 54704K(54976K)->54704K(54976K) Class: 6936K(7232K)->6936K(7232K)
[2023-10-27T20:44:32.077+0200][230.124s] GC(74) Pause Young (Mixed) (G1 Evacuation Pause) 145M->127M(512M) 2.068ms
[2023-10-27T20:44:32.077+0200][230.124s] GC(74) User=0.00s Sys=0.00s Real=0.00s
[2023-10-27T20:45:08.536+0200][266.582s] GC(75) Pause Young (Concurrent Start) (CodeCache GC Threshold)
[2023-10-27T20:45:08.536+0200][266.582s] GC(75) Using 10 workers of 10 for evacuation
[2023-10-27T20:45:08.538+0200][266.584s] GC(75)   Pre Evacuate Collection Set: 0.2ms
[2023-10-27T20:45:08.538+0200][266.584s] GC(75)   Merge Heap Roots: 0.1ms
[2023-10-27T20:45:08.538+0200][266.584s] GC(75)   Evacuate Collection Set: 1.2ms
[2023-10-27T20:45:08.538+0200][266.584s] GC(75)   Post Evacuate Collection Set: 0.3ms
[2023-10-27T20:45:08.538+0200][266.584s] GC(75)   Other: 0.1ms
[2023-10-27T20:45:08.538+0200][266.584s] GC(75) Eden regions: 104->0(304)
[2023-10-27T20:45:08.538+0200][266.584s] GC(75) Survivor regions: 1->3(39)
[2023-10-27T20:45:08.538+0200][266.584s] GC(75) Old regions: 123->123
[2023-10-27T20:45:08.538+0200][266.584s] GC(75) Archive regions: 0->0
[2023-10-27T20:45:08.538+0200][266.584s] GC(75) Humongous regions: 4->4
[2023-10-27T20:45:08.538+0200][266.584s] GC(75) Metaspace: 62114K(62784K)->62114K(62784K) NonClass: 55112K(55488K)->55112K(55488K) Class: 7002K(7296K)->7002K(7296K)
[2023-10-27T20:45:08.538+0200][266.584s] GC(75) Pause Young (Concurrent Start) (CodeCache GC Threshold) 230M->129M(512M) 1.985ms
[2023-10-27T20:45:08.538+0200][266.584s] GC(76) Concurrent Mark Cycle
[2023-10-27T20:45:08.538+0200][266.584s] GC(75) User=0.00s Sys=0.00s Real=0.00s
[2023-10-27T20:45:08.538+0200][266.584s] GC(76) Concurrent Clear Claimed Marks
[2023-10-27T20:45:08.538+0200][266.584s] GC(76) Concurrent Clear Claimed Marks 0.072ms
[2023-10-27T20:45:08.538+0200][266.584s] GC(76) Concurrent Scan Root Regions
[2023-10-27T20:45:08.538+0200][266.585s] GC(76) Concurrent Scan Root Regions 0.613ms
[2023-10-27T20:45:08.538+0200][266.585s] GC(76) Concurrent Mark
[2023-10-27T20:45:08.538+0200][266.585s] GC(76) Concurrent Mark From Roots
[2023-10-27T20:45:08.538+0200][266.585s] GC(76) Using 3 workers of 3 for marking
[2023-10-27T20:45:08.560+0200][266.606s] GC(76) Concurrent Mark From Roots 21.117ms
[2023-10-27T20:45:08.560+0200][266.606s] GC(76) Concurrent Preclean
[2023-10-27T20:45:08.560+0200][266.606s] GC(76) Concurrent Preclean 0.115ms
[2023-10-27T20:45:08.560+0200][266.606s] GC(76) Pause Remark
[2023-10-27T20:45:08.564+0200][266.610s] GC(76) Pause Remark 131M->130M(512M) 3.685ms
[2023-10-27T20:45:08.564+0200][266.610s] GC(76) User=0.02s Sys=0.00s Real=0.00s
[2023-10-27T20:45:08.564+0200][266.610s] GC(76) Concurrent Mark 25.297ms
[2023-10-27T20:45:08.564+0200][266.610s] GC(76) Concurrent Rebuild Remembered Sets
[2023-10-27T20:45:08.574+0200][266.621s] GC(76) Concurrent Rebuild Remembered Sets 10.466ms
[2023-10-27T20:45:08.574+0200][266.621s] GC(76) Pause Cleanup
[2023-10-27T20:45:08.575+0200][266.621s] GC(76) Pause Cleanup 132M->132M(512M) 0.149ms
[2023-10-27T20:45:08.575+0200][266.621s] GC(76) User=0.00s Sys=0.00s Real=0.00s
[2023-10-27T20:45:08.575+0200][266.621s] GC(76) Concurrent Cleanup for Next Mark
[2023-10-27T20:45:08.576+0200][266.622s] GC(76) Concurrent Cleanup for Next Mark 1.054ms
[2023-10-27T20:45:08.576+0200][266.622s] GC(76) Concurrent Mark Cycle 38.055ms
[2023-10-27T20:53:06.583+0200][744.630s] Heap
[2023-10-27T20:53:06.583+0200][744.630s]  garbage-first heap   total 524288K, used 182199K [0x00000000e0000000, 0x0000000100000000)
[2023-10-27T20:53:06.583+0200][744.630s]   region size 1024K, 53 young (54272K), 3 survivors (3072K)
[2023-10-27T20:53:06.583+0200][744.630s]  Metaspace       used 62945K, committed 63552K, reserved 1114112K
[2023-10-27T20:53:06.583+0200][744.630s]   class space    used 7057K, committed 7360K, reserved 1048576K
