[2023-10-11T14:05:25.700+0200][0.009s] CardTable entry size: 512
[2023-10-11T14:05:25.700+0200][0.009s] Using G1
[2023-10-11T14:05:25.818+0200][0.126s] Version: 19.0.1+10-21 (release)
[2023-10-11T14:05:25.818+0200][0.126s] CPUs: 12 total, 12 available
[2023-10-11T14:05:25.818+0200][0.126s] Memory: 16220M
[2023-10-11T14:05:25.818+0200][0.126s] Large Page Support: Disabled
[2023-10-11T14:05:25.818+0200][0.126s] NUMA Support: Disabled
[2023-10-11T14:05:25.818+0200][0.126s] Compressed Oops: Enabled (32-bit)
[2023-10-11T14:05:25.818+0200][0.126s] Heap Region Size: 1M
[2023-10-11T14:05:25.818+0200][0.126s] Heap Min Capacity: 512M
[2023-10-11T14:05:25.818+0200][0.126s] Heap Initial Capacity: 512M
[2023-10-11T14:05:25.818+0200][0.126s] Heap Max Capacity: 512M
[2023-10-11T14:05:25.818+0200][0.126s] Pre-touch: Enabled
[2023-10-11T14:05:25.818+0200][0.126s] Parallel Workers: 10
[2023-10-11T14:05:25.818+0200][0.126s] Concurrent Workers: 3
[2023-10-11T14:05:25.818+0200][0.126s] Concurrent Refinement Workers: 10
[2023-10-11T14:05:25.818+0200][0.126s] Periodic GC: Disabled
[2023-10-11T14:05:25.818+0200][0.127s] CDS archive(s) mapped at: [0x0000000800000000-0x0000000800c40000-0x0000000800c40000), size 12845056, SharedBaseAddress: 0x0000000800000000, ArchiveRelocationMode: 0.
[2023-10-11T14:05:25.818+0200][0.127s] Compressed class space mapped at: 0x0000000801000000-0x0000000841000000, reserved size: 1073741824
[2023-10-11T14:05:25.818+0200][0.127s] Narrow klass base: 0x0000000800000000, Narrow klass shift: 0, Narrow klass range: 0x100000000
[2023-10-11T14:05:26.437+0200][0.745s] GC(0) Pause Young (Normal) (G1 Evacuation Pause)
[2023-10-11T14:05:26.437+0200][0.745s] GC(0) Using 10 workers of 10 for evacuation
[2023-10-11T14:05:26.440+0200][0.749s] GC(0)   Pre Evacuate Collection Set: 0.1ms
[2023-10-11T14:05:26.440+0200][0.749s] GC(0)   Merge Heap Roots: 0.0ms
[2023-10-11T14:05:26.440+0200][0.749s] GC(0)   Evacuate Collection Set: 2.3ms
[2023-10-11T14:05:26.440+0200][0.749s] GC(0)   Post Evacuate Collection Set: 0.5ms
[2023-10-11T14:05:26.440+0200][0.749s] GC(0)   Other: 0.6ms
[2023-10-11T14:05:26.440+0200][0.749s] GC(0) Eden regions: 29->0(41)
[2023-10-11T14:05:26.440+0200][0.749s] GC(0) Survivor regions: 0->4(4)
[2023-10-11T14:05:26.440+0200][0.749s] GC(0) Old regions: 0->1
[2023-10-11T14:05:26.440+0200][0.749s] GC(0) Archive regions: 0->0
[2023-10-11T14:05:26.440+0200][0.749s] GC(0) Humongous regions: 0->0
[2023-10-11T14:05:26.440+0200][0.749s] GC(0) Metaspace: 8946K(9280K)->8946K(9280K) NonClass: 7940K(8128K)->7940K(8128K) Class: 1006K(1152K)->1006K(1152K)
[2023-10-11T14:05:26.440+0200][0.749s] GC(0) Pause Young (Normal) (G1 Evacuation Pause) 29M->4M(512M) 3.627ms
[2023-10-11T14:05:26.440+0200][0.749s] GC(0) User=0.00s Sys=0.00s Real=0.00s
[2023-10-11T14:05:31.537+0200][5.845s] GC(1) Pause Young (Normal) (G1 Evacuation Pause)
[2023-10-11T14:05:31.537+0200][5.845s] GC(1) Using 10 workers of 10 for evacuation
[2023-10-11T14:05:31.543+0200][5.851s] GC(1)   Pre Evacuate Collection Set: 0.1ms
[2023-10-11T14:05:31.543+0200][5.851s] GC(1)   Merge Heap Roots: 0.1ms
[2023-10-11T14:05:31.543+0200][5.851s] GC(1)   Evacuate Collection Set: 5.6ms
[2023-10-11T14:05:31.543+0200][5.851s] GC(1)   Post Evacuate Collection Set: 0.6ms
[2023-10-11T14:05:31.543+0200][5.851s] GC(1)   Other: 0.0ms
[2023-10-11T14:05:31.543+0200][5.851s] GC(1) Eden regions: 41->0(83)
[2023-10-11T14:05:31.543+0200][5.851s] GC(1) Survivor regions: 4->6(6)
[2023-10-11T14:05:31.543+0200][5.851s] GC(1) Old regions: 1->9
[2023-10-11T14:05:31.543+0200][5.852s] GC(1) Archive regions: 0->0
[2023-10-11T14:05:31.543+0200][5.852s] GC(1) Humongous regions: 4->4
[2023-10-11T14:05:31.543+0200][5.852s] GC(1) Metaspace: 19083K(19456K)->19083K(19456K) NonClass: 16933K(17152K)->16933K(17152K) Class: 2149K(2304K)->2149K(2304K)
[2023-10-11T14:05:31.543+0200][5.852s] GC(1) Pause Young (Normal) (G1 Evacuation Pause) 49M->18M(512M) 6.712ms
[2023-10-11T14:05:31.543+0200][5.852s] GC(1) User=0.00s Sys=0.00s Real=0.01s
[2023-10-11T14:05:31.907+0200][6.215s] GC(2) Pause Young (Normal) (G1 Evacuation Pause)
[2023-10-11T14:05:31.907+0200][6.215s] GC(2) Using 10 workers of 10 for evacuation
[2023-10-11T14:05:31.910+0200][6.218s] GC(2)   Pre Evacuate Collection Set: 0.1ms
[2023-10-11T14:05:31.910+0200][6.218s] GC(2)   Merge Heap Roots: 0.1ms
[2023-10-11T14:05:31.910+0200][6.218s] GC(2)   Evacuate Collection Set: 2.3ms
[2023-10-11T14:05:31.910+0200][6.218s] GC(2)   Post Evacuate Collection Set: 0.5ms
[2023-10-11T14:05:31.910+0200][6.218s] GC(2)   Other: 0.1ms
[2023-10-11T14:05:31.910+0200][6.218s] GC(2) Eden regions: 83->0(296)
[2023-10-11T14:05:31.910+0200][6.218s] GC(2) Survivor regions: 6->11(12)
[2023-10-11T14:05:31.910+0200][6.218s] GC(2) Old regions: 9->9
[2023-10-11T14:05:31.910+0200][6.218s] GC(2) Archive regions: 0->0
[2023-10-11T14:05:31.910+0200][6.218s] GC(2) Humongous regions: 4->4
[2023-10-11T14:05:31.910+0200][6.218s] GC(2) Metaspace: 19458K(19904K)->19458K(19904K) NonClass: 17286K(17536K)->17286K(17536K) Class: 2172K(2368K)->2172K(2368K)
[2023-10-11T14:05:31.910+0200][6.218s] GC(2) Pause Young (Normal) (G1 Evacuation Pause) 101M->22M(512M) 3.272ms
[2023-10-11T14:05:31.910+0200][6.218s] GC(2) User=0.00s Sys=0.00s Real=0.00s
[2023-10-11T14:05:31.916+0200][6.224s] GC(3) Pause Young (Concurrent Start) (CodeCache GC Threshold)
[2023-10-11T14:05:31.916+0200][6.224s] GC(3) Using 10 workers of 10 for evacuation
[2023-10-11T14:05:31.919+0200][6.227s] GC(3)   Pre Evacuate Collection Set: 0.1ms
[2023-10-11T14:05:31.919+0200][6.227s] GC(3)   Merge Heap Roots: 0.1ms
[2023-10-11T14:05:31.919+0200][6.227s] GC(3)   Evacuate Collection Set: 2.2ms
[2023-10-11T14:05:31.919+0200][6.227s] GC(3)   Post Evacuate Collection Set: 0.5ms
[2023-10-11T14:05:31.919+0200][6.227s] GC(3)   Other: 0.1ms
[2023-10-11T14:05:31.919+0200][6.227s] GC(3) Eden regions: 2->0(296)
[2023-10-11T14:05:31.919+0200][6.227s] GC(3) Survivor regions: 11->11(39)
[2023-10-11T14:05:31.919+0200][6.227s] GC(3) Old regions: 9->9
[2023-10-11T14:05:31.919+0200][6.227s] GC(3) Archive regions: 0->0
[2023-10-11T14:05:31.919+0200][6.227s] GC(3) Humongous regions: 4->4
[2023-10-11T14:05:31.919+0200][6.227s] GC(3) Metaspace: 19459K(19904K)->19459K(19904K) NonClass: 17286K(17536K)->17286K(17536K) Class: 2172K(2368K)->2172K(2368K)
[2023-10-11T14:05:31.919+0200][6.227s] GC(3) Pause Young (Concurrent Start) (CodeCache GC Threshold) 24M->23M(512M) 3.288ms
[2023-10-11T14:05:31.919+0200][6.227s] GC(4) Concurrent Mark Cycle
[2023-10-11T14:05:31.919+0200][6.227s] GC(3) User=0.00s Sys=0.00s Real=0.00s
[2023-10-11T14:05:31.919+0200][6.227s] GC(4) Concurrent Clear Claimed Marks
[2023-10-11T14:05:31.919+0200][6.228s] GC(4) Concurrent Clear Claimed Marks 0.129ms
[2023-10-11T14:05:31.919+0200][6.228s] GC(4) Concurrent Scan Root Regions
[2023-10-11T14:05:31.920+0200][6.229s] GC(4) Concurrent Scan Root Regions 1.421ms
[2023-10-11T14:05:31.920+0200][6.229s] GC(4) Concurrent Mark
[2023-10-11T14:05:31.920+0200][6.229s] GC(4) Concurrent Mark From Roots
[2023-10-11T14:05:31.920+0200][6.229s] GC(4) Using 3 workers of 3 for marking
[2023-10-11T14:05:31.925+0200][6.234s] GC(4) Concurrent Mark From Roots 5.077ms
[2023-10-11T14:05:31.925+0200][6.234s] GC(4) Concurrent Preclean
[2023-10-11T14:05:31.925+0200][6.234s] GC(4) Concurrent Preclean 0.031ms
[2023-10-11T14:05:31.926+0200][6.234s] GC(4) Pause Remark
[2023-10-11T14:05:31.928+0200][6.236s] GC(4) Pause Remark 25M->25M(512M) 1.913ms
[2023-10-11T14:05:31.928+0200][6.236s] GC(4) User=0.00s Sys=0.00s Real=0.00s
[2023-10-11T14:05:31.928+0200][6.236s] GC(4) Concurrent Mark 7.310ms
[2023-10-11T14:05:31.928+0200][6.236s] GC(4) Concurrent Rebuild Remembered Sets
[2023-10-11T14:05:31.930+0200][6.238s] GC(4) Concurrent Rebuild Remembered Sets 2.040ms
[2023-10-11T14:05:31.930+0200][6.239s] GC(4) Pause Cleanup
[2023-10-11T14:05:31.930+0200][6.239s] GC(4) Pause Cleanup 26M->26M(512M) 0.118ms
[2023-10-11T14:05:31.930+0200][6.239s] GC(4) User=0.00s Sys=0.00s Real=0.00s
[2023-10-11T14:05:31.930+0200][6.239s] GC(4) Concurrent Cleanup for Next Mark
[2023-10-11T14:05:31.931+0200][6.240s] GC(4) Concurrent Cleanup for Next Mark 0.736ms
[2023-10-11T14:05:31.931+0200][6.240s] GC(4) Concurrent Mark Cycle 12.228ms
[2023-10-11T14:05:32.833+0200][7.142s] GC(5) Pause Young (Concurrent Start) (Metadata GC Threshold)
[2023-10-11T14:05:32.833+0200][7.142s] GC(5) Using 10 workers of 10 for evacuation
[2023-10-11T14:05:32.838+0200][7.147s] GC(5)   Pre Evacuate Collection Set: 0.1ms
[2023-10-11T14:05:32.838+0200][7.147s] GC(5)   Merge Heap Roots: 0.1ms
[2023-10-11T14:05:32.838+0200][7.147s] GC(5)   Evacuate Collection Set: 4.2ms
[2023-10-11T14:05:32.838+0200][7.147s] GC(5)   Post Evacuate Collection Set: 0.5ms
[2023-10-11T14:05:32.838+0200][7.147s] GC(5)   Other: 0.1ms
[2023-10-11T14:05:32.838+0200][7.147s] GC(5) Eden regions: 110->0(291)
[2023-10-11T14:05:32.838+0200][7.147s] GC(5) Survivor regions: 11->16(39)
[2023-10-11T14:05:32.838+0200][7.147s] GC(5) Old regions: 9->9
[2023-10-11T14:05:32.838+0200][7.147s] GC(5) Archive regions: 0->0
[2023-10-11T14:05:32.838+0200][7.147s] GC(5) Humongous regions: 5->4
[2023-10-11T14:05:32.838+0200][7.147s] GC(5) Metaspace: 32787K(33216K)->32787K(33216K) NonClass: 29090K(29312K)->29090K(29312K) Class: 3696K(3904K)->3696K(3904K)
[2023-10-11T14:05:32.838+0200][7.147s] GC(5) Pause Young (Concurrent Start) (Metadata GC Threshold) 134M->27M(512M) 5.070ms
[2023-10-11T14:05:32.838+0200][7.147s] GC(6) Concurrent Mark Cycle
[2023-10-11T14:05:32.838+0200][7.147s] GC(5) User=0.00s Sys=0.00s Real=0.01s
[2023-10-11T14:05:32.838+0200][7.147s] GC(6) Concurrent Clear Claimed Marks
[2023-10-11T14:05:32.838+0200][7.147s] GC(6) Concurrent Clear Claimed Marks 0.043ms
[2023-10-11T14:05:32.838+0200][7.147s] GC(6) Concurrent Scan Root Regions
[2023-10-11T14:05:32.841+0200][7.150s] GC(6) Concurrent Scan Root Regions 2.479ms
[2023-10-11T14:05:32.841+0200][7.150s] GC(6) Concurrent Mark
[2023-10-11T14:05:32.841+0200][7.150s] GC(6) Concurrent Mark From Roots
[2023-10-11T14:05:32.841+0200][7.150s] GC(6) Using 3 workers of 3 for marking
[2023-10-11T14:05:32.845+0200][7.153s] GC(6) Concurrent Mark From Roots 3.696ms
[2023-10-11T14:05:32.845+0200][7.153s] GC(6) Concurrent Preclean
[2023-10-11T14:05:32.845+0200][7.153s] GC(6) Concurrent Preclean 0.055ms
[2023-10-11T14:05:32.845+0200][7.154s] GC(6) Pause Remark
[2023-10-11T14:05:32.846+0200][7.155s] GC(6) Pause Remark 28M->28M(512M) 1.150ms
[2023-10-11T14:05:32.846+0200][7.155s] GC(6) User=0.00s Sys=0.00s Real=0.00s
[2023-10-11T14:05:32.846+0200][7.155s] GC(6) Concurrent Mark 5.178ms
[2023-10-11T14:05:32.846+0200][7.155s] GC(6) Concurrent Rebuild Remembered Sets
[2023-10-11T14:05:32.849+0200][7.157s] GC(6) Concurrent Rebuild Remembered Sets 2.457ms
[2023-10-11T14:05:32.849+0200][7.157s] GC(6) Pause Cleanup
[2023-10-11T14:05:32.849+0200][7.158s] GC(6) Pause Cleanup 28M->28M(512M) 0.102ms
[2023-10-11T14:05:32.849+0200][7.158s] GC(6) User=0.00s Sys=0.00s Real=0.00s
[2023-10-11T14:05:32.849+0200][7.158s] GC(6) Concurrent Cleanup for Next Mark
[2023-10-11T14:05:32.850+0200][7.158s] GC(6) Concurrent Cleanup for Next Mark 0.687ms
[2023-10-11T14:05:32.850+0200][7.158s] GC(6) Concurrent Mark Cycle 11.283ms
[2023-10-11T14:05:52.104+0200][26.412s] GC(7) Pause Young (Concurrent Start) (CodeCache GC Threshold)
[2023-10-11T14:05:52.104+0200][26.412s] GC(7) Using 10 workers of 10 for evacuation
[2023-10-11T14:05:52.111+0200][26.419s] GC(7)   Pre Evacuate Collection Set: 0.1ms
[2023-10-11T14:05:52.111+0200][26.419s] GC(7)   Merge Heap Roots: 0.0ms
[2023-10-11T14:05:52.111+0200][26.419s] GC(7)   Evacuate Collection Set: 6.4ms
[2023-10-11T14:05:52.111+0200][26.419s] GC(7)   Post Evacuate Collection Set: 0.5ms
[2023-10-11T14:05:52.111+0200][26.419s] GC(7)   Other: 0.0ms
[2023-10-11T14:05:52.111+0200][26.419s] GC(7) Eden regions: 67->0(287)
[2023-10-11T14:05:52.111+0200][26.419s] GC(7) Survivor regions: 16->20(39)
[2023-10-11T14:05:52.111+0200][26.419s] GC(7) Old regions: 9->9
[2023-10-11T14:05:52.111+0200][26.419s] GC(7) Archive regions: 0->0
[2023-10-11T14:05:52.111+0200][26.419s] GC(7) Humongous regions: 4->4
[2023-10-11T14:05:52.111+0200][26.419s] GC(7) Metaspace: 41873K(42432K)->41873K(42432K) NonClass: 36937K(37248K)->36937K(37248K) Class: 4936K(5184K)->4936K(5184K)
[2023-10-11T14:05:52.111+0200][26.419s] GC(7) Pause Young (Concurrent Start) (CodeCache GC Threshold) 93M->32M(512M) 7.253ms
[2023-10-11T14:05:52.111+0200][26.419s] GC(8) Concurrent Mark Cycle
[2023-10-11T14:05:52.111+0200][26.419s] GC(7) User=0.19s Sys=0.00s Real=0.01s
[2023-10-11T14:05:52.111+0200][26.419s] GC(8) Concurrent Clear Claimed Marks
[2023-10-11T14:05:52.111+0200][26.419s] GC(8) Concurrent Clear Claimed Marks 0.067ms
[2023-10-11T14:05:52.111+0200][26.419s] GC(8) Concurrent Scan Root Regions
[2023-10-11T14:05:52.115+0200][26.423s] GC(8) Concurrent Scan Root Regions 3.720ms
[2023-10-11T14:05:52.115+0200][26.423s] GC(8) Concurrent Mark
[2023-10-11T14:05:52.115+0200][26.423s] GC(8) Concurrent Mark From Roots
[2023-10-11T14:05:52.115+0200][26.423s] GC(8) Using 3 workers of 3 for marking
[2023-10-11T14:05:52.120+0200][26.428s] GC(8) Concurrent Mark From Roots 4.784ms
[2023-10-11T14:05:52.120+0200][26.428s] GC(8) Concurrent Preclean
[2023-10-11T14:05:52.120+0200][26.428s] GC(8) Concurrent Preclean 0.045ms
[2023-10-11T14:05:52.120+0200][26.428s] GC(8) Pause Remark
[2023-10-11T14:05:52.121+0200][26.429s] GC(8) Pause Remark 36M->36M(512M) 1.178ms
[2023-10-11T14:05:52.121+0200][26.429s] GC(8) User=0.00s Sys=0.00s Real=0.00s
[2023-10-11T14:05:52.121+0200][26.429s] GC(8) Concurrent Mark 6.244ms
[2023-10-11T14:05:52.121+0200][26.429s] GC(8) Concurrent Rebuild Remembered Sets
[2023-10-11T14:05:52.124+0200][26.432s] GC(8) Concurrent Rebuild Remembered Sets 2.370ms
[2023-10-11T14:05:52.124+0200][26.432s] GC(8) Pause Cleanup
[2023-10-11T14:05:52.124+0200][26.432s] GC(8) Pause Cleanup 36M->36M(512M) 0.114ms
[2023-10-11T14:05:52.124+0200][26.432s] GC(8) User=0.00s Sys=0.00s Real=0.00s
[2023-10-11T14:05:52.124+0200][26.432s] GC(8) Concurrent Cleanup for Next Mark
[2023-10-11T14:05:52.125+0200][26.433s] GC(8) Concurrent Cleanup for Next Mark 0.733ms
[2023-10-11T14:05:52.125+0200][26.433s] GC(8) Concurrent Mark Cycle 13.556ms
[2023-10-11T14:05:52.132+0200][26.440s] GC(9) Pause Young (Concurrent Start) (CodeCache GC Threshold)
[2023-10-11T14:05:52.132+0200][26.440s] GC(9) Using 10 workers of 10 for evacuation
[2023-10-11T14:05:52.138+0200][26.446s] GC(9)   Pre Evacuate Collection Set: 0.1ms
[2023-10-11T14:05:52.138+0200][26.446s] GC(9)   Merge Heap Roots: 0.1ms
[2023-10-11T14:05:52.138+0200][26.447s] GC(9)   Evacuate Collection Set: 5.3ms
[2023-10-11T14:05:52.138+0200][26.447s] GC(9)   Post Evacuate Collection Set: 0.9ms
[2023-10-11T14:05:52.138+0200][26.447s] GC(9)   Other: 0.1ms
[2023-10-11T14:05:52.138+0200][26.447s] GC(9) Eden regions: 5->0(286)
[2023-10-11T14:05:52.138+0200][26.447s] GC(9) Survivor regions: 20->21(39)
[2023-10-11T14:05:52.138+0200][26.447s] GC(9) Old regions: 9->9
[2023-10-11T14:05:52.138+0200][26.447s] GC(9) Archive regions: 0->0
[2023-10-11T14:05:52.138+0200][26.447s] GC(9) Humongous regions: 4->4
[2023-10-11T14:05:52.138+0200][26.447s] GC(9) Metaspace: 42106K(42624K)->42106K(42624K) NonClass: 37136K(37376K)->37136K(37376K) Class: 4970K(5248K)->4970K(5248K)
[2023-10-11T14:05:52.139+0200][26.447s] GC(9) Pause Young (Concurrent Start) (CodeCache GC Threshold) 37M->32M(512M) 6.793ms
[2023-10-11T14:05:52.139+0200][26.447s] GC(9) User=0.00s Sys=0.00s Real=0.01s
[2023-10-11T14:05:52.139+0200][26.447s] GC(10) Concurrent Mark Cycle
[2023-10-11T14:05:52.139+0200][26.447s] GC(10) Concurrent Clear Claimed Marks
[2023-10-11T14:05:52.139+0200][26.447s] GC(10) Concurrent Clear Claimed Marks 0.044ms
[2023-10-11T14:05:52.139+0200][26.447s] GC(10) Concurrent Scan Root Regions
[2023-10-11T14:05:52.142+0200][26.450s] GC(10) Concurrent Scan Root Regions 3.513ms
[2023-10-11T14:05:52.142+0200][26.450s] GC(10) Concurrent Mark
[2023-10-11T14:05:52.142+0200][26.450s] GC(10) Concurrent Mark From Roots
[2023-10-11T14:05:52.142+0200][26.450s] GC(10) Using 3 workers of 3 for marking
[2023-10-11T14:05:52.147+0200][26.455s] GC(10) Concurrent Mark From Roots 4.487ms
[2023-10-11T14:05:52.147+0200][26.455s] GC(10) Concurrent Preclean
[2023-10-11T14:05:52.147+0200][26.455s] GC(10) Concurrent Preclean 0.034ms
[2023-10-11T14:05:52.147+0200][26.455s] GC(10) Pause Remark
[2023-10-11T14:05:52.148+0200][26.457s] GC(10) Pause Remark 33M->33M(512M) 1.284ms
[2023-10-11T14:05:52.148+0200][26.457s] GC(10) User=0.00s Sys=0.00s Real=0.00s
[2023-10-11T14:05:52.148+0200][26.457s] GC(10) Concurrent Mark 6.293ms
[2023-10-11T14:05:52.148+0200][26.457s] GC(10) Concurrent Rebuild Remembered Sets
[2023-10-11T14:05:52.150+0200][26.459s] GC(10) Concurrent Rebuild Remembered Sets 2.460ms
[2023-10-11T14:05:52.150+0200][26.459s] GC(10) Pause Cleanup
[2023-10-11T14:05:52.151+0200][26.459s] GC(10) Pause Cleanup 33M->33M(512M) 0.128ms
[2023-10-11T14:05:52.151+0200][26.459s] GC(10) User=0.00s Sys=0.00s Real=0.00s
[2023-10-11T14:05:52.151+0200][26.460s] GC(10) Concurrent Cleanup for Next Mark
[2023-10-11T14:05:52.151+0200][26.460s] GC(10) Concurrent Cleanup for Next Mark 0.699ms
[2023-10-11T14:05:52.151+0200][26.460s] GC(10) Concurrent Mark Cycle 13.642ms
[2023-10-11T15:27:13.200+0200][4907.508s] GC(11) Pause Young (Concurrent Start) (CodeCache GC Threshold)
[2023-10-11T15:27:13.200+0200][4907.508s] GC(11) Using 10 workers of 10 for evacuation
[2023-10-11T15:27:13.215+0200][4907.523s] GC(11)   Pre Evacuate Collection Set: 0.2ms
[2023-10-11T15:27:13.215+0200][4907.523s] GC(11)   Merge Heap Roots: 0.1ms
[2023-10-11T15:27:13.215+0200][4907.523s] GC(11)   Evacuate Collection Set: 12.4ms
[2023-10-11T15:27:13.215+0200][4907.523s] GC(11)   Post Evacuate Collection Set: 1.7ms
[2023-10-11T15:27:13.215+0200][4907.523s] GC(11)   Other: 0.1ms
[2023-10-11T15:27:13.215+0200][4907.523s] GC(11) Eden regions: 253->0(273)
[2023-10-11T15:27:13.215+0200][4907.523s] GC(11) Survivor regions: 21->34(39)
[2023-10-11T15:27:13.215+0200][4907.523s] GC(11) Old regions: 9->9
[2023-10-11T15:27:13.215+0200][4907.523s] GC(11) Archive regions: 0->0
[2023-10-11T15:27:13.215+0200][4907.523s] GC(11) Humongous regions: 4->4
[2023-10-11T15:27:13.215+0200][4907.523s] GC(11) Metaspace: 55515K(56192K)->55515K(56192K) NonClass: 48915K(49280K)->48915K(49280K) Class: 6600K(6912K)->6600K(6912K)
[2023-10-11T15:27:13.215+0200][4907.523s] GC(11) Pause Young (Concurrent Start) (CodeCache GC Threshold) 284M->46M(512M) 14.888ms
[2023-10-11T15:27:13.215+0200][4907.523s] GC(11) User=0.11s Sys=0.05s Real=0.01s
[2023-10-11T15:27:13.215+0200][4907.523s] GC(12) Concurrent Mark Cycle
[2023-10-11T15:27:13.215+0200][4907.523s] GC(12) Concurrent Clear Claimed Marks
[2023-10-11T15:27:13.215+0200][4907.523s] GC(12) Concurrent Clear Claimed Marks 0.052ms
[2023-10-11T15:27:13.215+0200][4907.523s] GC(12) Concurrent Scan Root Regions
[2023-10-11T15:27:13.221+0200][4907.529s] GC(12) Concurrent Scan Root Regions 5.685ms
[2023-10-11T15:27:13.221+0200][4907.529s] GC(12) Concurrent Mark
[2023-10-11T15:27:13.221+0200][4907.529s] GC(12) Concurrent Mark From Roots
[2023-10-11T15:27:13.221+0200][4907.529s] GC(12) Using 3 workers of 3 for marking
[2023-10-11T15:27:13.225+0200][4907.533s] GC(12) Concurrent Mark From Roots 3.956ms
[2023-10-11T15:27:13.225+0200][4907.533s] GC(12) Concurrent Preclean
[2023-10-11T15:27:13.225+0200][4907.533s] GC(12) Concurrent Preclean 0.096ms
[2023-10-11T15:27:13.225+0200][4907.533s] GC(12) Pause Remark
[2023-10-11T15:27:13.231+0200][4907.540s] GC(12) Pause Remark 47M->47M(512M) 6.245ms
[2023-10-11T15:27:13.231+0200][4907.540s] GC(12) User=0.00s Sys=0.00s Real=0.01s
[2023-10-11T15:27:13.231+0200][4907.540s] GC(12) Concurrent Mark 10.546ms
[2023-10-11T15:27:13.232+0200][4907.540s] GC(12) Concurrent Rebuild Remembered Sets
[2023-10-11T15:27:13.235+0200][4907.543s] GC(12) Concurrent Rebuild Remembered Sets 3.463ms
[2023-10-11T15:27:13.236+0200][4907.544s] GC(12) Pause Cleanup
[2023-10-11T15:27:13.236+0200][4907.544s] GC(12) Pause Cleanup 47M->47M(512M) 0.136ms
[2023-10-11T15:27:13.236+0200][4907.544s] GC(12) User=0.00s Sys=0.00s Real=0.00s
[2023-10-11T15:27:13.236+0200][4907.544s] GC(12) Concurrent Cleanup for Next Mark
[2023-10-11T15:27:13.238+0200][4907.546s] GC(12) Concurrent Cleanup for Next Mark 1.731ms
[2023-10-11T15:27:13.238+0200][4907.546s] GC(12) Concurrent Mark Cycle 22.703ms
[2023-10-11T15:43:02.433+0200][5856.740s] Heap
[2023-10-11T15:43:02.433+0200][5856.741s]  garbage-first heap   total 524288K, used 64857K [0x00000000e0000000, 0x0000000100000000)
[2023-10-11T15:43:02.433+0200][5856.741s]   region size 1024K, 52 young (53248K), 34 survivors (34816K)
[2023-10-11T15:43:02.433+0200][5856.741s]  Metaspace       used 55668K, committed 56256K, reserved 1114112K
[2023-10-11T15:43:02.433+0200][5856.741s]   class space    used 6616K, committed 6912K, reserved 1048576K
