[2023-11-11T11:51:25.701+0100][0.011s] CardTable entry size: 512
[2023-11-11T11:51:25.701+0100][0.011s] Using G1
[2023-11-11T11:51:25.823+0100][0.133s] Version: 19.0.1+10-21 (release)
[2023-11-11T11:51:25.823+0100][0.133s] CPUs: 12 total, 12 available
[2023-11-11T11:51:25.823+0100][0.133s] Memory: 16220M
[2023-11-11T11:51:25.823+0100][0.133s] Large Page Support: Disabled
[2023-11-11T11:51:25.823+0100][0.133s] NUMA Support: Disabled
[2023-11-11T11:51:25.823+0100][0.133s] Compressed Oops: Enabled (32-bit)
[2023-11-11T11:51:25.823+0100][0.133s] Heap Region Size: 1M
[2023-11-11T11:51:25.823+0100][0.133s] Heap Min Capacity: 512M
[2023-11-11T11:51:25.823+0100][0.133s] Heap Initial Capacity: 512M
[2023-11-11T11:51:25.823+0100][0.133s] Heap Max Capacity: 512M
[2023-11-11T11:51:25.823+0100][0.133s] Pre-touch: Enabled
[2023-11-11T11:51:25.823+0100][0.133s] Parallel Workers: 10
[2023-11-11T11:51:25.823+0100][0.133s] Concurrent Workers: 3
[2023-11-11T11:51:25.823+0100][0.133s] Concurrent Refinement Workers: 10
[2023-11-11T11:51:25.823+0100][0.133s] Periodic GC: Disabled
[2023-11-11T11:51:25.824+0100][0.134s] CDS archive(s) mapped at: [0x0000000800000000-0x0000000800c40000-0x0000000800c40000), size 12845056, SharedBaseAddress: 0x0000000800000000, ArchiveRelocationMode: 0.
[2023-11-11T11:51:25.824+0100][0.135s] Compressed class space mapped at: 0x0000000801000000-0x0000000841000000, reserved size: 1073741824
[2023-11-11T11:51:25.824+0100][0.135s] Narrow klass base: 0x0000000800000000, Narrow klass shift: 0, Narrow klass range: 0x100000000
[2023-11-11T11:51:32.058+0100][6.369s] GC(0) Pause Young (Normal) (G1 Evacuation Pause)
[2023-11-11T11:51:32.059+0100][6.369s] GC(0) Using 10 workers of 10 for evacuation
[2023-11-11T11:51:32.062+0100][6.372s] GC(0)   Pre Evacuate Collection Set: 0.1ms
[2023-11-11T11:51:32.062+0100][6.372s] GC(0)   Merge Heap Roots: 0.1ms
[2023-11-11T11:51:32.062+0100][6.372s] GC(0)   Evacuate Collection Set: 2.1ms
[2023-11-11T11:51:32.062+0100][6.372s] GC(0)   Post Evacuate Collection Set: 0.6ms
[2023-11-11T11:51:32.062+0100][6.372s] GC(0)   Other: 0.2ms
[2023-11-11T11:51:32.062+0100][6.372s] GC(0) Eden regions: 29->0(41)
[2023-11-11T11:51:32.062+0100][6.372s] GC(0) Survivor regions: 0->4(4)
[2023-11-11T11:51:32.062+0100][6.372s] GC(0) Old regions: 0->1
[2023-11-11T11:51:32.062+0100][6.372s] GC(0) Archive regions: 0->0
[2023-11-11T11:51:32.062+0100][6.372s] GC(0) Humongous regions: 0->0
[2023-11-11T11:51:32.062+0100][6.372s] GC(0) Metaspace: 9558K(9792K)->9558K(9792K) NonClass: 8488K(8576K)->8488K(8576K) Class: 1070K(1216K)->1070K(1216K)
[2023-11-11T11:51:32.062+0100][6.372s] GC(0) Pause Young (Normal) (G1 Evacuation Pause) 29M->4M(512M) 3.462ms
[2023-11-11T11:51:32.062+0100][6.372s] GC(0) User=0.00s Sys=0.00s Real=0.00s
[2023-11-11T11:51:32.683+0100][6.994s] GC(1) Pause Young (Normal) (G1 Evacuation Pause)
[2023-11-11T11:51:32.683+0100][6.994s] GC(1) Using 10 workers of 10 for evacuation
[2023-11-11T11:51:32.690+0100][7.000s] GC(1)   Pre Evacuate Collection Set: 0.1ms
[2023-11-11T11:51:32.690+0100][7.000s] GC(1)   Merge Heap Roots: 0.1ms
[2023-11-11T11:51:32.690+0100][7.000s] GC(1)   Evacuate Collection Set: 5.8ms
[2023-11-11T11:51:32.690+0100][7.000s] GC(1)   Post Evacuate Collection Set: 0.6ms
[2023-11-11T11:51:32.690+0100][7.000s] GC(1)   Other: 0.1ms
[2023-11-11T11:51:32.690+0100][7.000s] GC(1) Eden regions: 41->0(177)
[2023-11-11T11:51:32.690+0100][7.000s] GC(1) Survivor regions: 4->6(6)
[2023-11-11T11:51:32.690+0100][7.000s] GC(1) Old regions: 1->9
[2023-11-11T11:51:32.690+0100][7.000s] GC(1) Archive regions: 0->0
[2023-11-11T11:51:32.690+0100][7.000s] GC(1) Humongous regions: 4->4
[2023-11-11T11:51:32.690+0100][7.000s] GC(1) Metaspace: 19103K(19456K)->19103K(19456K) NonClass: 16952K(17152K)->16952K(17152K) Class: 2151K(2304K)->2151K(2304K)
[2023-11-11T11:51:32.690+0100][7.000s] GC(1) Pause Young (Normal) (G1 Evacuation Pause) 49M->18M(512M) 6.867ms
[2023-11-11T11:51:32.690+0100][7.000s] GC(1) User=0.16s Sys=0.00s Real=0.01s
[2023-11-11T11:51:33.300+0100][7.610s] GC(2) Pause Young (Concurrent Start) (Metadata GC Threshold)
[2023-11-11T11:51:33.300+0100][7.610s] GC(2) Using 10 workers of 10 for evacuation
[2023-11-11T11:51:33.303+0100][7.614s] GC(2)   Pre Evacuate Collection Set: 0.2ms
[2023-11-11T11:51:33.303+0100][7.614s] GC(2)   Merge Heap Roots: 0.1ms
[2023-11-11T11:51:33.303+0100][7.614s] GC(2)   Evacuate Collection Set: 2.8ms
[2023-11-11T11:51:33.303+0100][7.614s] GC(2)   Post Evacuate Collection Set: 0.4ms
[2023-11-11T11:51:33.303+0100][7.614s] GC(2)   Other: 0.1ms
[2023-11-11T11:51:33.303+0100][7.614s] GC(2) Eden regions: 93->0(296)
[2023-11-11T11:51:33.303+0100][7.614s] GC(2) Survivor regions: 6->11(23)
[2023-11-11T11:51:33.303+0100][7.614s] GC(2) Old regions: 9->9
[2023-11-11T11:51:33.303+0100][7.614s] GC(2) Archive regions: 0->0
[2023-11-11T11:51:33.303+0100][7.614s] GC(2) Humongous regions: 4->4
[2023-11-11T11:51:33.303+0100][7.614s] GC(2) Metaspace: 21053K(21504K)->21053K(21504K) NonClass: 18720K(18944K)->18720K(18944K) Class: 2332K(2560K)->2332K(2560K)
[2023-11-11T11:51:33.304+0100][7.614s] GC(2) Pause Young (Concurrent Start) (Metadata GC Threshold) 111M->23M(512M) 3.893ms
[2023-11-11T11:51:33.304+0100][7.614s] GC(2) User=0.00s Sys=0.00s Real=0.00s
[2023-11-11T11:51:33.304+0100][7.614s] GC(3) Concurrent Mark Cycle
[2023-11-11T11:51:33.304+0100][7.614s] GC(3) Concurrent Clear Claimed Marks
[2023-11-11T11:51:33.304+0100][7.614s] GC(3) Concurrent Clear Claimed Marks 0.022ms
[2023-11-11T11:51:33.304+0100][7.614s] GC(3) Concurrent Scan Root Regions
[2023-11-11T11:51:33.305+0100][7.616s] GC(3) Concurrent Scan Root Regions 1.428ms
[2023-11-11T11:51:33.305+0100][7.616s] GC(3) Concurrent Mark
[2023-11-11T11:51:33.305+0100][7.616s] GC(3) Concurrent Mark From Roots
[2023-11-11T11:51:33.305+0100][7.616s] GC(3) Using 3 workers of 3 for marking
[2023-11-11T11:51:33.310+0100][7.620s] GC(3) Concurrent Mark From Roots 4.517ms
[2023-11-11T11:51:33.310+0100][7.620s] GC(3) Concurrent Preclean
[2023-11-11T11:51:33.310+0100][7.620s] GC(3) Concurrent Preclean 0.032ms
[2023-11-11T11:51:33.310+0100][7.621s] GC(3) Pause Remark
[2023-11-11T11:51:33.311+0100][7.622s] GC(3) Pause Remark 24M->24M(512M) 1.418ms
[2023-11-11T11:51:33.311+0100][7.622s] GC(3) User=0.00s Sys=0.00s Real=0.00s
[2023-11-11T11:51:33.312+0100][7.622s] GC(3) Concurrent Mark 6.428ms
[2023-11-11T11:51:33.312+0100][7.622s] GC(3) Concurrent Rebuild Remembered Sets
[2023-11-11T11:51:33.314+0100][7.625s] GC(3) Concurrent Rebuild Remembered Sets 2.655ms
[2023-11-11T11:51:33.314+0100][7.625s] GC(3) Pause Cleanup
[2023-11-11T11:51:33.315+0100][7.625s] GC(3) Pause Cleanup 24M->24M(512M) 0.235ms
[2023-11-11T11:51:33.315+0100][7.625s] GC(3) User=0.00s Sys=0.00s Real=0.00s
[2023-11-11T11:51:33.315+0100][7.625s] GC(3) Concurrent Cleanup for Next Mark
[2023-11-11T11:51:33.316+0100][7.626s] GC(3) Concurrent Cleanup for Next Mark 1.012ms
[2023-11-11T11:51:33.316+0100][7.627s] GC(3) Concurrent Mark Cycle 12.184ms
[2023-11-11T11:51:33.583+0100][7.893s] GC(4) Pause Young (Concurrent Start) (CodeCache GC Threshold)
[2023-11-11T11:51:33.583+0100][7.893s] GC(4) Using 10 workers of 10 for evacuation
[2023-11-11T11:51:33.587+0100][7.897s] GC(4)   Pre Evacuate Collection Set: 0.2ms
[2023-11-11T11:51:33.587+0100][7.897s] GC(4)   Merge Heap Roots: 0.1ms
[2023-11-11T11:51:33.587+0100][7.897s] GC(4)   Evacuate Collection Set: 3.2ms
[2023-11-11T11:51:33.587+0100][7.897s] GC(4)   Post Evacuate Collection Set: 0.5ms
[2023-11-11T11:51:33.587+0100][7.897s] GC(4)   Other: 0.1ms
[2023-11-11T11:51:33.587+0100][7.897s] GC(4) Eden regions: 23->0(294)
[2023-11-11T11:51:33.587+0100][7.897s] GC(4) Survivor regions: 11->13(39)
[2023-11-11T11:51:33.587+0100][7.897s] GC(4) Old regions: 9->9
[2023-11-11T11:51:33.587+0100][7.897s] GC(4) Archive regions: 0->0
[2023-11-11T11:51:33.587+0100][7.897s] GC(4) Humongous regions: 5->4
[2023-11-11T11:51:33.587+0100][7.897s] GC(4) Metaspace: 23645K(24064K)->23645K(24064K) NonClass: 20938K(21184K)->20938K(21184K) Class: 2707K(2880K)->2707K(2880K)
[2023-11-11T11:51:33.587+0100][7.897s] GC(4) Pause Young (Concurrent Start) (CodeCache GC Threshold) 47M->25M(512M) 4.330ms
[2023-11-11T11:51:33.587+0100][7.898s] GC(4) User=0.00s Sys=0.00s Real=0.00s
[2023-11-11T11:51:33.587+0100][7.898s] GC(5) Concurrent Mark Cycle
[2023-11-11T11:51:33.587+0100][7.898s] GC(5) Concurrent Clear Claimed Marks
[2023-11-11T11:51:33.587+0100][7.898s] GC(5) Concurrent Clear Claimed Marks 0.025ms
[2023-11-11T11:51:33.587+0100][7.898s] GC(5) Concurrent Scan Root Regions
[2023-11-11T11:51:33.589+0100][7.899s] GC(5) Concurrent Scan Root Regions 1.642ms
[2023-11-11T11:51:33.589+0100][7.899s] GC(5) Concurrent Mark
[2023-11-11T11:51:33.589+0100][7.899s] GC(5) Concurrent Mark From Roots
[2023-11-11T11:51:33.589+0100][7.899s] GC(5) Using 3 workers of 3 for marking
[2023-11-11T11:51:33.594+0100][7.904s] GC(5) Concurrent Mark From Roots 5.006ms
[2023-11-11T11:51:33.594+0100][7.904s] GC(5) Concurrent Preclean
[2023-11-11T11:51:33.594+0100][7.904s] GC(5) Concurrent Preclean 0.038ms
[2023-11-11T11:51:33.594+0100][7.905s] GC(5) Pause Remark
[2023-11-11T11:51:33.595+0100][7.906s] GC(5) Pause Remark 26M->26M(512M) 1.180ms
[2023-11-11T11:51:33.596+0100][7.906s] GC(5) User=0.00s Sys=0.00s Real=0.00s
[2023-11-11T11:51:33.596+0100][7.906s] GC(5) Concurrent Mark 6.582ms
[2023-11-11T11:51:33.596+0100][7.906s] GC(5) Concurrent Rebuild Remembered Sets
[2023-11-11T11:51:33.598+0100][7.908s] GC(5) Concurrent Rebuild Remembered Sets 2.425ms
[2023-11-11T11:51:33.598+0100][7.908s] GC(5) Pause Cleanup
[2023-11-11T11:51:33.598+0100][7.909s] GC(5) Pause Cleanup 26M->26M(512M) 0.190ms
[2023-11-11T11:51:33.598+0100][7.909s] GC(5) User=0.00s Sys=0.00s Real=0.00s
[2023-11-11T11:51:33.599+0100][7.909s] GC(5) Concurrent Cleanup for Next Mark
[2023-11-11T11:51:33.599+0100][7.909s] GC(5) Concurrent Cleanup for Next Mark 0.640ms
[2023-11-11T11:51:33.599+0100][7.909s] GC(5) Concurrent Mark Cycle 11.917ms
[2023-11-11T11:51:54.283+0100][28.594s] GC(6) Pause Young (Prepare Mixed) (Metadata GC Threshold)
[2023-11-11T11:51:54.283+0100][28.594s] GC(6) Using 10 workers of 10 for evacuation
[2023-11-11T11:51:54.290+0100][28.601s] GC(6)   Pre Evacuate Collection Set: 0.1ms
[2023-11-11T11:51:54.290+0100][28.601s] GC(6)   Merge Heap Roots: 0.1ms
[2023-11-11T11:51:54.290+0100][28.601s] GC(6)   Evacuate Collection Set: 6.2ms
[2023-11-11T11:51:54.290+0100][28.601s] GC(6)   Post Evacuate Collection Set: 0.7ms
[2023-11-11T11:51:54.290+0100][28.601s] GC(6)   Other: 0.1ms
[2023-11-11T11:51:54.290+0100][28.601s] GC(6) Eden regions: 121->0(6)
[2023-11-11T11:51:54.290+0100][28.601s] GC(6) Survivor regions: 13->19(39)
[2023-11-11T11:51:54.290+0100][28.601s] GC(6) Old regions: 9->9
[2023-11-11T11:51:54.290+0100][28.601s] GC(6) Archive regions: 0->0
[2023-11-11T11:51:54.290+0100][28.601s] GC(6) Humongous regions: 4->4
[2023-11-11T11:51:54.290+0100][28.601s] GC(6) Metaspace: 39850K(40320K)->39850K(40320K) NonClass: 35253K(35456K)->35253K(35456K) Class: 4597K(4864K)->4597K(4864K)
[2023-11-11T11:51:54.290+0100][28.601s] GC(6) Pause Young (Prepare Mixed) (Metadata GC Threshold) 145M->30M(512M) 7.352ms
[2023-11-11T11:51:54.290+0100][28.601s] GC(6) User=0.00s Sys=0.00s Real=0.01s
[2023-11-11T11:51:54.315+0100][28.626s] GC(7) Pause Young (Mixed) (Metadata GC Threshold)
[2023-11-11T11:51:54.315+0100][28.626s] GC(7) Using 10 workers of 10 for evacuation
[2023-11-11T11:51:54.323+0100][28.633s] GC(7)   Pre Evacuate Collection Set: 0.1ms
[2023-11-11T11:51:54.323+0100][28.633s] GC(7)   Merge Heap Roots: 0.0ms
[2023-11-11T11:51:54.323+0100][28.633s] GC(7)   Evacuate Collection Set: 6.3ms
[2023-11-11T11:51:54.323+0100][28.633s] GC(7)   Post Evacuate Collection Set: 0.6ms
[2023-11-11T11:51:54.323+0100][28.633s] GC(7)   Other: 0.1ms
[2023-11-11T11:51:54.323+0100][28.633s] GC(7) Eden regions: 4->0(304)
[2023-11-11T11:51:54.323+0100][28.633s] GC(7) Survivor regions: 19->3(4)
[2023-11-11T11:51:54.323+0100][28.633s] GC(7) Old regions: 9->27
[2023-11-11T11:51:54.323+0100][28.633s] GC(7) Archive regions: 0->0
[2023-11-11T11:51:54.323+0100][28.633s] GC(7) Humongous regions: 4->4
[2023-11-11T11:51:54.323+0100][28.633s] GC(7) Metaspace: 40185K(40640K)->40185K(40640K) NonClass: 35537K(35776K)->35537K(35776K) Class: 4647K(4864K)->4647K(4864K)
[2023-11-11T11:51:54.323+0100][28.633s] GC(7) Pause Young (Mixed) (Metadata GC Threshold) 34M->32M(512M) 7.324ms
[2023-11-11T11:51:54.323+0100][28.633s] GC(7) User=0.00s Sys=0.00s Real=0.01s
[2023-11-11T11:51:54.354+0100][28.665s] GC(8) Pause Young (Concurrent Start) (Metadata GC Threshold)
[2023-11-11T11:51:54.354+0100][28.665s] GC(8) Using 10 workers of 10 for evacuation
[2023-11-11T11:51:54.356+0100][28.666s] GC(8)   Pre Evacuate Collection Set: 0.1ms
[2023-11-11T11:51:54.356+0100][28.666s] GC(8)   Merge Heap Roots: 0.1ms
[2023-11-11T11:51:54.356+0100][28.666s] GC(8)   Evacuate Collection Set: 0.7ms
[2023-11-11T11:51:54.356+0100][28.666s] GC(8)   Post Evacuate Collection Set: 0.4ms
[2023-11-11T11:51:54.356+0100][28.666s] GC(8)   Other: 0.1ms
[2023-11-11T11:51:54.356+0100][28.666s] GC(8) Eden regions: 4->0(306)
[2023-11-11T11:51:54.356+0100][28.666s] GC(8) Survivor regions: 3->1(39)
[2023-11-11T11:51:54.356+0100][28.666s] GC(8) Old regions: 27->27
[2023-11-11T11:51:54.356+0100][28.666s] GC(8) Archive regions: 0->0
[2023-11-11T11:51:54.356+0100][28.666s] GC(8) Humongous regions: 4->4
[2023-11-11T11:51:54.356+0100][28.666s] GC(8) Metaspace: 40492K(40960K)->40492K(40960K) NonClass: 35793K(36032K)->35793K(36032K) Class: 4699K(4928K)->4699K(4928K)
[2023-11-11T11:51:54.356+0100][28.666s] GC(8) Pause Young (Concurrent Start) (Metadata GC Threshold) 36M->30M(512M) 1.560ms
[2023-11-11T11:51:54.356+0100][28.666s] GC(9) Concurrent Mark Cycle
[2023-11-11T11:51:54.356+0100][28.666s] GC(8) User=0.00s Sys=0.00s Real=0.00s
[2023-11-11T11:51:54.356+0100][28.666s] GC(9) Concurrent Clear Claimed Marks
[2023-11-11T11:51:54.356+0100][28.666s] GC(9) Concurrent Clear Claimed Marks 0.092ms
[2023-11-11T11:51:54.356+0100][28.666s] GC(9) Concurrent Scan Root Regions
[2023-11-11T11:51:54.357+0100][28.667s] GC(9) Concurrent Scan Root Regions 1.019ms
[2023-11-11T11:51:54.357+0100][28.667s] GC(9) Concurrent Mark
[2023-11-11T11:51:54.357+0100][28.667s] GC(9) Concurrent Mark From Roots
[2023-11-11T11:51:54.357+0100][28.667s] GC(9) Using 3 workers of 3 for marking
[2023-11-11T11:51:54.407+0100][28.717s] GC(9) Concurrent Mark From Roots 50.073ms
[2023-11-11T11:51:54.407+0100][28.718s] GC(9) Concurrent Preclean
[2023-11-11T11:51:54.408+0100][28.718s] GC(9) Concurrent Preclean 0.154ms
[2023-11-11T11:51:54.408+0100][28.718s] GC(9) Pause Remark
[2023-11-11T11:51:54.410+0100][28.720s] GC(9) Pause Remark 33M->33M(512M) 1.864ms
[2023-11-11T11:51:54.410+0100][28.720s] GC(9) User=0.00s Sys=0.00s Real=0.00s
[2023-11-11T11:51:54.410+0100][28.720s] GC(9) Concurrent Mark 52.963ms
[2023-11-11T11:51:54.410+0100][28.720s] GC(9) Concurrent Rebuild Remembered Sets
[2023-11-11T11:51:54.418+0100][28.728s] GC(9) Concurrent Rebuild Remembered Sets 8.005ms
[2023-11-11T11:51:54.418+0100][28.728s] GC(9) Pause Cleanup
[2023-11-11T11:51:54.418+0100][28.729s] GC(9) Pause Cleanup 34M->34M(512M) 0.089ms
[2023-11-11T11:51:54.418+0100][28.729s] GC(9) User=0.00s Sys=0.00s Real=0.00s
[2023-11-11T11:51:54.418+0100][28.729s] GC(9) Concurrent Cleanup for Next Mark
[2023-11-11T11:51:54.419+0100][28.729s] GC(9) Concurrent Cleanup for Next Mark 0.779ms
[2023-11-11T11:51:54.419+0100][28.729s] GC(9) Concurrent Mark Cycle 63.255ms
[2023-11-11T11:51:54.605+0100][28.916s] GC(10) Pause Young (Concurrent Start) (CodeCache GC Threshold)
[2023-11-11T11:51:54.606+0100][28.916s] GC(10) Using 10 workers of 10 for evacuation
[2023-11-11T11:51:54.607+0100][28.918s] GC(10)   Pre Evacuate Collection Set: 0.1ms
[2023-11-11T11:51:54.607+0100][28.918s] GC(10)   Merge Heap Roots: 0.0ms
[2023-11-11T11:51:54.607+0100][28.918s] GC(10)   Evacuate Collection Set: 1.4ms
[2023-11-11T11:51:54.607+0100][28.918s] GC(10)   Post Evacuate Collection Set: 0.2ms
[2023-11-11T11:51:54.607+0100][28.918s] GC(10)   Other: 0.1ms
[2023-11-11T11:51:54.607+0100][28.918s] GC(10) Eden regions: 22->0(305)
[2023-11-11T11:51:54.607+0100][28.918s] GC(10) Survivor regions: 1->2(39)
[2023-11-11T11:51:54.608+0100][28.918s] GC(10) Old regions: 27->27
[2023-11-11T11:51:54.608+0100][28.918s] GC(10) Archive regions: 0->0
[2023-11-11T11:51:54.608+0100][28.918s] GC(10) Humongous regions: 4->4
[2023-11-11T11:51:54.608+0100][28.918s] GC(10) Metaspace: 43166K(43712K)->43166K(43712K) NonClass: 38107K(38400K)->38107K(38400K) Class: 5058K(5312K)->5058K(5312K)
[2023-11-11T11:51:54.608+0100][28.918s] GC(10) Pause Young (Concurrent Start) (CodeCache GC Threshold) 52M->31M(512M) 2.156ms
[2023-11-11T11:51:54.608+0100][28.918s] GC(11) Concurrent Mark Cycle
[2023-11-11T11:51:54.608+0100][28.918s] GC(10) User=0.00s Sys=0.00s Real=0.00s
[2023-11-11T11:51:54.608+0100][28.918s] GC(11) Concurrent Clear Claimed Marks
[2023-11-11T11:51:54.608+0100][28.918s] GC(11) Concurrent Clear Claimed Marks 0.111ms
[2023-11-11T11:51:54.608+0100][28.918s] GC(11) Concurrent Scan Root Regions
[2023-11-11T11:51:54.610+0100][28.920s] GC(11) Concurrent Scan Root Regions 1.966ms
[2023-11-11T11:51:54.610+0100][28.920s] GC(11) Concurrent Mark
[2023-11-11T11:51:54.610+0100][28.920s] GC(11) Concurrent Mark From Roots
[2023-11-11T11:51:54.610+0100][28.920s] GC(11) Using 3 workers of 3 for marking
[2023-11-11T11:51:54.631+0100][28.942s] GC(11) Concurrent Mark From Roots 21.195ms
[2023-11-11T11:51:54.631+0100][28.942s] GC(11) Concurrent Preclean
[2023-11-11T11:51:54.631+0100][28.942s] GC(11) Concurrent Preclean 0.082ms
[2023-11-11T11:51:54.631+0100][28.942s] GC(11) Pause Remark
[2023-11-11T11:51:54.633+0100][28.943s] GC(11) Pause Remark 34M->34M(512M) 1.421ms
[2023-11-11T11:51:54.633+0100][28.943s] GC(11) User=0.00s Sys=0.00s Real=0.00s
[2023-11-11T11:51:54.633+0100][28.943s] GC(11) Concurrent Mark 23.018ms
[2023-11-11T11:51:54.633+0100][28.943s] GC(11) Concurrent Rebuild Remembered Sets
[2023-11-11T11:51:54.641+0100][28.952s] GC(11) Concurrent Rebuild Remembered Sets 8.403ms
[2023-11-11T11:51:54.642+0100][28.952s] GC(11) Pause Cleanup
[2023-11-11T11:51:54.642+0100][28.952s] GC(11) Pause Cleanup 34M->34M(512M) 0.119ms
[2023-11-11T11:51:54.642+0100][28.952s] GC(11) User=0.00s Sys=0.00s Real=0.00s
[2023-11-11T11:51:54.642+0100][28.952s] GC(11) Concurrent Cleanup for Next Mark
[2023-11-11T11:51:54.643+0100][28.953s] GC(11) Concurrent Cleanup for Next Mark 0.856ms
[2023-11-11T11:51:54.643+0100][28.953s] GC(11) Concurrent Mark Cycle 34.914ms
[2023-11-11T11:51:54.750+0100][29.060s] GC(12) Pause Young (Concurrent Start) (CodeCache GC Threshold)
[2023-11-11T11:51:54.750+0100][29.060s] GC(12) Using 10 workers of 10 for evacuation
[2023-11-11T11:51:54.752+0100][29.062s] GC(12)   Pre Evacuate Collection Set: 0.1ms
[2023-11-11T11:51:54.752+0100][29.062s] GC(12)   Merge Heap Roots: 0.1ms
[2023-11-11T11:51:54.752+0100][29.062s] GC(12)   Evacuate Collection Set: 1.5ms
[2023-11-11T11:51:54.752+0100][29.062s] GC(12)   Post Evacuate Collection Set: 0.4ms
[2023-11-11T11:51:54.752+0100][29.062s] GC(12)   Other: 0.1ms
[2023-11-11T11:51:54.752+0100][29.062s] GC(12) Eden regions: 12->0(304)
[2023-11-11T11:51:54.752+0100][29.062s] GC(12) Survivor regions: 2->3(39)
[2023-11-11T11:51:54.752+0100][29.062s] GC(12) Old regions: 27->27
[2023-11-11T11:51:54.752+0100][29.062s] GC(12) Archive regions: 0->0
[2023-11-11T11:51:54.752+0100][29.062s] GC(12) Humongous regions: 4->4
[2023-11-11T11:51:54.752+0100][29.062s] GC(12) Metaspace: 44141K(44608K)->44141K(44608K) NonClass: 38950K(39168K)->38950K(39168K) Class: 5190K(5440K)->5190K(5440K)
[2023-11-11T11:51:54.752+0100][29.062s] GC(12) Pause Young (Concurrent Start) (CodeCache GC Threshold) 43M->32M(512M) 2.490ms
[2023-11-11T11:51:54.752+0100][29.062s] GC(12) User=0.00s Sys=0.00s Real=0.00s
[2023-11-11T11:51:54.752+0100][29.062s] GC(13) Concurrent Mark Cycle
[2023-11-11T11:51:54.752+0100][29.062s] GC(13) Concurrent Clear Claimed Marks
[2023-11-11T11:51:54.752+0100][29.062s] GC(13) Concurrent Clear Claimed Marks 0.044ms
[2023-11-11T11:51:54.752+0100][29.062s] GC(13) Concurrent Scan Root Regions
[2023-11-11T11:51:54.754+0100][29.064s] GC(13) Concurrent Scan Root Regions 1.655ms
[2023-11-11T11:51:54.754+0100][29.064s] GC(13) Concurrent Mark
[2023-11-11T11:51:54.754+0100][29.064s] GC(13) Concurrent Mark From Roots
[2023-11-11T11:51:54.754+0100][29.064s] GC(13) Using 3 workers of 3 for marking
[2023-11-11T11:51:54.771+0100][29.081s] GC(13) Concurrent Mark From Roots 17.046ms
[2023-11-11T11:51:54.771+0100][29.081s] GC(13) Concurrent Preclean
[2023-11-11T11:51:54.771+0100][29.081s] GC(13) Concurrent Preclean 0.073ms
[2023-11-11T11:51:54.771+0100][29.081s] GC(13) Pause Remark
[2023-11-11T11:51:54.773+0100][29.083s] GC(13) Pause Remark 35M->35M(512M) 1.306ms
[2023-11-11T11:51:54.773+0100][29.083s] GC(13) User=0.00s Sys=0.00s Real=0.00s
[2023-11-11T11:51:54.773+0100][29.083s] GC(13) Concurrent Mark 18.743ms
[2023-11-11T11:51:54.773+0100][29.083s] GC(13) Concurrent Rebuild Remembered Sets
[2023-11-11T11:51:54.779+0100][29.090s] GC(13) Concurrent Rebuild Remembered Sets 7.131ms
[2023-11-11T11:51:54.779+0100][29.090s] GC(13) Pause Cleanup
[2023-11-11T11:51:54.779+0100][29.090s] GC(13) Pause Cleanup 35M->35M(512M) 0.113ms
[2023-11-11T11:51:54.779+0100][29.090s] GC(13) User=0.00s Sys=0.00s Real=0.00s
[2023-11-11T11:51:54.779+0100][29.090s] GC(13) Concurrent Cleanup for Next Mark
[2023-11-11T11:51:54.781+0100][29.092s] GC(13) Concurrent Cleanup for Next Mark 1.069ms
[2023-11-11T11:51:54.781+0100][29.092s] GC(13) Concurrent Mark Cycle 29.224ms
[2023-11-11T11:54:40.697+0100][195.007s] GC(14) Pause Young (Concurrent Start) (CodeCache GC Threshold)
[2023-11-11T11:54:40.697+0100][195.007s] GC(14) Using 10 workers of 10 for evacuation
[2023-11-11T11:54:40.706+0100][195.017s] GC(14)   Pre Evacuate Collection Set: 0.2ms
[2023-11-11T11:54:40.706+0100][195.017s] GC(14)   Merge Heap Roots: 0.1ms
[2023-11-11T11:54:40.706+0100][195.017s] GC(14)   Evacuate Collection Set: 8.0ms
[2023-11-11T11:54:40.706+0100][195.017s] GC(14)   Post Evacuate Collection Set: 1.0ms
[2023-11-11T11:54:40.706+0100][195.017s] GC(14)   Other: 0.1ms
[2023-11-11T11:54:40.706+0100][195.017s] GC(14) Eden regions: 272->0(289)
[2023-11-11T11:54:40.706+0100][195.017s] GC(14) Survivor regions: 3->18(39)
[2023-11-11T11:54:40.706+0100][195.017s] GC(14) Old regions: 27->27
[2023-11-11T11:54:40.706+0100][195.017s] GC(14) Archive regions: 0->0
[2023-11-11T11:54:40.706+0100][195.017s] GC(14) Humongous regions: 4->4
[2023-11-11T11:54:40.706+0100][195.017s] GC(14) Metaspace: 57708K(58368K)->57708K(58368K) NonClass: 50856K(51200K)->50856K(51200K) Class: 6852K(7168K)->6852K(7168K)
[2023-11-11T11:54:40.706+0100][195.017s] GC(14) Pause Young (Concurrent Start) (CodeCache GC Threshold) 304M->48M(512M) 9.679ms
[2023-11-11T11:54:40.706+0100][195.017s] GC(14) User=0.14s Sys=0.02s Real=0.01s
[2023-11-11T11:54:40.706+0100][195.017s] GC(15) Concurrent Mark Cycle
[2023-11-11T11:54:40.706+0100][195.017s] GC(15) Concurrent Clear Claimed Marks
[2023-11-11T11:54:40.706+0100][195.017s] GC(15) Concurrent Clear Claimed Marks 0.054ms
[2023-11-11T11:54:40.706+0100][195.017s] GC(15) Concurrent Scan Root Regions
[2023-11-11T11:54:40.710+0100][195.021s] GC(15) Concurrent Scan Root Regions 4.407ms
[2023-11-11T11:54:40.710+0100][195.021s] GC(15) Concurrent Mark
[2023-11-11T11:54:40.710+0100][195.021s] GC(15) Concurrent Mark From Roots
[2023-11-11T11:54:40.710+0100][195.021s] GC(15) Using 3 workers of 3 for marking
[2023-11-11T11:54:40.725+0100][195.036s] GC(15) Concurrent Mark From Roots 14.741ms
[2023-11-11T11:54:40.725+0100][195.036s] GC(15) Concurrent Preclean
[2023-11-11T11:54:40.725+0100][195.036s] GC(15) Concurrent Preclean 0.081ms
[2023-11-11T11:54:40.725+0100][195.036s] GC(15) Pause Remark
[2023-11-11T11:54:40.727+0100][195.038s] GC(15) Pause Remark 50M->50M(512M) 1.721ms
[2023-11-11T11:54:40.727+0100][195.038s] GC(15) User=0.00s Sys=0.00s Real=0.00s
[2023-11-11T11:54:40.727+0100][195.038s] GC(15) Concurrent Mark 16.861ms
[2023-11-11T11:54:40.727+0100][195.038s] GC(15) Concurrent Rebuild Remembered Sets
[2023-11-11T11:54:40.733+0100][195.044s] GC(15) Concurrent Rebuild Remembered Sets 5.778ms
[2023-11-11T11:54:40.733+0100][195.044s] GC(15) Pause Cleanup
[2023-11-11T11:54:40.733+0100][195.044s] GC(15) Pause Cleanup 50M->50M(512M) 0.086ms
[2023-11-11T11:54:40.734+0100][195.044s] GC(15) User=0.00s Sys=0.02s Real=0.00s
[2023-11-11T11:54:40.734+0100][195.045s] GC(15) Concurrent Cleanup for Next Mark
[2023-11-11T11:54:40.735+0100][195.046s] GC(15) Concurrent Cleanup for Next Mark 1.021ms
[2023-11-11T11:54:40.735+0100][195.046s] GC(15) Concurrent Mark Cycle 28.782ms
[2023-11-11T11:54:45.645+0100][199.955s] GC(16) Pause Young (Normal) (G1 Evacuation Pause)
[2023-11-11T11:54:45.645+0100][199.955s] GC(16) Using 10 workers of 10 for evacuation
[2023-11-11T11:54:45.653+0100][199.963s] GC(16)   Pre Evacuate Collection Set: 0.1ms
[2023-11-11T11:54:45.653+0100][199.963s] GC(16)   Merge Heap Roots: 0.1ms
[2023-11-11T11:54:45.653+0100][199.963s] GC(16)   Evacuate Collection Set: 6.9ms
[2023-11-11T11:54:45.653+0100][199.963s] GC(16)   Post Evacuate Collection Set: 0.9ms
[2023-11-11T11:54:45.653+0100][199.963s] GC(16)   Other: 0.1ms
[2023-11-11T11:54:45.653+0100][199.963s] GC(16) Eden regions: 289->0(285)
[2023-11-11T11:54:45.653+0100][199.963s] GC(16) Survivor regions: 18->22(39)
[2023-11-11T11:54:45.653+0100][199.963s] GC(16) Old regions: 27->27
[2023-11-11T11:54:45.653+0100][199.963s] GC(16) Archive regions: 0->0
[2023-11-11T11:54:45.653+0100][199.963s] GC(16) Humongous regions: 4->4
[2023-11-11T11:54:45.653+0100][199.963s] GC(16) Metaspace: 59284K(59904K)->59284K(59904K) NonClass: 52366K(52672K)->52366K(52672K) Class: 6918K(7232K)->6918K(7232K)
[2023-11-11T11:54:45.653+0100][199.963s] GC(16) Pause Young (Normal) (G1 Evacuation Pause) 337M->51M(512M) 8.394ms
[2023-11-11T11:54:45.653+0100][199.963s] GC(16) User=0.00s Sys=0.00s Real=0.01s
[2023-11-11T11:54:48.903+0100][203.213s] GC(17) Pause Young (Concurrent Start) (CodeCache GC Threshold)
[2023-11-11T11:54:48.903+0100][203.213s] GC(17) Using 10 workers of 10 for evacuation
[2023-11-11T11:54:48.910+0100][203.220s] GC(17)   Pre Evacuate Collection Set: 0.1ms
[2023-11-11T11:54:48.910+0100][203.220s] GC(17)   Merge Heap Roots: 0.1ms
[2023-11-11T11:54:48.910+0100][203.220s] GC(17)   Evacuate Collection Set: 6.0ms
[2023-11-11T11:54:48.910+0100][203.220s] GC(17)   Post Evacuate Collection Set: 1.0ms
[2023-11-11T11:54:48.910+0100][203.220s] GC(17)   Other: 0.1ms
[2023-11-11T11:54:48.910+0100][203.220s] GC(17) Eden regions: 194->0(284)
[2023-11-11T11:54:48.910+0100][203.220s] GC(17) Survivor regions: 22->23(39)
[2023-11-11T11:54:48.910+0100][203.220s] GC(17) Old regions: 27->28
[2023-11-11T11:54:48.910+0100][203.220s] GC(17) Archive regions: 0->0
[2023-11-11T11:54:48.910+0100][203.220s] GC(17) Humongous regions: 4->4
[2023-11-11T11:54:48.910+0100][203.220s] GC(17) Metaspace: 59676K(60288K)->59676K(60288K) NonClass: 52757K(53056K)->52757K(53056K) Class: 6919K(7232K)->6919K(7232K)
[2023-11-11T11:54:48.910+0100][203.220s] GC(17) Pause Young (Concurrent Start) (CodeCache GC Threshold) 245M->54M(512M) 7.537ms
[2023-11-11T11:54:48.910+0100][203.220s] GC(17) User=0.17s Sys=0.00s Real=0.01s
[2023-11-11T11:54:48.910+0100][203.220s] GC(18) Concurrent Mark Cycle
[2023-11-11T11:54:48.910+0100][203.220s] GC(18) Concurrent Clear Claimed Marks
[2023-11-11T11:54:48.910+0100][203.221s] GC(18) Concurrent Clear Claimed Marks 0.065ms
[2023-11-11T11:54:48.910+0100][203.221s] GC(18) Concurrent Scan Root Regions
[2023-11-11T11:54:48.915+0100][203.226s] GC(18) Concurrent Scan Root Regions 4.997ms
[2023-11-11T11:54:48.915+0100][203.226s] GC(18) Concurrent Mark
[2023-11-11T11:54:48.915+0100][203.226s] GC(18) Concurrent Mark From Roots
[2023-11-11T11:54:48.915+0100][203.226s] GC(18) Using 3 workers of 3 for marking
[2023-11-11T11:54:48.933+0100][203.243s] GC(18) Concurrent Mark From Roots 17.281ms
[2023-11-11T11:54:48.933+0100][203.243s] GC(18) Concurrent Preclean
[2023-11-11T11:54:48.933+0100][203.243s] GC(18) Concurrent Preclean 0.097ms
[2023-11-11T11:54:48.933+0100][203.243s] GC(18) Pause Remark
[2023-11-11T11:54:48.935+0100][203.245s] GC(18) Pause Remark 55M->55M(512M) 2.236ms
[2023-11-11T11:54:48.935+0100][203.245s] GC(18) User=0.00s Sys=0.00s Real=0.00s
[2023-11-11T11:54:48.935+0100][203.246s] GC(18) Concurrent Mark 19.951ms
[2023-11-11T11:54:48.935+0100][203.246s] GC(18) Concurrent Rebuild Remembered Sets
[2023-11-11T11:54:48.942+0100][203.252s] GC(18) Concurrent Rebuild Remembered Sets 6.061ms
[2023-11-11T11:54:48.942+0100][203.252s] GC(18) Pause Cleanup
[2023-11-11T11:54:48.942+0100][203.252s] GC(18) Pause Cleanup 55M->55M(512M) 0.143ms
[2023-11-11T11:54:48.942+0100][203.252s] GC(18) User=0.00s Sys=0.00s Real=0.00s
[2023-11-11T11:54:48.942+0100][203.252s] GC(18) Concurrent Cleanup for Next Mark
[2023-11-11T11:54:48.943+0100][203.253s] GC(18) Concurrent Cleanup for Next Mark 1.156ms
[2023-11-11T11:54:48.943+0100][203.253s] GC(18) Concurrent Mark Cycle 32.807ms
[2023-11-11T11:54:50.189+0100][204.499s] GC(19) Pause Young (Concurrent Start) (CodeCache GC Threshold)
[2023-11-11T11:54:50.189+0100][204.499s] GC(19) Using 10 workers of 10 for evacuation
[2023-11-11T11:54:50.197+0100][204.507s] GC(19)   Pre Evacuate Collection Set: 0.1ms
[2023-11-11T11:54:50.197+0100][204.507s] GC(19)   Merge Heap Roots: 0.2ms
[2023-11-11T11:54:50.197+0100][204.507s] GC(19)   Evacuate Collection Set: 6.4ms
[2023-11-11T11:54:50.197+0100][204.507s] GC(19)   Post Evacuate Collection Set: 0.8ms
[2023-11-11T11:54:50.197+0100][204.507s] GC(19)   Other: 0.1ms
[2023-11-11T11:54:50.197+0100][204.507s] GC(19) Eden regions: 74->0(298)
[2023-11-11T11:54:50.197+0100][204.507s] GC(19) Survivor regions: 23->9(39)
[2023-11-11T11:54:50.197+0100][204.507s] GC(19) Old regions: 28->43
[2023-11-11T11:54:50.197+0100][204.507s] GC(19) Archive regions: 0->0
[2023-11-11T11:54:50.197+0100][204.507s] GC(19) Humongous regions: 4->4
[2023-11-11T11:54:50.197+0100][204.507s] GC(19) Metaspace: 59761K(60416K)->59761K(60416K) NonClass: 52842K(53184K)->52842K(53184K) Class: 6919K(7232K)->6919K(7232K)
[2023-11-11T11:54:50.197+0100][204.507s] GC(19) Pause Young (Concurrent Start) (CodeCache GC Threshold) 128M->55M(512M) 7.757ms
[2023-11-11T11:54:50.197+0100][204.507s] GC(19) User=0.00s Sys=0.00s Real=0.01s
[2023-11-11T11:54:50.197+0100][204.507s] GC(20) Concurrent Mark Cycle
[2023-11-11T11:54:50.197+0100][204.507s] GC(20) Concurrent Clear Claimed Marks
[2023-11-11T11:54:50.197+0100][204.507s] GC(20) Concurrent Clear Claimed Marks 0.046ms
[2023-11-11T11:54:50.197+0100][204.507s] GC(20) Concurrent Scan Root Regions
[2023-11-11T11:54:50.201+0100][204.511s] GC(20) Concurrent Scan Root Regions 4.399ms
[2023-11-11T11:54:50.201+0100][204.512s] GC(20) Concurrent Mark
[2023-11-11T11:54:50.201+0100][204.512s] GC(20) Concurrent Mark From Roots
[2023-11-11T11:54:50.201+0100][204.512s] GC(20) Using 3 workers of 3 for marking
[2023-11-11T11:54:50.215+0100][204.525s] GC(20) Concurrent Mark From Roots 13.263ms
[2023-11-11T11:54:50.215+0100][204.525s] GC(20) Concurrent Preclean
[2023-11-11T11:54:50.215+0100][204.525s] GC(20) Concurrent Preclean 0.093ms
[2023-11-11T11:54:50.215+0100][204.525s] GC(20) Pause Remark
[2023-11-11T11:54:50.217+0100][204.527s] GC(20) Pause Remark 55M->55M(512M) 2.067ms
[2023-11-11T11:54:50.217+0100][204.527s] GC(20) User=0.00s Sys=0.00s Real=0.00s
[2023-11-11T11:54:50.217+0100][204.527s] GC(20) Concurrent Mark 15.724ms
[2023-11-11T11:54:50.217+0100][204.527s] GC(20) Concurrent Rebuild Remembered Sets
[2023-11-11T11:54:50.224+0100][204.534s] GC(20) Concurrent Rebuild Remembered Sets 7.043ms
[2023-11-11T11:54:50.224+0100][204.535s] GC(20) Pause Cleanup
[2023-11-11T11:54:50.225+0100][204.535s] GC(20) Pause Cleanup 55M->55M(512M) 0.152ms
[2023-11-11T11:54:50.225+0100][204.535s] GC(20) User=0.00s Sys=0.00s Real=0.00s
[2023-11-11T11:54:50.225+0100][204.535s] GC(20) Concurrent Cleanup for Next Mark
[2023-11-11T11:54:50.225+0100][204.535s] GC(20) Concurrent Cleanup for Next Mark 0.597ms
[2023-11-11T11:54:50.225+0100][204.535s] GC(20) Concurrent Mark Cycle 28.356ms
[2023-11-11T11:54:51.879+0100][206.189s] GC(21) Pause Young (Concurrent Start) (CodeCache GC Threshold)
[2023-11-11T11:54:51.879+0100][206.189s] GC(21) Using 10 workers of 10 for evacuation
[2023-11-11T11:54:51.881+0100][206.191s] GC(21)   Pre Evacuate Collection Set: 0.1ms
[2023-11-11T11:54:51.881+0100][206.191s] GC(21)   Merge Heap Roots: 0.2ms
[2023-11-11T11:54:51.881+0100][206.191s] GC(21)   Evacuate Collection Set: 1.3ms
[2023-11-11T11:54:51.881+0100][206.191s] GC(21)   Post Evacuate Collection Set: 0.4ms
[2023-11-11T11:54:51.881+0100][206.191s] GC(21)   Other: 0.1ms
[2023-11-11T11:54:51.881+0100][206.191s] GC(21) Eden regions: 104->0(298)
[2023-11-11T11:54:51.881+0100][206.191s] GC(21) Survivor regions: 9->9(39)
[2023-11-11T11:54:51.881+0100][206.191s] GC(21) Old regions: 43->43
[2023-11-11T11:54:51.881+0100][206.191s] GC(21) Archive regions: 0->0
[2023-11-11T11:54:51.881+0100][206.191s] GC(21) Humongous regions: 4->4
[2023-11-11T11:54:51.881+0100][206.192s] GC(21) Metaspace: 60102K(60736K)->60102K(60736K) NonClass: 53182K(53504K)->53182K(53504K) Class: 6919K(7232K)->6919K(7232K)
[2023-11-11T11:54:51.881+0100][206.192s] GC(21) Pause Young (Concurrent Start) (CodeCache GC Threshold) 159M->55M(512M) 2.474ms
[2023-11-11T11:54:51.881+0100][206.192s] GC(21) User=0.00s Sys=0.00s Real=0.00s
[2023-11-11T11:54:51.881+0100][206.192s] GC(22) Concurrent Mark Cycle
[2023-11-11T11:54:51.881+0100][206.192s] GC(22) Concurrent Clear Claimed Marks
[2023-11-11T11:54:51.881+0100][206.192s] GC(22) Concurrent Clear Claimed Marks 0.043ms
[2023-11-11T11:54:51.881+0100][206.192s] GC(22) Concurrent Scan Root Regions
[2023-11-11T11:54:51.882+0100][206.193s] GC(22) Concurrent Scan Root Regions 1.008ms
[2023-11-11T11:54:51.882+0100][206.193s] GC(22) Concurrent Mark
[2023-11-11T11:54:51.882+0100][206.193s] GC(22) Concurrent Mark From Roots
[2023-11-11T11:54:51.882+0100][206.193s] GC(22) Using 3 workers of 3 for marking
[2023-11-11T11:54:51.904+0100][206.214s] GC(22) Concurrent Mark From Roots 21.583ms
[2023-11-11T11:54:51.904+0100][206.214s] GC(22) Concurrent Preclean
[2023-11-11T11:54:51.904+0100][206.214s] GC(22) Concurrent Preclean 0.078ms
[2023-11-11T11:54:51.904+0100][206.215s] GC(22) Pause Remark
[2023-11-11T11:54:51.907+0100][206.217s] GC(22) Pause Remark 57M->57M(512M) 2.576ms
[2023-11-11T11:54:51.907+0100][206.217s] GC(22) User=0.16s Sys=0.00s Real=0.00s
[2023-11-11T11:54:51.907+0100][206.217s] GC(22) Concurrent Mark 24.590ms
[2023-11-11T11:54:51.907+0100][206.217s] GC(22) Concurrent Rebuild Remembered Sets
[2023-11-11T11:54:51.914+0100][206.225s] GC(22) Concurrent Rebuild Remembered Sets 7.441ms
[2023-11-11T11:54:51.915+0100][206.225s] GC(22) Pause Cleanup
[2023-11-11T11:54:51.915+0100][206.225s] GC(22) Pause Cleanup 57M->57M(512M) 0.109ms
[2023-11-11T11:54:51.915+0100][206.225s] GC(22) User=0.00s Sys=0.00s Real=0.00s
[2023-11-11T11:54:51.915+0100][206.225s] GC(22) Concurrent Cleanup for Next Mark
[2023-11-11T11:54:51.915+0100][206.226s] GC(22) Concurrent Cleanup for Next Mark 0.541ms
[2023-11-11T11:54:51.915+0100][206.226s] GC(22) Concurrent Mark Cycle 34.060ms
[2023-11-11T11:54:56.585+0100][210.896s] GC(23) Pause Young (Normal) (G1 Evacuation Pause)
[2023-11-11T11:54:56.585+0100][210.896s] GC(23) Using 10 workers of 10 for evacuation
[2023-11-11T11:54:56.588+0100][210.898s] GC(23)   Pre Evacuate Collection Set: 0.1ms
[2023-11-11T11:54:56.588+0100][210.898s] GC(23)   Merge Heap Roots: 0.2ms
[2023-11-11T11:54:56.588+0100][210.899s] GC(23)   Evacuate Collection Set: 1.8ms
[2023-11-11T11:54:56.588+0100][210.899s] GC(23)   Post Evacuate Collection Set: 0.7ms
[2023-11-11T11:54:56.588+0100][210.899s] GC(23)   Other: 0.1ms
[2023-11-11T11:54:56.588+0100][210.899s] GC(23) Eden regions: 298->0(295)
[2023-11-11T11:54:56.588+0100][210.899s] GC(23) Survivor regions: 9->12(39)
[2023-11-11T11:54:56.588+0100][210.899s] GC(23) Old regions: 43->43
[2023-11-11T11:54:56.588+0100][210.899s] GC(23) Archive regions: 0->0
[2023-11-11T11:54:56.588+0100][210.899s] GC(23) Humongous regions: 4->4
[2023-11-11T11:54:56.588+0100][210.899s] GC(23) Metaspace: 60322K(60928K)->60322K(60928K) NonClass: 53402K(53696K)->53402K(53696K) Class: 6920K(7232K)->6920K(7232K)
[2023-11-11T11:54:56.588+0100][210.899s] GC(23) Pause Young (Normal) (G1 Evacuation Pause) 353M->58M(512M) 3.044ms
[2023-11-11T11:54:56.588+0100][210.899s] GC(23) User=0.00s Sys=0.00s Real=0.00s
[2023-11-11T11:55:01.360+0100][215.670s] GC(24) Pause Young (Concurrent Start) (CodeCache GC Threshold)
[2023-11-11T11:55:01.360+0100][215.670s] GC(24) Using 10 workers of 10 for evacuation
[2023-11-11T11:55:01.364+0100][215.674s] GC(24)   Pre Evacuate Collection Set: 0.1ms
[2023-11-11T11:55:01.364+0100][215.674s] GC(24)   Merge Heap Roots: 0.1ms
[2023-11-11T11:55:01.364+0100][215.674s] GC(24)   Evacuate Collection Set: 2.5ms
[2023-11-11T11:55:01.364+0100][215.674s] GC(24)   Post Evacuate Collection Set: 0.6ms
[2023-11-11T11:55:01.364+0100][215.674s] GC(24)   Other: 0.1ms
[2023-11-11T11:55:01.364+0100][215.674s] GC(24) Eden regions: 295->0(291)
[2023-11-11T11:55:01.364+0100][215.674s] GC(24) Survivor regions: 12->16(39)
[2023-11-11T11:55:01.364+0100][215.674s] GC(24) Old regions: 43->43
[2023-11-11T11:55:01.364+0100][215.674s] GC(24) Archive regions: 0->0
[2023-11-11T11:55:01.364+0100][215.674s] GC(24) Humongous regions: 4->4
[2023-11-11T11:55:01.364+0100][215.674s] GC(24) Metaspace: 60613K(61248K)->60613K(61248K) NonClass: 53692K(54016K)->53692K(54016K) Class: 6920K(7232K)->6920K(7232K)
[2023-11-11T11:55:01.364+0100][215.674s] GC(24) Pause Young (Concurrent Start) (CodeCache GC Threshold) 353M->61M(512M) 3.634ms
[2023-11-11T11:55:01.364+0100][215.674s] GC(24) User=0.00s Sys=0.00s Real=0.00s
[2023-11-11T11:55:01.364+0100][215.674s] GC(25) Concurrent Mark Cycle
[2023-11-11T11:55:01.364+0100][215.674s] GC(25) Concurrent Clear Claimed Marks
[2023-11-11T11:55:01.364+0100][215.674s] GC(25) Concurrent Clear Claimed Marks 0.051ms
[2023-11-11T11:55:01.364+0100][215.674s] GC(25) Concurrent Scan Root Regions
[2023-11-11T11:55:01.365+0100][215.675s] GC(25) Concurrent Scan Root Regions 0.988ms
[2023-11-11T11:55:01.365+0100][215.675s] GC(25) Concurrent Mark
[2023-11-11T11:55:01.365+0100][215.675s] GC(25) Concurrent Mark From Roots
[2023-11-11T11:55:01.365+0100][215.675s] GC(25) Using 3 workers of 3 for marking
[2023-11-11T11:55:01.392+0100][215.703s] GC(25) Concurrent Mark From Roots 27.833ms
[2023-11-11T11:55:01.392+0100][215.703s] GC(25) Concurrent Preclean
[2023-11-11T11:55:01.392+0100][215.703s] GC(25) Concurrent Preclean 0.132ms
[2023-11-11T11:55:01.392+0100][215.703s] GC(25) Pause Remark
[2023-11-11T11:55:01.396+0100][215.707s] GC(25) Pause Remark 67M->67M(512M) 3.441ms
[2023-11-11T11:55:01.396+0100][215.707s] GC(25) User=0.00s Sys=0.00s Real=0.00s
[2023-11-11T11:55:01.396+0100][215.707s] GC(25) Concurrent Mark 31.744ms
[2023-11-11T11:55:01.396+0100][215.707s] GC(25) Concurrent Rebuild Remembered Sets
[2023-11-11T11:55:01.404+0100][215.715s] GC(25) Concurrent Rebuild Remembered Sets 8.217ms
[2023-11-11T11:55:01.404+0100][215.715s] GC(25) Pause Cleanup
[2023-11-11T11:55:01.404+0100][215.715s] GC(25) Pause Cleanup 67M->67M(512M) 0.119ms
[2023-11-11T11:55:01.404+0100][215.715s] GC(25) User=0.00s Sys=0.00s Real=0.00s
[2023-11-11T11:55:01.404+0100][215.715s] GC(25) Concurrent Cleanup for Next Mark
[2023-11-11T11:55:01.405+0100][215.716s] GC(25) Concurrent Cleanup for Next Mark 0.717ms
[2023-11-11T11:55:01.405+0100][215.716s] GC(25) Concurrent Mark Cycle 42.227ms
[2023-11-11T11:55:05.931+0100][220.241s] GC(26) Pause Young (Normal) (G1 Evacuation Pause)
[2023-11-11T11:55:05.931+0100][220.241s] GC(26) Using 10 workers of 10 for evacuation
[2023-11-11T11:55:05.934+0100][220.244s] GC(26)   Pre Evacuate Collection Set: 0.2ms
[2023-11-11T11:55:05.934+0100][220.244s] GC(26)   Merge Heap Roots: 0.1ms
[2023-11-11T11:55:05.934+0100][220.244s] GC(26)   Evacuate Collection Set: 2.3ms
[2023-11-11T11:55:05.934+0100][220.244s] GC(26)   Post Evacuate Collection Set: 0.6ms
[2023-11-11T11:55:05.934+0100][220.244s] GC(26)   Other: 0.1ms
[2023-11-11T11:55:05.934+0100][220.244s] GC(26) Eden regions: 291->0(289)
[2023-11-11T11:55:05.934+0100][220.244s] GC(26) Survivor regions: 16->18(39)
[2023-11-11T11:55:05.934+0100][220.244s] GC(26) Old regions: 43->43
[2023-11-11T11:55:05.934+0100][220.244s] GC(26) Archive regions: 0->0
[2023-11-11T11:55:05.934+0100][220.244s] GC(26) Humongous regions: 4->4
[2023-11-11T11:55:05.934+0100][220.244s] GC(26) Metaspace: 60882K(61504K)->60882K(61504K) NonClass: 53959K(54272K)->53959K(54272K) Class: 6922K(7232K)->6922K(7232K)
[2023-11-11T11:55:05.934+0100][220.244s] GC(26) Pause Young (Normal) (G1 Evacuation Pause) 352M->64M(512M) 3.492ms
[2023-11-11T11:55:05.934+0100][220.244s] GC(26) User=0.00s Sys=0.00s Real=0.00s
[2023-11-11T11:55:10.464+0100][224.775s] GC(27) Pause Young (Normal) (G1 Evacuation Pause)
[2023-11-11T11:55:10.464+0100][224.775s] GC(27) Using 10 workers of 10 for evacuation
[2023-11-11T11:55:10.469+0100][224.779s] GC(27)   Pre Evacuate Collection Set: 0.1ms
[2023-11-11T11:55:10.469+0100][224.779s] GC(27)   Merge Heap Roots: 0.1ms
[2023-11-11T11:55:10.469+0100][224.779s] GC(27)   Evacuate Collection Set: 2.8ms
[2023-11-11T11:55:10.469+0100][224.779s] GC(27)   Post Evacuate Collection Set: 0.6ms
[2023-11-11T11:55:10.469+0100][224.779s] GC(27)   Other: 0.1ms
[2023-11-11T11:55:10.469+0100][224.779s] GC(27) Eden regions: 289->0(286)
[2023-11-11T11:55:10.469+0100][224.779s] GC(27) Survivor regions: 18->21(39)
[2023-11-11T11:55:10.469+0100][224.779s] GC(27) Old regions: 43->43
[2023-11-11T11:55:10.469+0100][224.779s] GC(27) Archive regions: 0->0
[2023-11-11T11:55:10.469+0100][224.779s] GC(27) Humongous regions: 4->4
[2023-11-11T11:55:10.469+0100][224.779s] GC(27) Metaspace: 60992K(61632K)->60992K(61632K) NonClass: 54069K(54400K)->54069K(54400K) Class: 6922K(7232K)->6922K(7232K)
[2023-11-11T11:55:10.469+0100][224.779s] GC(27) Pause Young (Normal) (G1 Evacuation Pause) 353M->67M(512M) 3.793ms
[2023-11-11T11:55:10.469+0100][224.779s] GC(27) User=0.03s Sys=0.00s Real=0.01s
[2023-11-11T11:55:11.650+0100][225.961s] GC(28) Pause Young (Concurrent Start) (CodeCache GC Threshold)
[2023-11-11T11:55:11.650+0100][225.961s] GC(28) Using 10 workers of 10 for evacuation
[2023-11-11T11:55:11.655+0100][225.965s] GC(28)   Pre Evacuate Collection Set: 0.1ms
[2023-11-11T11:55:11.655+0100][225.965s] GC(28)   Merge Heap Roots: 0.1ms
[2023-11-11T11:55:11.655+0100][225.965s] GC(28)   Evacuate Collection Set: 3.5ms
[2023-11-11T11:55:11.655+0100][225.965s] GC(28)   Post Evacuate Collection Set: 0.5ms
[2023-11-11T11:55:11.655+0100][225.965s] GC(28)   Other: 0.1ms
[2023-11-11T11:55:11.655+0100][225.965s] GC(28) Eden regions: 82->0(287)
[2023-11-11T11:55:11.655+0100][225.965s] GC(28) Survivor regions: 21->20(39)
[2023-11-11T11:55:11.655+0100][225.965s] GC(28) Old regions: 43->46
[2023-11-11T11:55:11.655+0100][225.965s] GC(28) Archive regions: 0->0
[2023-11-11T11:55:11.655+0100][225.965s] GC(28) Humongous regions: 4->4
[2023-11-11T11:55:11.655+0100][225.965s] GC(28) Metaspace: 61010K(61632K)->61010K(61632K) NonClass: 54087K(54400K)->54087K(54400K) Class: 6922K(7232K)->6922K(7232K)
[2023-11-11T11:55:11.655+0100][225.965s] GC(28) Pause Young (Concurrent Start) (CodeCache GC Threshold) 149M->69M(512M) 4.645ms
[2023-11-11T11:55:11.655+0100][225.965s] GC(28) User=0.00s Sys=0.00s Real=0.00s
[2023-11-11T11:55:11.655+0100][225.965s] GC(29) Concurrent Mark Cycle
[2023-11-11T11:55:11.655+0100][225.965s] GC(29) Concurrent Clear Claimed Marks
[2023-11-11T11:55:11.655+0100][225.965s] GC(29) Concurrent Clear Claimed Marks 0.044ms
[2023-11-11T11:55:11.655+0100][225.965s] GC(29) Concurrent Scan Root Regions
[2023-11-11T11:55:11.656+0100][225.967s] GC(29) Concurrent Scan Root Regions 1.177ms
[2023-11-11T11:55:11.656+0100][225.967s] GC(29) Concurrent Mark
[2023-11-11T11:55:11.656+0100][225.967s] GC(29) Concurrent Mark From Roots
[2023-11-11T11:55:11.656+0100][225.967s] GC(29) Using 3 workers of 3 for marking
[2023-11-11T11:55:11.689+0100][225.999s] GC(29) Concurrent Mark From Roots 32.482ms
[2023-11-11T11:55:11.689+0100][225.999s] GC(29) Concurrent Preclean
[2023-11-11T11:55:11.689+0100][225.999s] GC(29) Concurrent Preclean 0.117ms
[2023-11-11T11:55:11.689+0100][225.999s] GC(29) Pause Remark
[2023-11-11T11:55:11.694+0100][226.005s] GC(29) Pause Remark 76M->76M(512M) 5.199ms
[2023-11-11T11:55:11.694+0100][226.005s] GC(29) User=0.00s Sys=0.00s Real=0.01s
[2023-11-11T11:55:11.694+0100][226.005s] GC(29) Concurrent Mark 38.271ms
[2023-11-11T11:55:11.694+0100][226.005s] GC(29) Concurrent Rebuild Remembered Sets
[2023-11-11T11:55:11.694+0100][226.005s] GC(29) Concurrent Rebuild Remembered Sets 0.010ms
[2023-11-11T11:55:11.695+0100][226.005s] GC(29) Pause Cleanup
[2023-11-11T11:55:11.695+0100][226.005s] GC(29) Pause Cleanup 76M->76M(512M) 0.015ms
[2023-11-11T11:55:11.695+0100][226.005s] GC(29) User=0.00s Sys=0.00s Real=0.00s
[2023-11-11T11:55:11.695+0100][226.005s] GC(29) Concurrent Cleanup for Next Mark
[2023-11-11T11:55:11.696+0100][226.006s] GC(29) Concurrent Cleanup for Next Mark 1.168ms
[2023-11-11T11:55:11.696+0100][226.006s] GC(29) Concurrent Mark Cycle 41.056ms
[2023-11-11T11:55:13.108+0100][227.418s] GC(30) Pause Young (Concurrent Start) (CodeCache GC Threshold)
[2023-11-11T11:55:13.108+0100][227.418s] GC(30) Using 10 workers of 10 for evacuation
[2023-11-11T11:55:13.112+0100][227.422s] GC(30)   Pre Evacuate Collection Set: 0.3ms
[2023-11-11T11:55:13.112+0100][227.422s] GC(30)   Merge Heap Roots: 0.1ms
[2023-11-11T11:55:13.112+0100][227.422s] GC(30)   Evacuate Collection Set: 2.8ms
[2023-11-11T11:55:13.112+0100][227.422s] GC(30)   Post Evacuate Collection Set: 0.5ms
[2023-11-11T11:55:13.112+0100][227.422s] GC(30)   Other: 0.0ms
[2023-11-11T11:55:13.112+0100][227.422s] GC(30) Eden regions: 99->0(287)
[2023-11-11T11:55:13.112+0100][227.422s] GC(30) Survivor regions: 20->20(39)
[2023-11-11T11:55:13.112+0100][227.422s] GC(30) Old regions: 46->46
[2023-11-11T11:55:13.112+0100][227.422s] GC(30) Archive regions: 0->0
[2023-11-11T11:55:13.112+0100][227.422s] GC(30) Humongous regions: 4->4
[2023-11-11T11:55:13.112+0100][227.422s] GC(30) Metaspace: 61139K(61696K)->61139K(61696K) NonClass: 54216K(54464K)->54216K(54464K) Class: 6922K(7232K)->6922K(7232K)
[2023-11-11T11:55:13.112+0100][227.422s] GC(30) Pause Young (Concurrent Start) (CodeCache GC Threshold) 167M->69M(512M) 4.034ms
[2023-11-11T11:55:13.112+0100][227.422s] GC(30) User=0.16s Sys=0.00s Real=0.00s
[2023-11-11T11:55:13.112+0100][227.422s] GC(31) Concurrent Mark Cycle
[2023-11-11T11:55:13.112+0100][227.422s] GC(31) Concurrent Clear Claimed Marks
[2023-11-11T11:55:13.112+0100][227.422s] GC(31) Concurrent Clear Claimed Marks 0.040ms
[2023-11-11T11:55:13.112+0100][227.422s] GC(31) Concurrent Scan Root Regions
[2023-11-11T11:55:13.113+0100][227.423s] GC(31) Concurrent Scan Root Regions 0.920ms
[2023-11-11T11:55:13.113+0100][227.423s] GC(31) Concurrent Mark
[2023-11-11T11:55:13.113+0100][227.423s] GC(31) Concurrent Mark From Roots
[2023-11-11T11:55:13.113+0100][227.423s] GC(31) Using 3 workers of 3 for marking
[2023-11-11T11:55:13.138+0100][227.449s] GC(31) Concurrent Mark From Roots 25.375ms
[2023-11-11T11:55:13.138+0100][227.449s] GC(31) Concurrent Preclean
[2023-11-11T11:55:13.139+0100][227.449s] GC(31) Concurrent Preclean 0.088ms
[2023-11-11T11:55:13.139+0100][227.449s] GC(31) Pause Remark
[2023-11-11T11:55:13.143+0100][227.453s] GC(31) Pause Remark 73M->73M(512M) 3.567ms
[2023-11-11T11:55:13.143+0100][227.453s] GC(31) User=0.16s Sys=0.00s Real=0.00s
[2023-11-11T11:55:13.143+0100][227.453s] GC(31) Concurrent Mark 29.273ms
[2023-11-11T11:55:13.143+0100][227.453s] GC(31) Concurrent Rebuild Remembered Sets
[2023-11-11T11:55:13.143+0100][227.453s] GC(31) Concurrent Rebuild Remembered Sets 0.011ms
[2023-11-11T11:55:13.143+0100][227.453s] GC(31) Pause Cleanup
[2023-11-11T11:55:13.143+0100][227.453s] GC(31) Pause Cleanup 73M->73M(512M) 0.017ms
[2023-11-11T11:55:13.143+0100][227.453s] GC(31) User=0.00s Sys=0.00s Real=0.00s
[2023-11-11T11:55:13.143+0100][227.453s] GC(31) Concurrent Cleanup for Next Mark
[2023-11-11T11:55:13.143+0100][227.454s] GC(31) Concurrent Cleanup for Next Mark 0.647ms
[2023-11-11T11:55:13.143+0100][227.454s] GC(31) Concurrent Mark Cycle 31.134ms
[2023-11-11T11:55:15.091+0100][229.401s] GC(32) Pause Young (Concurrent Start) (CodeCache GC Threshold)
[2023-11-11T11:55:15.091+0100][229.402s] GC(32) Using 10 workers of 10 for evacuation
[2023-11-11T11:55:15.096+0100][229.406s] GC(32)   Pre Evacuate Collection Set: 0.1ms
[2023-11-11T11:55:15.096+0100][229.406s] GC(32)   Merge Heap Roots: 0.2ms
[2023-11-11T11:55:15.096+0100][229.406s] GC(32)   Evacuate Collection Set: 3.1ms
[2023-11-11T11:55:15.096+0100][229.406s] GC(32)   Post Evacuate Collection Set: 0.6ms
[2023-11-11T11:55:15.096+0100][229.406s] GC(32)   Other: 0.2ms
[2023-11-11T11:55:15.096+0100][229.406s] GC(32) Eden regions: 134->0(285)
[2023-11-11T11:55:15.096+0100][229.406s] GC(32) Survivor regions: 20->22(39)
[2023-11-11T11:55:15.096+0100][229.406s] GC(32) Old regions: 46->46
[2023-11-11T11:55:15.096+0100][229.406s] GC(32) Archive regions: 0->0
[2023-11-11T11:55:15.096+0100][229.406s] GC(32) Humongous regions: 4->4
[2023-11-11T11:55:15.096+0100][229.406s] GC(32) Metaspace: 61145K(61760K)->61145K(61760K) NonClass: 54223K(54528K)->54223K(54528K) Class: 6922K(7232K)->6922K(7232K)
[2023-11-11T11:55:15.096+0100][229.406s] GC(32) Pause Young (Concurrent Start) (CodeCache GC Threshold) 203M->71M(512M) 4.426ms
[2023-11-11T11:55:15.096+0100][229.406s] GC(32) User=0.16s Sys=0.00s Real=0.00s
[2023-11-11T11:55:15.096+0100][229.406s] GC(33) Concurrent Mark Cycle
[2023-11-11T11:55:15.096+0100][229.406s] GC(33) Concurrent Clear Claimed Marks
[2023-11-11T11:55:15.096+0100][229.406s] GC(33) Concurrent Clear Claimed Marks 0.057ms
[2023-11-11T11:55:15.096+0100][229.406s] GC(33) Concurrent Scan Root Regions
[2023-11-11T11:55:15.097+0100][229.407s] GC(33) Concurrent Scan Root Regions 1.071ms
[2023-11-11T11:55:15.097+0100][229.407s] GC(33) Concurrent Mark
[2023-11-11T11:55:15.097+0100][229.407s] GC(33) Concurrent Mark From Roots
[2023-11-11T11:55:15.097+0100][229.407s] GC(33) Using 3 workers of 3 for marking
[2023-11-11T11:55:15.126+0100][229.436s] GC(33) Concurrent Mark From Roots 29.326ms
[2023-11-11T11:55:15.126+0100][229.436s] GC(33) Concurrent Preclean
[2023-11-11T11:55:15.126+0100][229.437s] GC(33) Concurrent Preclean 0.092ms
[2023-11-11T11:55:15.127+0100][229.437s] GC(33) Pause Remark
[2023-11-11T11:55:15.132+0100][229.442s] GC(33) Pause Remark 73M->73M(512M) 5.507ms
[2023-11-11T11:55:15.132+0100][229.442s] GC(33) User=0.00s Sys=0.00s Real=0.00s
[2023-11-11T11:55:15.132+0100][229.442s] GC(33) Concurrent Mark 35.247ms
[2023-11-11T11:55:15.132+0100][229.442s] GC(33) Concurrent Rebuild Remembered Sets
[2023-11-11T11:55:15.132+0100][229.442s] GC(33) Concurrent Rebuild Remembered Sets 0.009ms
[2023-11-11T11:55:15.132+0100][229.443s] GC(33) Pause Cleanup
[2023-11-11T11:55:15.132+0100][229.443s] GC(33) Pause Cleanup 73M->73M(512M) 0.034ms
[2023-11-11T11:55:15.132+0100][229.443s] GC(33) User=0.00s Sys=0.00s Real=0.00s
[2023-11-11T11:55:15.132+0100][229.443s] GC(33) Concurrent Cleanup for Next Mark
[2023-11-11T11:55:15.133+0100][229.443s] GC(33) Concurrent Cleanup for Next Mark 0.669ms
[2023-11-11T11:55:15.133+0100][229.443s] GC(33) Concurrent Mark Cycle 37.368ms
[2023-11-11T11:55:19.587+0100][233.897s] GC(34) Pause Young (Normal) (G1 Evacuation Pause)
[2023-11-11T11:55:19.587+0100][233.897s] GC(34) Using 10 workers of 10 for evacuation
[2023-11-11T11:55:19.591+0100][233.901s] GC(34)   Pre Evacuate Collection Set: 0.1ms
[2023-11-11T11:55:19.591+0100][233.901s] GC(34)   Merge Heap Roots: 0.1ms
[2023-11-11T11:55:19.591+0100][233.901s] GC(34)   Evacuate Collection Set: 3.3ms
[2023-11-11T11:55:19.591+0100][233.902s] GC(34)   Post Evacuate Collection Set: 0.6ms
[2023-11-11T11:55:19.591+0100][233.902s] GC(34)   Other: 0.1ms
[2023-11-11T11:55:19.591+0100][233.902s] GC(34) Eden regions: 285->0(284)
[2023-11-11T11:55:19.591+0100][233.902s] GC(34) Survivor regions: 22->23(39)
[2023-11-11T11:55:19.591+0100][233.902s] GC(34) Old regions: 46->49
[2023-11-11T11:55:19.591+0100][233.902s] GC(34) Archive regions: 0->0
[2023-11-11T11:55:19.591+0100][233.902s] GC(34) Humongous regions: 4->4
[2023-11-11T11:55:19.591+0100][233.902s] GC(34) Metaspace: 61179K(61824K)->61179K(61824K) NonClass: 54256K(54592K)->54256K(54592K) Class: 6922K(7232K)->6922K(7232K)
[2023-11-11T11:55:19.591+0100][233.902s] GC(34) Pause Young (Normal) (G1 Evacuation Pause) 356M->74M(512M) 4.388ms
[2023-11-11T11:55:19.591+0100][233.902s] GC(34) User=0.00s Sys=0.00s Real=0.00s
[2023-11-11T11:55:23.903+0100][238.213s] GC(35) Pause Young (Normal) (G1 Evacuation Pause)
[2023-11-11T11:55:23.903+0100][238.213s] GC(35) Using 10 workers of 10 for evacuation
[2023-11-11T11:55:23.907+0100][238.217s] GC(35)   Pre Evacuate Collection Set: 0.1ms
[2023-11-11T11:55:23.907+0100][238.217s] GC(35)   Merge Heap Roots: 0.1ms
[2023-11-11T11:55:23.907+0100][238.217s] GC(35)   Evacuate Collection Set: 3.6ms
[2023-11-11T11:55:23.907+0100][238.217s] GC(35)   Post Evacuate Collection Set: 0.6ms
[2023-11-11T11:55:23.907+0100][238.217s] GC(35)   Other: 0.1ms
[2023-11-11T11:55:23.907+0100][238.217s] GC(35) Eden regions: 284->0(283)
[2023-11-11T11:55:23.907+0100][238.217s] GC(35) Survivor regions: 23->24(39)
[2023-11-11T11:55:23.907+0100][238.217s] GC(35) Old regions: 49->50
[2023-11-11T11:55:23.907+0100][238.218s] GC(35) Archive regions: 0->0
[2023-11-11T11:55:23.907+0100][238.218s] GC(35) Humongous regions: 4->4
[2023-11-11T11:55:23.907+0100][238.218s] GC(35) Metaspace: 61431K(62016K)->61431K(62016K) NonClass: 54507K(54784K)->54507K(54784K) Class: 6924K(7232K)->6924K(7232K)
[2023-11-11T11:55:23.907+0100][238.218s] GC(35) Pause Young (Normal) (G1 Evacuation Pause) 358M->77M(512M) 4.697ms
[2023-11-11T11:55:23.907+0100][238.218s] GC(35) User=0.12s Sys=0.03s Real=0.00s
[2023-11-11T11:55:28.020+0100][242.331s] GC(36) Pause Young (Normal) (G1 Evacuation Pause)
[2023-11-11T11:55:28.020+0100][242.331s] GC(36) Using 10 workers of 10 for evacuation
[2023-11-11T11:55:28.025+0100][242.335s] GC(36)   Pre Evacuate Collection Set: 0.1ms
[2023-11-11T11:55:28.025+0100][242.335s] GC(36)   Merge Heap Roots: 0.1ms
[2023-11-11T11:55:28.025+0100][242.335s] GC(36)   Evacuate Collection Set: 3.5ms
[2023-11-11T11:55:28.025+0100][242.335s] GC(36)   Post Evacuate Collection Set: 0.4ms
[2023-11-11T11:55:28.025+0100][242.335s] GC(36)   Other: 0.1ms
[2023-11-11T11:55:28.025+0100][242.335s] GC(36) Eden regions: 283->0(286)
[2023-11-11T11:55:28.025+0100][242.335s] GC(36) Survivor regions: 24->21(39)
[2023-11-11T11:55:28.025+0100][242.335s] GC(36) Old regions: 50->57
[2023-11-11T11:55:28.025+0100][242.335s] GC(36) Archive regions: 0->0
[2023-11-11T11:55:28.025+0100][242.335s] GC(36) Humongous regions: 4->4
[2023-11-11T11:55:28.025+0100][242.335s] GC(36) Metaspace: 61441K(62080K)->61441K(62080K) NonClass: 54516K(54848K)->54516K(54848K) Class: 6924K(7232K)->6924K(7232K)
[2023-11-11T11:55:28.025+0100][242.335s] GC(36) Pause Young (Normal) (G1 Evacuation Pause) 360M->80M(512M) 4.423ms
[2023-11-11T11:55:28.025+0100][242.335s] GC(36) User=0.00s Sys=0.00s Real=0.01s
[2023-11-11T11:55:32.328+0100][246.638s] GC(37) Pause Young (Normal) (G1 Evacuation Pause)
[2023-11-11T11:55:32.328+0100][246.638s] GC(37) Using 10 workers of 10 for evacuation
[2023-11-11T11:55:32.332+0100][246.642s] GC(37)   Pre Evacuate Collection Set: 0.1ms
[2023-11-11T11:55:32.332+0100][246.642s] GC(37)   Merge Heap Roots: 0.1ms
[2023-11-11T11:55:32.332+0100][246.642s] GC(37)   Evacuate Collection Set: 3.1ms
[2023-11-11T11:55:32.332+0100][246.642s] GC(37)   Post Evacuate Collection Set: 0.7ms
[2023-11-11T11:55:32.332+0100][246.642s] GC(37)   Other: 0.1ms
[2023-11-11T11:55:32.332+0100][246.642s] GC(37) Eden regions: 286->0(284)
[2023-11-11T11:55:32.332+0100][246.643s] GC(37) Survivor regions: 21->23(39)
[2023-11-11T11:55:32.332+0100][246.643s] GC(37) Old regions: 57->57
[2023-11-11T11:55:32.332+0100][246.643s] GC(37) Archive regions: 0->0
[2023-11-11T11:55:32.332+0100][246.643s] GC(37) Humongous regions: 4->4
[2023-11-11T11:55:32.332+0100][246.643s] GC(37) Metaspace: 61447K(62080K)->61447K(62080K) NonClass: 54522K(54848K)->54522K(54848K) Class: 6924K(7232K)->6924K(7232K)
[2023-11-11T11:55:32.332+0100][246.643s] GC(37) Pause Young (Normal) (G1 Evacuation Pause) 366M->82M(512M) 4.328ms
[2023-11-11T11:55:32.332+0100][246.643s] GC(37) User=0.00s Sys=0.00s Real=0.00s
[2023-11-11T11:55:35.986+0100][250.297s] GC(38) Pause Young (Concurrent Start) (CodeCache GC Threshold)
[2023-11-11T11:55:35.986+0100][250.297s] GC(38) Using 10 workers of 10 for evacuation
[2023-11-11T11:55:35.991+0100][250.302s] GC(38)   Pre Evacuate Collection Set: 0.2ms
[2023-11-11T11:55:35.991+0100][250.302s] GC(38)   Merge Heap Roots: 0.1ms
[2023-11-11T11:55:35.991+0100][250.302s] GC(38)   Evacuate Collection Set: 3.8ms
[2023-11-11T11:55:35.991+0100][250.302s] GC(38)   Post Evacuate Collection Set: 0.6ms
[2023-11-11T11:55:35.991+0100][250.302s] GC(38)   Other: 0.1ms
[2023-11-11T11:55:35.991+0100][250.302s] GC(38) Eden regions: 245->0(283)
[2023-11-11T11:55:35.991+0100][250.302s] GC(38) Survivor regions: 23->24(39)
[2023-11-11T11:55:35.991+0100][250.302s] GC(38) Old regions: 57->60
[2023-11-11T11:55:35.991+0100][250.302s] GC(38) Archive regions: 0->0
[2023-11-11T11:55:35.991+0100][250.302s] GC(38) Humongous regions: 4->4
[2023-11-11T11:55:35.991+0100][250.302s] GC(38) Metaspace: 61464K(62080K)->61464K(62080K) NonClass: 54540K(54848K)->54540K(54848K) Class: 6924K(7232K)->6924K(7232K)
[2023-11-11T11:55:35.991+0100][250.302s] GC(38) Pause Young (Concurrent Start) (CodeCache GC Threshold) 327M->86M(512M) 4.942ms
[2023-11-11T11:55:35.991+0100][250.302s] GC(38) User=0.00s Sys=0.00s Real=0.00s
[2023-11-11T11:55:35.991+0100][250.302s] GC(39) Concurrent Mark Cycle
[2023-11-11T11:55:35.991+0100][250.302s] GC(39) Concurrent Clear Claimed Marks
[2023-11-11T11:55:35.991+0100][250.302s] GC(39) Concurrent Clear Claimed Marks 0.038ms
[2023-11-11T11:55:35.991+0100][250.302s] GC(39) Concurrent Scan Root Regions
[2023-11-11T11:55:35.992+0100][250.303s] GC(39) Concurrent Scan Root Regions 0.966ms
[2023-11-11T11:55:35.992+0100][250.303s] GC(39) Concurrent Mark
[2023-11-11T11:55:35.992+0100][250.303s] GC(39) Concurrent Mark From Roots
[2023-11-11T11:55:35.992+0100][250.303s] GC(39) Using 3 workers of 3 for marking
[2023-11-11T11:55:36.018+0100][250.328s] GC(39) Concurrent Mark From Roots 25.190ms
[2023-11-11T11:55:36.018+0100][250.328s] GC(39) Concurrent Preclean
[2023-11-11T11:55:36.018+0100][250.328s] GC(39) Concurrent Preclean 0.083ms
[2023-11-11T11:55:36.018+0100][250.329s] GC(39) Pause Remark
[2023-11-11T11:55:36.023+0100][250.333s] GC(39) Pause Remark 88M->88M(512M) 4.139ms
[2023-11-11T11:55:36.023+0100][250.333s] GC(39) User=0.00s Sys=0.00s Real=0.01s
[2023-11-11T11:55:36.023+0100][250.333s] GC(39) Concurrent Mark 29.697ms
[2023-11-11T11:55:36.023+0100][250.333s] GC(39) Concurrent Rebuild Remembered Sets
[2023-11-11T11:55:36.030+0100][250.341s] GC(39) Concurrent Rebuild Remembered Sets 7.736ms
[2023-11-11T11:55:36.031+0100][250.341s] GC(39) Pause Cleanup
[2023-11-11T11:55:36.031+0100][250.341s] GC(39) Pause Cleanup 89M->89M(512M) 0.110ms
[2023-11-11T11:55:36.031+0100][250.341s] GC(39) User=0.00s Sys=0.00s Real=0.00s
[2023-11-11T11:55:36.031+0100][250.341s] GC(39) Concurrent Cleanup for Next Mark
[2023-11-11T11:55:36.031+0100][250.341s] GC(39) Concurrent Cleanup for Next Mark 0.533ms
[2023-11-11T11:55:36.031+0100][250.342s] GC(39) Concurrent Mark Cycle 39.421ms
[2023-11-11T11:55:40.658+0100][254.969s] GC(40) Pause Young (Normal) (G1 Evacuation Pause)
[2023-11-11T11:55:40.658+0100][254.969s] GC(40) Using 10 workers of 10 for evacuation
[2023-11-11T11:55:40.663+0100][254.973s] GC(40)   Pre Evacuate Collection Set: 0.1ms
[2023-11-11T11:55:40.663+0100][254.973s] GC(40)   Merge Heap Roots: 0.1ms
[2023-11-11T11:55:40.663+0100][254.973s] GC(40)   Evacuate Collection Set: 3.6ms
[2023-11-11T11:55:40.663+0100][254.973s] GC(40)   Post Evacuate Collection Set: 0.6ms
[2023-11-11T11:55:40.663+0100][254.973s] GC(40)   Other: 0.1ms
[2023-11-11T11:55:40.663+0100][254.973s] GC(40) Eden regions: 283->0(284)
[2023-11-11T11:55:40.663+0100][254.973s] GC(40) Survivor regions: 24->23(39)
[2023-11-11T11:55:40.663+0100][254.973s] GC(40) Old regions: 60->63
[2023-11-11T11:55:40.663+0100][254.973s] GC(40) Archive regions: 0->0
[2023-11-11T11:55:40.663+0100][254.973s] GC(40) Humongous regions: 4->4
[2023-11-11T11:55:40.663+0100][254.973s] GC(40) Metaspace: 61471K(62080K)->61471K(62080K) NonClass: 54546K(54848K)->54546K(54848K) Class: 6924K(7232K)->6924K(7232K)
[2023-11-11T11:55:40.663+0100][254.973s] GC(40) Pause Young (Normal) (G1 Evacuation Pause) 369M->89M(512M) 4.677ms
[2023-11-11T11:55:40.663+0100][254.974s] GC(40) User=0.00s Sys=0.00s Real=0.01s
[2023-11-11T11:55:44.787+0100][259.097s] GC(41) Pause Young (Normal) (G1 Evacuation Pause)
[2023-11-11T11:55:44.787+0100][259.097s] GC(41) Using 10 workers of 10 for evacuation
[2023-11-11T11:55:44.791+0100][259.101s] GC(41)   Pre Evacuate Collection Set: 0.1ms
[2023-11-11T11:55:44.791+0100][259.101s] GC(41)   Merge Heap Roots: 0.1ms
[2023-11-11T11:55:44.791+0100][259.101s] GC(41)   Evacuate Collection Set: 3.4ms
[2023-11-11T11:55:44.791+0100][259.101s] GC(41)   Post Evacuate Collection Set: 0.4ms
[2023-11-11T11:55:44.791+0100][259.101s] GC(41)   Other: 0.1ms
[2023-11-11T11:55:44.791+0100][259.101s] GC(41) Eden regions: 284->0(284)
[2023-11-11T11:55:44.791+0100][259.101s] GC(41) Survivor regions: 23->23(39)
[2023-11-11T11:55:44.791+0100][259.101s] GC(41) Old regions: 63->66
[2023-11-11T11:55:44.791+0100][259.101s] GC(41) Archive regions: 0->0
[2023-11-11T11:55:44.791+0100][259.101s] GC(41) Humongous regions: 4->4
[2023-11-11T11:55:44.791+0100][259.101s] GC(41) Metaspace: 61509K(62144K)->61509K(62144K) NonClass: 54583K(54912K)->54583K(54912K) Class: 6925K(7232K)->6925K(7232K)
[2023-11-11T11:55:44.791+0100][259.101s] GC(41) Pause Young (Normal) (G1 Evacuation Pause) 373M->92M(512M) 4.374ms
[2023-11-11T11:55:44.791+0100][259.101s] GC(41) User=0.00s Sys=0.00s Real=0.00s
[2023-11-11T11:55:49.032+0100][263.342s] GC(42) Pause Young (Normal) (G1 Evacuation Pause)
[2023-11-11T11:55:49.032+0100][263.343s] GC(42) Using 10 workers of 10 for evacuation
[2023-11-11T11:55:49.036+0100][263.347s] GC(42)   Pre Evacuate Collection Set: 0.1ms
[2023-11-11T11:55:49.037+0100][263.347s] GC(42)   Merge Heap Roots: 0.1ms
[2023-11-11T11:55:49.037+0100][263.347s] GC(42)   Evacuate Collection Set: 3.3ms
[2023-11-11T11:55:49.037+0100][263.347s] GC(42)   Post Evacuate Collection Set: 0.6ms
[2023-11-11T11:55:49.037+0100][263.347s] GC(42)   Other: 0.1ms
[2023-11-11T11:55:49.037+0100][263.347s] GC(42) Eden regions: 284->0(284)
[2023-11-11T11:55:49.037+0100][263.347s] GC(42) Survivor regions: 23->23(39)
[2023-11-11T11:55:49.037+0100][263.347s] GC(42) Old regions: 66->69
[2023-11-11T11:55:49.037+0100][263.347s] GC(42) Archive regions: 0->0
[2023-11-11T11:55:49.037+0100][263.347s] GC(42) Humongous regions: 4->4
[2023-11-11T11:55:49.037+0100][263.347s] GC(42) Metaspace: 61520K(62144K)->61520K(62144K) NonClass: 54594K(54912K)->54594K(54912K) Class: 6925K(7232K)->6925K(7232K)
[2023-11-11T11:55:49.037+0100][263.347s] GC(42) Pause Young (Normal) (G1 Evacuation Pause) 376M->95M(512M) 4.429ms
[2023-11-11T11:55:49.037+0100][263.347s] GC(42) User=0.00s Sys=0.00s Real=0.00s
[2023-11-11T11:55:53.170+0100][267.480s] GC(43) Pause Young (Normal) (G1 Evacuation Pause)
[2023-11-11T11:55:53.170+0100][267.480s] GC(43) Using 10 workers of 10 for evacuation
[2023-11-11T11:55:53.175+0100][267.485s] GC(43)   Pre Evacuate Collection Set: 0.1ms
[2023-11-11T11:55:53.175+0100][267.485s] GC(43)   Merge Heap Roots: 0.1ms
[2023-11-11T11:55:53.175+0100][267.485s] GC(43)   Evacuate Collection Set: 3.9ms
[2023-11-11T11:55:53.175+0100][267.485s] GC(43)   Post Evacuate Collection Set: 0.6ms
[2023-11-11T11:55:53.175+0100][267.485s] GC(43)   Other: 0.1ms
[2023-11-11T11:55:53.175+0100][267.485s] GC(43) Eden regions: 284->0(284)
[2023-11-11T11:55:53.175+0100][267.485s] GC(43) Survivor regions: 23->23(39)
[2023-11-11T11:55:53.175+0100][267.485s] GC(43) Old regions: 69->72
[2023-11-11T11:55:53.175+0100][267.485s] GC(43) Archive regions: 0->0
[2023-11-11T11:55:53.175+0100][267.485s] GC(43) Humongous regions: 4->4
[2023-11-11T11:55:53.175+0100][267.485s] GC(43) Metaspace: 61528K(62144K)->61528K(62144K) NonClass: 54602K(54912K)->54602K(54912K) Class: 6925K(7232K)->6925K(7232K)
[2023-11-11T11:55:53.175+0100][267.485s] GC(43) Pause Young (Normal) (G1 Evacuation Pause) 379M->98M(512M) 5.004ms
[2023-11-11T11:55:53.175+0100][267.485s] GC(43) User=0.14s Sys=0.02s Real=0.00s
[2023-11-11T11:55:57.308+0100][271.619s] GC(44) Pause Young (Normal) (G1 Evacuation Pause)
[2023-11-11T11:55:57.308+0100][271.619s] GC(44) Using 10 workers of 10 for evacuation
[2023-11-11T11:55:57.312+0100][271.623s] GC(44)   Pre Evacuate Collection Set: 0.1ms
[2023-11-11T11:55:57.312+0100][271.623s] GC(44)   Merge Heap Roots: 0.1ms
[2023-11-11T11:55:57.312+0100][271.623s] GC(44)   Evacuate Collection Set: 3.5ms
[2023-11-11T11:55:57.312+0100][271.623s] GC(44)   Post Evacuate Collection Set: 0.5ms
[2023-11-11T11:55:57.312+0100][271.623s] GC(44)   Other: 0.1ms
[2023-11-11T11:55:57.312+0100][271.623s] GC(44) Eden regions: 284->0(284)
[2023-11-11T11:55:57.313+0100][271.623s] GC(44) Survivor regions: 23->23(39)
[2023-11-11T11:55:57.313+0100][271.623s] GC(44) Old regions: 72->76
[2023-11-11T11:55:57.313+0100][271.623s] GC(44) Archive regions: 0->0
[2023-11-11T11:55:57.313+0100][271.623s] GC(44) Humongous regions: 4->4
[2023-11-11T11:55:57.313+0100][271.623s] GC(44) Metaspace: 61538K(62144K)->61538K(62144K) NonClass: 54613K(54912K)->54613K(54912K) Class: 6925K(7232K)->6925K(7232K)
[2023-11-11T11:55:57.313+0100][271.623s] GC(44) Pause Young (Normal) (G1 Evacuation Pause) 382M->102M(512M) 4.416ms
[2023-11-11T11:55:57.313+0100][271.623s] GC(44) User=0.14s Sys=0.02s Real=0.00s
[2023-11-11T11:56:01.137+0100][275.447s] GC(45) Pause Young (Normal) (G1 Evacuation Pause)
[2023-11-11T11:56:01.137+0100][275.448s] GC(45) Using 10 workers of 10 for evacuation
[2023-11-11T11:56:01.142+0100][275.452s] GC(45)   Pre Evacuate Collection Set: 0.1ms
[2023-11-11T11:56:01.142+0100][275.452s] GC(45)   Merge Heap Roots: 0.1ms
[2023-11-11T11:56:01.142+0100][275.452s] GC(45)   Evacuate Collection Set: 3.3ms
[2023-11-11T11:56:01.142+0100][275.452s] GC(45)   Post Evacuate Collection Set: 0.6ms
[2023-11-11T11:56:01.142+0100][275.452s] GC(45)   Other: 0.1ms
[2023-11-11T11:56:01.142+0100][275.452s] GC(45) Eden regions: 284->0(284)
[2023-11-11T11:56:01.142+0100][275.452s] GC(45) Survivor regions: 23->23(39)
[2023-11-11T11:56:01.142+0100][275.452s] GC(45) Old regions: 76->79
[2023-11-11T11:56:01.142+0100][275.452s] GC(45) Archive regions: 0->0
[2023-11-11T11:56:01.142+0100][275.452s] GC(45) Humongous regions: 4->4
[2023-11-11T11:56:01.142+0100][275.452s] GC(45) Metaspace: 61549K(62144K)->61549K(62144K) NonClass: 54623K(54912K)->54623K(54912K) Class: 6925K(7232K)->6925K(7232K)
[2023-11-11T11:56:01.142+0100][275.452s] GC(45) Pause Young (Normal) (G1 Evacuation Pause) 386M->104M(512M) 4.426ms
[2023-11-11T11:56:01.142+0100][275.452s] GC(45) User=0.11s Sys=0.05s Real=0.00s
[2023-11-11T11:56:05.225+0100][279.535s] GC(46) Pause Young (Normal) (G1 Evacuation Pause)
[2023-11-11T11:56:05.225+0100][279.535s] GC(46) Using 10 workers of 10 for evacuation
[2023-11-11T11:56:05.229+0100][279.540s] GC(46)   Pre Evacuate Collection Set: 0.1ms
[2023-11-11T11:56:05.229+0100][279.540s] GC(46)   Merge Heap Roots: 0.1ms
[2023-11-11T11:56:05.229+0100][279.540s] GC(46)   Evacuate Collection Set: 3.7ms
[2023-11-11T11:56:05.229+0100][279.540s] GC(46)   Post Evacuate Collection Set: 0.5ms
[2023-11-11T11:56:05.229+0100][279.540s] GC(46)   Other: 0.1ms
[2023-11-11T11:56:05.229+0100][279.540s] GC(46) Eden regions: 284->0(284)
[2023-11-11T11:56:05.229+0100][279.540s] GC(46) Survivor regions: 23->23(39)
[2023-11-11T11:56:05.229+0100][279.540s] GC(46) Old regions: 79->81
[2023-11-11T11:56:05.229+0100][279.540s] GC(46) Archive regions: 0->0
[2023-11-11T11:56:05.229+0100][279.540s] GC(46) Humongous regions: 4->4
[2023-11-11T11:56:05.229+0100][279.540s] GC(46) Metaspace: 61552K(62144K)->61552K(62144K) NonClass: 54626K(54912K)->54626K(54912K) Class: 6925K(7232K)->6925K(7232K)
[2023-11-11T11:56:05.229+0100][279.540s] GC(46) Pause Young (Normal) (G1 Evacuation Pause) 388M->107M(512M) 4.628ms
[2023-11-11T11:56:05.229+0100][279.540s] GC(46) User=0.00s Sys=0.00s Real=0.00s
[2023-11-11T11:56:09.360+0100][283.670s] GC(47) Pause Young (Normal) (G1 Evacuation Pause)
[2023-11-11T11:56:09.360+0100][283.670s] GC(47) Using 10 workers of 10 for evacuation
[2023-11-11T11:56:09.364+0100][283.674s] GC(47)   Pre Evacuate Collection Set: 0.1ms
[2023-11-11T11:56:09.364+0100][283.674s] GC(47)   Merge Heap Roots: 0.1ms
[2023-11-11T11:56:09.364+0100][283.674s] GC(47)   Evacuate Collection Set: 3.3ms
[2023-11-11T11:56:09.364+0100][283.674s] GC(47)   Post Evacuate Collection Set: 0.5ms
[2023-11-11T11:56:09.364+0100][283.674s] GC(47)   Other: 0.1ms
[2023-11-11T11:56:09.364+0100][283.674s] GC(47) Eden regions: 284->0(284)
[2023-11-11T11:56:09.364+0100][283.674s] GC(47) Survivor regions: 23->23(39)
[2023-11-11T11:56:09.364+0100][283.674s] GC(47) Old regions: 81->84
[2023-11-11T11:56:09.364+0100][283.674s] GC(47) Archive regions: 0->0
[2023-11-11T11:56:09.364+0100][283.674s] GC(47) Humongous regions: 4->4
[2023-11-11T11:56:09.364+0100][283.674s] GC(47) Metaspace: 61552K(62144K)->61552K(62144K) NonClass: 54627K(54912K)->54627K(54912K) Class: 6925K(7232K)->6925K(7232K)
[2023-11-11T11:56:09.364+0100][283.674s] GC(47) Pause Young (Normal) (G1 Evacuation Pause) 391M->110M(512M) 4.204ms
[2023-11-11T11:56:09.364+0100][283.674s] GC(47) User=0.00s Sys=0.00s Real=0.00s
[2023-11-11T11:56:10.029+0100][284.340s] GC(48) Pause Young (Concurrent Start) (CodeCache GC Threshold)
[2023-11-11T11:56:10.029+0100][284.340s] GC(48) Using 10 workers of 10 for evacuation
[2023-11-11T11:56:10.033+0100][284.344s] GC(48)   Pre Evacuate Collection Set: 0.2ms
[2023-11-11T11:56:10.033+0100][284.344s] GC(48)   Merge Heap Roots: 0.1ms
[2023-11-11T11:56:10.033+0100][284.344s] GC(48)   Evacuate Collection Set: 3.3ms
[2023-11-11T11:56:10.033+0100][284.344s] GC(48)   Post Evacuate Collection Set: 0.3ms
[2023-11-11T11:56:10.033+0100][284.344s] GC(48)   Other: 0.1ms
[2023-11-11T11:56:10.033+0100][284.344s] GC(48) Eden regions: 46->0(286)
[2023-11-11T11:56:10.033+0100][284.344s] GC(48) Survivor regions: 23->21(39)
[2023-11-11T11:56:10.033+0100][284.344s] GC(48) Old regions: 84->87
[2023-11-11T11:56:10.033+0100][284.344s] GC(48) Archive regions: 0->0
[2023-11-11T11:56:10.033+0100][284.344s] GC(48) Humongous regions: 4->4
[2023-11-11T11:56:10.033+0100][284.344s] GC(48) Metaspace: 61552K(62144K)->61552K(62144K) NonClass: 54627K(54912K)->54627K(54912K) Class: 6925K(7232K)->6925K(7232K)
[2023-11-11T11:56:10.033+0100][284.344s] GC(48) Pause Young (Concurrent Start) (CodeCache GC Threshold) 156M->111M(512M) 4.130ms
[2023-11-11T11:56:10.033+0100][284.344s] GC(48) User=0.16s Sys=0.00s Real=0.00s
[2023-11-11T11:56:10.034+0100][284.344s] GC(49) Concurrent Mark Cycle
[2023-11-11T11:56:10.034+0100][284.344s] GC(49) Concurrent Clear Claimed Marks
[2023-11-11T11:56:10.034+0100][284.344s] GC(49) Concurrent Clear Claimed Marks 0.048ms
[2023-11-11T11:56:10.034+0100][284.344s] GC(49) Concurrent Scan Root Regions
[2023-11-11T11:56:10.035+0100][284.345s] GC(49) Concurrent Scan Root Regions 1.410ms
[2023-11-11T11:56:10.035+0100][284.345s] GC(49) Concurrent Mark
[2023-11-11T11:56:10.035+0100][284.345s] GC(49) Concurrent Mark From Roots
[2023-11-11T11:56:10.035+0100][284.345s] GC(49) Using 3 workers of 3 for marking
[2023-11-11T11:56:10.062+0100][284.372s] GC(49) Concurrent Mark From Roots 27.132ms
[2023-11-11T11:56:10.062+0100][284.372s] GC(49) Concurrent Preclean
[2023-11-11T11:56:10.062+0100][284.373s] GC(49) Concurrent Preclean 0.096ms
[2023-11-11T11:56:10.063+0100][284.373s] GC(49) Pause Remark
[2023-11-11T11:56:10.068+0100][284.378s] GC(49) Pause Remark 111M->111M(512M) 5.027ms
[2023-11-11T11:56:10.068+0100][284.378s] GC(49) User=0.00s Sys=0.00s Real=0.01s
[2023-11-11T11:56:10.068+0100][284.378s] GC(49) Concurrent Mark 32.527ms
[2023-11-11T11:56:10.068+0100][284.378s] GC(49) Concurrent Rebuild Remembered Sets
[2023-11-11T11:56:10.068+0100][284.378s] GC(49) Concurrent Rebuild Remembered Sets 0.011ms
[2023-11-11T11:56:10.068+0100][284.378s] GC(49) Pause Cleanup
[2023-11-11T11:56:10.068+0100][284.378s] GC(49) Pause Cleanup 111M->111M(512M) 0.026ms
[2023-11-11T11:56:10.068+0100][284.378s] GC(49) User=0.00s Sys=0.00s Real=0.00s
[2023-11-11T11:56:10.068+0100][284.378s] GC(49) Concurrent Cleanup for Next Mark
[2023-11-11T11:56:10.068+0100][284.379s] GC(49) Concurrent Cleanup for Next Mark 0.660ms
[2023-11-11T11:56:10.069+0100][284.379s] GC(49) Concurrent Mark Cycle 34.968ms
[2023-11-11T11:56:14.358+0100][288.669s] GC(50) Pause Young (Normal) (G1 Evacuation Pause)
[2023-11-11T11:56:14.358+0100][288.669s] GC(50) Using 10 workers of 10 for evacuation
[2023-11-11T11:56:14.362+0100][288.673s] GC(50)   Pre Evacuate Collection Set: 0.1ms
[2023-11-11T11:56:14.362+0100][288.673s] GC(50)   Merge Heap Roots: 0.1ms
[2023-11-11T11:56:14.362+0100][288.673s] GC(50)   Evacuate Collection Set: 3.2ms
[2023-11-11T11:56:14.362+0100][288.673s] GC(50)   Post Evacuate Collection Set: 0.6ms
[2023-11-11T11:56:14.362+0100][288.673s] GC(50)   Other: 0.1ms
[2023-11-11T11:56:14.363+0100][288.673s] GC(50) Eden regions: 286->0(282)
[2023-11-11T11:56:14.363+0100][288.673s] GC(50) Survivor regions: 21->25(39)
[2023-11-11T11:56:14.363+0100][288.673s] GC(50) Old regions: 87->87
[2023-11-11T11:56:14.363+0100][288.673s] GC(50) Archive regions: 0->0
[2023-11-11T11:56:14.363+0100][288.673s] GC(50) Humongous regions: 4->4
[2023-11-11T11:56:14.363+0100][288.673s] GC(50) Metaspace: 61566K(62144K)->61566K(62144K) NonClass: 54640K(54912K)->54640K(54912K) Class: 6925K(7232K)->6925K(7232K)
[2023-11-11T11:56:14.363+0100][288.673s] GC(50) Pause Young (Normal) (G1 Evacuation Pause) 397M->115M(512M) 4.435ms
[2023-11-11T11:56:14.363+0100][288.673s] GC(50) User=0.00s Sys=0.00s Real=0.00s
[2023-11-11T11:56:18.606+0100][292.917s] GC(51) Pause Young (Concurrent Start) (CodeCache GC Threshold)
[2023-11-11T11:56:18.606+0100][292.917s] GC(51) Using 10 workers of 10 for evacuation
[2023-11-11T11:56:18.611+0100][292.922s] GC(51)   Pre Evacuate Collection Set: 0.1ms
[2023-11-11T11:56:18.611+0100][292.922s] GC(51)   Merge Heap Roots: 0.1ms
[2023-11-11T11:56:18.611+0100][292.922s] GC(51)   Evacuate Collection Set: 4.1ms
[2023-11-11T11:56:18.611+0100][292.922s] GC(51)   Post Evacuate Collection Set: 0.5ms
[2023-11-11T11:56:18.611+0100][292.922s] GC(51)   Other: 0.1ms
[2023-11-11T11:56:18.611+0100][292.922s] GC(51) Eden regions: 278->0(286)
[2023-11-11T11:56:18.611+0100][292.922s] GC(51) Survivor regions: 25->21(39)
[2023-11-11T11:56:18.611+0100][292.922s] GC(51) Old regions: 87->94
[2023-11-11T11:56:18.611+0100][292.922s] GC(51) Archive regions: 0->0
[2023-11-11T11:56:18.611+0100][292.922s] GC(51) Humongous regions: 4->4
[2023-11-11T11:56:18.611+0100][292.922s] GC(51) Metaspace: 61574K(62144K)->61574K(62144K) NonClass: 54648K(54912K)->54648K(54912K) Class: 6925K(7232K)->6925K(7232K)
[2023-11-11T11:56:18.611+0100][292.922s] GC(51) Pause Young (Concurrent Start) (CodeCache GC Threshold) 393M->117M(512M) 5.071ms
[2023-11-11T11:56:18.611+0100][292.922s] GC(52) Concurrent Mark Cycle
[2023-11-11T11:56:18.611+0100][292.922s] GC(51) User=0.12s Sys=0.03s Real=0.01s
[2023-11-11T11:56:18.611+0100][292.922s] GC(52) Concurrent Clear Claimed Marks
[2023-11-11T11:56:18.611+0100][292.922s] GC(52) Concurrent Clear Claimed Marks 0.049ms
[2023-11-11T11:56:18.611+0100][292.922s] GC(52) Concurrent Scan Root Regions
[2023-11-11T11:56:18.613+0100][292.923s] GC(52) Concurrent Scan Root Regions 1.268ms
[2023-11-11T11:56:18.613+0100][292.923s] GC(52) Concurrent Mark
[2023-11-11T11:56:18.613+0100][292.923s] GC(52) Concurrent Mark From Roots
[2023-11-11T11:56:18.613+0100][292.923s] GC(52) Using 3 workers of 3 for marking
[2023-11-11T11:56:18.637+0100][292.947s] GC(52) Concurrent Mark From Roots 23.883ms
[2023-11-11T11:56:18.637+0100][292.947s] GC(52) Concurrent Preclean
[2023-11-11T11:56:18.637+0100][292.947s] GC(52) Concurrent Preclean 0.109ms
[2023-11-11T11:56:18.637+0100][292.948s] GC(52) Pause Remark
[2023-11-11T11:56:18.640+0100][292.951s] GC(52) Pause Remark 118M->118M(512M) 3.282ms
[2023-11-11T11:56:18.640+0100][292.951s] GC(52) User=0.03s Sys=0.03s Real=0.00s
[2023-11-11T11:56:18.640+0100][292.951s] GC(52) Concurrent Mark 27.531ms
[2023-11-11T11:56:18.640+0100][292.951s] GC(52) Concurrent Rebuild Remembered Sets
[2023-11-11T11:56:18.650+0100][292.960s] GC(52) Concurrent Rebuild Remembered Sets 9.478ms
[2023-11-11T11:56:18.650+0100][292.961s] GC(52) Pause Cleanup
[2023-11-11T11:56:18.650+0100][292.961s] GC(52) Pause Cleanup 118M->118M(512M) 0.127ms
[2023-11-11T11:56:18.650+0100][292.961s] GC(52) User=0.00s Sys=0.00s Real=0.00s
[2023-11-11T11:56:18.650+0100][292.961s] GC(52) Concurrent Cleanup for Next Mark
[2023-11-11T11:56:18.651+0100][292.962s] GC(52) Concurrent Cleanup for Next Mark 0.703ms
[2023-11-11T11:56:18.651+0100][292.962s] GC(52) Concurrent Mark Cycle 39.507ms
[2023-11-11T11:56:21.313+0100][295.623s] GC(53) Pause Young (Concurrent Start) (CodeCache GC Threshold)
[2023-11-11T11:56:21.313+0100][295.623s] GC(53) Using 10 workers of 10 for evacuation
[2023-11-11T11:56:21.317+0100][295.627s] GC(53)   Pre Evacuate Collection Set: 0.2ms
[2023-11-11T11:56:21.317+0100][295.627s] GC(53)   Merge Heap Roots: 0.1ms
[2023-11-11T11:56:21.317+0100][295.627s] GC(53)   Evacuate Collection Set: 3.5ms
[2023-11-11T11:56:21.317+0100][295.627s] GC(53)   Post Evacuate Collection Set: 0.5ms
[2023-11-11T11:56:21.317+0100][295.627s] GC(53)   Other: 0.1ms
[2023-11-11T11:56:21.317+0100][295.627s] GC(53) Eden regions: 181->0(284)
[2023-11-11T11:56:21.317+0100][295.627s] GC(53) Survivor regions: 21->23(39)
[2023-11-11T11:56:21.317+0100][295.627s] GC(53) Old regions: 94->94
[2023-11-11T11:56:21.317+0100][295.627s] GC(53) Archive regions: 0->0
[2023-11-11T11:56:21.317+0100][295.627s] GC(53) Humongous regions: 4->4
[2023-11-11T11:56:21.317+0100][295.628s] GC(53) Metaspace: 61574K(62144K)->61574K(62144K) NonClass: 54648K(54912K)->54648K(54912K) Class: 6925K(7232K)->6925K(7232K)
[2023-11-11T11:56:21.317+0100][295.628s] GC(53) Pause Young (Concurrent Start) (CodeCache GC Threshold) 298M->120M(512M) 4.564ms
[2023-11-11T11:56:21.317+0100][295.628s] GC(53) User=0.00s Sys=0.00s Real=0.00s
[2023-11-11T11:56:21.317+0100][295.628s] GC(54) Concurrent Mark Cycle
[2023-11-11T11:56:21.318+0100][295.628s] GC(54) Concurrent Clear Claimed Marks
[2023-11-11T11:56:21.318+0100][295.628s] GC(54) Concurrent Clear Claimed Marks 0.047ms
[2023-11-11T11:56:21.318+0100][295.628s] GC(54) Concurrent Scan Root Regions
[2023-11-11T11:56:21.319+0100][295.629s] GC(54) Concurrent Scan Root Regions 1.153ms
[2023-11-11T11:56:21.319+0100][295.629s] GC(54) Concurrent Mark
[2023-11-11T11:56:21.319+0100][295.629s] GC(54) Concurrent Mark From Roots
[2023-11-11T11:56:21.319+0100][295.629s] GC(54) Using 3 workers of 3 for marking
[2023-11-11T11:56:21.342+0100][295.653s] GC(54) Concurrent Mark From Roots 23.668ms
[2023-11-11T11:56:21.342+0100][295.653s] GC(54) Concurrent Preclean
[2023-11-11T11:56:21.342+0100][295.653s] GC(54) Concurrent Preclean 0.106ms
[2023-11-11T11:56:21.342+0100][295.653s] GC(54) Pause Remark
[2023-11-11T11:56:21.348+0100][295.658s] GC(54) Pause Remark 120M->120M(512M) 5.390ms
[2023-11-11T11:56:21.348+0100][295.658s] GC(54) User=0.02s Sys=0.00s Real=0.01s
[2023-11-11T11:56:21.348+0100][295.658s] GC(54) Concurrent Mark 29.479ms
[2023-11-11T11:56:21.348+0100][295.658s] GC(54) Concurrent Rebuild Remembered Sets
[2023-11-11T11:56:21.357+0100][295.668s] GC(54) Concurrent Rebuild Remembered Sets 9.295ms
[2023-11-11T11:56:21.357+0100][295.668s] GC(54) Pause Cleanup
[2023-11-11T11:56:21.357+0100][295.668s] GC(54) Pause Cleanup 120M->120M(512M) 0.139ms
[2023-11-11T11:56:21.358+0100][295.668s] GC(54) User=0.00s Sys=0.00s Real=0.00s
[2023-11-11T11:56:21.358+0100][295.668s] GC(54) Concurrent Cleanup for Next Mark
[2023-11-11T11:56:21.358+0100][295.669s] GC(54) Concurrent Cleanup for Next Mark 0.593ms
[2023-11-11T11:56:21.358+0100][295.669s] GC(54) Concurrent Mark Cycle 41.095ms
[2023-11-11T11:56:25.607+0100][299.917s] GC(55) Pause Young (Prepare Mixed) (G1 Evacuation Pause)
[2023-11-11T11:56:25.607+0100][299.918s] GC(55) Using 10 workers of 10 for evacuation
[2023-11-11T11:56:25.612+0100][299.922s] GC(55)   Pre Evacuate Collection Set: 0.1ms
[2023-11-11T11:56:25.612+0100][299.922s] GC(55)   Merge Heap Roots: 0.1ms
[2023-11-11T11:56:25.612+0100][299.922s] GC(55)   Evacuate Collection Set: 3.4ms
[2023-11-11T11:56:25.612+0100][299.922s] GC(55)   Post Evacuate Collection Set: 0.4ms
[2023-11-11T11:56:25.612+0100][299.922s] GC(55)   Other: 0.1ms
[2023-11-11T11:56:25.612+0100][299.922s] GC(55) Eden regions: 284->0(2)
[2023-11-11T11:56:25.612+0100][299.922s] GC(55) Survivor regions: 23->23(39)
[2023-11-11T11:56:25.612+0100][299.922s] GC(55) Old regions: 94->97
[2023-11-11T11:56:25.612+0100][299.922s] GC(55) Archive regions: 0->0
[2023-11-11T11:56:25.612+0100][299.922s] GC(55) Humongous regions: 4->4
[2023-11-11T11:56:25.612+0100][299.922s] GC(55) Metaspace: 61593K(62208K)->61593K(62208K) NonClass: 54668K(54976K)->54668K(54976K) Class: 6925K(7232K)->6925K(7232K)
[2023-11-11T11:56:25.612+0100][299.922s] GC(55) Pause Young (Prepare Mixed) (G1 Evacuation Pause) 404M->123M(512M) 4.306ms
[2023-11-11T11:56:25.612+0100][299.922s] GC(55) User=0.14s Sys=0.02s Real=0.00s
[2023-11-11T11:56:25.669+0100][299.979s] GC(56) Pause Young (Mixed) (G1 Evacuation Pause)
[2023-11-11T11:56:25.669+0100][299.979s] GC(56) Using 10 workers of 10 for evacuation
[2023-11-11T11:56:25.676+0100][299.986s] GC(56)   Pre Evacuate Collection Set: 0.1ms
[2023-11-11T11:56:25.676+0100][299.986s] GC(56)   Merge Heap Roots: 0.1ms
[2023-11-11T11:56:25.676+0100][299.986s] GC(56)   Evacuate Collection Set: 6.1ms
[2023-11-11T11:56:25.676+0100][299.986s] GC(56)   Post Evacuate Collection Set: 0.4ms
[2023-11-11T11:56:25.676+0100][299.986s] GC(56)   Other: 0.1ms
[2023-11-11T11:56:25.676+0100][299.986s] GC(56) Eden regions: 2->0(304)
[2023-11-11T11:56:25.676+0100][299.986s] GC(56) Survivor regions: 23->3(4)
[2023-11-11T11:56:25.676+0100][299.986s] GC(56) Old regions: 97->118
[2023-11-11T11:56:25.676+0100][299.986s] GC(56) Archive regions: 0->0
[2023-11-11T11:56:25.676+0100][299.986s] GC(56) Humongous regions: 4->4
[2023-11-11T11:56:25.676+0100][299.986s] GC(56) Metaspace: 61593K(62208K)->61593K(62208K) NonClass: 54668K(54976K)->54668K(54976K) Class: 6925K(7232K)->6925K(7232K)
[2023-11-11T11:56:25.676+0100][299.986s] GC(56) Pause Young (Mixed) (G1 Evacuation Pause) 125M->124M(512M) 6.910ms
[2023-11-11T11:56:25.676+0100][299.986s] GC(56) User=0.05s Sys=0.11s Real=0.01s
[2023-11-11T11:56:30.352+0100][304.662s] GC(57) Pause Young (Normal) (G1 Evacuation Pause)
[2023-11-11T11:56:30.352+0100][304.662s] GC(57) Using 10 workers of 10 for evacuation
[2023-11-11T11:56:30.353+0100][304.664s] GC(57)   Pre Evacuate Collection Set: 0.1ms
[2023-11-11T11:56:30.353+0100][304.664s] GC(57)   Merge Heap Roots: 0.1ms
[2023-11-11T11:56:30.353+0100][304.664s] GC(57)   Evacuate Collection Set: 0.9ms
[2023-11-11T11:56:30.353+0100][304.664s] GC(57)   Post Evacuate Collection Set: 0.5ms
[2023-11-11T11:56:30.353+0100][304.664s] GC(57)   Other: 0.1ms
[2023-11-11T11:56:30.353+0100][304.664s] GC(57) Eden regions: 304->0(301)
[2023-11-11T11:56:30.353+0100][304.664s] GC(57) Survivor regions: 3->6(39)
[2023-11-11T11:56:30.353+0100][304.664s] GC(57) Old regions: 118->118
[2023-11-11T11:56:30.353+0100][304.664s] GC(57) Archive regions: 0->0
[2023-11-11T11:56:30.353+0100][304.664s] GC(57) Humongous regions: 4->4
[2023-11-11T11:56:30.353+0100][304.664s] GC(57) Metaspace: 61618K(62208K)->61618K(62208K) NonClass: 54686K(54976K)->54686K(54976K) Class: 6931K(7232K)->6931K(7232K)
[2023-11-11T11:56:30.353+0100][304.664s] GC(57) Pause Young (Normal) (G1 Evacuation Pause) 428M->126M(512M) 1.817ms
[2023-11-11T11:56:30.353+0100][304.664s] GC(57) User=0.00s Sys=0.00s Real=0.00s
[2023-11-11T11:56:34.376+0100][308.686s] GC(58) Pause Young (Normal) (G1 Evacuation Pause)
[2023-11-11T11:56:34.376+0100][308.686s] GC(58) Using 10 workers of 10 for evacuation
[2023-11-11T11:56:34.378+0100][308.688s] GC(58)   Pre Evacuate Collection Set: 0.1ms
[2023-11-11T11:56:34.378+0100][308.689s] GC(58)   Merge Heap Roots: 0.1ms
[2023-11-11T11:56:34.378+0100][308.689s] GC(58)   Evacuate Collection Set: 1.3ms
[2023-11-11T11:56:34.378+0100][308.689s] GC(58)   Post Evacuate Collection Set: 0.6ms
[2023-11-11T11:56:34.378+0100][308.689s] GC(58)   Other: 0.1ms
[2023-11-11T11:56:34.378+0100][308.689s] GC(58) Eden regions: 301->0(299)
[2023-11-11T11:56:34.378+0100][308.689s] GC(58) Survivor regions: 6->8(39)
[2023-11-11T11:56:34.378+0100][308.689s] GC(58) Old regions: 118->118
[2023-11-11T11:56:34.378+0100][308.689s] GC(58) Archive regions: 0->0
[2023-11-11T11:56:34.378+0100][308.689s] GC(58) Humongous regions: 4->4
[2023-11-11T11:56:34.378+0100][308.689s] GC(58) Metaspace: 61652K(62272K)->61652K(62272K) NonClass: 54718K(55040K)->54718K(55040K) Class: 6933K(7232K)->6933K(7232K)
[2023-11-11T11:56:34.378+0100][308.689s] GC(58) Pause Young (Normal) (G1 Evacuation Pause) 427M->129M(512M) 2.451ms
[2023-11-11T11:56:34.378+0100][308.689s] GC(58) User=0.00s Sys=0.00s Real=0.00s
