[2023-10-12T15:10:38.058+0200][0.010s] CardTable entry size: 512
[2023-10-12T15:10:38.059+0200][0.011s] Using G1
[2023-10-12T15:10:38.168+0200][0.120s] Version: 19.0.1+10-21 (release)
[2023-10-12T15:10:38.168+0200][0.120s] CPUs: 12 total, 12 available
[2023-10-12T15:10:38.168+0200][0.120s] Memory: 16220M
[2023-10-12T15:10:38.168+0200][0.120s] Large Page Support: Disabled
[2023-10-12T15:10:38.168+0200][0.120s] NUMA Support: Disabled
[2023-10-12T15:10:38.168+0200][0.120s] Compressed Oops: Enabled (32-bit)
[2023-10-12T15:10:38.168+0200][0.120s] Heap Region Size: 1M
[2023-10-12T15:10:38.168+0200][0.120s] Heap Min Capacity: 512M
[2023-10-12T15:10:38.168+0200][0.120s] Heap Initial Capacity: 512M
[2023-10-12T15:10:38.168+0200][0.120s] Heap Max Capacity: 512M
[2023-10-12T15:10:38.168+0200][0.121s] Pre-touch: Enabled
[2023-10-12T15:10:38.168+0200][0.121s] Parallel Workers: 10
[2023-10-12T15:10:38.168+0200][0.121s] Concurrent Workers: 3
[2023-10-12T15:10:38.168+0200][0.121s] Concurrent Refinement Workers: 10
[2023-10-12T15:10:38.168+0200][0.121s] Periodic GC: Disabled
[2023-10-12T15:10:38.169+0200][0.121s] CDS archive(s) mapped at: [0x0000000800000000-0x0000000800c40000-0x0000000800c40000), size 12845056, SharedBaseAddress: 0x0000000800000000, ArchiveRelocationMode: 0.
[2023-10-12T15:10:38.169+0200][0.121s] Compressed class space mapped at: 0x0000000801000000-0x0000000841000000, reserved size: 1073741824
[2023-10-12T15:10:38.169+0200][0.121s] Narrow klass base: 0x0000000800000000, Narrow klass shift: 0, Narrow klass range: 0x100000000
[2023-10-12T15:10:39.879+0200][1.831s] GC(0) Pause Young (Normal) (G1 Evacuation Pause)
[2023-10-12T15:10:39.880+0200][1.832s] GC(0) Using 10 workers of 10 for evacuation
[2023-10-12T15:10:39.883+0200][1.836s] GC(0)   Pre Evacuate Collection Set: 0.1ms
[2023-10-12T15:10:39.883+0200][1.836s] GC(0)   Merge Heap Roots: 0.1ms
[2023-10-12T15:10:39.883+0200][1.836s] GC(0)   Evacuate Collection Set: 2.8ms
[2023-10-12T15:10:39.883+0200][1.836s] GC(0)   Post Evacuate Collection Set: 0.7ms
[2023-10-12T15:10:39.885+0200][1.837s] GC(0)   Other: 0.5ms
[2023-10-12T15:10:39.885+0200][1.837s] GC(0) Eden regions: 29->0(41)
[2023-10-12T15:10:39.885+0200][1.837s] GC(0) Survivor regions: 0->4(4)
[2023-10-12T15:10:39.885+0200][1.837s] GC(0) Old regions: 0->1
[2023-10-12T15:10:39.885+0200][1.837s] GC(0) Archive regions: 0->0
[2023-10-12T15:10:39.885+0200][1.837s] GC(0) Humongous regions: 0->0
[2023-10-12T15:10:39.885+0200][1.837s] GC(0) Metaspace: 9554K(9792K)->9554K(9792K) NonClass: 8484K(8576K)->8484K(8576K) Class: 1070K(1216K)->1070K(1216K)
[2023-10-12T15:10:39.885+0200][1.837s] GC(0) Pause Young (Normal) (G1 Evacuation Pause) 29M->4M(512M) 5.679ms
[2023-10-12T15:10:39.885+0200][1.837s] GC(0) User=0.00s Sys=0.00s Real=0.01s
[2023-10-12T15:10:45.106+0200][7.059s] GC(1) Pause Young (Normal) (G1 Evacuation Pause)
[2023-10-12T15:10:45.106+0200][7.059s] GC(1) Using 10 workers of 10 for evacuation
[2023-10-12T15:10:45.113+0200][7.065s] GC(1)   Pre Evacuate Collection Set: 0.1ms
[2023-10-12T15:10:45.113+0200][7.065s] GC(1)   Merge Heap Roots: 0.1ms
[2023-10-12T15:10:45.113+0200][7.065s] GC(1)   Evacuate Collection Set: 6.0ms
[2023-10-12T15:10:45.113+0200][7.065s] GC(1)   Post Evacuate Collection Set: 0.6ms
[2023-10-12T15:10:45.113+0200][7.065s] GC(1)   Other: 0.1ms
[2023-10-12T15:10:45.113+0200][7.065s] GC(1) Eden regions: 41->0(172)
[2023-10-12T15:10:45.113+0200][7.066s] GC(1) Survivor regions: 4->6(6)
[2023-10-12T15:10:45.113+0200][7.066s] GC(1) Old regions: 1->9
[2023-10-12T15:10:45.113+0200][7.066s] GC(1) Archive regions: 0->0
[2023-10-12T15:10:45.113+0200][7.066s] GC(1) Humongous regions: 4->4
[2023-10-12T15:10:45.113+0200][7.066s] GC(1) Metaspace: 19114K(19456K)->19114K(19456K) NonClass: 16963K(17152K)->16963K(17152K) Class: 2150K(2304K)->2150K(2304K)
[2023-10-12T15:10:45.113+0200][7.066s] GC(1) Pause Young (Normal) (G1 Evacuation Pause) 49M->18M(512M) 6.988ms
[2023-10-12T15:10:45.113+0200][7.066s] GC(1) User=0.00s Sys=0.00s Real=0.01s
[2023-10-12T15:10:45.692+0200][7.644s] GC(2) Pause Young (Concurrent Start) (Metadata GC Threshold)
[2023-10-12T15:10:45.692+0200][7.645s] GC(2) Using 10 workers of 10 for evacuation
[2023-10-12T15:10:45.696+0200][7.648s] GC(2)   Pre Evacuate Collection Set: 0.1ms
[2023-10-12T15:10:45.696+0200][7.648s] GC(2)   Merge Heap Roots: 0.1ms
[2023-10-12T15:10:45.696+0200][7.648s] GC(2)   Evacuate Collection Set: 2.9ms
[2023-10-12T15:10:45.696+0200][7.648s] GC(2)   Post Evacuate Collection Set: 0.5ms
[2023-10-12T15:10:45.696+0200][7.648s] GC(2)   Other: 0.1ms
[2023-10-12T15:10:45.696+0200][7.648s] GC(2) Eden regions: 93->0(296)
[2023-10-12T15:10:45.696+0200][7.648s] GC(2) Survivor regions: 6->11(23)
[2023-10-12T15:10:45.696+0200][7.648s] GC(2) Old regions: 9->9
[2023-10-12T15:10:45.696+0200][7.648s] GC(2) Archive regions: 0->0
[2023-10-12T15:10:45.696+0200][7.648s] GC(2) Humongous regions: 4->4
[2023-10-12T15:10:45.696+0200][7.648s] GC(2) Metaspace: 21057K(21504K)->21057K(21504K) NonClass: 18724K(18944K)->18724K(18944K) Class: 2333K(2560K)->2333K(2560K)
[2023-10-12T15:10:45.696+0200][7.648s] GC(2) Pause Young (Concurrent Start) (Metadata GC Threshold) 110M->23M(512M) 3.860ms
[2023-10-12T15:10:45.696+0200][7.648s] GC(2) User=0.00s Sys=0.00s Real=0.00s
[2023-10-12T15:10:45.696+0200][7.648s] GC(3) Concurrent Mark Cycle
[2023-10-12T15:10:45.696+0200][7.648s] GC(3) Concurrent Clear Claimed Marks
[2023-10-12T15:10:45.696+0200][7.648s] GC(3) Concurrent Clear Claimed Marks 0.030ms
[2023-10-12T15:10:45.696+0200][7.648s] GC(3) Concurrent Scan Root Regions
[2023-10-12T15:10:45.698+0200][7.650s] GC(3) Concurrent Scan Root Regions 1.998ms
[2023-10-12T15:10:45.698+0200][7.651s] GC(3) Concurrent Mark
[2023-10-12T15:10:45.698+0200][7.651s] GC(3) Concurrent Mark From Roots
[2023-10-12T15:10:45.698+0200][7.651s] GC(3) Using 3 workers of 3 for marking
[2023-10-12T15:10:45.704+0200][7.656s] GC(3) Concurrent Mark From Roots 5.856ms
[2023-10-12T15:10:45.704+0200][7.656s] GC(3) Concurrent Preclean
[2023-10-12T15:10:45.704+0200][7.656s] GC(3) Concurrent Preclean 0.036ms
[2023-10-12T15:10:45.704+0200][7.657s] GC(3) Pause Remark
[2023-10-12T15:10:45.706+0200][7.658s] GC(3) Pause Remark 24M->24M(512M) 1.492ms
[2023-10-12T15:10:45.706+0200][7.658s] GC(3) User=0.00s Sys=0.00s Real=0.00s
[2023-10-12T15:10:45.706+0200][7.658s] GC(3) Concurrent Mark 7.595ms
[2023-10-12T15:10:45.706+0200][7.658s] GC(3) Concurrent Rebuild Remembered Sets
[2023-10-12T15:10:45.709+0200][7.661s] GC(3) Concurrent Rebuild Remembered Sets 2.650ms
[2023-10-12T15:10:45.709+0200][7.661s] GC(3) Pause Cleanup
[2023-10-12T15:10:45.709+0200][7.661s] GC(3) Pause Cleanup 24M->24M(512M) 0.102ms
[2023-10-12T15:10:45.709+0200][7.661s] GC(3) User=0.00s Sys=0.00s Real=0.00s
[2023-10-12T15:10:45.709+0200][7.661s] GC(3) Concurrent Cleanup for Next Mark
[2023-10-12T15:10:45.710+0200][7.662s] GC(3) Concurrent Cleanup for Next Mark 0.759ms
[2023-10-12T15:10:45.710+0200][7.662s] GC(3) Concurrent Mark Cycle 13.583ms
[2023-10-12T15:10:45.951+0200][7.904s] GC(4) Pause Young (Concurrent Start) (CodeCache GC Threshold)
[2023-10-12T15:10:45.951+0200][7.904s] GC(4) Using 10 workers of 10 for evacuation
[2023-10-12T15:10:45.955+0200][7.908s] GC(4)   Pre Evacuate Collection Set: 0.1ms
[2023-10-12T15:10:45.955+0200][7.908s] GC(4)   Merge Heap Roots: 0.1ms
[2023-10-12T15:10:45.955+0200][7.908s] GC(4)   Evacuate Collection Set: 3.2ms
[2023-10-12T15:10:45.955+0200][7.908s] GC(4)   Post Evacuate Collection Set: 0.6ms
[2023-10-12T15:10:45.955+0200][7.908s] GC(4)   Other: 0.2ms
[2023-10-12T15:10:45.955+0200][7.908s] GC(4) Eden regions: 24->0(294)
[2023-10-12T15:10:45.955+0200][7.908s] GC(4) Survivor regions: 11->13(39)
[2023-10-12T15:10:45.955+0200][7.908s] GC(4) Old regions: 9->9
[2023-10-12T15:10:45.955+0200][7.908s] GC(4) Archive regions: 0->0
[2023-10-12T15:10:45.955+0200][7.908s] GC(4) Humongous regions: 5->4
[2023-10-12T15:10:45.955+0200][7.908s] GC(4) Metaspace: 23643K(24064K)->23643K(24064K) NonClass: 20936K(21184K)->20936K(21184K) Class: 2706K(2880K)->2706K(2880K)
[2023-10-12T15:10:45.955+0200][7.908s] GC(4) Pause Young (Concurrent Start) (CodeCache GC Threshold) 48M->25M(512M) 4.328ms
[2023-10-12T15:10:45.955+0200][7.908s] GC(4) User=0.00s Sys=0.00s Real=0.00s
[2023-10-12T15:10:45.955+0200][7.908s] GC(5) Concurrent Mark Cycle
[2023-10-12T15:10:45.955+0200][7.908s] GC(5) Concurrent Clear Claimed Marks
[2023-10-12T15:10:45.955+0200][7.908s] GC(5) Concurrent Clear Claimed Marks 0.025ms
[2023-10-12T15:10:45.955+0200][7.908s] GC(5) Concurrent Scan Root Regions
[2023-10-12T15:10:45.957+0200][7.910s] GC(5) Concurrent Scan Root Regions 1.455ms
[2023-10-12T15:10:45.957+0200][7.910s] GC(5) Concurrent Mark
[2023-10-12T15:10:45.957+0200][7.910s] GC(5) Concurrent Mark From Roots
[2023-10-12T15:10:45.957+0200][7.910s] GC(5) Using 3 workers of 3 for marking
[2023-10-12T15:10:45.962+0200][7.915s] GC(5) Concurrent Mark From Roots 4.897ms
[2023-10-12T15:10:45.962+0200][7.915s] GC(5) Concurrent Preclean
[2023-10-12T15:10:45.962+0200][7.915s] GC(5) Concurrent Preclean 0.038ms
[2023-10-12T15:10:45.962+0200][7.915s] GC(5) Pause Remark
[2023-10-12T15:10:45.964+0200][7.916s] GC(5) Pause Remark 26M->26M(512M) 1.288ms
[2023-10-12T15:10:45.964+0200][7.916s] GC(5) User=0.00s Sys=0.02s Real=0.00s
[2023-10-12T15:10:45.964+0200][7.916s] GC(5) Concurrent Mark 6.687ms
[2023-10-12T15:10:45.964+0200][7.916s] GC(5) Concurrent Rebuild Remembered Sets
[2023-10-12T15:10:45.966+0200][7.919s] GC(5) Concurrent Rebuild Remembered Sets 2.642ms
[2023-10-12T15:10:45.967+0200][7.919s] GC(5) Pause Cleanup
[2023-10-12T15:10:45.967+0200][7.919s] GC(5) Pause Cleanup 26M->26M(512M) 0.121ms
[2023-10-12T15:10:45.967+0200][7.919s] GC(5) User=0.00s Sys=0.00s Real=0.00s
[2023-10-12T15:10:45.967+0200][7.919s] GC(5) Concurrent Cleanup for Next Mark
[2023-10-12T15:10:45.967+0200][7.920s] GC(5) Concurrent Cleanup for Next Mark 0.619ms
[2023-10-12T15:10:45.967+0200][7.920s] GC(5) Concurrent Mark Cycle 11.937ms
[2023-10-12T15:11:08.690+0200][30.643s] GC(6) Pause Young (Prepare Mixed) (Metadata GC Threshold)
[2023-10-12T15:11:08.690+0200][30.643s] GC(6) Using 10 workers of 10 for evacuation
[2023-10-12T15:11:08.699+0200][30.651s] GC(6)   Pre Evacuate Collection Set: 0.1ms
[2023-10-12T15:11:08.699+0200][30.651s] GC(6)   Merge Heap Roots: 0.1ms
[2023-10-12T15:11:08.699+0200][30.651s] GC(6)   Evacuate Collection Set: 7.2ms
[2023-10-12T15:11:08.699+0200][30.651s] GC(6)   Post Evacuate Collection Set: 0.8ms
[2023-10-12T15:11:08.699+0200][30.651s] GC(6)   Other: 0.1ms
[2023-10-12T15:11:08.699+0200][30.651s] GC(6) Eden regions: 106->0(6)
[2023-10-12T15:11:08.699+0200][30.651s] GC(6) Survivor regions: 13->19(39)
[2023-10-12T15:11:08.699+0200][30.651s] GC(6) Old regions: 9->9
[2023-10-12T15:11:08.699+0200][30.651s] GC(6) Archive regions: 0->0
[2023-10-12T15:11:08.699+0200][30.651s] GC(6) Humongous regions: 4->4
[2023-10-12T15:11:08.699+0200][30.651s] GC(6) Metaspace: 39845K(40320K)->39845K(40320K) NonClass: 35249K(35456K)->35249K(35456K) Class: 4596K(4864K)->4596K(4864K)
[2023-10-12T15:11:08.699+0200][30.652s] GC(6) Pause Young (Prepare Mixed) (Metadata GC Threshold) 131M->31M(512M) 8.468ms
[2023-10-12T15:11:08.699+0200][30.652s] GC(6) User=0.08s Sys=0.00s Real=0.01s
[2023-10-12T15:11:08.725+0200][30.677s] GC(7) Pause Young (Mixed) (Metadata GC Threshold)
[2023-10-12T15:11:08.725+0200][30.677s] GC(7) Using 10 workers of 10 for evacuation
[2023-10-12T15:11:08.732+0200][30.684s] GC(7)   Pre Evacuate Collection Set: 0.1ms
[2023-10-12T15:11:08.732+0200][30.684s] GC(7)   Merge Heap Roots: 0.0ms
[2023-10-12T15:11:08.732+0200][30.684s] GC(7)   Evacuate Collection Set: 6.4ms
[2023-10-12T15:11:08.732+0200][30.684s] GC(7)   Post Evacuate Collection Set: 0.4ms
[2023-10-12T15:11:08.732+0200][30.684s] GC(7)   Other: 0.1ms
[2023-10-12T15:11:08.732+0200][30.684s] GC(7) Eden regions: 3->0(304)
[2023-10-12T15:11:08.732+0200][30.684s] GC(7) Survivor regions: 19->3(4)
[2023-10-12T15:11:08.732+0200][30.684s] GC(7) Old regions: 9->27
[2023-10-12T15:11:08.732+0200][30.684s] GC(7) Archive regions: 0->0
[2023-10-12T15:11:08.732+0200][30.684s] GC(7) Humongous regions: 4->4
[2023-10-12T15:11:08.732+0200][30.684s] GC(7) Metaspace: 40181K(40640K)->40181K(40640K) NonClass: 35535K(35776K)->35535K(35776K) Class: 4646K(4864K)->4646K(4864K)
[2023-10-12T15:11:08.732+0200][30.684s] GC(7) Pause Young (Mixed) (Metadata GC Threshold) 34M->32M(512M) 7.228ms
[2023-10-12T15:11:08.732+0200][30.684s] GC(7) User=0.17s Sys=0.00s Real=0.01s
[2023-10-12T15:11:08.759+0200][30.712s] GC(8) Pause Young (Concurrent Start) (Metadata GC Threshold)
[2023-10-12T15:11:08.759+0200][30.712s] GC(8) Using 10 workers of 10 for evacuation
[2023-10-12T15:11:08.761+0200][30.713s] GC(8)   Pre Evacuate Collection Set: 0.2ms
[2023-10-12T15:11:08.761+0200][30.713s] GC(8)   Merge Heap Roots: 0.1ms
[2023-10-12T15:11:08.761+0200][30.713s] GC(8)   Evacuate Collection Set: 0.6ms
[2023-10-12T15:11:08.761+0200][30.713s] GC(8)   Post Evacuate Collection Set: 0.5ms
[2023-10-12T15:11:08.761+0200][30.713s] GC(8)   Other: 0.1ms
[2023-10-12T15:11:08.761+0200][30.713s] GC(8) Eden regions: 4->0(306)
[2023-10-12T15:11:08.761+0200][30.713s] GC(8) Survivor regions: 3->1(39)
[2023-10-12T15:11:08.761+0200][30.713s] GC(8) Old regions: 27->27
[2023-10-12T15:11:08.761+0200][30.713s] GC(8) Archive regions: 0->0
[2023-10-12T15:11:08.761+0200][30.713s] GC(8) Humongous regions: 4->4
[2023-10-12T15:11:08.761+0200][30.713s] GC(8) Metaspace: 40488K(40960K)->40488K(40960K) NonClass: 35790K(36032K)->35790K(36032K) Class: 4697K(4928K)->4697K(4928K)
[2023-10-12T15:11:08.761+0200][30.713s] GC(8) Pause Young (Concurrent Start) (Metadata GC Threshold) 36M->30M(512M) 1.726ms
[2023-10-12T15:11:08.761+0200][30.713s] GC(8) User=0.00s Sys=0.00s Real=0.00s
[2023-10-12T15:11:08.761+0200][30.714s] GC(9) Concurrent Mark Cycle
[2023-10-12T15:11:08.761+0200][30.714s] GC(9) Concurrent Clear Claimed Marks
[2023-10-12T15:11:08.761+0200][30.714s] GC(9) Concurrent Clear Claimed Marks 0.017ms
[2023-10-12T15:11:08.761+0200][30.714s] GC(9) Concurrent Scan Root Regions
[2023-10-12T15:11:08.762+0200][30.714s] GC(9) Concurrent Scan Root Regions 0.812ms
[2023-10-12T15:11:08.762+0200][30.714s] GC(9) Concurrent Mark
[2023-10-12T15:11:08.762+0200][30.714s] GC(9) Concurrent Mark From Roots
[2023-10-12T15:11:08.762+0200][30.714s] GC(9) Using 3 workers of 3 for marking
[2023-10-12T15:11:08.778+0200][30.731s] GC(9) Concurrent Mark From Roots 16.122ms
[2023-10-12T15:11:08.778+0200][30.731s] GC(9) Concurrent Preclean
[2023-10-12T15:11:08.778+0200][30.731s] GC(9) Concurrent Preclean 0.093ms
[2023-10-12T15:11:08.778+0200][30.731s] GC(9) Pause Remark
[2023-10-12T15:11:08.782+0200][30.734s] GC(9) Pause Remark 32M->32M(512M) 3.151ms
[2023-10-12T15:11:08.782+0200][30.734s] GC(9) User=0.00s Sys=0.00s Real=0.00s
[2023-10-12T15:11:08.782+0200][30.734s] GC(9) Concurrent Mark 19.695ms
[2023-10-12T15:11:08.782+0200][30.734s] GC(9) Concurrent Rebuild Remembered Sets
[2023-10-12T15:11:08.789+0200][30.741s] GC(9) Concurrent Rebuild Remembered Sets 6.756ms
[2023-10-12T15:11:08.804+0200][30.756s] GC(9) Pause Cleanup
[2023-10-12T15:11:08.804+0200][30.756s] GC(9) Pause Cleanup 33M->33M(512M) 0.149ms
[2023-10-12T15:11:08.804+0200][30.756s] GC(9) User=0.00s Sys=0.00s Real=0.00s
[2023-10-12T15:11:08.804+0200][30.756s] GC(9) Concurrent Cleanup for Next Mark
[2023-10-12T15:11:08.805+0200][30.757s] GC(9) Concurrent Cleanup for Next Mark 0.799ms
[2023-10-12T15:11:08.805+0200][30.757s] GC(9) Concurrent Mark Cycle 43.536ms
[2023-10-12T15:11:09.070+0200][31.022s] GC(10) Pause Young (Concurrent Start) (CodeCache GC Threshold)
[2023-10-12T15:11:09.070+0200][31.022s] GC(10) Using 10 workers of 10 for evacuation
[2023-10-12T15:11:09.072+0200][31.025s] GC(10)   Pre Evacuate Collection Set: 0.1ms
[2023-10-12T15:11:09.073+0200][31.025s] GC(10)   Merge Heap Roots: 0.1ms
[2023-10-12T15:11:09.073+0200][31.025s] GC(10)   Evacuate Collection Set: 1.7ms
[2023-10-12T15:11:09.073+0200][31.025s] GC(10)   Post Evacuate Collection Set: 0.5ms
[2023-10-12T15:11:09.073+0200][31.025s] GC(10)   Other: 0.1ms
[2023-10-12T15:11:09.073+0200][31.025s] GC(10) Eden regions: 30->0(304)
[2023-10-12T15:11:09.073+0200][31.025s] GC(10) Survivor regions: 1->3(39)
[2023-10-12T15:11:09.073+0200][31.025s] GC(10) Old regions: 27->27
[2023-10-12T15:11:09.073+0200][31.025s] GC(10) Archive regions: 0->0
[2023-10-12T15:11:09.073+0200][31.025s] GC(10) Humongous regions: 4->4
[2023-10-12T15:11:09.073+0200][31.025s] GC(10) Metaspace: 43780K(44288K)->43780K(44288K) NonClass: 38639K(38912K)->38639K(38912K) Class: 5141K(5376K)->5141K(5376K)
[2023-10-12T15:11:09.073+0200][31.025s] GC(10) Pause Young (Concurrent Start) (CodeCache GC Threshold) 60M->32M(512M) 2.762ms
[2023-10-12T15:11:09.073+0200][31.025s] GC(10) User=0.00s Sys=0.00s Real=0.00s
[2023-10-12T15:11:09.073+0200][31.025s] GC(11) Concurrent Mark Cycle
[2023-10-12T15:11:09.073+0200][31.025s] GC(11) Concurrent Clear Claimed Marks
[2023-10-12T15:11:09.073+0200][31.025s] GC(11) Concurrent Clear Claimed Marks 0.032ms
[2023-10-12T15:11:09.073+0200][31.025s] GC(11) Concurrent Scan Root Regions
[2023-10-12T15:11:09.074+0200][31.027s] GC(11) Concurrent Scan Root Regions 1.458ms
[2023-10-12T15:11:09.074+0200][31.027s] GC(11) Concurrent Mark
[2023-10-12T15:11:09.074+0200][31.027s] GC(11) Concurrent Mark From Roots
[2023-10-12T15:11:09.074+0200][31.027s] GC(11) Using 3 workers of 3 for marking
[2023-10-12T15:11:09.091+0200][31.043s] GC(11) Concurrent Mark From Roots 16.233ms
[2023-10-12T15:11:09.091+0200][31.043s] GC(11) Concurrent Preclean
[2023-10-12T15:11:09.091+0200][31.043s] GC(11) Concurrent Preclean 0.095ms
[2023-10-12T15:11:09.104+0200][31.056s] GC(11) Pause Remark
[2023-10-12T15:11:09.106+0200][31.058s] GC(11) Pause Remark 34M->34M(512M) 1.222ms
[2023-10-12T15:11:09.106+0200][31.058s] GC(11) User=0.16s Sys=0.00s Real=0.00s
[2023-10-12T15:11:09.106+0200][31.058s] GC(11) Concurrent Mark 31.016ms
[2023-10-12T15:11:09.106+0200][31.058s] GC(11) Concurrent Rebuild Remembered Sets
[2023-10-12T15:11:09.112+0200][31.064s] GC(11) Concurrent Rebuild Remembered Sets 5.831ms
[2023-10-12T15:11:09.112+0200][31.064s] GC(11) Pause Cleanup
[2023-10-12T15:11:09.112+0200][31.064s] GC(11) Pause Cleanup 35M->35M(512M) 0.107ms
[2023-10-12T15:11:09.112+0200][31.064s] GC(11) User=0.00s Sys=0.00s Real=0.00s
[2023-10-12T15:11:09.112+0200][31.064s] GC(11) Concurrent Cleanup for Next Mark
[2023-10-12T15:11:09.113+0200][31.065s] GC(11) Concurrent Cleanup for Next Mark 0.740ms
[2023-10-12T15:11:09.113+0200][31.065s] GC(11) Concurrent Mark Cycle 39.654ms
[2023-10-12T15:11:09.320+0200][31.273s] GC(12) Pause Young (Concurrent Start) (CodeCache GC Threshold)
[2023-10-12T15:11:09.320+0200][31.273s] GC(12) Using 10 workers of 10 for evacuation
[2023-10-12T15:11:09.323+0200][31.275s] GC(12)   Pre Evacuate Collection Set: 0.2ms
[2023-10-12T15:11:09.323+0200][31.275s] GC(12)   Merge Heap Roots: 0.1ms
[2023-10-12T15:11:09.323+0200][31.275s] GC(12)   Evacuate Collection Set: 1.8ms
[2023-10-12T15:11:09.323+0200][31.275s] GC(12)   Post Evacuate Collection Set: 0.5ms
[2023-10-12T15:11:09.323+0200][31.275s] GC(12)   Other: 0.1ms
[2023-10-12T15:11:09.323+0200][31.275s] GC(12) Eden regions: 16->0(303)
[2023-10-12T15:11:09.323+0200][31.275s] GC(12) Survivor regions: 3->4(39)
[2023-10-12T15:11:09.323+0200][31.275s] GC(12) Old regions: 27->27
[2023-10-12T15:11:09.323+0200][31.275s] GC(12) Archive regions: 0->0
[2023-10-12T15:11:09.323+0200][31.275s] GC(12) Humongous regions: 4->4
[2023-10-12T15:11:09.323+0200][31.275s] GC(12) Metaspace: 45673K(46208K)->45673K(46208K) NonClass: 40298K(40576K)->40298K(40576K) Class: 5374K(5632K)->5374K(5632K)
[2023-10-12T15:11:09.323+0200][31.275s] GC(12) Pause Young (Concurrent Start) (CodeCache GC Threshold) 47M->33M(512M) 2.874ms
[2023-10-12T15:11:09.323+0200][31.275s] GC(12) User=0.00s Sys=0.00s Real=0.00s
[2023-10-12T15:11:09.323+0200][31.275s] GC(13) Concurrent Mark Cycle
[2023-10-12T15:11:09.323+0200][31.275s] GC(13) Concurrent Clear Claimed Marks
[2023-10-12T15:11:09.323+0200][31.276s] GC(13) Concurrent Clear Claimed Marks 0.035ms
[2023-10-12T15:11:09.323+0200][31.276s] GC(13) Concurrent Scan Root Regions
[2023-10-12T15:11:09.324+0200][31.277s] GC(13) Concurrent Scan Root Regions 1.297ms
[2023-10-12T15:11:09.324+0200][31.277s] GC(13) Concurrent Mark
[2023-10-12T15:11:09.324+0200][31.277s] GC(13) Concurrent Mark From Roots
[2023-10-12T15:11:09.324+0200][31.277s] GC(13) Using 3 workers of 3 for marking
[2023-10-12T15:11:09.337+0200][31.289s] GC(13) Concurrent Mark From Roots 12.372ms
[2023-10-12T15:11:09.337+0200][31.289s] GC(13) Concurrent Preclean
[2023-10-12T15:11:09.337+0200][31.289s] GC(13) Concurrent Preclean 0.070ms
[2023-10-12T15:11:09.337+0200][31.290s] GC(13) Pause Remark
[2023-10-12T15:11:09.338+0200][31.291s] GC(13) Pause Remark 34M->34M(512M) 1.418ms
[2023-10-12T15:11:09.338+0200][31.291s] GC(13) User=0.00s Sys=0.00s Real=0.00s
[2023-10-12T15:11:09.338+0200][31.291s] GC(13) Concurrent Mark 14.191ms
[2023-10-12T15:11:09.338+0200][31.291s] GC(13) Concurrent Rebuild Remembered Sets
[2023-10-12T15:11:09.344+0200][31.296s] GC(13) Concurrent Rebuild Remembered Sets 5.310ms
[2023-10-12T15:11:09.344+0200][31.297s] GC(13) Pause Cleanup
[2023-10-12T15:11:09.344+0200][31.297s] GC(13) Pause Cleanup 35M->35M(512M) 0.136ms
[2023-10-12T15:11:09.344+0200][31.297s] GC(13) User=0.00s Sys=0.00s Real=0.00s
[2023-10-12T15:11:09.344+0200][31.297s] GC(13) Concurrent Cleanup for Next Mark
[2023-10-12T15:11:09.345+0200][31.298s] GC(13) Concurrent Cleanup for Next Mark 0.672ms
[2023-10-12T15:11:09.345+0200][31.298s] GC(13) Concurrent Mark Cycle 22.109ms
[2023-10-12T15:11:55.650+0200][77.603s] GC(14) Pause Young (Concurrent Start) (CodeCache GC Threshold)
[2023-10-12T15:11:55.650+0200][77.603s] GC(14) Using 10 workers of 10 for evacuation
[2023-10-12T15:11:55.658+0200][77.610s] GC(14)   Pre Evacuate Collection Set: 0.2ms
[2023-10-12T15:11:55.658+0200][77.611s] GC(14)   Merge Heap Roots: 0.1ms
[2023-10-12T15:11:55.658+0200][77.611s] GC(14)   Evacuate Collection Set: 6.2ms
[2023-10-12T15:11:55.658+0200][77.611s] GC(14)   Post Evacuate Collection Set: 0.9ms
[2023-10-12T15:11:55.658+0200][77.611s] GC(14)   Other: 0.1ms
[2023-10-12T15:11:55.658+0200][77.611s] GC(14) Eden regions: 181->0(291)
[2023-10-12T15:11:55.658+0200][77.611s] GC(14) Survivor regions: 4->16(39)
[2023-10-12T15:11:55.658+0200][77.611s] GC(14) Old regions: 27->27
[2023-10-12T15:11:55.658+0200][77.611s] GC(14) Archive regions: 0->0
[2023-10-12T15:11:55.658+0200][77.611s] GC(14) Humongous regions: 4->4
[2023-10-12T15:11:55.658+0200][77.611s] GC(14) Metaspace: 57971K(58624K)->57971K(58624K) NonClass: 51052K(51392K)->51052K(51392K) Class: 6919K(7232K)->6919K(7232K)
[2023-10-12T15:11:55.658+0200][77.611s] GC(14) Pause Young (Concurrent Start) (CodeCache GC Threshold) 213M->46M(512M) 7.780ms
[2023-10-12T15:11:55.658+0200][77.611s] GC(14) User=0.16s Sys=0.00s Real=0.01s
[2023-10-12T15:11:55.658+0200][77.611s] GC(15) Concurrent Mark Cycle
[2023-10-12T15:11:55.658+0200][77.611s] GC(15) Concurrent Clear Claimed Marks
[2023-10-12T15:11:55.658+0200][77.611s] GC(15) Concurrent Clear Claimed Marks 0.063ms
[2023-10-12T15:11:55.658+0200][77.611s] GC(15) Concurrent Scan Root Regions
[2023-10-12T15:11:55.663+0200][77.616s] GC(15) Concurrent Scan Root Regions 4.893ms
[2023-10-12T15:11:55.663+0200][77.616s] GC(15) Concurrent Mark
[2023-10-12T15:11:55.663+0200][77.616s] GC(15) Concurrent Mark From Roots
[2023-10-12T15:11:55.663+0200][77.616s] GC(15) Using 3 workers of 3 for marking
[2023-10-12T15:11:55.679+0200][77.632s] GC(15) Concurrent Mark From Roots 15.981ms
[2023-10-12T15:11:55.679+0200][77.632s] GC(15) Concurrent Preclean
[2023-10-12T15:11:55.679+0200][77.632s] GC(15) Concurrent Preclean 0.103ms
[2023-10-12T15:11:55.679+0200][77.632s] GC(15) Pause Remark
[2023-10-12T15:11:55.685+0200][77.637s] GC(15) Pause Remark 50M->50M(512M) 4.918ms
[2023-10-12T15:11:55.685+0200][77.637s] GC(15) User=0.00s Sys=0.00s Real=0.01s
[2023-10-12T15:11:55.685+0200][77.637s] GC(15) Concurrent Mark 21.318ms
[2023-10-12T15:11:55.685+0200][77.637s] GC(15) Concurrent Rebuild Remembered Sets
[2023-10-12T15:11:55.690+0200][77.643s] GC(15) Concurrent Rebuild Remembered Sets 5.482ms
[2023-10-12T15:11:55.691+0200][77.643s] GC(15) Pause Cleanup
[2023-10-12T15:11:55.691+0200][77.643s] GC(15) Pause Cleanup 50M->50M(512M) 0.156ms
[2023-10-12T15:11:55.691+0200][77.643s] GC(15) User=0.00s Sys=0.00s Real=0.00s
[2023-10-12T15:11:55.691+0200][77.643s] GC(15) Concurrent Cleanup for Next Mark
[2023-10-12T15:11:55.692+0200][77.644s] GC(15) Concurrent Cleanup for Next Mark 0.652ms
[2023-10-12T15:11:55.692+0200][77.644s] GC(15) Concurrent Mark Cycle 33.021ms
[2023-10-12T15:12:00.875+0200][82.827s] GC(16) Pause Young (Normal) (G1 Evacuation Pause)
[2023-10-12T15:12:00.875+0200][82.827s] GC(16) Using 10 workers of 10 for evacuation
[2023-10-12T15:12:00.882+0200][82.834s] GC(16)   Pre Evacuate Collection Set: 0.1ms
[2023-10-12T15:12:00.882+0200][82.834s] GC(16)   Merge Heap Roots: 0.2ms
[2023-10-12T15:12:00.882+0200][82.834s] GC(16)   Evacuate Collection Set: 5.7ms
[2023-10-12T15:12:00.882+0200][82.834s] GC(16)   Post Evacuate Collection Set: 1.0ms
[2023-10-12T15:12:00.882+0200][82.834s] GC(16)   Other: 0.1ms
[2023-10-12T15:12:00.882+0200][82.834s] GC(16) Eden regions: 291->0(287)
[2023-10-12T15:12:00.882+0200][82.834s] GC(16) Survivor regions: 16->20(39)
[2023-10-12T15:12:00.882+0200][82.834s] GC(16) Old regions: 27->27
[2023-10-12T15:12:00.882+0200][82.834s] GC(16) Archive regions: 0->0
[2023-10-12T15:12:00.882+0200][82.834s] GC(16) Humongous regions: 4->4
[2023-10-12T15:12:00.882+0200][82.834s] GC(16) Metaspace: 59103K(59712K)->59103K(59712K) NonClass: 52182K(52480K)->52182K(52480K) Class: 6921K(7232K)->6921K(7232K)
[2023-10-12T15:12:00.882+0200][82.834s] GC(16) Pause Young (Normal) (G1 Evacuation Pause) 337M->50M(512M) 7.164ms
[2023-10-12T15:12:00.882+0200][82.834s] GC(16) User=0.00s Sys=0.00s Real=0.01s
[2023-10-12T15:12:05.597+0200][87.550s] GC(17) Pause Young (Concurrent Start) (CodeCache GC Threshold)
[2023-10-12T15:12:05.597+0200][87.550s] GC(17) Using 10 workers of 10 for evacuation
[2023-10-12T15:12:05.604+0200][87.557s] GC(17)   Pre Evacuate Collection Set: 0.2ms
[2023-10-12T15:12:05.604+0200][87.557s] GC(17)   Merge Heap Roots: 0.1ms
[2023-10-12T15:12:05.604+0200][87.557s] GC(17)   Evacuate Collection Set: 5.6ms
[2023-10-12T15:12:05.604+0200][87.557s] GC(17)   Post Evacuate Collection Set: 0.9ms
[2023-10-12T15:12:05.604+0200][87.557s] GC(17)   Other: 0.1ms
[2023-10-12T15:12:05.604+0200][87.557s] GC(17) Eden regions: 267->0(283)
[2023-10-12T15:12:05.604+0200][87.557s] GC(17) Survivor regions: 20->24(39)
[2023-10-12T15:12:05.604+0200][87.557s] GC(17) Old regions: 27->27
[2023-10-12T15:12:05.604+0200][87.557s] GC(17) Archive regions: 0->0
[2023-10-12T15:12:05.604+0200][87.557s] GC(17) Humongous regions: 4->4
[2023-10-12T15:12:05.604+0200][87.557s] GC(17) Metaspace: 59951K(60608K)->59951K(60608K) NonClass: 53028K(53376K)->53028K(53376K) Class: 6923K(7232K)->6923K(7232K)
[2023-10-12T15:12:05.604+0200][87.557s] GC(17) Pause Young (Concurrent Start) (CodeCache GC Threshold) 317M->53M(512M) 7.280ms
[2023-10-12T15:12:05.605+0200][87.557s] GC(18) Concurrent Mark Cycle
[2023-10-12T15:12:05.605+0200][87.557s] GC(17) User=0.02s Sys=0.00s Real=0.01s
[2023-10-12T15:12:05.605+0200][87.557s] GC(18) Concurrent Clear Claimed Marks
[2023-10-12T15:12:05.605+0200][87.557s] GC(18) Concurrent Clear Claimed Marks 0.133ms
[2023-10-12T15:12:05.605+0200][87.557s] GC(18) Concurrent Scan Root Regions
[2023-10-12T15:12:05.610+0200][87.562s] GC(18) Concurrent Scan Root Regions 4.799ms
[2023-10-12T15:12:05.610+0200][87.562s] GC(18) Concurrent Mark
[2023-10-12T15:12:05.610+0200][87.562s] GC(18) Concurrent Mark From Roots
[2023-10-12T15:12:05.610+0200][87.562s] GC(18) Using 3 workers of 3 for marking
[2023-10-12T15:12:05.623+0200][87.575s] GC(18) Concurrent Mark From Roots 13.174ms
[2023-10-12T15:12:05.623+0200][87.575s] GC(18) Concurrent Preclean
[2023-10-12T15:12:05.623+0200][87.576s] GC(18) Concurrent Preclean 0.119ms
[2023-10-12T15:12:05.623+0200][87.576s] GC(18) Pause Remark
[2023-10-12T15:12:05.629+0200][87.581s] GC(18) Pause Remark 54M->54M(512M) 4.932ms
[2023-10-12T15:12:05.629+0200][87.581s] GC(18) User=0.00s Sys=0.00s Real=0.01s
[2023-10-12T15:12:05.629+0200][87.581s] GC(18) Concurrent Mark 18.594ms
[2023-10-12T15:12:05.629+0200][87.581s] GC(18) Concurrent Rebuild Remembered Sets
[2023-10-12T15:12:05.635+0200][87.587s] GC(18) Concurrent Rebuild Remembered Sets 6.317ms
[2023-10-12T15:12:05.635+0200][87.587s] GC(18) Pause Cleanup
[2023-10-12T15:12:05.635+0200][87.588s] GC(18) Pause Cleanup 54M->54M(512M) 0.146ms
[2023-10-12T15:12:05.636+0200][87.588s] GC(18) User=0.00s Sys=0.00s Real=0.00s
[2023-10-12T15:12:05.636+0200][87.588s] GC(18) Concurrent Cleanup for Next Mark
[2023-10-12T15:12:05.636+0200][87.588s] GC(18) Concurrent Cleanup for Next Mark 0.690ms
[2023-10-12T15:12:05.636+0200][87.588s] GC(18) Concurrent Mark Cycle 31.137ms
[2023-10-12T15:12:07.466+0200][89.418s] GC(19) Pause Young (Concurrent Start) (CodeCache GC Threshold)
[2023-10-12T15:12:07.466+0200][89.418s] GC(19) Using 10 workers of 10 for evacuation
[2023-10-12T15:12:07.473+0200][89.425s] GC(19)   Pre Evacuate Collection Set: 0.1ms
[2023-10-12T15:12:07.473+0200][89.425s] GC(19)   Merge Heap Roots: 0.0ms
[2023-10-12T15:12:07.473+0200][89.425s] GC(19)   Evacuate Collection Set: 5.7ms
[2023-10-12T15:12:07.473+0200][89.425s] GC(19)   Post Evacuate Collection Set: 0.7ms
[2023-10-12T15:12:07.473+0200][89.425s] GC(19)   Other: 0.1ms
[2023-10-12T15:12:07.473+0200][89.425s] GC(19) Eden regions: 108->0(285)
[2023-10-12T15:12:07.473+0200][89.425s] GC(19) Survivor regions: 24->22(39)
[2023-10-12T15:12:07.473+0200][89.425s] GC(19) Old regions: 27->30
[2023-10-12T15:12:07.473+0200][89.425s] GC(19) Archive regions: 0->0
[2023-10-12T15:12:07.473+0200][89.425s] GC(19) Humongous regions: 4->4
[2023-10-12T15:12:07.473+0200][89.425s] GC(19) Metaspace: 60030K(60672K)->60030K(60672K) NonClass: 53106K(53440K)->53106K(53440K) Class: 6923K(7232K)->6923K(7232K)
[2023-10-12T15:12:07.473+0200][89.425s] GC(19) Pause Young (Concurrent Start) (CodeCache GC Threshold) 161M->55M(512M) 6.834ms
[2023-10-12T15:12:07.473+0200][89.425s] GC(20) Concurrent Mark Cycle
[2023-10-12T15:12:07.473+0200][89.425s] GC(19) User=0.00s Sys=0.00s Real=0.01s
[2023-10-12T15:12:07.473+0200][89.425s] GC(20) Concurrent Clear Claimed Marks
[2023-10-12T15:12:07.473+0200][89.425s] GC(20) Concurrent Clear Claimed Marks 0.092ms
[2023-10-12T15:12:07.473+0200][89.425s] GC(20) Concurrent Scan Root Regions
[2023-10-12T15:12:07.477+0200][89.429s] GC(20) Concurrent Scan Root Regions 3.931ms
[2023-10-12T15:12:07.477+0200][89.429s] GC(20) Concurrent Mark
[2023-10-12T15:12:07.477+0200][89.429s] GC(20) Concurrent Mark From Roots
[2023-10-12T15:12:07.477+0200][89.429s] GC(20) Using 3 workers of 3 for marking
[2023-10-12T15:12:07.488+0200][89.441s] GC(20) Concurrent Mark From Roots 11.393ms
[2023-10-12T15:12:07.488+0200][89.441s] GC(20) Concurrent Preclean
[2023-10-12T15:12:07.488+0200][89.441s] GC(20) Concurrent Preclean 0.071ms
[2023-10-12T15:12:07.489+0200][89.441s] GC(20) Pause Remark
[2023-10-12T15:12:07.491+0200][89.443s] GC(20) Pause Remark 56M->56M(512M) 2.410ms
[2023-10-12T15:12:07.491+0200][89.443s] GC(20) User=0.00s Sys=0.00s Real=0.00s
[2023-10-12T15:12:07.491+0200][89.443s] GC(20) Concurrent Mark 14.161ms
[2023-10-12T15:12:07.491+0200][89.443s] GC(20) Concurrent Rebuild Remembered Sets
[2023-10-12T15:12:07.496+0200][89.449s] GC(20) Concurrent Rebuild Remembered Sets 5.280ms
[2023-10-12T15:12:07.496+0200][89.449s] GC(20) Pause Cleanup
[2023-10-12T15:12:07.496+0200][89.449s] GC(20) Pause Cleanup 56M->56M(512M) 0.089ms
[2023-10-12T15:12:07.496+0200][89.449s] GC(20) User=0.00s Sys=0.00s Real=0.00s
[2023-10-12T15:12:07.496+0200][89.449s] GC(20) Concurrent Cleanup for Next Mark
[2023-10-12T15:12:07.497+0200][89.450s] GC(20) Concurrent Cleanup for Next Mark 0.661ms
[2023-10-12T15:12:07.497+0200][89.450s] GC(20) Concurrent Mark Cycle 24.563ms
[2023-10-12T15:12:10.197+0200][92.149s] GC(21) Pause Young (Concurrent Start) (CodeCache GC Threshold)
[2023-10-12T15:12:10.197+0200][92.149s] GC(21) Using 10 workers of 10 for evacuation
[2023-10-12T15:12:10.203+0200][92.156s] GC(21)   Pre Evacuate Collection Set: 0.2ms
[2023-10-12T15:12:10.203+0200][92.156s] GC(21)   Merge Heap Roots: 0.0ms
[2023-10-12T15:12:10.203+0200][92.156s] GC(21)   Evacuate Collection Set: 5.7ms
[2023-10-12T15:12:10.203+0200][92.156s] GC(21)   Post Evacuate Collection Set: 0.8ms
[2023-10-12T15:12:10.203+0200][92.156s] GC(21)   Other: 0.1ms
[2023-10-12T15:12:10.203+0200][92.156s] GC(21) Eden regions: 159->0(295)
[2023-10-12T15:12:10.203+0200][92.156s] GC(21) Survivor regions: 22->12(39)
[2023-10-12T15:12:10.203+0200][92.156s] GC(21) Old regions: 30->42
[2023-10-12T15:12:10.203+0200][92.156s] GC(21) Archive regions: 0->0
[2023-10-12T15:12:10.203+0200][92.156s] GC(21) Humongous regions: 4->4
[2023-10-12T15:12:10.204+0200][92.156s] GC(21) Metaspace: 60277K(60864K)->60277K(60864K) NonClass: 53353K(53632K)->53353K(53632K) Class: 6923K(7232K)->6923K(7232K)
[2023-10-12T15:12:10.204+0200][92.156s] GC(21) Pause Young (Concurrent Start) (CodeCache GC Threshold) 213M->57M(512M) 7.141ms
[2023-10-12T15:12:10.204+0200][92.157s] GC(22) Concurrent Mark Cycle
[2023-10-12T15:12:10.204+0200][92.157s] GC(21) User=0.16s Sys=0.00s Real=0.01s
[2023-10-12T15:12:10.204+0200][92.157s] GC(22) Concurrent Clear Claimed Marks
[2023-10-12T15:12:10.204+0200][92.157s] GC(22) Concurrent Clear Claimed Marks 0.156ms
[2023-10-12T15:12:10.204+0200][92.157s] GC(22) Concurrent Scan Root Regions
[2023-10-12T15:12:10.208+0200][92.161s] GC(22) Concurrent Scan Root Regions 4.357ms
[2023-10-12T15:12:10.208+0200][92.161s] GC(22) Concurrent Mark
[2023-10-12T15:12:10.208+0200][92.161s] GC(22) Concurrent Mark From Roots
[2023-10-12T15:12:10.208+0200][92.161s] GC(22) Using 3 workers of 3 for marking
[2023-10-12T15:12:10.222+0200][92.175s] GC(22) Concurrent Mark From Roots 13.894ms
[2023-10-12T15:12:10.222+0200][92.175s] GC(22) Concurrent Preclean
[2023-10-12T15:12:10.222+0200][92.175s] GC(22) Concurrent Preclean 0.132ms
[2023-10-12T15:12:10.223+0200][92.175s] GC(22) Pause Remark
[2023-10-12T15:12:10.226+0200][92.179s] GC(22) Pause Remark 57M->57M(512M) 3.328ms
[2023-10-12T15:12:10.226+0200][92.179s] GC(22) User=0.00s Sys=0.00s Real=0.00s
[2023-10-12T15:12:10.226+0200][92.179s] GC(22) Concurrent Mark 17.710ms
[2023-10-12T15:12:10.226+0200][92.179s] GC(22) Concurrent Rebuild Remembered Sets
[2023-10-12T15:12:10.234+0200][92.187s] GC(22) Concurrent Rebuild Remembered Sets 8.385ms
[2023-10-12T15:12:10.235+0200][92.187s] GC(22) Pause Cleanup
[2023-10-12T15:12:10.235+0200][92.188s] GC(22) Pause Cleanup 58M->58M(512M) 0.205ms
[2023-10-12T15:12:10.235+0200][92.188s] GC(22) User=0.00s Sys=0.00s Real=0.00s
[2023-10-12T15:12:10.235+0200][92.188s] GC(22) Concurrent Cleanup for Next Mark
[2023-10-12T15:12:10.236+0200][92.189s] GC(22) Concurrent Cleanup for Next Mark 0.801ms
[2023-10-12T15:12:10.236+0200][92.189s] GC(22) Concurrent Mark Cycle 32.036ms
[2023-10-12T15:12:15.316+0200][97.268s] GC(23) Pause Young (Normal) (G1 Evacuation Pause)
[2023-10-12T15:12:15.316+0200][97.268s] GC(23) Using 10 workers of 10 for evacuation
[2023-10-12T15:12:15.319+0200][97.272s] GC(23)   Pre Evacuate Collection Set: 0.1ms
[2023-10-12T15:12:15.319+0200][97.272s] GC(23)   Merge Heap Roots: 0.1ms
[2023-10-12T15:12:15.319+0200][97.272s] GC(23)   Evacuate Collection Set: 2.6ms
[2023-10-12T15:12:15.319+0200][97.272s] GC(23)   Post Evacuate Collection Set: 0.8ms
[2023-10-12T15:12:15.319+0200][97.272s] GC(23)   Other: 0.1ms
[2023-10-12T15:12:15.319+0200][97.272s] GC(23) Eden regions: 295->0(292)
[2023-10-12T15:12:15.319+0200][97.272s] GC(23) Survivor regions: 12->15(39)
[2023-10-12T15:12:15.319+0200][97.272s] GC(23) Old regions: 42->42
[2023-10-12T15:12:15.319+0200][97.272s] GC(23) Archive regions: 0->0
[2023-10-12T15:12:15.319+0200][97.272s] GC(23) Humongous regions: 4->4
[2023-10-12T15:12:15.319+0200][97.272s] GC(23) Metaspace: 60586K(61248K)->60586K(61248K) NonClass: 53662K(54016K)->53662K(54016K) Class: 6923K(7232K)->6923K(7232K)
[2023-10-12T15:12:15.319+0200][97.272s] GC(23) Pause Young (Normal) (G1 Evacuation Pause) 352M->59M(512M) 3.810ms
[2023-10-12T15:12:15.319+0200][97.272s] GC(23) User=0.00s Sys=0.00s Real=0.00s
[2023-10-12T15:12:20.269+0200][102.221s] GC(24) Pause Young (Normal) (G1 Evacuation Pause)
[2023-10-12T15:12:20.269+0200][102.221s] GC(24) Using 10 workers of 10 for evacuation
[2023-10-12T15:12:20.273+0200][102.225s] GC(24)   Pre Evacuate Collection Set: 0.1ms
[2023-10-12T15:12:20.273+0200][102.225s] GC(24)   Merge Heap Roots: 0.2ms
[2023-10-12T15:12:20.273+0200][102.225s] GC(24)   Evacuate Collection Set: 2.5ms
[2023-10-12T15:12:20.273+0200][102.225s] GC(24)   Post Evacuate Collection Set: 0.7ms
[2023-10-12T15:12:20.273+0200][102.225s] GC(24)   Other: 0.1ms
[2023-10-12T15:12:20.273+0200][102.225s] GC(24) Eden regions: 292->0(289)
[2023-10-12T15:12:20.273+0200][102.225s] GC(24) Survivor regions: 15->18(39)
[2023-10-12T15:12:20.273+0200][102.225s] GC(24) Old regions: 42->42
[2023-10-12T15:12:20.273+0200][102.225s] GC(24) Archive regions: 0->0
[2023-10-12T15:12:20.273+0200][102.225s] GC(24) Humongous regions: 4->4
[2023-10-12T15:12:20.273+0200][102.225s] GC(24) Metaspace: 60848K(61440K)->60848K(61440K) NonClass: 53924K(54208K)->53924K(54208K) Class: 6923K(7232K)->6923K(7232K)
[2023-10-12T15:12:20.273+0200][102.225s] GC(24) Pause Young (Normal) (G1 Evacuation Pause) 351M->62M(512M) 3.720ms
[2023-10-12T15:12:20.273+0200][102.225s] GC(24) User=0.00s Sys=0.00s Real=0.00s
[2023-10-12T15:12:21.669+0200][103.621s] GC(25) Pause Young (Concurrent Start) (CodeCache GC Threshold)
[2023-10-12T15:12:21.669+0200][103.621s] GC(25) Using 10 workers of 10 for evacuation
[2023-10-12T15:12:21.673+0200][103.625s] GC(25)   Pre Evacuate Collection Set: 0.2ms
[2023-10-12T15:12:21.673+0200][103.625s] GC(25)   Merge Heap Roots: 0.1ms
[2023-10-12T15:12:21.673+0200][103.625s] GC(25)   Evacuate Collection Set: 2.9ms
[2023-10-12T15:12:21.673+0200][103.625s] GC(25)   Post Evacuate Collection Set: 0.7ms
[2023-10-12T15:12:21.673+0200][103.625s] GC(25)   Other: 0.1ms
[2023-10-12T15:12:21.673+0200][103.625s] GC(25) Eden regions: 80->0(288)
[2023-10-12T15:12:21.673+0200][103.625s] GC(25) Survivor regions: 18->19(39)
[2023-10-12T15:12:21.673+0200][103.625s] GC(25) Old regions: 42->42
[2023-10-12T15:12:21.673+0200][103.625s] GC(25) Archive regions: 0->0
[2023-10-12T15:12:21.673+0200][103.625s] GC(25) Humongous regions: 4->4
[2023-10-12T15:12:21.673+0200][103.626s] GC(25) Metaspace: 60857K(61504K)->60857K(61504K) NonClass: 53933K(54272K)->53933K(54272K) Class: 6923K(7232K)->6923K(7232K)
[2023-10-12T15:12:21.673+0200][103.626s] GC(25) Pause Young (Concurrent Start) (CodeCache GC Threshold) 142M->63M(512M) 4.337ms
[2023-10-12T15:12:21.673+0200][103.626s] GC(25) User=0.00s Sys=0.00s Real=0.00s
[2023-10-12T15:12:21.673+0200][103.626s] GC(26) Concurrent Mark Cycle
[2023-10-12T15:12:21.673+0200][103.626s] GC(26) Concurrent Clear Claimed Marks
[2023-10-12T15:12:21.673+0200][103.626s] GC(26) Concurrent Clear Claimed Marks 0.036ms
[2023-10-12T15:12:21.673+0200][103.626s] GC(26) Concurrent Scan Root Regions
[2023-10-12T15:12:21.674+0200][103.627s] GC(26) Concurrent Scan Root Regions 1.102ms
[2023-10-12T15:12:21.674+0200][103.627s] GC(26) Concurrent Mark
[2023-10-12T15:12:21.674+0200][103.627s] GC(26) Concurrent Mark From Roots
[2023-10-12T15:12:21.674+0200][103.627s] GC(26) Using 3 workers of 3 for marking
[2023-10-12T15:12:21.697+0200][103.650s] GC(26) Concurrent Mark From Roots 22.773ms
[2023-10-12T15:12:21.697+0200][103.650s] GC(26) Concurrent Preclean
[2023-10-12T15:12:21.697+0200][103.650s] GC(26) Concurrent Preclean 0.070ms
[2023-10-12T15:12:21.697+0200][103.650s] GC(26) Pause Remark
[2023-10-12T15:12:21.700+0200][103.653s] GC(26) Pause Remark 63M->63M(512M) 2.782ms
[2023-10-12T15:12:21.700+0200][103.653s] GC(26) User=0.05s Sys=0.00s Real=0.00s
[2023-10-12T15:12:21.700+0200][103.653s] GC(26) Concurrent Mark 25.957ms
[2023-10-12T15:12:21.700+0200][103.653s] GC(26) Concurrent Rebuild Remembered Sets
[2023-10-12T15:12:21.709+0200][103.661s] GC(26) Concurrent Rebuild Remembered Sets 8.677ms
[2023-10-12T15:12:21.709+0200][103.662s] GC(26) Pause Cleanup
[2023-10-12T15:12:21.709+0200][103.662s] GC(26) Pause Cleanup 63M->63M(512M) 0.146ms
[2023-10-12T15:12:21.709+0200][103.662s] GC(26) User=0.00s Sys=0.00s Real=0.00s
[2023-10-12T15:12:21.709+0200][103.662s] GC(26) Concurrent Cleanup for Next Mark
[2023-10-12T15:12:21.710+0200][103.663s] GC(26) Concurrent Cleanup for Next Mark 0.714ms
[2023-10-12T15:12:21.710+0200][103.663s] GC(26) Concurrent Mark Cycle 37.106ms
[2023-10-12T15:12:26.464+0200][108.417s] GC(27) Pause Young (Normal) (G1 Evacuation Pause)
[2023-10-12T15:12:26.465+0200][108.417s] GC(27) Using 10 workers of 10 for evacuation
[2023-10-12T15:12:26.469+0200][108.421s] GC(27)   Pre Evacuate Collection Set: 0.1ms
[2023-10-12T15:12:26.469+0200][108.421s] GC(27)   Merge Heap Roots: 0.1ms
[2023-10-12T15:12:26.469+0200][108.421s] GC(27)   Evacuate Collection Set: 2.9ms
[2023-10-12T15:12:26.469+0200][108.421s] GC(27)   Post Evacuate Collection Set: 0.6ms
[2023-10-12T15:12:26.469+0200][108.421s] GC(27)   Other: 0.1ms
[2023-10-12T15:12:26.469+0200][108.421s] GC(27) Eden regions: 288->0(285)
[2023-10-12T15:12:26.469+0200][108.421s] GC(27) Survivor regions: 19->22(39)
[2023-10-12T15:12:26.469+0200][108.421s] GC(27) Old regions: 42->42
[2023-10-12T15:12:26.469+0200][108.421s] GC(27) Archive regions: 0->0
[2023-10-12T15:12:26.469+0200][108.421s] GC(27) Humongous regions: 4->4
[2023-10-12T15:12:26.469+0200][108.421s] GC(27) Metaspace: 60968K(61568K)->60968K(61568K) NonClass: 54045K(54336K)->54045K(54336K) Class: 6923K(7232K)->6923K(7232K)
[2023-10-12T15:12:26.469+0200][108.421s] GC(27) Pause Young (Normal) (G1 Evacuation Pause) 351M->66M(512M) 3.974ms
[2023-10-12T15:12:26.469+0200][108.421s] GC(27) User=0.00s Sys=0.00s Real=0.01s
[2023-10-12T15:12:31.073+0200][113.026s] GC(28) Pause Young (Normal) (G1 Evacuation Pause)
[2023-10-12T15:12:31.073+0200][113.026s] GC(28) Using 10 workers of 10 for evacuation
[2023-10-12T15:12:31.078+0200][113.030s] GC(28)   Pre Evacuate Collection Set: 0.1ms
[2023-10-12T15:12:31.078+0200][113.030s] GC(28)   Merge Heap Roots: 0.1ms
[2023-10-12T15:12:31.078+0200][113.030s] GC(28)   Evacuate Collection Set: 3.6ms
[2023-10-12T15:12:31.078+0200][113.030s] GC(28)   Post Evacuate Collection Set: 0.7ms
[2023-10-12T15:12:31.078+0200][113.030s] GC(28)   Other: 0.1ms
[2023-10-12T15:12:31.078+0200][113.030s] GC(28) Eden regions: 285->0(285)
[2023-10-12T15:12:31.078+0200][113.030s] GC(28) Survivor regions: 22->22(39)
[2023-10-12T15:12:31.078+0200][113.030s] GC(28) Old regions: 42->45
[2023-10-12T15:12:31.078+0200][113.030s] GC(28) Archive regions: 0->0
[2023-10-12T15:12:31.078+0200][113.030s] GC(28) Humongous regions: 4->4
[2023-10-12T15:12:31.078+0200][113.030s] GC(28) Metaspace: 61097K(61760K)->61097K(61760K) NonClass: 54170K(54528K)->54170K(54528K) Class: 6927K(7232K)->6927K(7232K)
[2023-10-12T15:12:31.078+0200][113.030s] GC(28) Pause Young (Normal) (G1 Evacuation Pause) 351M->70M(512M) 4.818ms
[2023-10-12T15:12:31.078+0200][113.030s] GC(28) User=0.16s Sys=0.00s Real=0.01s
[2023-10-12T15:12:34.693+0200][116.645s] GC(29) Pause Young (Concurrent Start) (CodeCache GC Threshold)
[2023-10-12T15:12:34.693+0200][116.645s] GC(29) Using 10 workers of 10 for evacuation
[2023-10-12T15:12:34.697+0200][116.650s] GC(29)   Pre Evacuate Collection Set: 0.2ms
[2023-10-12T15:12:34.697+0200][116.650s] GC(29)   Merge Heap Roots: 0.1ms
[2023-10-12T15:12:34.697+0200][116.650s] GC(29)   Evacuate Collection Set: 3.5ms
[2023-10-12T15:12:34.697+0200][116.650s] GC(29)   Post Evacuate Collection Set: 0.5ms
[2023-10-12T15:12:34.697+0200][116.650s] GC(29)   Other: 0.1ms
[2023-10-12T15:12:34.697+0200][116.650s] GC(29) Eden regions: 227->0(286)
[2023-10-12T15:12:34.697+0200][116.650s] GC(29) Survivor regions: 22->21(39)
[2023-10-12T15:12:34.697+0200][116.650s] GC(29) Old regions: 45->48
[2023-10-12T15:12:34.697+0200][116.650s] GC(29) Archive regions: 0->0
[2023-10-12T15:12:34.697+0200][116.650s] GC(29) Humongous regions: 4->4
[2023-10-12T15:12:34.697+0200][116.650s] GC(29) Metaspace: 61137K(61760K)->61137K(61760K) NonClass: 54210K(54528K)->54210K(54528K) Class: 6927K(7232K)->6927K(7232K)
[2023-10-12T15:12:34.697+0200][116.650s] GC(29) Pause Young (Concurrent Start) (CodeCache GC Threshold) 296M->72M(512M) 4.676ms
[2023-10-12T15:12:34.697+0200][116.650s] GC(29) User=0.00s Sys=0.00s Real=0.00s
[2023-10-12T15:12:34.697+0200][116.650s] GC(30) Concurrent Mark Cycle
[2023-10-12T15:12:34.697+0200][116.650s] GC(30) Concurrent Clear Claimed Marks
[2023-10-12T15:12:34.697+0200][116.650s] GC(30) Concurrent Clear Claimed Marks 0.051ms
[2023-10-12T15:12:34.697+0200][116.650s] GC(30) Concurrent Scan Root Regions
[2023-10-12T15:12:34.698+0200][116.651s] GC(30) Concurrent Scan Root Regions 0.945ms
[2023-10-12T15:12:34.698+0200][116.651s] GC(30) Concurrent Mark
[2023-10-12T15:12:34.698+0200][116.651s] GC(30) Concurrent Mark From Roots
[2023-10-12T15:12:34.698+0200][116.651s] GC(30) Using 3 workers of 3 for marking
[2023-10-12T15:12:34.717+0200][116.670s] GC(30) Concurrent Mark From Roots 18.769ms
[2023-10-12T15:12:34.717+0200][116.670s] GC(30) Concurrent Preclean
[2023-10-12T15:12:34.717+0200][116.670s] GC(30) Concurrent Preclean 0.091ms
[2023-10-12T15:12:34.717+0200][116.670s] GC(30) Pause Remark
[2023-10-12T15:12:34.723+0200][116.675s] GC(30) Pause Remark 72M->72M(512M) 5.436ms
[2023-10-12T15:12:34.723+0200][116.675s] GC(30) User=0.00s Sys=0.00s Real=0.01s
[2023-10-12T15:12:34.723+0200][116.676s] GC(30) Concurrent Mark 24.609ms
[2023-10-12T15:12:34.723+0200][116.676s] GC(30) Concurrent Rebuild Remembered Sets
[2023-10-12T15:12:34.730+0200][116.683s] GC(30) Concurrent Rebuild Remembered Sets 7.366ms
[2023-10-12T15:12:34.730+0200][116.683s] GC(30) Pause Cleanup
[2023-10-12T15:12:34.731+0200][116.683s] GC(30) Pause Cleanup 72M->72M(512M) 0.148ms
[2023-10-12T15:12:34.731+0200][116.683s] GC(30) User=0.00s Sys=0.00s Real=0.00s
[2023-10-12T15:12:34.731+0200][116.683s] GC(30) Concurrent Cleanup for Next Mark
[2023-10-12T15:12:34.731+0200][116.684s] GC(30) Concurrent Cleanup for Next Mark 0.615ms
[2023-10-12T15:12:34.731+0200][116.684s] GC(30) Concurrent Mark Cycle 34.144ms
[2023-10-12T15:12:37.750+0200][119.703s] GC(31) Pause Young (Concurrent Start) (CodeCache GC Threshold)
[2023-10-12T15:12:37.750+0200][119.703s] GC(31) Using 10 workers of 10 for evacuation
[2023-10-12T15:12:37.755+0200][119.707s] GC(31)   Pre Evacuate Collection Set: 0.1ms
[2023-10-12T15:12:37.755+0200][119.707s] GC(31)   Merge Heap Roots: 0.1ms
[2023-10-12T15:12:37.755+0200][119.707s] GC(31)   Evacuate Collection Set: 3.4ms
[2023-10-12T15:12:37.755+0200][119.707s] GC(31)   Post Evacuate Collection Set: 0.4ms
[2023-10-12T15:12:37.755+0200][119.707s] GC(31)   Other: 0.1ms
[2023-10-12T15:12:37.755+0200][119.707s] GC(31) Eden regions: 183->0(285)
[2023-10-12T15:12:37.755+0200][119.707s] GC(31) Survivor regions: 21->22(39)
[2023-10-12T15:12:37.755+0200][119.707s] GC(31) Old regions: 48->49
[2023-10-12T15:12:37.755+0200][119.707s] GC(31) Archive regions: 0->0
[2023-10-12T15:12:37.755+0200][119.707s] GC(31) Humongous regions: 4->4
[2023-10-12T15:12:37.755+0200][119.707s] GC(31) Metaspace: 61370K(61952K)->61370K(61952K) NonClass: 54443K(54720K)->54443K(54720K) Class: 6927K(7232K)->6927K(7232K)
[2023-10-12T15:12:37.755+0200][119.707s] GC(31) Pause Young (Concurrent Start) (CodeCache GC Threshold) 255M->74M(512M) 4.274ms
[2023-10-12T15:12:37.755+0200][119.707s] GC(32) Concurrent Mark Cycle
[2023-10-12T15:12:37.755+0200][119.707s] GC(31) User=0.00s Sys=0.00s Real=0.01s
[2023-10-12T15:12:37.755+0200][119.707s] GC(32) Concurrent Clear Claimed Marks
[2023-10-12T15:12:37.755+0200][119.707s] GC(32) Concurrent Clear Claimed Marks 0.102ms
[2023-10-12T15:12:37.755+0200][119.707s] GC(32) Concurrent Scan Root Regions
[2023-10-12T15:12:37.756+0200][119.708s] GC(32) Concurrent Scan Root Regions 0.911ms
[2023-10-12T15:12:37.756+0200][119.708s] GC(32) Concurrent Mark
[2023-10-12T15:12:37.756+0200][119.708s] GC(32) Concurrent Mark From Roots
[2023-10-12T15:12:37.756+0200][119.708s] GC(32) Using 3 workers of 3 for marking
[2023-10-12T15:12:37.779+0200][119.731s] GC(32) Concurrent Mark From Roots 23.427ms
[2023-10-12T15:12:37.779+0200][119.731s] GC(32) Concurrent Preclean
[2023-10-12T15:12:37.779+0200][119.732s] GC(32) Concurrent Preclean 0.059ms
[2023-10-12T15:12:37.780+0200][119.732s] GC(32) Pause Remark
[2023-10-12T15:12:37.785+0200][119.738s] GC(32) Pause Remark 75M->75M(512M) 5.905ms
[2023-10-12T15:12:37.785+0200][119.738s] GC(32) User=0.00s Sys=0.00s Real=0.01s
[2023-10-12T15:12:37.785+0200][119.738s] GC(32) Concurrent Mark 29.730ms
[2023-10-12T15:12:37.785+0200][119.738s] GC(32) Concurrent Rebuild Remembered Sets
[2023-10-12T15:12:37.785+0200][119.738s] GC(32) Concurrent Rebuild Remembered Sets 0.010ms
[2023-10-12T15:12:37.785+0200][119.738s] GC(32) Pause Cleanup
[2023-10-12T15:12:37.785+0200][119.738s] GC(32) Pause Cleanup 75M->75M(512M) 0.015ms
[2023-10-12T15:12:37.785+0200][119.738s] GC(32) User=0.00s Sys=0.00s Real=0.00s
[2023-10-12T15:12:37.785+0200][119.738s] GC(32) Concurrent Cleanup for Next Mark
[2023-10-12T15:12:37.786+0200][119.739s] GC(32) Concurrent Cleanup for Next Mark 0.630ms
[2023-10-12T15:12:37.786+0200][119.739s] GC(32) Concurrent Mark Cycle 31.614ms
[2023-10-12T15:12:42.444+0200][124.397s] GC(33) Pause Young (Normal) (G1 Evacuation Pause)
[2023-10-12T15:12:42.444+0200][124.397s] GC(33) Using 10 workers of 10 for evacuation
[2023-10-12T15:12:42.449+0200][124.401s] GC(33)   Pre Evacuate Collection Set: 0.1ms
[2023-10-12T15:12:42.449+0200][124.401s] GC(33)   Merge Heap Roots: 0.1ms
[2023-10-12T15:12:42.449+0200][124.402s] GC(33)   Evacuate Collection Set: 3.6ms
[2023-10-12T15:12:42.449+0200][124.402s] GC(33)   Post Evacuate Collection Set: 0.7ms
[2023-10-12T15:12:42.449+0200][124.402s] GC(33)   Other: 0.1ms
[2023-10-12T15:12:42.449+0200][124.402s] GC(33) Eden regions: 285->0(282)
[2023-10-12T15:12:42.449+0200][124.402s] GC(33) Survivor regions: 22->25(39)
[2023-10-12T15:12:42.449+0200][124.402s] GC(33) Old regions: 49->51
[2023-10-12T15:12:42.449+0200][124.402s] GC(33) Archive regions: 0->0
[2023-10-12T15:12:42.449+0200][124.402s] GC(33) Humongous regions: 4->4
[2023-10-12T15:12:42.449+0200][124.402s] GC(33) Metaspace: 61387K(62016K)->61387K(62016K) NonClass: 54460K(54784K)->54460K(54784K) Class: 6927K(7232K)->6927K(7232K)
[2023-10-12T15:12:42.449+0200][124.402s] GC(33) Pause Young (Normal) (G1 Evacuation Pause) 359M->78M(512M) 4.797ms
[2023-10-12T15:12:42.449+0200][124.402s] GC(33) User=0.00s Sys=0.00s Real=0.00s
[2023-10-12T15:12:42.858+0200][124.810s] GC(34) Pause Young (Concurrent Start) (CodeCache GC Threshold)
[2023-10-12T15:12:42.858+0200][124.810s] GC(34) Using 10 workers of 10 for evacuation
[2023-10-12T15:12:42.862+0200][124.814s] GC(34)   Pre Evacuate Collection Set: 0.1ms
[2023-10-12T15:12:42.862+0200][124.814s] GC(34)   Merge Heap Roots: 0.1ms
[2023-10-12T15:12:42.862+0200][124.814s] GC(34)   Evacuate Collection Set: 3.3ms
[2023-10-12T15:12:42.862+0200][124.814s] GC(34)   Post Evacuate Collection Set: 0.3ms
[2023-10-12T15:12:42.862+0200][124.814s] GC(34)   Other: 0.1ms
[2023-10-12T15:12:42.862+0200][124.814s] GC(34) Eden regions: 24->0(290)
[2023-10-12T15:12:42.862+0200][124.814s] GC(34) Survivor regions: 25->17(39)
[2023-10-12T15:12:42.862+0200][124.814s] GC(34) Old regions: 51->58
[2023-10-12T15:12:42.862+0200][124.814s] GC(34) Archive regions: 0->0
[2023-10-12T15:12:42.862+0200][124.814s] GC(34) Humongous regions: 4->4
[2023-10-12T15:12:42.862+0200][124.814s] GC(34) Metaspace: 61395K(62016K)->61395K(62016K) NonClass: 54467K(54784K)->54467K(54784K) Class: 6927K(7232K)->6927K(7232K)
[2023-10-12T15:12:42.862+0200][124.814s] GC(34) Pause Young (Concurrent Start) (CodeCache GC Threshold) 102M->78M(512M) 4.205ms
[2023-10-12T15:12:42.862+0200][124.814s] GC(34) User=0.00s Sys=0.00s Real=0.00s
[2023-10-12T15:12:42.862+0200][124.814s] GC(35) Concurrent Mark Cycle
[2023-10-12T15:12:42.862+0200][124.814s] GC(35) Concurrent Clear Claimed Marks
[2023-10-12T15:12:42.862+0200][124.814s] GC(35) Concurrent Clear Claimed Marks 0.058ms
[2023-10-12T15:12:42.862+0200][124.814s] GC(35) Concurrent Scan Root Regions
[2023-10-12T15:12:42.863+0200][124.815s] GC(35) Concurrent Scan Root Regions 1.072ms
[2023-10-12T15:12:42.863+0200][124.815s] GC(35) Concurrent Mark
[2023-10-12T15:12:42.863+0200][124.815s] GC(35) Concurrent Mark From Roots
[2023-10-12T15:12:42.863+0200][124.815s] GC(35) Using 3 workers of 3 for marking
[2023-10-12T15:12:42.882+0200][124.835s] GC(35) Concurrent Mark From Roots 19.958ms
[2023-10-12T15:12:42.882+0200][124.835s] GC(35) Concurrent Preclean
[2023-10-12T15:12:42.882+0200][124.835s] GC(35) Concurrent Preclean 0.077ms
[2023-10-12T15:12:42.882+0200][124.835s] GC(35) Pause Remark
[2023-10-12T15:12:42.888+0200][124.841s] GC(35) Pause Remark 79M->79M(512M) 5.400ms
[2023-10-12T15:12:42.888+0200][124.841s] GC(35) User=0.00s Sys=0.00s Real=0.01s
[2023-10-12T15:12:42.888+0200][124.841s] GC(35) Concurrent Mark 25.779ms
[2023-10-12T15:12:42.888+0200][124.841s] GC(35) Concurrent Rebuild Remembered Sets
[2023-10-12T15:12:42.896+0200][124.849s] GC(35) Concurrent Rebuild Remembered Sets 8.309ms
[2023-10-12T15:12:42.896+0200][124.849s] GC(35) Pause Cleanup
[2023-10-12T15:12:42.897+0200][124.850s] GC(35) Pause Cleanup 80M->80M(512M) 0.235ms
[2023-10-12T15:12:42.897+0200][124.850s] GC(35) User=0.00s Sys=0.00s Real=0.00s
[2023-10-12T15:12:42.897+0200][124.850s] GC(35) Concurrent Cleanup for Next Mark
[2023-10-12T15:12:42.898+0200][124.850s] GC(35) Concurrent Cleanup for Next Mark 0.724ms
[2023-10-12T15:12:42.898+0200][124.850s] GC(35) Concurrent Mark Cycle 36.585ms
[2023-10-12T15:12:47.508+0200][129.460s] GC(36) Pause Young (Normal) (G1 Evacuation Pause)
[2023-10-12T15:12:47.508+0200][129.460s] GC(36) Using 10 workers of 10 for evacuation
[2023-10-12T15:12:47.511+0200][129.463s] GC(36)   Pre Evacuate Collection Set: 0.1ms
[2023-10-12T15:12:47.511+0200][129.463s] GC(36)   Merge Heap Roots: 0.1ms
[2023-10-12T15:12:47.511+0200][129.463s] GC(36)   Evacuate Collection Set: 2.8ms
[2023-10-12T15:12:47.511+0200][129.463s] GC(36)   Post Evacuate Collection Set: 0.6ms
[2023-10-12T15:12:47.511+0200][129.463s] GC(36)   Other: 0.1ms
[2023-10-12T15:12:47.511+0200][129.463s] GC(36) Eden regions: 290->0(286)
[2023-10-12T15:12:47.511+0200][129.463s] GC(36) Survivor regions: 17->21(39)
[2023-10-12T15:12:47.511+0200][129.463s] GC(36) Old regions: 58->58
[2023-10-12T15:12:47.511+0200][129.463s] GC(36) Archive regions: 0->0
[2023-10-12T15:12:47.511+0200][129.463s] GC(36) Humongous regions: 4->4
[2023-10-12T15:12:47.511+0200][129.463s] GC(36) Metaspace: 61441K(62016K)->61441K(62016K) NonClass: 54512K(54784K)->54512K(54784K) Class: 6928K(7232K)->6928K(7232K)
[2023-10-12T15:12:47.511+0200][129.463s] GC(36) Pause Young (Normal) (G1 Evacuation Pause) 368M->82M(512M) 3.908ms
[2023-10-12T15:12:47.511+0200][129.464s] GC(36) User=0.02s Sys=0.00s Real=0.00s
[2023-10-12T15:12:52.138+0200][134.091s] GC(37) Pause Young (Normal) (G1 Evacuation Pause)
[2023-10-12T15:12:52.138+0200][134.091s] GC(37) Using 10 workers of 10 for evacuation
[2023-10-12T15:12:52.143+0200][134.095s] GC(37)   Pre Evacuate Collection Set: 0.1ms
[2023-10-12T15:12:52.143+0200][134.095s] GC(37)   Merge Heap Roots: 0.1ms
[2023-10-12T15:12:52.143+0200][134.095s] GC(37)   Evacuate Collection Set: 3.3ms
[2023-10-12T15:12:52.143+0200][134.095s] GC(37)   Post Evacuate Collection Set: 0.6ms
[2023-10-12T15:12:52.143+0200][134.095s] GC(37)   Other: 0.1ms
[2023-10-12T15:12:52.143+0200][134.095s] GC(37) Eden regions: 286->0(283)
[2023-10-12T15:12:52.143+0200][134.095s] GC(37) Survivor regions: 21->24(39)
[2023-10-12T15:12:52.143+0200][134.095s] GC(37) Old regions: 58->59
[2023-10-12T15:12:52.143+0200][134.095s] GC(37) Archive regions: 0->0
[2023-10-12T15:12:52.143+0200][134.095s] GC(37) Humongous regions: 4->4
[2023-10-12T15:12:52.143+0200][134.095s] GC(37) Metaspace: 61449K(62016K)->61449K(62016K) NonClass: 54520K(54784K)->54520K(54784K) Class: 6928K(7232K)->6928K(7232K)
[2023-10-12T15:12:52.143+0200][134.095s] GC(37) Pause Young (Normal) (G1 Evacuation Pause) 368M->85M(512M) 4.378ms
[2023-10-12T15:12:52.143+0200][134.095s] GC(37) User=0.00s Sys=0.00s Real=0.00s
[2023-10-12T15:12:56.709+0200][138.661s] GC(38) Pause Young (Normal) (G1 Evacuation Pause)
[2023-10-12T15:12:56.709+0200][138.661s] GC(38) Using 10 workers of 10 for evacuation
[2023-10-12T15:12:56.713+0200][138.665s] GC(38)   Pre Evacuate Collection Set: 0.1ms
[2023-10-12T15:12:56.713+0200][138.665s] GC(38)   Merge Heap Roots: 0.1ms
[2023-10-12T15:12:56.713+0200][138.665s] GC(38)   Evacuate Collection Set: 3.5ms
[2023-10-12T15:12:56.713+0200][138.665s] GC(38)   Post Evacuate Collection Set: 0.4ms
[2023-10-12T15:12:56.713+0200][138.665s] GC(38)   Other: 0.1ms
[2023-10-12T15:12:56.713+0200][138.665s] GC(38) Eden regions: 283->0(284)
[2023-10-12T15:12:56.713+0200][138.665s] GC(38) Survivor regions: 24->23(39)
[2023-10-12T15:12:56.713+0200][138.665s] GC(38) Old regions: 59->62
[2023-10-12T15:12:56.713+0200][138.665s] GC(38) Archive regions: 0->0
[2023-10-12T15:12:56.713+0200][138.665s] GC(38) Humongous regions: 4->4
[2023-10-12T15:12:56.713+0200][138.665s] GC(38) Metaspace: 61450K(62016K)->61450K(62016K) NonClass: 54522K(54784K)->54522K(54784K) Class: 6928K(7232K)->6928K(7232K)
[2023-10-12T15:12:56.713+0200][138.665s] GC(38) Pause Young (Normal) (G1 Evacuation Pause) 368M->88M(512M) 4.309ms
[2023-10-12T15:12:56.713+0200][138.665s] GC(38) User=0.00s Sys=0.00s Real=0.00s
[2023-10-12T15:13:01.326+0200][143.278s] GC(39) Pause Young (Normal) (G1 Evacuation Pause)
[2023-10-12T15:13:01.326+0200][143.278s] GC(39) Using 10 workers of 10 for evacuation
[2023-10-12T15:13:01.330+0200][143.283s] GC(39)   Pre Evacuate Collection Set: 0.1ms
[2023-10-12T15:13:01.330+0200][143.283s] GC(39)   Merge Heap Roots: 0.2ms
[2023-10-12T15:13:01.330+0200][143.283s] GC(39)   Evacuate Collection Set: 3.8ms
[2023-10-12T15:13:01.330+0200][143.283s] GC(39)   Post Evacuate Collection Set: 0.6ms
[2023-10-12T15:13:01.330+0200][143.283s] GC(39)   Other: 0.1ms
[2023-10-12T15:13:01.330+0200][143.283s] GC(39) Eden regions: 284->0(283)
[2023-10-12T15:13:01.330+0200][143.283s] GC(39) Survivor regions: 23->24(39)
[2023-10-12T15:13:01.330+0200][143.283s] GC(39) Old regions: 62->65
[2023-10-12T15:13:01.330+0200][143.283s] GC(39) Archive regions: 0->0
[2023-10-12T15:13:01.330+0200][143.283s] GC(39) Humongous regions: 4->4
[2023-10-12T15:13:01.330+0200][143.283s] GC(39) Metaspace: 61474K(62080K)->61474K(62080K) NonClass: 54545K(54848K)->54545K(54848K) Class: 6929K(7232K)->6929K(7232K)
[2023-10-12T15:13:01.330+0200][143.283s] GC(39) Pause Young (Normal) (G1 Evacuation Pause) 372M->92M(512M) 4.914ms
[2023-10-12T15:13:01.330+0200][143.283s] GC(39) User=0.00s Sys=0.00s Real=0.00s
[2023-10-12T15:13:04.039+0200][145.991s] GC(40) Pause Young (Concurrent Start) (CodeCache GC Threshold)
[2023-10-12T15:13:04.039+0200][145.991s] GC(40) Using 10 workers of 10 for evacuation
[2023-10-12T15:13:04.044+0200][145.996s] GC(40)   Pre Evacuate Collection Set: 0.2ms
[2023-10-12T15:13:04.044+0200][145.996s] GC(40)   Merge Heap Roots: 0.1ms
[2023-10-12T15:13:04.044+0200][145.996s] GC(40)   Evacuate Collection Set: 3.7ms
[2023-10-12T15:13:04.044+0200][145.996s] GC(40)   Post Evacuate Collection Set: 0.5ms
[2023-10-12T15:13:04.044+0200][145.996s] GC(40)   Other: 0.1ms
[2023-10-12T15:13:04.044+0200][145.996s] GC(40) Eden regions: 169->0(285)
[2023-10-12T15:13:04.044+0200][145.996s] GC(40) Survivor regions: 24->22(39)
[2023-10-12T15:13:04.044+0200][145.996s] GC(40) Old regions: 65->70
[2023-10-12T15:13:04.044+0200][145.996s] GC(40) Archive regions: 0->0
[2023-10-12T15:13:04.044+0200][145.996s] GC(40) Humongous regions: 4->4
[2023-10-12T15:13:04.044+0200][145.996s] GC(40) Metaspace: 61487K(62080K)->61487K(62080K) NonClass: 54557K(54848K)->54557K(54848K) Class: 6929K(7232K)->6929K(7232K)
[2023-10-12T15:13:04.044+0200][145.996s] GC(40) Pause Young (Concurrent Start) (CodeCache GC Threshold) 260M->94M(512M) 4.836ms
[2023-10-12T15:13:04.044+0200][145.996s] GC(40) User=0.16s Sys=0.00s Real=0.00s
[2023-10-12T15:13:04.044+0200][145.996s] GC(41) Concurrent Mark Cycle
[2023-10-12T15:13:04.044+0200][145.996s] GC(41) Concurrent Clear Claimed Marks
[2023-10-12T15:13:04.044+0200][145.996s] GC(41) Concurrent Clear Claimed Marks 0.037ms
[2023-10-12T15:13:04.044+0200][145.996s] GC(41) Concurrent Scan Root Regions
[2023-10-12T15:13:04.045+0200][145.997s] GC(41) Concurrent Scan Root Regions 1.139ms
[2023-10-12T15:13:04.045+0200][145.997s] GC(41) Concurrent Mark
[2023-10-12T15:13:04.045+0200][145.997s] GC(41) Concurrent Mark From Roots
[2023-10-12T15:13:04.045+0200][145.997s] GC(41) Using 3 workers of 3 for marking
[2023-10-12T15:13:04.065+0200][146.018s] GC(41) Concurrent Mark From Roots 20.336ms
[2023-10-12T15:13:04.065+0200][146.018s] GC(41) Concurrent Preclean
[2023-10-12T15:13:04.066+0200][146.018s] GC(41) Concurrent Preclean 0.089ms
[2023-10-12T15:13:04.066+0200][146.018s] GC(41) Pause Remark
[2023-10-12T15:13:04.072+0200][146.024s] GC(41) Pause Remark 95M->95M(512M) 5.936ms
[2023-10-12T15:13:04.072+0200][146.024s] GC(41) User=0.00s Sys=0.00s Real=0.01s
[2023-10-12T15:13:04.072+0200][146.024s] GC(41) Concurrent Mark 26.666ms
[2023-10-12T15:13:04.072+0200][146.024s] GC(41) Concurrent Rebuild Remembered Sets
[2023-10-12T15:13:04.080+0200][146.032s] GC(41) Concurrent Rebuild Remembered Sets 8.298ms
[2023-10-12T15:13:04.080+0200][146.032s] GC(41) Pause Cleanup
[2023-10-12T15:13:04.080+0200][146.033s] GC(41) Pause Cleanup 95M->95M(512M) 0.156ms
[2023-10-12T15:13:04.080+0200][146.033s] GC(41) User=0.00s Sys=0.00s Real=0.00s
[2023-10-12T15:13:04.080+0200][146.033s] GC(41) Concurrent Cleanup for Next Mark
[2023-10-12T15:13:04.080+0200][146.033s] GC(41) Concurrent Cleanup for Next Mark 0.630ms
[2023-10-12T15:13:04.080+0200][146.033s] GC(41) Concurrent Mark Cycle 37.337ms
[2023-10-12T15:13:08.496+0200][150.448s] GC(42) Pause Young (Normal) (G1 Evacuation Pause)
[2023-10-12T15:13:08.496+0200][150.448s] GC(42) Using 10 workers of 10 for evacuation
[2023-10-12T15:13:08.500+0200][150.452s] GC(42)   Pre Evacuate Collection Set: 0.1ms
[2023-10-12T15:13:08.500+0200][150.452s] GC(42)   Merge Heap Roots: 0.0ms
[2023-10-12T15:13:08.500+0200][150.452s] GC(42)   Evacuate Collection Set: 3.5ms
[2023-10-12T15:13:08.500+0200][150.452s] GC(42)   Post Evacuate Collection Set: 0.5ms
[2023-10-12T15:13:08.500+0200][150.452s] GC(42)   Other: 0.1ms
[2023-10-12T15:13:08.500+0200][150.452s] GC(42) Eden regions: 285->0(283)
[2023-10-12T15:13:08.500+0200][150.452s] GC(42) Survivor regions: 22->24(39)
[2023-10-12T15:13:08.500+0200][150.452s] GC(42) Old regions: 70->70
[2023-10-12T15:13:08.500+0200][150.452s] GC(42) Archive regions: 0->0
[2023-10-12T15:13:08.500+0200][150.452s] GC(42) Humongous regions: 4->4
[2023-10-12T15:13:08.500+0200][150.452s] GC(42) Metaspace: 61496K(62080K)->61496K(62080K) NonClass: 54567K(54848K)->54567K(54848K) Class: 6929K(7232K)->6929K(7232K)
[2023-10-12T15:13:08.500+0200][150.452s] GC(42) Pause Young (Normal) (G1 Evacuation Pause) 379M->97M(512M) 4.380ms
[2023-10-12T15:13:08.500+0200][150.452s] GC(42) User=0.00s Sys=0.00s Real=0.00s
[2023-10-12T15:13:13.163+0200][155.116s] GC(43) Pause Young (Normal) (G1 Evacuation Pause)
[2023-10-12T15:13:13.163+0200][155.116s] GC(43) Using 10 workers of 10 for evacuation
[2023-10-12T15:13:13.168+0200][155.120s] GC(43)   Pre Evacuate Collection Set: 0.1ms
[2023-10-12T15:13:13.168+0200][155.120s] GC(43)   Merge Heap Roots: 0.1ms
[2023-10-12T15:13:13.168+0200][155.120s] GC(43)   Evacuate Collection Set: 3.7ms
[2023-10-12T15:13:13.168+0200][155.120s] GC(43)   Post Evacuate Collection Set: 0.6ms
[2023-10-12T15:13:13.168+0200][155.120s] GC(43)   Other: 0.1ms
[2023-10-12T15:13:13.168+0200][155.120s] GC(43) Eden regions: 283->0(283)
[2023-10-12T15:13:13.168+0200][155.120s] GC(43) Survivor regions: 24->24(39)
[2023-10-12T15:13:13.168+0200][155.120s] GC(43) Old regions: 70->74
[2023-10-12T15:13:13.168+0200][155.120s] GC(43) Archive regions: 0->0
[2023-10-12T15:13:13.168+0200][155.120s] GC(43) Humongous regions: 4->4
[2023-10-12T15:13:13.168+0200][155.120s] GC(43) Metaspace: 61501K(62080K)->61501K(62080K) NonClass: 54572K(54848K)->54572K(54848K) Class: 6929K(7232K)->6929K(7232K)
[2023-10-12T15:13:13.168+0200][155.120s] GC(43) Pause Young (Normal) (G1 Evacuation Pause) 380M->100M(512M) 4.726ms
[2023-10-12T15:13:13.168+0200][155.120s] GC(43) User=0.16s Sys=0.00s Real=0.00s
[2023-10-12T15:13:17.818+0200][159.771s] GC(44) Pause Young (Normal) (G1 Evacuation Pause)
[2023-10-12T15:13:17.818+0200][159.771s] GC(44) Using 10 workers of 10 for evacuation
[2023-10-12T15:13:17.823+0200][159.775s] GC(44)   Pre Evacuate Collection Set: 0.1ms
[2023-10-12T15:13:17.823+0200][159.775s] GC(44)   Merge Heap Roots: 0.1ms
[2023-10-12T15:13:17.823+0200][159.775s] GC(44)   Evacuate Collection Set: 3.7ms
[2023-10-12T15:13:17.823+0200][159.775s] GC(44)   Post Evacuate Collection Set: 0.4ms
[2023-10-12T15:13:17.823+0200][159.775s] GC(44)   Other: 0.1ms
[2023-10-12T15:13:17.823+0200][159.775s] GC(44) Eden regions: 283->0(283)
[2023-10-12T15:13:17.823+0200][159.775s] GC(44) Survivor regions: 24->24(39)
[2023-10-12T15:13:17.823+0200][159.775s] GC(44) Old regions: 74->77
[2023-10-12T15:13:17.823+0200][159.775s] GC(44) Archive regions: 0->0
[2023-10-12T15:13:17.823+0200][159.775s] GC(44) Humongous regions: 4->4
[2023-10-12T15:13:17.823+0200][159.775s] GC(44) Metaspace: 61512K(62080K)->61512K(62080K) NonClass: 54582K(54848K)->54582K(54848K) Class: 6929K(7232K)->6929K(7232K)
[2023-10-12T15:13:17.823+0200][159.775s] GC(44) Pause Young (Normal) (G1 Evacuation Pause) 383M->103M(512M) 4.609ms
[2023-10-12T15:13:17.823+0200][159.775s] GC(44) User=0.00s Sys=0.00s Real=0.00s
[2023-10-12T15:13:22.370+0200][164.322s] GC(45) Pause Young (Normal) (G1 Evacuation Pause)
[2023-10-12T15:13:22.370+0200][164.322s] GC(45) Using 10 workers of 10 for evacuation
[2023-10-12T15:13:22.375+0200][164.327s] GC(45)   Pre Evacuate Collection Set: 0.1ms
[2023-10-12T15:13:22.375+0200][164.327s] GC(45)   Merge Heap Roots: 0.1ms
[2023-10-12T15:13:22.375+0200][164.327s] GC(45)   Evacuate Collection Set: 3.6ms
[2023-10-12T15:13:22.375+0200][164.327s] GC(45)   Post Evacuate Collection Set: 0.5ms
[2023-10-12T15:13:22.375+0200][164.327s] GC(45)   Other: 0.1ms
[2023-10-12T15:13:22.375+0200][164.327s] GC(45) Eden regions: 283->0(283)
[2023-10-12T15:13:22.375+0200][164.327s] GC(45) Survivor regions: 24->24(39)
[2023-10-12T15:13:22.375+0200][164.327s] GC(45) Old regions: 77->81
[2023-10-12T15:13:22.375+0200][164.327s] GC(45) Archive regions: 0->0
[2023-10-12T15:13:22.375+0200][164.327s] GC(45) Humongous regions: 4->4
[2023-10-12T15:13:22.375+0200][164.327s] GC(45) Metaspace: 61538K(62208K)->61538K(62208K) NonClass: 54603K(54976K)->54603K(54976K) Class: 6934K(7232K)->6934K(7232K)
[2023-10-12T15:13:22.375+0200][164.327s] GC(45) Pause Young (Normal) (G1 Evacuation Pause) 386M->107M(512M) 4.475ms
[2023-10-12T15:13:22.375+0200][164.327s] GC(45) User=0.03s Sys=0.00s Real=0.01s
[2023-10-12T15:13:26.715+0200][168.667s] GC(46) Pause Young (Normal) (G1 Evacuation Pause)
[2023-10-12T15:13:26.715+0200][168.667s] GC(46) Using 10 workers of 10 for evacuation
[2023-10-12T15:13:26.719+0200][168.671s] GC(46)   Pre Evacuate Collection Set: 0.1ms
[2023-10-12T15:13:26.719+0200][168.671s] GC(46)   Merge Heap Roots: 0.1ms
[2023-10-12T15:13:26.719+0200][168.671s] GC(46)   Evacuate Collection Set: 3.5ms
[2023-10-12T15:13:26.719+0200][168.671s] GC(46)   Post Evacuate Collection Set: 0.5ms
[2023-10-12T15:13:26.719+0200][168.672s] GC(46)   Other: 0.1ms
[2023-10-12T15:13:26.719+0200][168.672s] GC(46) Eden regions: 283->0(283)
[2023-10-12T15:13:26.719+0200][168.672s] GC(46) Survivor regions: 24->24(39)
[2023-10-12T15:13:26.719+0200][168.672s] GC(46) Old regions: 81->84
[2023-10-12T15:13:26.719+0200][168.672s] GC(46) Archive regions: 0->0
[2023-10-12T15:13:26.719+0200][168.672s] GC(46) Humongous regions: 4->4
[2023-10-12T15:13:26.719+0200][168.672s] GC(46) Metaspace: 61545K(62208K)->61545K(62208K) NonClass: 54610K(54976K)->54610K(54976K) Class: 6934K(7232K)->6934K(7232K)
[2023-10-12T15:13:26.719+0200][168.672s] GC(46) Pause Young (Normal) (G1 Evacuation Pause) 390M->110M(512M) 4.442ms
[2023-10-12T15:13:26.719+0200][168.672s] GC(46) User=0.00s Sys=0.00s Real=0.00s
[2023-10-12T15:13:31.080+0200][173.032s] GC(47) Pause Young (Normal) (G1 Evacuation Pause)
[2023-10-12T15:13:31.080+0200][173.032s] GC(47) Using 10 workers of 10 for evacuation
[2023-10-12T15:13:31.085+0200][173.037s] GC(47)   Pre Evacuate Collection Set: 0.1ms
[2023-10-12T15:13:31.085+0200][173.037s] GC(47)   Merge Heap Roots: 0.1ms
[2023-10-12T15:13:31.085+0200][173.037s] GC(47)   Evacuate Collection Set: 4.1ms
[2023-10-12T15:13:31.085+0200][173.037s] GC(47)   Post Evacuate Collection Set: 0.7ms
[2023-10-12T15:13:31.085+0200][173.037s] GC(47)   Other: 0.1ms
[2023-10-12T15:13:31.085+0200][173.037s] GC(47) Eden regions: 283->0(283)
[2023-10-12T15:13:31.085+0200][173.037s] GC(47) Survivor regions: 24->24(39)
[2023-10-12T15:13:31.085+0200][173.038s] GC(47) Old regions: 84->87
[2023-10-12T15:13:31.085+0200][173.038s] GC(47) Archive regions: 0->0
[2023-10-12T15:13:31.085+0200][173.038s] GC(47) Humongous regions: 4->4
[2023-10-12T15:13:31.085+0200][173.038s] GC(47) Metaspace: 61572K(62208K)->61572K(62208K) NonClass: 54637K(54976K)->54637K(54976K) Class: 6935K(7232K)->6935K(7232K)
[2023-10-12T15:13:31.085+0200][173.038s] GC(47) Pause Young (Normal) (G1 Evacuation Pause) 393M->114M(512M) 5.441ms
[2023-10-12T15:13:31.085+0200][173.038s] GC(47) User=0.00s Sys=0.00s Real=0.01s
[2023-10-12T15:13:35.452+0200][177.404s] GC(48) Pause Young (Normal) (G1 Evacuation Pause)
[2023-10-12T15:13:35.452+0200][177.404s] GC(48) Using 10 workers of 10 for evacuation
[2023-10-12T15:13:35.456+0200][177.408s] GC(48)   Pre Evacuate Collection Set: 0.1ms
[2023-10-12T15:13:35.456+0200][177.408s] GC(48)   Merge Heap Roots: 0.1ms
[2023-10-12T15:13:35.456+0200][177.409s] GC(48)   Evacuate Collection Set: 3.5ms
[2023-10-12T15:13:35.456+0200][177.409s] GC(48)   Post Evacuate Collection Set: 0.5ms
[2023-10-12T15:13:35.456+0200][177.409s] GC(48)   Other: 0.1ms
[2023-10-12T15:13:35.456+0200][177.409s] GC(48) Eden regions: 283->0(285)
[2023-10-12T15:13:35.456+0200][177.409s] GC(48) Survivor regions: 24->22(39)
[2023-10-12T15:13:35.456+0200][177.409s] GC(48) Old regions: 87->92
[2023-10-12T15:13:35.456+0200][177.409s] GC(48) Archive regions: 0->0
[2023-10-12T15:13:35.456+0200][177.409s] GC(48) Humongous regions: 4->4
[2023-10-12T15:13:35.456+0200][177.409s] GC(48) Metaspace: 61581K(62208K)->61581K(62208K) NonClass: 54646K(54976K)->54646K(54976K) Class: 6935K(7232K)->6935K(7232K)
[2023-10-12T15:13:35.456+0200][177.409s] GC(48) Pause Young (Normal) (G1 Evacuation Pause) 397M->117M(512M) 4.578ms
[2023-10-12T15:13:35.456+0200][177.409s] GC(48) User=0.00s Sys=0.00s Real=0.00s
[2023-10-12T15:13:36.756+0200][178.709s] GC(49) Pause Young (Concurrent Start) (CodeCache GC Threshold)
[2023-10-12T15:13:36.757+0200][178.709s] GC(49) Using 10 workers of 10 for evacuation
[2023-10-12T15:13:36.761+0200][178.713s] GC(49)   Pre Evacuate Collection Set: 0.2ms
[2023-10-12T15:13:36.761+0200][178.713s] GC(49)   Merge Heap Roots: 0.1ms
[2023-10-12T15:13:36.761+0200][178.713s] GC(49)   Evacuate Collection Set: 3.3ms
[2023-10-12T15:13:36.761+0200][178.713s] GC(49)   Post Evacuate Collection Set: 0.5ms
[2023-10-12T15:13:36.761+0200][178.713s] GC(49)   Other: 0.1ms
[2023-10-12T15:13:36.761+0200][178.713s] GC(49) Eden regions: 83->0(288)
[2023-10-12T15:13:36.761+0200][178.713s] GC(49) Survivor regions: 22->19(39)
[2023-10-12T15:13:36.761+0200][178.713s] GC(49) Old regions: 92->96
[2023-10-12T15:13:36.761+0200][178.713s] GC(49) Archive regions: 0->0
[2023-10-12T15:13:36.761+0200][178.713s] GC(49) Humongous regions: 4->4
[2023-10-12T15:13:36.761+0200][178.713s] GC(49) Metaspace: 61581K(62208K)->61581K(62208K) NonClass: 54646K(54976K)->54646K(54976K) Class: 6935K(7232K)->6935K(7232K)
[2023-10-12T15:13:36.761+0200][178.713s] GC(49) Pause Young (Concurrent Start) (CodeCache GC Threshold) 200M->118M(512M) 4.358ms
[2023-10-12T15:13:36.761+0200][178.713s] GC(49) User=0.00s Sys=0.00s Real=0.00s
[2023-10-12T15:13:36.761+0200][178.713s] GC(50) Concurrent Mark Cycle
[2023-10-12T15:13:36.761+0200][178.714s] GC(50) Concurrent Clear Claimed Marks
[2023-10-12T15:13:36.761+0200][178.714s] GC(50) Concurrent Clear Claimed Marks 0.044ms
[2023-10-12T15:13:36.761+0200][178.714s] GC(50) Concurrent Scan Root Regions
[2023-10-12T15:13:36.762+0200][178.715s] GC(50) Concurrent Scan Root Regions 1.141ms
[2023-10-12T15:13:36.762+0200][178.715s] GC(50) Concurrent Mark
[2023-10-12T15:13:36.762+0200][178.715s] GC(50) Concurrent Mark From Roots
[2023-10-12T15:13:36.762+0200][178.715s] GC(50) Using 3 workers of 3 for marking
[2023-10-12T15:13:36.792+0200][178.744s] GC(50) Concurrent Mark From Roots 29.671ms
[2023-10-12T15:13:36.792+0200][178.744s] GC(50) Concurrent Preclean
[2023-10-12T15:13:36.792+0200][178.745s] GC(50) Concurrent Preclean 0.084ms
[2023-10-12T15:13:36.792+0200][178.745s] GC(50) Pause Remark
[2023-10-12T15:13:36.798+0200][178.750s] GC(50) Pause Remark 118M->118M(512M) 5.288ms
[2023-10-12T15:13:36.798+0200][178.750s] GC(50) User=0.05s Sys=0.00s Real=0.01s
[2023-10-12T15:13:36.798+0200][178.750s] GC(50) Concurrent Mark 35.368ms
[2023-10-12T15:13:36.798+0200][178.750s] GC(50) Concurrent Rebuild Remembered Sets
[2023-10-12T15:13:36.808+0200][178.760s] GC(50) Concurrent Rebuild Remembered Sets 9.747ms
[2023-10-12T15:13:36.808+0200][178.760s] GC(50) Pause Cleanup
[2023-10-12T15:13:36.808+0200][178.760s] GC(50) Pause Cleanup 120M->120M(512M) 0.120ms
[2023-10-12T15:13:36.808+0200][178.760s] GC(50) User=0.00s Sys=0.00s Real=0.00s
[2023-10-12T15:13:36.808+0200][178.760s] GC(50) Concurrent Cleanup for Next Mark
[2023-10-12T15:13:36.809+0200][178.761s] GC(50) Concurrent Cleanup for Next Mark 0.704ms
[2023-10-12T15:13:36.809+0200][178.761s] GC(50) Concurrent Mark Cycle 47.554ms
[2023-10-12T15:13:38.732+0200][180.684s] GC(51) Pause Young (Concurrent Start) (CodeCache GC Threshold)
[2023-10-12T15:13:38.732+0200][180.684s] GC(51) Using 10 workers of 10 for evacuation
[2023-10-12T15:13:38.736+0200][180.688s] GC(51)   Pre Evacuate Collection Set: 0.2ms
[2023-10-12T15:13:38.736+0200][180.688s] GC(51)   Merge Heap Roots: 0.1ms
[2023-10-12T15:13:38.736+0200][180.688s] GC(51)   Evacuate Collection Set: 3.0ms
[2023-10-12T15:13:38.736+0200][180.688s] GC(51)   Post Evacuate Collection Set: 0.4ms
[2023-10-12T15:13:38.736+0200][180.688s] GC(51)   Other: 0.1ms
[2023-10-12T15:13:38.736+0200][180.688s] GC(51) Eden regions: 123->0(286)
[2023-10-12T15:13:38.736+0200][180.688s] GC(51) Survivor regions: 19->21(39)
[2023-10-12T15:13:38.736+0200][180.688s] GC(51) Old regions: 96->96
[2023-10-12T15:13:38.736+0200][180.688s] GC(51) Archive regions: 0->0
[2023-10-12T15:13:38.736+0200][180.688s] GC(51) Humongous regions: 4->4
[2023-10-12T15:13:38.736+0200][180.688s] GC(51) Metaspace: 61581K(62208K)->61581K(62208K) NonClass: 54646K(54976K)->54646K(54976K) Class: 6935K(7232K)->6935K(7232K)
[2023-10-12T15:13:38.736+0200][180.688s] GC(51) Pause Young (Concurrent Start) (CodeCache GC Threshold) 241M->119M(512M) 4.037ms
[2023-10-12T15:13:38.736+0200][180.688s] GC(52) Concurrent Mark Cycle
[2023-10-12T15:13:38.736+0200][180.688s] GC(51) User=0.00s Sys=0.00s Real=0.00s
[2023-10-12T15:13:38.736+0200][180.688s] GC(52) Concurrent Clear Claimed Marks
[2023-10-12T15:13:38.736+0200][180.689s] GC(52) Concurrent Clear Claimed Marks 0.124ms
[2023-10-12T15:13:38.736+0200][180.689s] GC(52) Concurrent Scan Root Regions
[2023-10-12T15:13:38.737+0200][180.690s] GC(52) Concurrent Scan Root Regions 1.217ms
[2023-10-12T15:13:38.737+0200][180.690s] GC(52) Concurrent Mark
[2023-10-12T15:13:38.737+0200][180.690s] GC(52) Concurrent Mark From Roots
[2023-10-12T15:13:38.737+0200][180.690s] GC(52) Using 3 workers of 3 for marking
[2023-10-12T15:13:38.762+0200][180.714s] GC(52) Concurrent Mark From Roots 24.662ms
[2023-10-12T15:13:38.762+0200][180.714s] GC(52) Concurrent Preclean
[2023-10-12T15:13:38.762+0200][180.715s] GC(52) Concurrent Preclean 0.077ms
[2023-10-12T15:13:38.762+0200][180.715s] GC(52) Pause Remark
[2023-10-12T15:13:38.766+0200][180.718s] GC(52) Pause Remark 123M->123M(512M) 3.169ms
[2023-10-12T15:13:38.766+0200][180.718s] GC(52) User=0.00s Sys=0.00s Real=0.00s
[2023-10-12T15:13:38.766+0200][180.718s] GC(52) Concurrent Mark 28.132ms
[2023-10-12T15:13:38.766+0200][180.718s] GC(52) Concurrent Rebuild Remembered Sets
[2023-10-12T15:13:38.775+0200][180.727s] GC(52) Concurrent Rebuild Remembered Sets 9.217ms
[2023-10-12T15:13:38.775+0200][180.727s] GC(52) Pause Cleanup
[2023-10-12T15:13:38.775+0200][180.727s] GC(52) Pause Cleanup 123M->123M(512M) 0.139ms
[2023-10-12T15:13:38.775+0200][180.728s] GC(52) User=0.00s Sys=0.00s Real=0.00s
[2023-10-12T15:13:38.775+0200][180.728s] GC(52) Concurrent Cleanup for Next Mark
[2023-10-12T15:13:38.776+0200][180.728s] GC(52) Concurrent Cleanup for Next Mark 0.588ms
[2023-10-12T15:13:38.776+0200][180.728s] GC(52) Concurrent Mark Cycle 39.808ms
[2023-10-12T15:13:42.441+0200][184.394s] GC(53) Pause Young (Concurrent Start) (CodeCache GC Threshold)
[2023-10-12T15:13:42.441+0200][184.394s] GC(53) Using 10 workers of 10 for evacuation
[2023-10-12T15:13:42.445+0200][184.398s] GC(53)   Pre Evacuate Collection Set: 0.1ms
[2023-10-12T15:13:42.445+0200][184.398s] GC(53)   Merge Heap Roots: 0.1ms
[2023-10-12T15:13:42.445+0200][184.398s] GC(53)   Evacuate Collection Set: 3.2ms
[2023-10-12T15:13:42.445+0200][184.398s] GC(53)   Post Evacuate Collection Set: 0.4ms
[2023-10-12T15:13:42.445+0200][184.398s] GC(53)   Other: 0.1ms
[2023-10-12T15:13:42.445+0200][184.398s] GC(53) Eden regions: 221->0(284)
[2023-10-12T15:13:42.445+0200][184.398s] GC(53) Survivor regions: 21->23(39)
[2023-10-12T15:13:42.445+0200][184.398s] GC(53) Old regions: 96->96
[2023-10-12T15:13:42.445+0200][184.398s] GC(53) Archive regions: 0->0
[2023-10-12T15:13:42.445+0200][184.398s] GC(53) Humongous regions: 4->4
[2023-10-12T15:13:42.445+0200][184.398s] GC(53) Metaspace: 61587K(62208K)->61587K(62208K) NonClass: 54652K(54976K)->54652K(54976K) Class: 6935K(7232K)->6935K(7232K)
[2023-10-12T15:13:42.445+0200][184.398s] GC(53) Pause Young (Concurrent Start) (CodeCache GC Threshold) 340M->122M(512M) 4.153ms
[2023-10-12T15:13:42.445+0200][184.398s] GC(54) Concurrent Mark Cycle
[2023-10-12T15:13:42.445+0200][184.398s] GC(53) User=0.00s Sys=0.00s Real=0.00s
[2023-10-12T15:13:42.445+0200][184.398s] GC(54) Concurrent Clear Claimed Marks
[2023-10-12T15:13:42.445+0200][184.398s] GC(54) Concurrent Clear Claimed Marks 0.093ms
[2023-10-12T15:13:42.445+0200][184.398s] GC(54) Concurrent Scan Root Regions
[2023-10-12T15:13:42.447+0200][184.399s] GC(54) Concurrent Scan Root Regions 1.507ms
[2023-10-12T15:13:42.447+0200][184.399s] GC(54) Concurrent Mark
[2023-10-12T15:13:42.447+0200][184.399s] GC(54) Concurrent Mark From Roots
[2023-10-12T15:13:42.447+0200][184.399s] GC(54) Using 3 workers of 3 for marking
[2023-10-12T15:13:42.469+0200][184.422s] GC(54) Concurrent Mark From Roots 22.391ms
[2023-10-12T15:13:42.469+0200][184.422s] GC(54) Concurrent Preclean
[2023-10-12T15:13:42.469+0200][184.422s] GC(54) Concurrent Preclean 0.079ms
[2023-10-12T15:13:42.469+0200][184.422s] GC(54) Pause Remark
[2023-10-12T15:13:42.472+0200][184.425s] GC(54) Pause Remark 123M->123M(512M) 3.098ms
[2023-10-12T15:13:42.473+0200][184.425s] GC(54) User=0.00s Sys=0.00s Real=0.00s
[2023-10-12T15:13:42.473+0200][184.425s] GC(54) Concurrent Mark 25.885ms
[2023-10-12T15:13:42.473+0200][184.425s] GC(54) Concurrent Rebuild Remembered Sets
[2023-10-12T15:13:42.482+0200][184.435s] GC(54) Concurrent Rebuild Remembered Sets 9.596ms
[2023-10-12T15:13:42.482+0200][184.435s] GC(54) Pause Cleanup
[2023-10-12T15:13:42.483+0200][184.435s] GC(54) Pause Cleanup 123M->123M(512M) 0.150ms
[2023-10-12T15:13:42.483+0200][184.435s] GC(54) User=0.00s Sys=0.00s Real=0.00s
[2023-10-12T15:13:42.483+0200][184.435s] GC(54) Concurrent Cleanup for Next Mark
[2023-10-12T15:13:42.483+0200][184.436s] GC(54) Concurrent Cleanup for Next Mark 0.707ms
[2023-10-12T15:13:42.483+0200][184.436s] GC(54) Concurrent Mark Cycle 38.332ms
[2023-10-12T15:13:47.123+0200][189.075s] GC(55) Pause Young (Prepare Mixed) (G1 Evacuation Pause)
[2023-10-12T15:13:47.123+0200][189.075s] GC(55) Using 10 workers of 10 for evacuation
[2023-10-12T15:13:47.127+0200][189.079s] GC(55)   Pre Evacuate Collection Set: 0.1ms
[2023-10-12T15:13:47.127+0200][189.079s] GC(55)   Merge Heap Roots: 0.1ms
[2023-10-12T15:13:47.127+0200][189.079s] GC(55)   Evacuate Collection Set: 3.7ms
[2023-10-12T15:13:47.127+0200][189.079s] GC(55)   Post Evacuate Collection Set: 0.5ms
[2023-10-12T15:13:47.127+0200][189.079s] GC(55)   Other: 0.1ms
[2023-10-12T15:13:47.127+0200][189.079s] GC(55) Eden regions: 284->0(2)
[2023-10-12T15:13:47.127+0200][189.079s] GC(55) Survivor regions: 23->23(39)
[2023-10-12T15:13:47.127+0200][189.079s] GC(55) Old regions: 96->99
[2023-10-12T15:13:47.127+0200][189.079s] GC(55) Archive regions: 0->0
[2023-10-12T15:13:47.127+0200][189.079s] GC(55) Humongous regions: 4->4
[2023-10-12T15:13:47.127+0200][189.079s] GC(55) Metaspace: 61596K(62208K)->61596K(62208K) NonClass: 54660K(54976K)->54660K(54976K) Class: 6935K(7232K)->6935K(7232K)
[2023-10-12T15:13:47.127+0200][189.079s] GC(55) Pause Young (Prepare Mixed) (G1 Evacuation Pause) 406M->125M(512M) 4.540ms
[2023-10-12T15:13:47.127+0200][189.079s] GC(55) User=0.00s Sys=0.00s Real=0.00s
[2023-10-12T15:13:47.141+0200][189.093s] GC(56) Pause Young (Mixed) (G1 Evacuation Pause)
[2023-10-12T15:13:47.141+0200][189.093s] GC(56) Using 10 workers of 10 for evacuation
[2023-10-12T15:13:47.144+0200][189.096s] GC(56)   Pre Evacuate Collection Set: 0.1ms
[2023-10-12T15:13:47.144+0200][189.096s] GC(56)   Merge Heap Roots: 0.1ms
[2023-10-12T15:13:47.144+0200][189.096s] GC(56)   Evacuate Collection Set: 3.0ms
[2023-10-12T15:13:47.144+0200][189.096s] GC(56)   Post Evacuate Collection Set: 0.3ms
[2023-10-12T15:13:47.144+0200][189.097s] GC(56)   Other: 0.0ms
[2023-10-12T15:13:47.144+0200][189.097s] GC(56) Eden regions: 2->0(305)
[2023-10-12T15:13:47.144+0200][189.097s] GC(56) Survivor regions: 23->2(4)
[2023-10-12T15:13:47.144+0200][189.097s] GC(56) Old regions: 99->120
[2023-10-12T15:13:47.144+0200][189.097s] GC(56) Archive regions: 0->0
[2023-10-12T15:13:47.144+0200][189.097s] GC(56) Humongous regions: 4->4
[2023-10-12T15:13:47.144+0200][189.097s] GC(56) Metaspace: 61596K(62208K)->61596K(62208K) NonClass: 54660K(54976K)->54660K(54976K) Class: 6935K(7232K)->6935K(7232K)
[2023-10-12T15:13:47.144+0200][189.097s] GC(56) Pause Young (Mixed) (G1 Evacuation Pause) 127M->125M(512M) 3.742ms
[2023-10-12T15:13:47.144+0200][189.097s] GC(56) User=0.00s Sys=0.00s Real=0.00s
[2023-10-12T15:19:58.470+0200][560.422s] GC(57) Pause Young (Normal) (G1 Evacuation Pause)
[2023-10-12T15:19:58.470+0200][560.422s] GC(57) Using 10 workers of 10 for evacuation
[2023-10-12T15:19:58.473+0200][560.425s] GC(57)   Pre Evacuate Collection Set: 0.1ms
[2023-10-12T15:19:58.473+0200][560.425s] GC(57)   Merge Heap Roots: 0.1ms
[2023-10-12T15:19:58.473+0200][560.425s] GC(57)   Evacuate Collection Set: 1.8ms
[2023-10-12T15:19:58.473+0200][560.425s] GC(57)   Post Evacuate Collection Set: 0.8ms
[2023-10-12T15:19:58.473+0200][560.425s] GC(57)   Other: 0.1ms
[2023-10-12T15:19:58.473+0200][560.425s] GC(57) Eden regions: 305->0(302)
[2023-10-12T15:19:58.473+0200][560.425s] GC(57) Survivor regions: 2->5(39)
[2023-10-12T15:19:58.473+0200][560.425s] GC(57) Old regions: 120->120
[2023-10-12T15:19:58.473+0200][560.425s] GC(57) Archive regions: 0->0
[2023-10-12T15:19:58.473+0200][560.425s] GC(57) Humongous regions: 4->4
[2023-10-12T15:19:58.473+0200][560.425s] GC(57) Metaspace: 61664K(62272K)->61664K(62272K) NonClass: 54724K(55040K)->54724K(55040K) Class: 6940K(7232K)->6940K(7232K)
[2023-10-12T15:19:58.473+0200][560.425s] GC(57) Pause Young (Normal) (G1 Evacuation Pause) 430M->127M(512M) 3.072ms
[2023-10-12T15:19:58.473+0200][560.425s] GC(57) User=0.00s Sys=0.00s Real=0.00s
[2023-10-12T15:33:32.262+0200][1374.215s] GC(58) Pause Young (Concurrent Start) (CodeCache GC Threshold)
[2023-10-12T15:33:32.263+0200][1374.215s] GC(58) Using 10 workers of 10 for evacuation
[2023-10-12T15:33:32.264+0200][1374.217s] GC(58)   Pre Evacuate Collection Set: 0.3ms
[2023-10-12T15:33:32.264+0200][1374.217s] GC(58)   Merge Heap Roots: 0.1ms
[2023-10-12T15:33:32.264+0200][1374.217s] GC(58)   Evacuate Collection Set: 1.2ms
[2023-10-12T15:33:32.264+0200][1374.217s] GC(58)   Post Evacuate Collection Set: 0.3ms
[2023-10-12T15:33:32.265+0200][1374.217s] GC(58)   Other: 0.0ms
[2023-10-12T15:33:32.265+0200][1374.217s] GC(58) Eden regions: 37->0(302)
[2023-10-12T15:33:32.265+0200][1374.217s] GC(58) Survivor regions: 5->5(39)
[2023-10-12T15:33:32.265+0200][1374.217s] GC(58) Old regions: 120->120
[2023-10-12T15:33:32.265+0200][1374.218s] GC(58) Archive regions: 0->0
[2023-10-12T15:33:32.265+0200][1374.218s] GC(58) Humongous regions: 4->4
[2023-10-12T15:33:32.265+0200][1374.218s] GC(58) Metaspace: 62013K(62656K)->62013K(62656K) NonClass: 55022K(55360K)->55022K(55360K) Class: 6990K(7296K)->6990K(7296K)
[2023-10-12T15:33:32.265+0200][1374.218s] GC(58) Pause Young (Concurrent Start) (CodeCache GC Threshold) 164M->127M(512M) 2.168ms
[2023-10-12T15:33:32.265+0200][1374.218s] GC(59) Concurrent Mark Cycle
[2023-10-12T15:33:32.265+0200][1374.218s] GC(58) User=0.00s Sys=0.00s Real=0.00s
[2023-10-12T15:33:32.265+0200][1374.218s] GC(59) Concurrent Clear Claimed Marks
[2023-10-12T15:33:32.265+0200][1374.218s] GC(59) Concurrent Clear Claimed Marks 0.060ms
[2023-10-12T15:33:32.265+0200][1374.218s] GC(59) Concurrent Scan Root Regions
[2023-10-12T15:33:32.266+0200][1374.219s] GC(59) Concurrent Scan Root Regions 1.146ms
[2023-10-12T15:33:32.266+0200][1374.219s] GC(59) Concurrent Mark
[2023-10-12T15:33:32.266+0200][1374.219s] GC(59) Concurrent Mark From Roots
[2023-10-12T15:33:32.266+0200][1374.219s] GC(59) Using 3 workers of 3 for marking
[2023-10-12T15:33:32.287+0200][1374.240s] GC(59) Concurrent Mark From Roots 20.915ms
[2023-10-12T15:33:32.287+0200][1374.240s] GC(59) Concurrent Preclean
[2023-10-12T15:33:32.287+0200][1374.240s] GC(59) Concurrent Preclean 0.377ms
[2023-10-12T15:33:32.288+0200][1374.240s] GC(59) Pause Remark
[2023-10-12T15:33:32.298+0200][1374.251s] GC(59) Pause Remark 129M->128M(512M) 10.729ms
[2023-10-12T15:33:32.298+0200][1374.251s] GC(59) User=0.00s Sys=0.00s Real=0.01s
[2023-10-12T15:33:32.298+0200][1374.251s] GC(59) Concurrent Mark 32.369ms
[2023-10-12T15:33:32.298+0200][1374.251s] GC(59) Concurrent Rebuild Remembered Sets
[2023-10-12T15:33:32.313+0200][1374.265s] GC(59) Concurrent Rebuild Remembered Sets 14.132ms
[2023-10-12T15:33:32.313+0200][1374.266s] GC(59) Pause Cleanup
[2023-10-12T15:33:32.313+0200][1374.266s] GC(59) Pause Cleanup 129M->129M(512M) 0.181ms
[2023-10-12T15:33:32.313+0200][1374.266s] GC(59) User=0.00s Sys=0.00s Real=0.00s
[2023-10-12T15:33:32.313+0200][1374.266s] GC(59) Concurrent Cleanup for Next Mark
[2023-10-12T15:33:32.315+0200][1374.268s] GC(59) Concurrent Cleanup for Next Mark 1.527ms
[2023-10-12T15:33:32.315+0200][1374.268s] GC(59) Concurrent Mark Cycle 49.957ms
[2023-10-12T15:33:37.159+0200][1379.111s] GC(60) Pause Young (Prepare Mixed) (G1 Evacuation Pause)
[2023-10-12T15:33:37.159+0200][1379.111s] GC(60) Using 10 workers of 10 for evacuation
[2023-10-12T15:33:37.161+0200][1379.113s] GC(60)   Pre Evacuate Collection Set: 0.1ms
[2023-10-12T15:33:37.161+0200][1379.113s] GC(60)   Merge Heap Roots: 0.1ms
[2023-10-12T15:33:37.161+0200][1379.113s] GC(60)   Evacuate Collection Set: 1.4ms
[2023-10-12T15:33:37.161+0200][1379.113s] GC(60)   Post Evacuate Collection Set: 0.6ms
[2023-10-12T15:33:37.161+0200][1379.113s] GC(60)   Other: 0.1ms
[2023-10-12T15:33:37.161+0200][1379.113s] GC(60) Eden regions: 302->0(20)
[2023-10-12T15:33:37.161+0200][1379.113s] GC(60) Survivor regions: 5->5(39)
[2023-10-12T15:33:37.161+0200][1379.113s] GC(60) Old regions: 119->119
[2023-10-12T15:33:37.161+0200][1379.113s] GC(60) Archive regions: 0->0
[2023-10-12T15:33:37.161+0200][1379.113s] GC(60) Humongous regions: 4->4
[2023-10-12T15:33:37.161+0200][1379.114s] GC(60) Metaspace: 61752K(62720K)->61752K(62720K) NonClass: 54829K(55424K)->54829K(55424K) Class: 6923K(7296K)->6923K(7296K)
[2023-10-12T15:33:37.161+0200][1379.114s] GC(60) Pause Young (Prepare Mixed) (G1 Evacuation Pause) 428M->127M(512M) 2.436ms
[2023-10-12T15:33:37.161+0200][1379.114s] GC(60) User=0.00s Sys=0.00s Real=0.00s
[2023-10-12T15:33:37.531+0200][1379.483s] GC(61) Pause Young (Mixed) (G1 Evacuation Pause)
[2023-10-12T15:33:37.531+0200][1379.483s] GC(61) Using 10 workers of 10 for evacuation
[2023-10-12T15:33:37.534+0200][1379.486s] GC(61)   Pre Evacuate Collection Set: 0.1ms
[2023-10-12T15:33:37.534+0200][1379.486s] GC(61)   Merge Heap Roots: 0.1ms
[2023-10-12T15:33:37.534+0200][1379.486s] GC(61)   Evacuate Collection Set: 1.7ms
[2023-10-12T15:33:37.534+0200][1379.486s] GC(61)   Post Evacuate Collection Set: 0.5ms
[2023-10-12T15:33:37.534+0200][1379.486s] GC(61)   Other: 0.1ms
[2023-10-12T15:33:37.534+0200][1379.486s] GC(61) Eden regions: 20->0(24)
[2023-10-12T15:33:37.534+0200][1379.486s] GC(61) Survivor regions: 5->1(4)
[2023-10-12T15:33:37.534+0200][1379.486s] GC(61) Old regions: 119->72
[2023-10-12T15:33:37.534+0200][1379.486s] GC(61) Archive regions: 0->0
[2023-10-12T15:33:37.534+0200][1379.486s] GC(61) Humongous regions: 4->4
[2023-10-12T15:33:37.534+0200][1379.486s] GC(61) Metaspace: 61752K(62720K)->61752K(62720K) NonClass: 54829K(55424K)->54829K(55424K) Class: 6923K(7296K)->6923K(7296K)
[2023-10-12T15:33:37.534+0200][1379.486s] GC(61) Pause Young (Mixed) (G1 Evacuation Pause) 147M->76M(512M) 2.755ms
[2023-10-12T15:33:37.534+0200][1379.486s] GC(61) User=0.00s Sys=0.00s Real=0.00s
[2023-10-12T15:33:37.851+0200][1379.803s] GC(62) Pause Young (Mixed) (G1 Evacuation Pause)
[2023-10-12T15:33:37.851+0200][1379.803s] GC(62) Using 10 workers of 10 for evacuation
[2023-10-12T15:33:37.852+0200][1379.804s] GC(62)   Pre Evacuate Collection Set: 0.1ms
[2023-10-12T15:33:37.852+0200][1379.804s] GC(62)   Merge Heap Roots: 0.1ms
[2023-10-12T15:33:37.852+0200][1379.804s] GC(62)   Evacuate Collection Set: 0.5ms
[2023-10-12T15:33:37.852+0200][1379.804s] GC(62)   Post Evacuate Collection Set: 0.4ms
[2023-10-12T15:33:37.852+0200][1379.804s] GC(62)   Other: 0.1ms
[2023-10-12T15:33:37.852+0200][1379.804s] GC(62) Eden regions: 24->0(305)
[2023-10-12T15:33:37.852+0200][1379.804s] GC(62) Survivor regions: 1->2(4)
[2023-10-12T15:33:37.852+0200][1379.804s] GC(62) Old regions: 72->70
[2023-10-12T15:33:37.852+0200][1379.804s] GC(62) Archive regions: 0->0
[2023-10-12T15:33:37.852+0200][1379.804s] GC(62) Humongous regions: 4->4
[2023-10-12T15:33:37.852+0200][1379.804s] GC(62) Metaspace: 61752K(62720K)->61752K(62720K) NonClass: 54829K(55424K)->54829K(55424K) Class: 6923K(7296K)->6923K(7296K)
[2023-10-12T15:33:37.852+0200][1379.805s] GC(62) Pause Young (Mixed) (G1 Evacuation Pause) 100M->75M(512M) 1.252ms
[2023-10-12T15:33:37.852+0200][1379.805s] GC(62) User=0.00s Sys=0.00s Real=0.00s
[2023-10-12T15:33:42.803+0200][1384.755s] GC(63) Pause Young (Normal) (G1 Evacuation Pause)
[2023-10-12T15:33:42.803+0200][1384.755s] GC(63) Using 10 workers of 10 for evacuation
[2023-10-12T15:33:42.805+0200][1384.757s] GC(63)   Pre Evacuate Collection Set: 0.1ms
[2023-10-12T15:33:42.805+0200][1384.757s] GC(63)   Merge Heap Roots: 0.1ms
[2023-10-12T15:33:42.805+0200][1384.757s] GC(63)   Evacuate Collection Set: 0.8ms
[2023-10-12T15:33:42.805+0200][1384.757s] GC(63)   Post Evacuate Collection Set: 0.6ms
[2023-10-12T15:33:42.805+0200][1384.757s] GC(63)   Other: 0.1ms
[2023-10-12T15:33:42.805+0200][1384.757s] GC(63) Eden regions: 305->0(302)
[2023-10-12T15:33:42.805+0200][1384.757s] GC(63) Survivor regions: 2->5(39)
[2023-10-12T15:33:42.805+0200][1384.757s] GC(63) Old regions: 70->70
[2023-10-12T15:33:42.805+0200][1384.757s] GC(63) Archive regions: 0->0
[2023-10-12T15:33:42.805+0200][1384.757s] GC(63) Humongous regions: 4->4
[2023-10-12T15:33:42.805+0200][1384.757s] GC(63) Metaspace: 61755K(62720K)->61755K(62720K) NonClass: 54832K(55424K)->54832K(55424K) Class: 6923K(7296K)->6923K(7296K)
[2023-10-12T15:33:42.805+0200][1384.757s] GC(63) Pause Young (Normal) (G1 Evacuation Pause) 380M->78M(512M) 1.837ms
[2023-10-12T15:33:42.805+0200][1384.757s] GC(63) User=0.00s Sys=0.00s Real=0.00s
[2023-10-12T15:33:47.407+0200][1389.359s] GC(64) Pause Young (Normal) (G1 Evacuation Pause)
[2023-10-12T15:33:47.407+0200][1389.359s] GC(64) Using 10 workers of 10 for evacuation
[2023-10-12T15:33:47.410+0200][1389.362s] GC(64)   Pre Evacuate Collection Set: 0.1ms
[2023-10-12T15:33:47.410+0200][1389.362s] GC(64)   Merge Heap Roots: 0.1ms
[2023-10-12T15:33:47.410+0200][1389.362s] GC(64)   Evacuate Collection Set: 1.5ms
[2023-10-12T15:33:47.410+0200][1389.362s] GC(64)   Post Evacuate Collection Set: 0.5ms
[2023-10-12T15:33:47.410+0200][1389.362s] GC(64)   Other: 0.1ms
[2023-10-12T15:33:47.410+0200][1389.362s] GC(64) Eden regions: 302->0(298)
[2023-10-12T15:33:47.410+0200][1389.362s] GC(64) Survivor regions: 5->9(39)
[2023-10-12T15:33:47.410+0200][1389.362s] GC(64) Old regions: 70->70
[2023-10-12T15:33:47.410+0200][1389.362s] GC(64) Archive regions: 0->0
[2023-10-12T15:33:47.410+0200][1389.362s] GC(64) Humongous regions: 4->4
[2023-10-12T15:33:47.410+0200][1389.362s] GC(64) Metaspace: 61755K(62720K)->61755K(62720K) NonClass: 54832K(55424K)->54832K(55424K) Class: 6923K(7296K)->6923K(7296K)
[2023-10-12T15:33:47.410+0200][1389.362s] GC(64) Pause Young (Normal) (G1 Evacuation Pause) 380M->81M(512M) 2.509ms
[2023-10-12T15:33:47.410+0200][1389.362s] GC(64) User=0.00s Sys=0.00s Real=0.00s
[2023-10-12T15:33:51.883+0200][1393.835s] GC(65) Pause Young (Normal) (G1 Evacuation Pause)
[2023-10-12T15:33:51.883+0200][1393.835s] GC(65) Using 10 workers of 10 for evacuation
[2023-10-12T15:33:51.886+0200][1393.838s] GC(65)   Pre Evacuate Collection Set: 0.1ms
[2023-10-12T15:33:51.886+0200][1393.838s] GC(65)   Merge Heap Roots: 0.1ms
[2023-10-12T15:33:51.886+0200][1393.838s] GC(65)   Evacuate Collection Set: 1.9ms
[2023-10-12T15:33:51.886+0200][1393.838s] GC(65)   Post Evacuate Collection Set: 0.6ms
[2023-10-12T15:33:51.886+0200][1393.838s] GC(65)   Other: 0.1ms
[2023-10-12T15:33:51.886+0200][1393.838s] GC(65) Eden regions: 298->0(295)
[2023-10-12T15:33:51.886+0200][1393.838s] GC(65) Survivor regions: 9->12(39)
[2023-10-12T15:33:51.886+0200][1393.838s] GC(65) Old regions: 70->70
[2023-10-12T15:33:51.886+0200][1393.838s] GC(65) Archive regions: 0->0
[2023-10-12T15:33:51.886+0200][1393.838s] GC(65) Humongous regions: 4->4
[2023-10-12T15:33:51.886+0200][1393.838s] GC(65) Metaspace: 61761K(62720K)->61761K(62720K) NonClass: 54837K(55424K)->54837K(55424K) Class: 6923K(7296K)->6923K(7296K)
[2023-10-12T15:33:51.886+0200][1393.838s] GC(65) Pause Young (Normal) (G1 Evacuation Pause) 379M->85M(512M) 3.034ms
[2023-10-12T15:33:51.886+0200][1393.838s] GC(65) User=0.05s Sys=0.00s Real=0.00s
[2023-10-12T15:33:52.332+0200][1394.285s] GC(66) Pause Young (Concurrent Start) (CodeCache GC Threshold)
[2023-10-12T15:33:52.332+0200][1394.285s] GC(66) Using 10 workers of 10 for evacuation
[2023-10-12T15:33:52.336+0200][1394.288s] GC(66)   Pre Evacuate Collection Set: 0.2ms
[2023-10-12T15:33:52.336+0200][1394.288s] GC(66)   Merge Heap Roots: 0.1ms
[2023-10-12T15:33:52.336+0200][1394.288s] GC(66)   Evacuate Collection Set: 1.8ms
[2023-10-12T15:33:52.336+0200][1394.288s] GC(66)   Post Evacuate Collection Set: 0.5ms
[2023-10-12T15:33:52.336+0200][1394.288s] GC(66)   Other: 0.1ms
[2023-10-12T15:33:52.336+0200][1394.288s] GC(66) Eden regions: 30->0(295)
[2023-10-12T15:33:52.336+0200][1394.288s] GC(66) Survivor regions: 12->12(39)
[2023-10-12T15:33:52.336+0200][1394.288s] GC(66) Old regions: 70->70
[2023-10-12T15:33:52.336+0200][1394.288s] GC(66) Archive regions: 0->0
[2023-10-12T15:33:52.336+0200][1394.288s] GC(66) Humongous regions: 4->4
[2023-10-12T15:33:52.336+0200][1394.288s] GC(66) Metaspace: 61761K(62720K)->61761K(62720K) NonClass: 54837K(55424K)->54837K(55424K) Class: 6923K(7296K)->6923K(7296K)
[2023-10-12T15:33:52.336+0200][1394.288s] GC(66) Pause Young (Concurrent Start) (CodeCache GC Threshold) 115M->85M(512M) 3.020ms
[2023-10-12T15:33:52.336+0200][1394.288s] GC(66) User=0.00s Sys=0.00s Real=0.00s
[2023-10-12T15:33:52.336+0200][1394.288s] GC(67) Concurrent Mark Cycle
[2023-10-12T15:33:52.336+0200][1394.288s] GC(67) Concurrent Clear Claimed Marks
[2023-10-12T15:33:52.336+0200][1394.288s] GC(67) Concurrent Clear Claimed Marks 0.040ms
[2023-10-12T15:33:52.336+0200][1394.288s] GC(67) Concurrent Scan Root Regions
[2023-10-12T15:33:52.337+0200][1394.289s] GC(67) Concurrent Scan Root Regions 0.783ms
[2023-10-12T15:33:52.337+0200][1394.289s] GC(67) Concurrent Mark
[2023-10-12T15:33:52.337+0200][1394.289s] GC(67) Concurrent Mark From Roots
[2023-10-12T15:33:52.337+0200][1394.289s] GC(67) Using 3 workers of 3 for marking
[2023-10-12T15:33:52.354+0200][1394.306s] GC(67) Concurrent Mark From Roots 17.159ms
[2023-10-12T15:33:52.354+0200][1394.306s] GC(67) Concurrent Preclean
[2023-10-12T15:33:52.354+0200][1394.306s] GC(67) Concurrent Preclean 0.150ms
[2023-10-12T15:33:52.354+0200][1394.307s] GC(67) Pause Remark
[2023-10-12T15:33:52.364+0200][1394.316s] GC(67) Pause Remark 86M->86M(512M) 9.049ms
[2023-10-12T15:33:52.364+0200][1394.316s] GC(67) User=0.00s Sys=0.00s Real=0.01s
[2023-10-12T15:33:52.364+0200][1394.316s] GC(67) Concurrent Mark 26.651ms
[2023-10-12T15:33:52.364+0200][1394.316s] GC(67) Concurrent Rebuild Remembered Sets
[2023-10-12T15:33:52.377+0200][1394.329s] GC(67) Concurrent Rebuild Remembered Sets 13.752ms
[2023-10-12T15:33:52.378+0200][1394.330s] GC(67) Pause Cleanup
[2023-10-12T15:33:52.378+0200][1394.330s] GC(67) Pause Cleanup 86M->86M(512M) 0.183ms
[2023-10-12T15:33:52.378+0200][1394.330s] GC(67) User=0.00s Sys=0.00s Real=0.00s
[2023-10-12T15:33:52.378+0200][1394.330s] GC(67) Concurrent Cleanup for Next Mark
[2023-10-12T15:33:52.379+0200][1394.331s] GC(67) Concurrent Cleanup for Next Mark 1.011ms
[2023-10-12T15:33:52.379+0200][1394.331s] GC(67) Concurrent Mark Cycle 42.818ms
[2023-10-12T15:33:53.779+0200][1395.732s] GC(68) Pause Young (Concurrent Start) (CodeCache GC Threshold)
[2023-10-12T15:33:53.779+0200][1395.732s] GC(68) Using 10 workers of 10 for evacuation
[2023-10-12T15:33:53.782+0200][1395.735s] GC(68)   Pre Evacuate Collection Set: 0.2ms
[2023-10-12T15:33:53.782+0200][1395.735s] GC(68)   Merge Heap Roots: 0.1ms
[2023-10-12T15:33:53.782+0200][1395.735s] GC(68)   Evacuate Collection Set: 2.0ms
[2023-10-12T15:33:53.782+0200][1395.735s] GC(68)   Post Evacuate Collection Set: 0.5ms
[2023-10-12T15:33:53.782+0200][1395.735s] GC(68)   Other: 0.1ms
[2023-10-12T15:33:53.782+0200][1395.735s] GC(68) Eden regions: 100->0(293)
[2023-10-12T15:33:53.782+0200][1395.735s] GC(68) Survivor regions: 12->14(39)
[2023-10-12T15:33:53.782+0200][1395.735s] GC(68) Old regions: 70->70
[2023-10-12T15:33:53.782+0200][1395.735s] GC(68) Archive regions: 0->0
[2023-10-12T15:33:53.782+0200][1395.735s] GC(68) Humongous regions: 4->4
[2023-10-12T15:33:53.782+0200][1395.735s] GC(68) Metaspace: 61766K(62720K)->61766K(62720K) NonClass: 54843K(55424K)->54843K(55424K) Class: 6922K(7296K)->6922K(7296K)
[2023-10-12T15:33:53.782+0200][1395.735s] GC(68) Pause Young (Concurrent Start) (CodeCache GC Threshold) 185M->86M(512M) 3.212ms
[2023-10-12T15:33:53.782+0200][1395.735s] GC(68) User=0.00s Sys=0.00s Real=0.00s
[2023-10-12T15:33:53.783+0200][1395.735s] GC(69) Concurrent Mark Cycle
[2023-10-12T15:33:53.783+0200][1395.735s] GC(69) Concurrent Clear Claimed Marks
[2023-10-12T15:33:53.783+0200][1395.735s] GC(69) Concurrent Clear Claimed Marks 0.049ms
[2023-10-12T15:33:53.783+0200][1395.736s] GC(69) Concurrent Scan Root Regions
[2023-10-12T15:33:53.784+0200][1395.736s] GC(69) Concurrent Scan Root Regions 0.784ms
[2023-10-12T15:33:53.784+0200][1395.736s] GC(69) Concurrent Mark
[2023-10-12T15:33:53.784+0200][1395.736s] GC(69) Concurrent Mark From Roots
[2023-10-12T15:33:53.784+0200][1395.736s] GC(69) Using 3 workers of 3 for marking
[2023-10-12T15:33:53.804+0200][1395.757s] GC(69) Concurrent Mark From Roots 20.310ms
[2023-10-12T15:33:53.804+0200][1395.757s] GC(69) Concurrent Preclean
[2023-10-12T15:33:53.804+0200][1395.757s] GC(69) Concurrent Preclean 0.150ms
[2023-10-12T15:33:53.805+0200][1395.757s] GC(69) Pause Remark
[2023-10-12T15:33:53.810+0200][1395.762s] GC(69) Pause Remark 87M->87M(512M) 5.199ms
[2023-10-12T15:33:53.810+0200][1395.762s] GC(69) User=0.00s Sys=0.00s Real=0.00s
[2023-10-12T15:33:53.810+0200][1395.762s] GC(69) Concurrent Mark 26.006ms
[2023-10-12T15:33:53.810+0200][1395.762s] GC(69) Concurrent Rebuild Remembered Sets
[2023-10-12T15:33:53.821+0200][1395.774s] GC(69) Concurrent Rebuild Remembered Sets 11.433ms
[2023-10-12T15:33:53.821+0200][1395.774s] GC(69) Pause Cleanup
[2023-10-12T15:33:53.821+0200][1395.774s] GC(69) Pause Cleanup 87M->87M(512M) 0.185ms
[2023-10-12T15:33:53.822+0200][1395.774s] GC(69) User=0.00s Sys=0.00s Real=0.00s
[2023-10-12T15:33:53.822+0200][1395.774s] GC(69) Concurrent Cleanup for Next Mark
[2023-10-12T15:33:53.822+0200][1395.775s] GC(69) Concurrent Cleanup for Next Mark 0.667ms
[2023-10-12T15:33:53.822+0200][1395.775s] GC(69) Concurrent Mark Cycle 39.528ms
[2023-10-12T15:33:58.349+0200][1400.301s] GC(70) Pause Young (Prepare Mixed) (G1 Evacuation Pause)
[2023-10-12T15:33:58.349+0200][1400.301s] GC(70) Using 10 workers of 10 for evacuation
[2023-10-12T15:33:58.352+0200][1400.305s] GC(70)   Pre Evacuate Collection Set: 0.1ms
[2023-10-12T15:33:58.352+0200][1400.305s] GC(70)   Merge Heap Roots: 0.1ms
[2023-10-12T15:33:58.352+0200][1400.305s] GC(70)   Evacuate Collection Set: 2.8ms
[2023-10-12T15:33:58.352+0200][1400.305s] GC(70)   Post Evacuate Collection Set: 0.5ms
[2023-10-12T15:33:58.352+0200][1400.305s] GC(70)   Other: 0.1ms
[2023-10-12T15:33:58.352+0200][1400.305s] GC(70) Eden regions: 293->0(9)
[2023-10-12T15:33:58.352+0200][1400.305s] GC(70) Survivor regions: 14->16(39)
[2023-10-12T15:33:58.352+0200][1400.305s] GC(70) Old regions: 70->70
[2023-10-12T15:33:58.352+0200][1400.305s] GC(70) Archive regions: 0->0
[2023-10-12T15:33:58.352+0200][1400.305s] GC(70) Humongous regions: 4->4
[2023-10-12T15:33:58.352+0200][1400.305s] GC(70) Metaspace: 61767K(62720K)->61767K(62720K) NonClass: 54845K(55424K)->54845K(55424K) Class: 6922K(7296K)->6922K(7296K)
[2023-10-12T15:33:58.352+0200][1400.305s] GC(70) Pause Young (Prepare Mixed) (G1 Evacuation Pause) 379M->89M(512M) 3.775ms
[2023-10-12T15:33:58.352+0200][1400.305s] GC(70) User=0.00s Sys=0.00s Real=0.00s
[2023-10-12T15:33:58.434+0200][1400.387s] GC(71) Pause Young (Mixed) (G1 Evacuation Pause)
[2023-10-12T15:33:58.434+0200][1400.387s] GC(71) Using 10 workers of 10 for evacuation
[2023-10-12T15:33:58.440+0200][1400.392s] GC(71)   Pre Evacuate Collection Set: 0.1ms
[2023-10-12T15:33:58.440+0200][1400.392s] GC(71)   Merge Heap Roots: 0.1ms
[2023-10-12T15:33:58.440+0200][1400.392s] GC(71)   Evacuate Collection Set: 4.3ms
[2023-10-12T15:33:58.440+0200][1400.392s] GC(71)   Post Evacuate Collection Set: 0.4ms
[2023-10-12T15:33:58.440+0200][1400.392s] GC(71)   Other: 0.1ms
[2023-10-12T15:33:58.440+0200][1400.392s] GC(71) Eden regions: 9->0(306)
[2023-10-12T15:33:58.440+0200][1400.392s] GC(71) Survivor regions: 16->1(4)
[2023-10-12T15:33:58.440+0200][1400.392s] GC(71) Old regions: 70->81
[2023-10-12T15:33:58.440+0200][1400.392s] GC(71) Archive regions: 0->0
[2023-10-12T15:33:58.440+0200][1400.392s] GC(71) Humongous regions: 4->4
[2023-10-12T15:33:58.440+0200][1400.392s] GC(71) Metaspace: 61767K(62720K)->61767K(62720K) NonClass: 54845K(55424K)->54845K(55424K) Class: 6922K(7296K)->6922K(7296K)
[2023-10-12T15:33:58.440+0200][1400.392s] GC(71) Pause Young (Mixed) (G1 Evacuation Pause) 98M->84M(512M) 5.230ms
[2023-10-12T15:33:58.440+0200][1400.392s] GC(71) User=0.00s Sys=0.00s Real=0.01s
[2023-10-12T15:33:59.583+0200][1401.535s] GC(72) Pause Young (Concurrent Start) (CodeCache GC Threshold)
[2023-10-12T15:33:59.583+0200][1401.535s] GC(72) Using 10 workers of 10 for evacuation
[2023-10-12T15:33:59.585+0200][1401.537s] GC(72)   Pre Evacuate Collection Set: 0.2ms
[2023-10-12T15:33:59.585+0200][1401.537s] GC(72)   Merge Heap Roots: 0.1ms
[2023-10-12T15:33:59.585+0200][1401.537s] GC(72)   Evacuate Collection Set: 0.8ms
[2023-10-12T15:33:59.585+0200][1401.537s] GC(72)   Post Evacuate Collection Set: 0.5ms
[2023-10-12T15:33:59.585+0200][1401.537s] GC(72)   Other: 0.1ms
[2023-10-12T15:33:59.585+0200][1401.537s] GC(72) Eden regions: 68->0(305)
[2023-10-12T15:33:59.585+0200][1401.537s] GC(72) Survivor regions: 1->2(39)
[2023-10-12T15:33:59.585+0200][1401.537s] GC(72) Old regions: 81->81
[2023-10-12T15:33:59.585+0200][1401.537s] GC(72) Archive regions: 0->0
[2023-10-12T15:33:59.585+0200][1401.537s] GC(72) Humongous regions: 4->4
[2023-10-12T15:33:59.585+0200][1401.537s] GC(72) Metaspace: 61767K(62720K)->61767K(62720K) NonClass: 54845K(55424K)->54845K(55424K) Class: 6922K(7296K)->6922K(7296K)
[2023-10-12T15:33:59.585+0200][1401.537s] GC(72) Pause Young (Concurrent Start) (CodeCache GC Threshold) 152M->86M(512M) 1.945ms
[2023-10-12T15:33:59.585+0200][1401.537s] GC(72) User=0.00s Sys=0.00s Real=0.00s
[2023-10-12T15:33:59.585+0200][1401.537s] GC(73) Concurrent Mark Cycle
[2023-10-12T15:33:59.585+0200][1401.537s] GC(73) Concurrent Clear Claimed Marks
[2023-10-12T15:33:59.585+0200][1401.537s] GC(73) Concurrent Clear Claimed Marks 0.024ms
[2023-10-12T15:33:59.585+0200][1401.537s] GC(73) Concurrent Scan Root Regions
[2023-10-12T15:33:59.586+0200][1401.538s] GC(73) Concurrent Scan Root Regions 0.667ms
[2023-10-12T15:33:59.586+0200][1401.538s] GC(73) Concurrent Mark
[2023-10-12T15:33:59.586+0200][1401.538s] GC(73) Concurrent Mark From Roots
[2023-10-12T15:33:59.586+0200][1401.538s] GC(73) Using 3 workers of 3 for marking
[2023-10-12T15:33:59.607+0200][1401.559s] GC(73) Concurrent Mark From Roots 21.044ms
[2023-10-12T15:33:59.607+0200][1401.559s] GC(73) Concurrent Preclean
[2023-10-12T15:33:59.607+0200][1401.559s] GC(73) Concurrent Preclean 0.167ms
[2023-10-12T15:33:59.607+0200][1401.559s] GC(73) Pause Remark
[2023-10-12T15:33:59.611+0200][1401.563s] GC(73) Pause Remark 89M->89M(512M) 4.145ms
[2023-10-12T15:33:59.611+0200][1401.563s] GC(73) User=0.00s Sys=0.00s Real=0.00s
[2023-10-12T15:33:59.611+0200][1401.564s] GC(73) Concurrent Mark 25.735ms
[2023-10-12T15:33:59.611+0200][1401.564s] GC(73) Concurrent Rebuild Remembered Sets
[2023-10-12T15:33:59.624+0200][1401.577s] GC(73) Concurrent Rebuild Remembered Sets 13.277ms
[2023-10-12T15:33:59.625+0200][1401.577s] GC(73) Pause Cleanup
[2023-10-12T15:33:59.625+0200][1401.577s] GC(73) Pause Cleanup 90M->90M(512M) 0.192ms
[2023-10-12T15:33:59.625+0200][1401.577s] GC(73) User=0.00s Sys=0.00s Real=0.00s
[2023-10-12T15:33:59.625+0200][1401.577s] GC(73) Concurrent Cleanup for Next Mark
[2023-10-12T15:33:59.626+0200][1401.578s] GC(73) Concurrent Cleanup for Next Mark 0.586ms
[2023-10-12T15:33:59.626+0200][1401.578s] GC(73) Concurrent Mark Cycle 41.032ms
[2023-10-12T15:34:04.111+0200][1406.064s] GC(74) Pause Young (Prepare Mixed) (G1 Evacuation Pause)
[2023-10-12T15:34:04.111+0200][1406.064s] GC(74) Using 10 workers of 10 for evacuation
[2023-10-12T15:34:04.114+0200][1406.066s] GC(74)   Pre Evacuate Collection Set: 0.1ms
[2023-10-12T15:34:04.114+0200][1406.066s] GC(74)   Merge Heap Roots: 0.2ms
[2023-10-12T15:34:04.114+0200][1406.066s] GC(74)   Evacuate Collection Set: 0.9ms
[2023-10-12T15:34:04.114+0200][1406.066s] GC(74)   Post Evacuate Collection Set: 0.5ms
[2023-10-12T15:34:04.114+0200][1406.066s] GC(74)   Other: 0.1ms
[2023-10-12T15:34:04.114+0200][1406.066s] GC(74) Eden regions: 305->0(19)
[2023-10-12T15:34:04.114+0200][1406.066s] GC(74) Survivor regions: 2->6(39)
[2023-10-12T15:34:04.114+0200][1406.066s] GC(74) Old regions: 81->81
[2023-10-12T15:34:04.114+0200][1406.066s] GC(74) Archive regions: 0->0
[2023-10-12T15:34:04.114+0200][1406.066s] GC(74) Humongous regions: 4->4
[2023-10-12T15:34:04.114+0200][1406.066s] GC(74) Metaspace: 61770K(62720K)->61770K(62720K) NonClass: 54848K(55424K)->54848K(55424K) Class: 6922K(7296K)->6922K(7296K)
[2023-10-12T15:34:04.114+0200][1406.066s] GC(74) Pause Young (Prepare Mixed) (G1 Evacuation Pause) 391M->89M(512M) 1.921ms
[2023-10-12T15:34:04.114+0200][1406.066s] GC(74) User=0.00s Sys=0.00s Real=0.00s
[2023-10-12T15:34:04.373+0200][1406.326s] GC(75) Pause Young (Mixed) (G1 Evacuation Pause)
[2023-10-12T15:34:04.373+0200][1406.326s] GC(75) Using 10 workers of 10 for evacuation
[2023-10-12T15:34:04.375+0200][1406.328s] GC(75)   Pre Evacuate Collection Set: 0.1ms
[2023-10-12T15:34:04.375+0200][1406.328s] GC(75)   Merge Heap Roots: 0.1ms
[2023-10-12T15:34:04.375+0200][1406.328s] GC(75)   Evacuate Collection Set: 1.3ms
[2023-10-12T15:34:04.375+0200][1406.328s] GC(75)   Post Evacuate Collection Set: 0.4ms
[2023-10-12T15:34:04.375+0200][1406.328s] GC(75)   Other: 0.1ms
[2023-10-12T15:34:04.375+0200][1406.328s] GC(75) Eden regions: 19->0(306)
[2023-10-12T15:34:04.375+0200][1406.328s] GC(75) Survivor regions: 6->1(4)
[2023-10-12T15:34:04.375+0200][1406.328s] GC(75) Old regions: 81->81
[2023-10-12T15:34:04.376+0200][1406.328s] GC(75) Archive regions: 0->0
[2023-10-12T15:34:04.376+0200][1406.328s] GC(75) Humongous regions: 4->4
[2023-10-12T15:34:04.376+0200][1406.328s] GC(75) Metaspace: 61784K(62720K)->61784K(62720K) NonClass: 54861K(55424K)->54861K(55424K) Class: 6922K(7296K)->6922K(7296K)
[2023-10-12T15:34:04.376+0200][1406.328s] GC(75) Pause Young (Mixed) (G1 Evacuation Pause) 108M->85M(512M) 2.212ms
[2023-10-12T15:34:04.376+0200][1406.328s] GC(75) User=0.00s Sys=0.00s Real=0.00s
[2023-10-12T15:34:09.134+0200][1411.086s] GC(76) Pause Young (Normal) (G1 Evacuation Pause)
[2023-10-12T15:34:09.134+0200][1411.086s] GC(76) Using 10 workers of 10 for evacuation
[2023-10-12T15:34:09.135+0200][1411.088s] GC(76)   Pre Evacuate Collection Set: 0.1ms
[2023-10-12T15:34:09.135+0200][1411.088s] GC(76)   Merge Heap Roots: 0.1ms
[2023-10-12T15:34:09.135+0200][1411.088s] GC(76)   Evacuate Collection Set: 0.8ms
[2023-10-12T15:34:09.135+0200][1411.088s] GC(76)   Post Evacuate Collection Set: 0.5ms
[2023-10-12T15:34:09.135+0200][1411.088s] GC(76)   Other: 0.1ms
[2023-10-12T15:34:09.135+0200][1411.088s] GC(76) Eden regions: 306->0(302)
[2023-10-12T15:34:09.135+0200][1411.088s] GC(76) Survivor regions: 1->5(39)
[2023-10-12T15:34:09.135+0200][1411.088s] GC(76) Old regions: 81->81
[2023-10-12T15:34:09.135+0200][1411.088s] GC(76) Archive regions: 0->0
[2023-10-12T15:34:09.135+0200][1411.088s] GC(76) Humongous regions: 4->4
[2023-10-12T15:34:09.135+0200][1411.088s] GC(76) Metaspace: 61791K(62720K)->61791K(62720K) NonClass: 54869K(55424K)->54869K(55424K) Class: 6922K(7296K)->6922K(7296K)
[2023-10-12T15:34:09.135+0200][1411.088s] GC(76) Pause Young (Normal) (G1 Evacuation Pause) 391M->88M(512M) 1.806ms
[2023-10-12T15:34:09.135+0200][1411.088s] GC(76) User=0.00s Sys=0.00s Real=0.00s
[2023-10-12T15:34:13.688+0200][1415.640s] GC(77) Pause Young (Normal) (G1 Evacuation Pause)
[2023-10-12T15:34:13.688+0200][1415.640s] GC(77) Using 10 workers of 10 for evacuation
[2023-10-12T15:34:13.691+0200][1415.643s] GC(77)   Pre Evacuate Collection Set: 0.1ms
[2023-10-12T15:34:13.691+0200][1415.643s] GC(77)   Merge Heap Roots: 0.2ms
[2023-10-12T15:34:13.691+0200][1415.643s] GC(77)   Evacuate Collection Set: 1.5ms
[2023-10-12T15:34:13.691+0200][1415.643s] GC(77)   Post Evacuate Collection Set: 0.7ms
[2023-10-12T15:34:13.691+0200][1415.643s] GC(77)   Other: 0.1ms
[2023-10-12T15:34:13.691+0200][1415.643s] GC(77) Eden regions: 302->0(298)
[2023-10-12T15:34:13.691+0200][1415.643s] GC(77) Survivor regions: 5->9(39)
[2023-10-12T15:34:13.691+0200][1415.643s] GC(77) Old regions: 81->81
[2023-10-12T15:34:13.691+0200][1415.643s] GC(77) Archive regions: 0->0
[2023-10-12T15:34:13.691+0200][1415.643s] GC(77) Humongous regions: 4->4
[2023-10-12T15:34:13.691+0200][1415.643s] GC(77) Metaspace: 61797K(62720K)->61797K(62720K) NonClass: 54874K(55424K)->54874K(55424K) Class: 6922K(7296K)->6922K(7296K)
[2023-10-12T15:34:13.691+0200][1415.643s] GC(77) Pause Young (Normal) (G1 Evacuation Pause) 390M->92M(512M) 2.837ms
[2023-10-12T15:34:13.691+0200][1415.643s] GC(77) User=0.00s Sys=0.00s Real=0.00s
[2023-10-12T15:34:18.164+0200][1420.116s] GC(78) Pause Young (Normal) (G1 Evacuation Pause)
[2023-10-12T15:34:18.164+0200][1420.116s] GC(78) Using 10 workers of 10 for evacuation
[2023-10-12T15:34:18.166+0200][1420.118s] GC(78)   Pre Evacuate Collection Set: 0.1ms
[2023-10-12T15:34:18.166+0200][1420.118s] GC(78)   Merge Heap Roots: 0.2ms
[2023-10-12T15:34:18.166+0200][1420.118s] GC(78)   Evacuate Collection Set: 1.6ms
[2023-10-12T15:34:18.166+0200][1420.118s] GC(78)   Post Evacuate Collection Set: 0.7ms
[2023-10-12T15:34:18.166+0200][1420.119s] GC(78)   Other: 0.1ms
[2023-10-12T15:34:18.166+0200][1420.119s] GC(78) Eden regions: 298->0(295)
[2023-10-12T15:34:18.166+0200][1420.119s] GC(78) Survivor regions: 9->12(39)
[2023-10-12T15:34:18.166+0200][1420.119s] GC(78) Old regions: 81->81
[2023-10-12T15:34:18.166+0200][1420.119s] GC(78) Archive regions: 0->0
[2023-10-12T15:34:18.166+0200][1420.119s] GC(78) Humongous regions: 4->4
[2023-10-12T15:34:18.166+0200][1420.119s] GC(78) Metaspace: 61801K(62720K)->61801K(62720K) NonClass: 54878K(55424K)->54878K(55424K) Class: 6922K(7296K)->6922K(7296K)
[2023-10-12T15:34:18.166+0200][1420.119s] GC(78) Pause Young (Normal) (G1 Evacuation Pause) 390M->95M(512M) 2.802ms
[2023-10-12T15:34:18.166+0200][1420.119s] GC(78) User=0.00s Sys=0.00s Real=0.00s
[2023-10-12T15:34:22.626+0200][1424.579s] GC(79) Pause Young (Normal) (G1 Evacuation Pause)
[2023-10-12T15:34:22.626+0200][1424.579s] GC(79) Using 10 workers of 10 for evacuation
[2023-10-12T15:34:22.629+0200][1424.582s] GC(79)   Pre Evacuate Collection Set: 0.1ms
[2023-10-12T15:34:22.629+0200][1424.582s] GC(79)   Merge Heap Roots: 0.1ms
[2023-10-12T15:34:22.629+0200][1424.582s] GC(79)   Evacuate Collection Set: 2.1ms
[2023-10-12T15:34:22.629+0200][1424.582s] GC(79)   Post Evacuate Collection Set: 0.4ms
[2023-10-12T15:34:22.629+0200][1424.582s] GC(79)   Other: 0.1ms
[2023-10-12T15:34:22.629+0200][1424.582s] GC(79) Eden regions: 295->0(292)
[2023-10-12T15:34:22.629+0200][1424.582s] GC(79) Survivor regions: 12->15(39)
[2023-10-12T15:34:22.629+0200][1424.582s] GC(79) Old regions: 81->81
[2023-10-12T15:34:22.629+0200][1424.582s] GC(79) Archive regions: 0->0
[2023-10-12T15:34:22.629+0200][1424.582s] GC(79) Humongous regions: 4->4
[2023-10-12T15:34:22.629+0200][1424.582s] GC(79) Metaspace: 61803K(62720K)->61803K(62720K) NonClass: 54881K(55424K)->54881K(55424K) Class: 6922K(7296K)->6922K(7296K)
[2023-10-12T15:34:22.629+0200][1424.582s] GC(79) Pause Young (Normal) (G1 Evacuation Pause) 390M->98M(512M) 3.034ms
[2023-10-12T15:34:22.629+0200][1424.582s] GC(79) User=0.00s Sys=0.00s Real=0.00s
[2023-10-12T15:34:27.098+0200][1429.050s] GC(80) Pause Young (Normal) (G1 Evacuation Pause)
[2023-10-12T15:34:27.098+0200][1429.050s] GC(80) Using 10 workers of 10 for evacuation
[2023-10-12T15:34:27.101+0200][1429.053s] GC(80)   Pre Evacuate Collection Set: 0.1ms
[2023-10-12T15:34:27.101+0200][1429.053s] GC(80)   Merge Heap Roots: 0.1ms
[2023-10-12T15:34:27.101+0200][1429.054s] GC(80)   Evacuate Collection Set: 2.7ms
[2023-10-12T15:34:27.101+0200][1429.054s] GC(80)   Post Evacuate Collection Set: 0.7ms
[2023-10-12T15:34:27.101+0200][1429.054s] GC(80)   Other: 0.1ms
[2023-10-12T15:34:27.101+0200][1429.054s] GC(80) Eden regions: 292->0(289)
[2023-10-12T15:34:27.101+0200][1429.054s] GC(80) Survivor regions: 15->18(39)
[2023-10-12T15:34:27.101+0200][1429.054s] GC(80) Old regions: 81->81
[2023-10-12T15:34:27.101+0200][1429.054s] GC(80) Archive regions: 0->0
[2023-10-12T15:34:27.101+0200][1429.054s] GC(80) Humongous regions: 4->4
[2023-10-12T15:34:27.101+0200][1429.054s] GC(80) Metaspace: 61807K(62720K)->61807K(62720K) NonClass: 54885K(55424K)->54885K(55424K) Class: 6922K(7296K)->6922K(7296K)
[2023-10-12T15:34:27.101+0200][1429.054s] GC(80) Pause Young (Normal) (G1 Evacuation Pause) 390M->102M(512M) 3.863ms
[2023-10-12T15:34:27.101+0200][1429.054s] GC(80) User=0.00s Sys=0.00s Real=0.00s
[2023-10-12T15:34:31.352+0200][1433.304s] GC(81) Pause Young (Normal) (G1 Evacuation Pause)
[2023-10-12T15:34:31.352+0200][1433.304s] GC(81) Using 10 workers of 10 for evacuation
[2023-10-12T15:34:31.356+0200][1433.308s] GC(81)   Pre Evacuate Collection Set: 0.1ms
[2023-10-12T15:34:31.356+0200][1433.308s] GC(81)   Merge Heap Roots: 0.1ms
[2023-10-12T15:34:31.356+0200][1433.308s] GC(81)   Evacuate Collection Set: 3.2ms
[2023-10-12T15:34:31.356+0200][1433.308s] GC(81)   Post Evacuate Collection Set: 0.4ms
[2023-10-12T15:34:31.356+0200][1433.308s] GC(81)   Other: 0.1ms
[2023-10-12T15:34:31.356+0200][1433.309s] GC(81) Eden regions: 289->0(285)
[2023-10-12T15:34:31.356+0200][1433.309s] GC(81) Survivor regions: 18->22(39)
[2023-10-12T15:34:31.356+0200][1433.309s] GC(81) Old regions: 81->81
[2023-10-12T15:34:31.356+0200][1433.309s] GC(81) Archive regions: 0->0
[2023-10-12T15:34:31.356+0200][1433.309s] GC(81) Humongous regions: 4->4
[2023-10-12T15:34:31.356+0200][1433.309s] GC(81) Metaspace: 61814K(62720K)->61814K(62720K) NonClass: 54891K(55424K)->54891K(55424K) Class: 6922K(7296K)->6922K(7296K)
[2023-10-12T15:34:31.356+0200][1433.309s] GC(81) Pause Young (Normal) (G1 Evacuation Pause) 391M->105M(512M) 4.204ms
[2023-10-12T15:34:31.356+0200][1433.309s] GC(81) User=0.16s Sys=0.00s Real=0.00s
[2023-10-12T15:34:35.837+0200][1437.790s] GC(82) Pause Young (Normal) (G1 Evacuation Pause)
[2023-10-12T15:34:35.837+0200][1437.790s] GC(82) Using 10 workers of 10 for evacuation
[2023-10-12T15:34:35.842+0200][1437.794s] GC(82)   Pre Evacuate Collection Set: 0.1ms
[2023-10-12T15:34:35.842+0200][1437.794s] GC(82)   Merge Heap Roots: 0.1ms
[2023-10-12T15:34:35.842+0200][1437.794s] GC(82)   Evacuate Collection Set: 3.4ms
[2023-10-12T15:34:35.842+0200][1437.794s] GC(82)   Post Evacuate Collection Set: 0.5ms
[2023-10-12T15:34:35.842+0200][1437.794s] GC(82)   Other: 0.1ms
[2023-10-12T15:34:35.842+0200][1437.794s] GC(82) Eden regions: 285->0(286)
[2023-10-12T15:34:35.842+0200][1437.794s] GC(82) Survivor regions: 22->21(39)
[2023-10-12T15:34:35.842+0200][1437.794s] GC(82) Old regions: 81->84
[2023-10-12T15:34:35.842+0200][1437.794s] GC(82) Archive regions: 0->0
[2023-10-12T15:34:35.842+0200][1437.794s] GC(82) Humongous regions: 4->4
[2023-10-12T15:34:35.842+0200][1437.794s] GC(82) Metaspace: 61815K(62720K)->61815K(62720K) NonClass: 54893K(55424K)->54893K(55424K) Class: 6922K(7296K)->6922K(7296K)
[2023-10-12T15:34:35.842+0200][1437.794s] GC(82) Pause Young (Normal) (G1 Evacuation Pause) 390M->108M(512M) 4.395ms
[2023-10-12T15:34:35.842+0200][1437.794s] GC(82) User=0.14s Sys=0.02s Real=0.01s
[2023-10-12T15:34:40.118+0200][1442.070s] GC(83) Pause Young (Normal) (G1 Evacuation Pause)
[2023-10-12T15:34:40.118+0200][1442.070s] GC(83) Using 10 workers of 10 for evacuation
[2023-10-12T15:34:40.122+0200][1442.074s] GC(83)   Pre Evacuate Collection Set: 0.1ms
[2023-10-12T15:34:40.122+0200][1442.074s] GC(83)   Merge Heap Roots: 0.1ms
[2023-10-12T15:34:40.122+0200][1442.074s] GC(83)   Evacuate Collection Set: 3.4ms
[2023-10-12T15:34:40.122+0200][1442.074s] GC(83)   Post Evacuate Collection Set: 0.5ms
[2023-10-12T15:34:40.122+0200][1442.074s] GC(83)   Other: 0.1ms
[2023-10-12T15:34:40.122+0200][1442.074s] GC(83) Eden regions: 286->0(286)
[2023-10-12T15:34:40.122+0200][1442.074s] GC(83) Survivor regions: 21->21(39)
[2023-10-12T15:34:40.122+0200][1442.074s] GC(83) Old regions: 84->88
[2023-10-12T15:34:40.122+0200][1442.074s] GC(83) Archive regions: 0->0
[2023-10-12T15:34:40.122+0200][1442.074s] GC(83) Humongous regions: 4->4
[2023-10-12T15:34:40.122+0200][1442.074s] GC(83) Metaspace: 61844K(62720K)->61844K(62720K) NonClass: 54922K(55424K)->54922K(55424K) Class: 6922K(7296K)->6922K(7296K)
[2023-10-12T15:34:40.122+0200][1442.074s] GC(83) Pause Young (Normal) (G1 Evacuation Pause) 394M->111M(512M) 4.419ms
[2023-10-12T15:34:40.122+0200][1442.075s] GC(83) User=0.12s Sys=0.03s Real=0.00s
[2023-10-12T15:34:44.430+0200][1446.382s] GC(84) Pause Young (Normal) (G1 Evacuation Pause)
[2023-10-12T15:34:44.430+0200][1446.382s] GC(84) Using 10 workers of 10 for evacuation
[2023-10-12T15:34:44.435+0200][1446.387s] GC(84)   Pre Evacuate Collection Set: 0.1ms
[2023-10-12T15:34:44.435+0200][1446.387s] GC(84)   Merge Heap Roots: 0.1ms
[2023-10-12T15:34:44.435+0200][1446.387s] GC(84)   Evacuate Collection Set: 3.4ms
[2023-10-12T15:34:44.435+0200][1446.387s] GC(84)   Post Evacuate Collection Set: 0.6ms
[2023-10-12T15:34:44.435+0200][1446.387s] GC(84)   Other: 0.1ms
[2023-10-12T15:34:44.435+0200][1446.387s] GC(84) Eden regions: 286->0(283)
[2023-10-12T15:34:44.435+0200][1446.387s] GC(84) Survivor regions: 21->24(39)
[2023-10-12T15:34:44.435+0200][1446.387s] GC(84) Old regions: 88->88
[2023-10-12T15:34:44.435+0200][1446.387s] GC(84) Archive regions: 0->0
[2023-10-12T15:34:44.435+0200][1446.387s] GC(84) Humongous regions: 4->4
[2023-10-12T15:34:44.435+0200][1446.387s] GC(84) Metaspace: 61851K(62720K)->61851K(62720K) NonClass: 54927K(55424K)->54927K(55424K) Class: 6924K(7296K)->6924K(7296K)
[2023-10-12T15:34:44.435+0200][1446.387s] GC(84) Pause Young (Normal) (G1 Evacuation Pause) 397M->114M(512M) 4.564ms
[2023-10-12T15:34:44.435+0200][1446.387s] GC(84) User=0.16s Sys=0.00s Real=0.00s
[2023-10-12T15:34:48.577+0200][1450.529s] GC(85) Pause Young (Normal) (G1 Evacuation Pause)
[2023-10-12T15:34:48.577+0200][1450.529s] GC(85) Using 10 workers of 10 for evacuation
[2023-10-12T15:34:48.581+0200][1450.534s] GC(85)   Pre Evacuate Collection Set: 0.1ms
[2023-10-12T15:34:48.581+0200][1450.534s] GC(85)   Merge Heap Roots: 0.1ms
[2023-10-12T15:34:48.581+0200][1450.534s] GC(85)   Evacuate Collection Set: 4.0ms
[2023-10-12T15:34:48.581+0200][1450.534s] GC(85)   Post Evacuate Collection Set: 0.4ms
[2023-10-12T15:34:48.581+0200][1450.534s] GC(85)   Other: 0.1ms
[2023-10-12T15:34:48.581+0200][1450.534s] GC(85) Eden regions: 283->0(283)
[2023-10-12T15:34:48.581+0200][1450.534s] GC(85) Survivor regions: 24->24(39)
[2023-10-12T15:34:48.581+0200][1450.534s] GC(85) Old regions: 88->91
[2023-10-12T15:34:48.581+0200][1450.534s] GC(85) Archive regions: 0->0
[2023-10-12T15:34:48.581+0200][1450.534s] GC(85) Humongous regions: 4->4
[2023-10-12T15:34:48.581+0200][1450.534s] GC(85) Metaspace: 61854K(62720K)->61854K(62720K) NonClass: 54930K(55424K)->54930K(55424K) Class: 6924K(7296K)->6924K(7296K)
[2023-10-12T15:34:48.581+0200][1450.534s] GC(85) Pause Young (Normal) (G1 Evacuation Pause) 397M->117M(512M) 4.856ms
[2023-10-12T15:34:48.582+0200][1450.534s] GC(85) User=0.00s Sys=0.00s Real=0.01s
[2023-10-12T15:34:52.579+0200][1454.531s] GC(86) Pause Young (Normal) (G1 Evacuation Pause)
[2023-10-12T15:34:52.579+0200][1454.531s] GC(86) Using 10 workers of 10 for evacuation
[2023-10-12T15:34:52.583+0200][1454.535s] GC(86)   Pre Evacuate Collection Set: 0.1ms
[2023-10-12T15:34:52.583+0200][1454.535s] GC(86)   Merge Heap Roots: 0.1ms
[2023-10-12T15:34:52.583+0200][1454.535s] GC(86)   Evacuate Collection Set: 3.5ms
[2023-10-12T15:34:52.583+0200][1454.535s] GC(86)   Post Evacuate Collection Set: 0.5ms
[2023-10-12T15:34:52.583+0200][1454.535s] GC(86)   Other: 0.1ms
[2023-10-12T15:34:52.583+0200][1454.535s] GC(86) Eden regions: 283->0(284)
[2023-10-12T15:34:52.583+0200][1454.535s] GC(86) Survivor regions: 24->23(39)
[2023-10-12T15:34:52.583+0200][1454.535s] GC(86) Old regions: 91->94
[2023-10-12T15:34:52.583+0200][1454.535s] GC(86) Archive regions: 0->0
[2023-10-12T15:34:52.583+0200][1454.535s] GC(86) Humongous regions: 4->4
[2023-10-12T15:34:52.583+0200][1454.535s] GC(86) Metaspace: 61862K(62720K)->61862K(62720K) NonClass: 54938K(55424K)->54938K(55424K) Class: 6924K(7296K)->6924K(7296K)
[2023-10-12T15:34:52.583+0200][1454.536s] GC(86) Pause Young (Normal) (G1 Evacuation Pause) 400M->120M(512M) 4.418ms
[2023-10-12T15:34:52.583+0200][1454.536s] GC(86) User=0.00s Sys=0.00s Real=0.00s
[2023-10-12T15:34:56.892+0200][1458.844s] GC(87) Pause Young (Normal) (G1 Evacuation Pause)
[2023-10-12T15:34:56.892+0200][1458.844s] GC(87) Using 10 workers of 10 for evacuation
[2023-10-12T15:34:56.896+0200][1458.849s] GC(87)   Pre Evacuate Collection Set: 0.1ms
[2023-10-12T15:34:56.896+0200][1458.849s] GC(87)   Merge Heap Roots: 0.1ms
[2023-10-12T15:34:56.896+0200][1458.849s] GC(87)   Evacuate Collection Set: 3.8ms
[2023-10-12T15:34:56.896+0200][1458.849s] GC(87)   Post Evacuate Collection Set: 0.6ms
[2023-10-12T15:34:56.896+0200][1458.849s] GC(87)   Other: 0.1ms
[2023-10-12T15:34:56.896+0200][1458.849s] GC(87) Eden regions: 284->0(283)
[2023-10-12T15:34:56.896+0200][1458.849s] GC(87) Survivor regions: 23->24(39)
[2023-10-12T15:34:56.896+0200][1458.849s] GC(87) Old regions: 94->97
[2023-10-12T15:34:56.896+0200][1458.849s] GC(87) Archive regions: 0->0
[2023-10-12T15:34:56.896+0200][1458.849s] GC(87) Humongous regions: 4->4
[2023-10-12T15:34:56.896+0200][1458.849s] GC(87) Metaspace: 61862K(62720K)->61862K(62720K) NonClass: 54938K(55424K)->54938K(55424K) Class: 6924K(7296K)->6924K(7296K)
[2023-10-12T15:34:56.896+0200][1458.849s] GC(87) Pause Young (Normal) (G1 Evacuation Pause) 404M->124M(512M) 4.901ms
[2023-10-12T15:34:56.896+0200][1458.849s] GC(87) User=0.00s Sys=0.00s Real=0.00s
[2023-10-12T15:35:01.252+0200][1463.205s] GC(88) Pause Young (Normal) (G1 Evacuation Pause)
[2023-10-12T15:35:01.252+0200][1463.205s] GC(88) Using 10 workers of 10 for evacuation
[2023-10-12T15:35:01.257+0200][1463.210s] GC(88)   Pre Evacuate Collection Set: 0.1ms
[2023-10-12T15:35:01.257+0200][1463.210s] GC(88)   Merge Heap Roots: 0.1ms
[2023-10-12T15:35:01.257+0200][1463.210s] GC(88)   Evacuate Collection Set: 3.7ms
[2023-10-12T15:35:01.257+0200][1463.210s] GC(88)   Post Evacuate Collection Set: 0.6ms
[2023-10-12T15:35:01.257+0200][1463.210s] GC(88)   Other: 0.1ms
[2023-10-12T15:35:01.257+0200][1463.210s] GC(88) Eden regions: 283->0(283)
[2023-10-12T15:35:01.257+0200][1463.210s] GC(88) Survivor regions: 24->24(39)
[2023-10-12T15:35:01.257+0200][1463.210s] GC(88) Old regions: 97->100
[2023-10-12T15:35:01.257+0200][1463.210s] GC(88) Archive regions: 0->0
[2023-10-12T15:35:01.257+0200][1463.210s] GC(88) Humongous regions: 4->4
[2023-10-12T15:35:01.257+0200][1463.210s] GC(88) Metaspace: 61866K(62720K)->61866K(62720K) NonClass: 54942K(55424K)->54942K(55424K) Class: 6924K(7296K)->6924K(7296K)
[2023-10-12T15:35:01.257+0200][1463.210s] GC(88) Pause Young (Normal) (G1 Evacuation Pause) 407M->127M(512M) 4.783ms
[2023-10-12T15:35:01.257+0200][1463.210s] GC(88) User=0.00s Sys=0.00s Real=0.00s
[2023-10-12T15:35:02.904+0200][1464.856s] GC(89) Pause Young (Concurrent Start) (CodeCache GC Threshold)
[2023-10-12T15:35:02.904+0200][1464.856s] GC(89) Using 10 workers of 10 for evacuation
[2023-10-12T15:35:02.907+0200][1464.860s] GC(89)   Pre Evacuate Collection Set: 0.1ms
[2023-10-12T15:35:02.907+0200][1464.860s] GC(89)   Merge Heap Roots: 0.1ms
[2023-10-12T15:35:02.907+0200][1464.860s] GC(89)   Evacuate Collection Set: 3.4ms
[2023-10-12T15:35:02.907+0200][1464.860s] GC(89)   Post Evacuate Collection Set: 0.4ms
[2023-10-12T15:35:02.907+0200][1464.860s] GC(89)   Other: 0.1ms
[2023-10-12T15:35:02.907+0200][1464.860s] GC(89) Eden regions: 102->0(285)
[2023-10-12T15:35:02.908+0200][1464.860s] GC(89) Survivor regions: 24->22(39)
[2023-10-12T15:35:02.908+0200][1464.860s] GC(89) Old regions: 100->103
[2023-10-12T15:35:02.908+0200][1464.860s] GC(89) Archive regions: 0->0
[2023-10-12T15:35:02.908+0200][1464.860s] GC(89) Humongous regions: 4->4
[2023-10-12T15:35:02.908+0200][1464.860s] GC(89) Metaspace: 61866K(62720K)->61866K(62720K) NonClass: 54942K(55424K)->54942K(55424K) Class: 6924K(7296K)->6924K(7296K)
[2023-10-12T15:35:02.908+0200][1464.860s] GC(89) Pause Young (Concurrent Start) (CodeCache GC Threshold) 229M->128M(512M) 4.418ms
[2023-10-12T15:35:02.908+0200][1464.860s] GC(89) User=0.00s Sys=0.00s Real=0.00s
[2023-10-12T15:35:02.908+0200][1464.860s] GC(90) Concurrent Mark Cycle
[2023-10-12T15:35:02.908+0200][1464.860s] GC(90) Concurrent Clear Claimed Marks
[2023-10-12T15:35:02.908+0200][1464.860s] GC(90) Concurrent Clear Claimed Marks 0.037ms
[2023-10-12T15:35:02.908+0200][1464.860s] GC(90) Concurrent Scan Root Regions
[2023-10-12T15:35:02.909+0200][1464.861s] GC(90) Concurrent Scan Root Regions 1.131ms
[2023-10-12T15:35:02.909+0200][1464.861s] GC(90) Concurrent Mark
[2023-10-12T15:35:02.909+0200][1464.861s] GC(90) Concurrent Mark From Roots
[2023-10-12T15:35:02.909+0200][1464.861s] GC(90) Using 3 workers of 3 for marking
[2023-10-12T15:35:02.934+0200][1464.886s] GC(90) Concurrent Mark From Roots 24.741ms
[2023-10-12T15:35:02.934+0200][1464.886s] GC(90) Concurrent Preclean
[2023-10-12T15:35:02.934+0200][1464.886s] GC(90) Concurrent Preclean 0.151ms
[2023-10-12T15:35:02.934+0200][1464.886s] GC(90) Pause Remark
[2023-10-12T15:35:02.938+0200][1464.890s] GC(90) Pause Remark 130M->130M(512M) 3.999ms
[2023-10-12T15:35:02.938+0200][1464.891s] GC(90) User=0.00s Sys=0.00s Real=0.00s
[2023-10-12T15:35:02.938+0200][1464.891s] GC(90) Concurrent Mark 29.158ms
[2023-10-12T15:35:02.938+0200][1464.891s] GC(90) Concurrent Rebuild Remembered Sets
[2023-10-12T15:35:02.952+0200][1464.904s] GC(90) Concurrent Rebuild Remembered Sets 13.164ms
[2023-10-12T15:35:02.952+0200][1464.904s] GC(90) Pause Cleanup
[2023-10-12T15:35:02.952+0200][1464.904s] GC(90) Pause Cleanup 131M->131M(512M) 0.137ms
[2023-10-12T15:35:02.952+0200][1464.904s] GC(90) User=0.00s Sys=0.00s Real=0.00s
[2023-10-12T15:35:02.952+0200][1464.904s] GC(90) Concurrent Cleanup for Next Mark
[2023-10-12T15:35:02.952+0200][1464.905s] GC(90) Concurrent Cleanup for Next Mark 0.603ms
[2023-10-12T15:35:02.952+0200][1464.905s] GC(90) Concurrent Mark Cycle 44.602ms
[2023-10-12T15:35:07.243+0200][1469.196s] GC(91) Pause Young (Prepare Mixed) (G1 Evacuation Pause)
[2023-10-12T15:35:07.243+0200][1469.196s] GC(91) Using 10 workers of 10 for evacuation
[2023-10-12T15:35:07.248+0200][1469.200s] GC(91)   Pre Evacuate Collection Set: 0.1ms
[2023-10-12T15:35:07.248+0200][1469.200s] GC(91)   Merge Heap Roots: 0.1ms
[2023-10-12T15:35:07.248+0200][1469.200s] GC(91)   Evacuate Collection Set: 3.7ms
[2023-10-12T15:35:07.248+0200][1469.200s] GC(91)   Post Evacuate Collection Set: 0.7ms
[2023-10-12T15:35:07.248+0200][1469.200s] GC(91)   Other: 0.1ms
[2023-10-12T15:35:07.248+0200][1469.200s] GC(91) Eden regions: 285->0(3)
[2023-10-12T15:35:07.248+0200][1469.200s] GC(91) Survivor regions: 22->22(39)
[2023-10-12T15:35:07.248+0200][1469.200s] GC(91) Old regions: 103->106
[2023-10-12T15:35:07.248+0200][1469.200s] GC(91) Archive regions: 0->0
[2023-10-12T15:35:07.248+0200][1469.200s] GC(91) Humongous regions: 4->4
[2023-10-12T15:35:07.248+0200][1469.200s] GC(91) Metaspace: 61866K(62720K)->61866K(62720K) NonClass: 54942K(55424K)->54942K(55424K) Class: 6924K(7296K)->6924K(7296K)
[2023-10-12T15:35:07.248+0200][1469.200s] GC(91) Pause Young (Prepare Mixed) (G1 Evacuation Pause) 413M->131M(512M) 4.746ms
[2023-10-12T15:35:07.248+0200][1469.200s] GC(91) User=0.14s Sys=0.02s Real=0.00s
[2023-10-12T15:35:07.349+0200][1469.301s] GC(92) Pause Young (Mixed) (G1 Evacuation Pause)
[2023-10-12T15:35:07.349+0200][1469.302s] GC(92) Using 10 workers of 10 for evacuation
[2023-10-12T15:35:07.355+0200][1469.307s] GC(92)   Pre Evacuate Collection Set: 0.1ms
[2023-10-12T15:35:07.355+0200][1469.307s] GC(92)   Merge Heap Roots: 0.1ms
[2023-10-12T15:35:07.355+0200][1469.307s] GC(92)   Evacuate Collection Set: 5.0ms
[2023-10-12T15:35:07.355+0200][1469.307s] GC(92)   Post Evacuate Collection Set: 0.3ms
[2023-10-12T15:35:07.355+0200][1469.307s] GC(92)   Other: 0.1ms
[2023-10-12T15:35:07.355+0200][1469.307s] GC(92) Eden regions: 3->0(305)
[2023-10-12T15:35:07.355+0200][1469.307s] GC(92) Survivor regions: 22->2(4)
[2023-10-12T15:35:07.355+0200][1469.307s] GC(92) Old regions: 106->122
[2023-10-12T15:35:07.355+0200][1469.307s] GC(92) Archive regions: 0->0
[2023-10-12T15:35:07.355+0200][1469.307s] GC(92) Humongous regions: 4->4
[2023-10-12T15:35:07.355+0200][1469.307s] GC(92) Metaspace: 61866K(62720K)->61866K(62720K) NonClass: 54942K(55424K)->54942K(55424K) Class: 6924K(7296K)->6924K(7296K)
[2023-10-12T15:35:07.355+0200][1469.307s] GC(92) Pause Young (Mixed) (G1 Evacuation Pause) 134M->127M(512M) 5.756ms
[2023-10-12T15:35:07.355+0200][1469.307s] GC(92) User=0.00s Sys=0.00s Real=0.01s
[2023-10-12T15:35:12.115+0200][1474.067s] GC(93) Pause Young (Normal) (G1 Evacuation Pause)
[2023-10-12T15:35:12.115+0200][1474.067s] GC(93) Using 10 workers of 10 for evacuation
[2023-10-12T15:35:12.117+0200][1474.069s] GC(93)   Pre Evacuate Collection Set: 0.1ms
[2023-10-12T15:35:12.117+0200][1474.069s] GC(93)   Merge Heap Roots: 0.1ms
[2023-10-12T15:35:12.117+0200][1474.069s] GC(93)   Evacuate Collection Set: 0.8ms
[2023-10-12T15:35:12.117+0200][1474.069s] GC(93)   Post Evacuate Collection Set: 0.5ms
[2023-10-12T15:35:12.117+0200][1474.069s] GC(93)   Other: 0.1ms
[2023-10-12T15:35:12.117+0200][1474.069s] GC(93) Eden regions: 305->0(301)
[2023-10-12T15:35:12.117+0200][1474.069s] GC(93) Survivor regions: 2->6(39)
[2023-10-12T15:35:12.117+0200][1474.069s] GC(93) Old regions: 122->122
[2023-10-12T15:35:12.117+0200][1474.069s] GC(93) Archive regions: 0->0
[2023-10-12T15:35:12.117+0200][1474.069s] GC(93) Humongous regions: 4->4
[2023-10-12T15:35:12.117+0200][1474.069s] GC(93) Metaspace: 61866K(62720K)->61866K(62720K) NonClass: 54942K(55424K)->54942K(55424K) Class: 6924K(7296K)->6924K(7296K)
[2023-10-12T15:35:12.117+0200][1474.069s] GC(93) Pause Young (Normal) (G1 Evacuation Pause) 432M->130M(512M) 1.791ms
[2023-10-12T15:35:12.117+0200][1474.069s] GC(93) User=0.00s Sys=0.00s Real=0.00s
[2023-10-12T15:35:16.605+0200][1478.557s] GC(94) Pause Young (Normal) (G1 Evacuation Pause)
[2023-10-12T15:35:16.605+0200][1478.557s] GC(94) Using 10 workers of 10 for evacuation
[2023-10-12T15:35:16.607+0200][1478.559s] GC(94)   Pre Evacuate Collection Set: 0.1ms
[2023-10-12T15:35:16.607+0200][1478.559s] GC(94)   Merge Heap Roots: 0.1ms
[2023-10-12T15:35:16.607+0200][1478.559s] GC(94)   Evacuate Collection Set: 1.2ms
[2023-10-12T15:35:16.607+0200][1478.559s] GC(94)   Post Evacuate Collection Set: 0.4ms
[2023-10-12T15:35:16.607+0200][1478.559s] GC(94)   Other: 0.1ms
[2023-10-12T15:35:16.607+0200][1478.559s] GC(94) Eden regions: 301->0(298)
[2023-10-12T15:35:16.607+0200][1478.559s] GC(94) Survivor regions: 6->9(39)
[2023-10-12T15:35:16.607+0200][1478.559s] GC(94) Old regions: 122->122
[2023-10-12T15:35:16.607+0200][1478.559s] GC(94) Archive regions: 0->0
[2023-10-12T15:35:16.607+0200][1478.559s] GC(94) Humongous regions: 4->4
[2023-10-12T15:35:16.607+0200][1478.559s] GC(94) Metaspace: 61866K(62720K)->61866K(62720K) NonClass: 54942K(55424K)->54942K(55424K) Class: 6924K(7296K)->6924K(7296K)
[2023-10-12T15:35:16.607+0200][1478.559s] GC(94) Pause Young (Normal) (G1 Evacuation Pause) 431M->133M(512M) 2.078ms
[2023-10-12T15:35:16.607+0200][1478.559s] GC(94) User=0.00s Sys=0.00s Real=0.00s
[2023-10-12T15:35:21.082+0200][1483.034s] GC(95) Pause Young (Concurrent Start) (G1 Evacuation Pause)
[2023-10-12T15:35:21.082+0200][1483.034s] GC(95) Using 10 workers of 10 for evacuation
[2023-10-12T15:35:21.085+0200][1483.037s] GC(95)   Pre Evacuate Collection Set: 0.2ms
[2023-10-12T15:35:21.085+0200][1483.037s] GC(95)   Merge Heap Roots: 0.1ms
[2023-10-12T15:35:21.085+0200][1483.037s] GC(95)   Evacuate Collection Set: 1.8ms
[2023-10-12T15:35:21.085+0200][1483.037s] GC(95)   Post Evacuate Collection Set: 0.7ms
[2023-10-12T15:35:21.085+0200][1483.037s] GC(95)   Other: 0.2ms
[2023-10-12T15:35:21.085+0200][1483.037s] GC(95) Eden regions: 298->0(295)
[2023-10-12T15:35:21.085+0200][1483.037s] GC(95) Survivor regions: 9->12(39)
[2023-10-12T15:35:21.085+0200][1483.037s] GC(95) Old regions: 122->122
[2023-10-12T15:35:21.085+0200][1483.037s] GC(95) Archive regions: 0->0
[2023-10-12T15:35:21.085+0200][1483.037s] GC(95) Humongous regions: 4->4
[2023-10-12T15:35:21.085+0200][1483.037s] GC(95) Metaspace: 61875K(62720K)->61875K(62720K) NonClass: 54951K(55424K)->54951K(55424K) Class: 6924K(7296K)->6924K(7296K)
[2023-10-12T15:35:21.085+0200][1483.037s] GC(95) Pause Young (Concurrent Start) (G1 Evacuation Pause) 431M->136M(512M) 3.052ms
[2023-10-12T15:35:21.085+0200][1483.037s] GC(95) User=0.00s Sys=0.00s Real=0.00s
[2023-10-12T15:35:21.085+0200][1483.038s] GC(96) Concurrent Mark Cycle
[2023-10-12T15:35:21.085+0200][1483.038s] GC(96) Concurrent Clear Claimed Marks
[2023-10-12T15:35:21.085+0200][1483.038s] GC(96) Concurrent Clear Claimed Marks 0.027ms
[2023-10-12T15:35:21.085+0200][1483.038s] GC(96) Concurrent Scan Root Regions
[2023-10-12T15:35:21.086+0200][1483.038s] GC(96) Concurrent Scan Root Regions 0.820ms
[2023-10-12T15:35:21.086+0200][1483.038s] GC(96) Concurrent Mark
[2023-10-12T15:35:21.086+0200][1483.038s] GC(96) Concurrent Mark From Roots
[2023-10-12T15:35:21.086+0200][1483.038s] GC(96) Using 3 workers of 3 for marking
[2023-10-12T15:35:21.106+0200][1483.059s] GC(96) Concurrent Mark From Roots 20.318ms
[2023-10-12T15:35:21.106+0200][1483.059s] GC(96) Concurrent Preclean
[2023-10-12T15:35:21.106+0200][1483.059s] GC(96) Concurrent Preclean 0.158ms
[2023-10-12T15:35:21.106+0200][1483.059s] GC(96) Pause Remark
[2023-10-12T15:35:21.112+0200][1483.064s] GC(96) Pause Remark 139M->139M(512M) 5.254ms
[2023-10-12T15:35:21.112+0200][1483.064s] GC(96) User=0.00s Sys=0.00s Real=0.01s
[2023-10-12T15:35:21.112+0200][1483.065s] GC(96) Concurrent Mark 26.121ms
[2023-10-12T15:35:21.112+0200][1483.065s] GC(96) Concurrent Rebuild Remembered Sets
[2023-10-12T15:35:21.128+0200][1483.080s] GC(96) Concurrent Rebuild Remembered Sets 15.467ms
[2023-10-12T15:35:21.128+0200][1483.080s] GC(96) Pause Cleanup
[2023-10-12T15:35:21.128+0200][1483.080s] GC(96) Pause Cleanup 143M->143M(512M) 0.203ms
[2023-10-12T15:35:21.128+0200][1483.080s] GC(96) User=0.00s Sys=0.00s Real=0.00s
[2023-10-12T15:35:21.128+0200][1483.081s] GC(96) Concurrent Cleanup for Next Mark
[2023-10-12T15:35:21.129+0200][1483.081s] GC(96) Concurrent Cleanup for Next Mark 0.691ms
[2023-10-12T15:35:21.129+0200][1483.081s] GC(96) Concurrent Mark Cycle 43.758ms
[2023-10-12T15:35:25.343+0200][1487.295s] GC(97) Pause Young (Prepare Mixed) (G1 Evacuation Pause)
[2023-10-12T15:35:25.343+0200][1487.295s] GC(97) Using 10 workers of 10 for evacuation
[2023-10-12T15:35:25.346+0200][1487.299s] GC(97)   Pre Evacuate Collection Set: 0.1ms
[2023-10-12T15:35:25.346+0200][1487.299s] GC(97)   Merge Heap Roots: 0.1ms
[2023-10-12T15:35:25.346+0200][1487.299s] GC(97)   Evacuate Collection Set: 2.5ms
[2023-10-12T15:35:25.347+0200][1487.299s] GC(97)   Post Evacuate Collection Set: 0.6ms
[2023-10-12T15:35:25.347+0200][1487.299s] GC(97)   Other: 0.1ms
[2023-10-12T15:35:25.347+0200][1487.299s] GC(97) Eden regions: 295->0(9)
[2023-10-12T15:35:25.347+0200][1487.299s] GC(97) Survivor regions: 12->16(39)
[2023-10-12T15:35:25.347+0200][1487.299s] GC(97) Old regions: 122->122
[2023-10-12T15:35:25.347+0200][1487.299s] GC(97) Archive regions: 0->0
[2023-10-12T15:35:25.347+0200][1487.299s] GC(97) Humongous regions: 4->4
[2023-10-12T15:35:25.347+0200][1487.299s] GC(97) Metaspace: 61956K(62784K)->61956K(62784K) NonClass: 55031K(55488K)->55031K(55488K) Class: 6925K(7296K)->6925K(7296K)
[2023-10-12T15:35:25.347+0200][1487.299s] GC(97) Pause Young (Prepare Mixed) (G1 Evacuation Pause) 431M->140M(512M) 3.700ms
[2023-10-12T15:35:25.347+0200][1487.299s] GC(97) User=0.00s Sys=0.00s Real=0.00s
[2023-10-12T15:35:25.383+0200][1487.336s] GC(98) Pause Young (Mixed) (G1 Evacuation Pause)
[2023-10-12T15:35:25.383+0200][1487.336s] GC(98) Using 10 workers of 10 for evacuation
[2023-10-12T15:35:25.388+0200][1487.341s] GC(98)   Pre Evacuate Collection Set: 0.1ms
[2023-10-12T15:35:25.388+0200][1487.341s] GC(98)   Merge Heap Roots: 0.1ms
[2023-10-12T15:35:25.388+0200][1487.341s] GC(98)   Evacuate Collection Set: 3.6ms
[2023-10-12T15:35:25.388+0200][1487.341s] GC(98)   Post Evacuate Collection Set: 0.4ms
[2023-10-12T15:35:25.388+0200][1487.341s] GC(98)   Other: 0.1ms
[2023-10-12T15:35:25.388+0200][1487.341s] GC(98) Eden regions: 9->0(305)
[2023-10-12T15:35:25.388+0200][1487.341s] GC(98) Survivor regions: 16->1(4)
[2023-10-12T15:35:25.388+0200][1487.341s] GC(98) Old regions: 122->132
[2023-10-12T15:35:25.388+0200][1487.341s] GC(98) Archive regions: 0->0
[2023-10-12T15:35:25.388+0200][1487.341s] GC(98) Humongous regions: 4->4
[2023-10-12T15:35:25.388+0200][1487.341s] GC(98) Metaspace: 61956K(62784K)->61956K(62784K) NonClass: 55031K(55488K)->55031K(55488K) Class: 6925K(7296K)->6925K(7296K)
[2023-10-12T15:35:25.388+0200][1487.341s] GC(98) Pause Young (Mixed) (G1 Evacuation Pause) 149M->135M(512M) 4.588ms
[2023-10-12T15:35:25.388+0200][1487.341s] GC(98) User=0.09s Sys=0.06s Real=0.01s
[2023-10-12T15:38:05.681+0200][1647.634s] GC(99) Pause Young (Concurrent Start) (CodeCache GC Threshold)
[2023-10-12T15:38:05.682+0200][1647.634s] GC(99) Using 10 workers of 10 for evacuation
[2023-10-12T15:38:05.685+0200][1647.637s] GC(99)   Pre Evacuate Collection Set: 0.2ms
[2023-10-12T15:38:05.685+0200][1647.637s] GC(99)   Merge Heap Roots: 0.1ms
[2023-10-12T15:38:05.685+0200][1647.637s] GC(99)   Evacuate Collection Set: 1.5ms
[2023-10-12T15:38:05.685+0200][1647.637s] GC(99)   Post Evacuate Collection Set: 0.6ms
[2023-10-12T15:38:05.685+0200][1647.637s] GC(99)   Other: 0.2ms
[2023-10-12T15:38:05.685+0200][1647.637s] GC(99) Eden regions: 256->0(302)
[2023-10-12T15:38:05.685+0200][1647.637s] GC(99) Survivor regions: 1->5(39)
[2023-10-12T15:38:05.685+0200][1647.637s] GC(99) Old regions: 132->132
[2023-10-12T15:38:05.685+0200][1647.637s] GC(99) Archive regions: 0->0
[2023-10-12T15:38:05.685+0200][1647.637s] GC(99) Humongous regions: 4->4
[2023-10-12T15:38:05.685+0200][1647.637s] GC(99) Metaspace: 62029K(62784K)->62029K(62784K) NonClass: 55096K(55488K)->55096K(55488K) Class: 6933K(7296K)->6933K(7296K)
[2023-10-12T15:38:05.685+0200][1647.637s] GC(99) Pause Young (Concurrent Start) (CodeCache GC Threshold) 391M->139M(512M) 2.827ms
[2023-10-12T15:38:05.685+0200][1647.637s] GC(99) User=0.00s Sys=0.00s Real=0.00s
[2023-10-12T15:38:05.685+0200][1647.637s] GC(100) Concurrent Mark Cycle
[2023-10-12T15:38:05.685+0200][1647.637s] GC(100) Concurrent Clear Claimed Marks
[2023-10-12T15:38:05.685+0200][1647.637s] GC(100) Concurrent Clear Claimed Marks 0.028ms
[2023-10-12T15:38:05.685+0200][1647.637s] GC(100) Concurrent Scan Root Regions
[2023-10-12T15:38:05.686+0200][1647.638s] GC(100) Concurrent Scan Root Regions 0.960ms
[2023-10-12T15:38:05.686+0200][1647.638s] GC(100) Concurrent Mark
[2023-10-12T15:38:05.686+0200][1647.638s] GC(100) Concurrent Mark From Roots
[2023-10-12T15:38:05.686+0200][1647.638s] GC(100) Using 3 workers of 3 for marking
[2023-10-12T15:38:05.712+0200][1647.664s] GC(100) Concurrent Mark From Roots 25.841ms
[2023-10-12T15:38:05.712+0200][1647.664s] GC(100) Concurrent Preclean
[2023-10-12T15:38:05.712+0200][1647.665s] GC(100) Concurrent Preclean 0.279ms
[2023-10-12T15:38:05.712+0200][1647.665s] GC(100) Pause Remark
[2023-10-12T15:38:05.718+0200][1647.670s] GC(100) Pause Remark 143M->139M(512M) 5.242ms
[2023-10-12T15:38:05.718+0200][1647.670s] GC(100) User=0.02s Sys=0.00s Real=0.01s
[2023-10-12T15:38:05.718+0200][1647.670s] GC(100) Concurrent Mark 31.783ms
[2023-10-12T15:38:05.718+0200][1647.670s] GC(100) Concurrent Rebuild Remembered Sets
[2023-10-12T15:38:05.732+0200][1647.684s] GC(100) Concurrent Rebuild Remembered Sets 13.738ms
[2023-10-12T15:38:05.732+0200][1647.684s] GC(100) Pause Cleanup
[2023-10-12T15:38:05.732+0200][1647.684s] GC(100) Pause Cleanup 139M->139M(512M) 0.185ms
[2023-10-12T15:38:05.732+0200][1647.684s] GC(100) User=0.00s Sys=0.00s Real=0.00s
[2023-10-12T15:38:05.732+0200][1647.684s] GC(100) Concurrent Cleanup for Next Mark
[2023-10-12T15:38:05.733+0200][1647.685s] GC(100) Concurrent Cleanup for Next Mark 0.705ms
[2023-10-12T15:38:05.733+0200][1647.685s] GC(100) Concurrent Mark Cycle 47.837ms
[2023-10-12T15:38:10.624+0200][1652.576s] GC(101) Pause Young (Prepare Mixed) (G1 Evacuation Pause)
[2023-10-12T15:38:10.624+0200][1652.576s] GC(101) Using 10 workers of 10 for evacuation
[2023-10-12T15:38:10.626+0200][1652.578s] GC(101)   Pre Evacuate Collection Set: 0.1ms
[2023-10-12T15:38:10.626+0200][1652.578s] GC(101)   Merge Heap Roots: 0.1ms
[2023-10-12T15:38:10.626+0200][1652.578s] GC(101)   Evacuate Collection Set: 0.9ms
[2023-10-12T15:38:10.626+0200][1652.578s] GC(101)   Post Evacuate Collection Set: 0.5ms
[2023-10-12T15:38:10.626+0200][1652.578s] GC(101)   Other: 0.1ms
[2023-10-12T15:38:10.626+0200][1652.578s] GC(101) Eden regions: 302->0(19)
[2023-10-12T15:38:10.626+0200][1652.578s] GC(101) Survivor regions: 5->6(39)
[2023-10-12T15:38:10.626+0200][1652.578s] GC(101) Old regions: 128->128
[2023-10-12T15:38:10.626+0200][1652.578s] GC(101) Archive regions: 0->0
[2023-10-12T15:38:10.626+0200][1652.578s] GC(101) Humongous regions: 4->4
[2023-10-12T15:38:10.626+0200][1652.578s] GC(101) Metaspace: 62029K(62784K)->62029K(62784K) NonClass: 55096K(55488K)->55096K(55488K) Class: 6933K(7296K)->6933K(7296K)
[2023-10-12T15:38:10.626+0200][1652.578s] GC(101) Pause Young (Prepare Mixed) (G1 Evacuation Pause) 437M->136M(512M) 1.832ms
[2023-10-12T15:38:10.626+0200][1652.578s] GC(101) User=0.00s Sys=0.00s Real=0.00s
[2023-10-12T15:38:10.837+0200][1652.790s] GC(102) Pause Young (Concurrent Start) (CodeCache GC Threshold)
[2023-10-12T15:38:10.838+0200][1652.790s] GC(102) Using 10 workers of 10 for evacuation
[2023-10-12T15:38:10.839+0200][1652.792s] GC(102)   Pre Evacuate Collection Set: 0.2ms
[2023-10-12T15:38:10.840+0200][1652.792s] GC(102)   Merge Heap Roots: 0.1ms
[2023-10-12T15:38:10.840+0200][1652.792s] GC(102)   Evacuate Collection Set: 1.1ms
[2023-10-12T15:38:10.840+0200][1652.792s] GC(102)   Post Evacuate Collection Set: 0.4ms
[2023-10-12T15:38:10.840+0200][1652.792s] GC(102)   Other: 0.1ms
[2023-10-12T15:38:10.840+0200][1652.792s] GC(102) Eden regions: 13->0(306)
[2023-10-12T15:38:10.840+0200][1652.792s] GC(102) Survivor regions: 6->1(4)
[2023-10-12T15:38:10.840+0200][1652.792s] GC(102) Old regions: 128->132
[2023-10-12T15:38:10.840+0200][1652.792s] GC(102) Archive regions: 0->0
[2023-10-12T15:38:10.840+0200][1652.792s] GC(102) Humongous regions: 4->4
[2023-10-12T15:38:10.840+0200][1652.792s] GC(102) Metaspace: 62029K(62784K)->62029K(62784K) NonClass: 55096K(55488K)->55096K(55488K) Class: 6933K(7296K)->6933K(7296K)
[2023-10-12T15:38:10.840+0200][1652.792s] GC(102) Pause Young (Concurrent Start) (CodeCache GC Threshold) 149M->136M(512M) 2.190ms
[2023-10-12T15:38:10.840+0200][1652.792s] GC(102) User=0.14s Sys=0.02s Real=0.00s
[2023-10-12T15:38:10.840+0200][1652.792s] GC(103) Concurrent Mark Cycle
[2023-10-12T15:38:10.840+0200][1652.792s] GC(103) Concurrent Clear Claimed Marks
[2023-10-12T15:38:10.840+0200][1652.792s] GC(103) Concurrent Clear Claimed Marks 0.041ms
[2023-10-12T15:38:10.840+0200][1652.792s] GC(103) Concurrent Scan Root Regions
[2023-10-12T15:38:10.840+0200][1652.793s] GC(103) Concurrent Scan Root Regions 0.690ms
[2023-10-12T15:38:10.841+0200][1652.793s] GC(103) Concurrent Mark
[2023-10-12T15:38:10.841+0200][1652.793s] GC(103) Concurrent Mark From Roots
[2023-10-12T15:38:10.841+0200][1652.793s] GC(103) Using 3 workers of 3 for marking
[2023-10-12T15:38:10.862+0200][1652.814s] GC(103) Concurrent Mark From Roots 20.961ms
[2023-10-12T15:38:10.862+0200][1652.814s] GC(103) Concurrent Preclean
[2023-10-12T15:38:10.862+0200][1652.814s] GC(103) Concurrent Preclean 0.187ms
[2023-10-12T15:38:10.862+0200][1652.815s] GC(103) Pause Remark
[2023-10-12T15:38:10.868+0200][1652.820s] GC(103) Pause Remark 136M->136M(512M) 5.525ms
[2023-10-12T15:38:10.868+0200][1652.820s] GC(103) User=0.00s Sys=0.00s Real=0.01s
[2023-10-12T15:38:10.868+0200][1652.820s] GC(103) Concurrent Mark 27.039ms
[2023-10-12T15:38:10.868+0200][1652.820s] GC(103) Concurrent Rebuild Remembered Sets
[2023-10-12T15:38:10.880+0200][1652.833s] GC(103) Concurrent Rebuild Remembered Sets 12.662ms
[2023-10-12T15:38:10.881+0200][1652.833s] GC(103) Pause Cleanup
[2023-10-12T15:38:10.881+0200][1652.833s] GC(103) Pause Cleanup 136M->136M(512M) 0.177ms
[2023-10-12T15:38:10.881+0200][1652.833s] GC(103) User=0.00s Sys=0.00s Real=0.00s
[2023-10-12T15:38:10.881+0200][1652.833s] GC(103) Concurrent Cleanup for Next Mark
[2023-10-12T15:38:10.882+0200][1652.834s] GC(103) Concurrent Cleanup for Next Mark 0.773ms
[2023-10-12T15:38:10.882+0200][1652.834s] GC(103) Concurrent Mark Cycle 41.823ms
[2023-10-12T15:38:15.736+0200][1657.689s] GC(104) Pause Young (Prepare Mixed) (G1 Evacuation Pause)
[2023-10-12T15:38:15.736+0200][1657.689s] GC(104) Using 10 workers of 10 for evacuation
[2023-10-12T15:38:15.738+0200][1657.690s] GC(104)   Pre Evacuate Collection Set: 0.1ms
[2023-10-12T15:38:15.738+0200][1657.690s] GC(104)   Merge Heap Roots: 0.1ms
[2023-10-12T15:38:15.738+0200][1657.690s] GC(104)   Evacuate Collection Set: 0.8ms
[2023-10-12T15:38:15.738+0200][1657.690s] GC(104)   Post Evacuate Collection Set: 0.5ms
[2023-10-12T15:38:15.738+0200][1657.690s] GC(104)   Other: 0.1ms
[2023-10-12T15:38:15.738+0200][1657.690s] GC(104) Eden regions: 306->0(20)
[2023-10-12T15:38:15.738+0200][1657.690s] GC(104) Survivor regions: 1->5(39)
[2023-10-12T15:38:15.738+0200][1657.690s] GC(104) Old regions: 132->132
[2023-10-12T15:38:15.738+0200][1657.690s] GC(104) Archive regions: 0->0
[2023-10-12T15:38:15.738+0200][1657.690s] GC(104) Humongous regions: 4->4
[2023-10-12T15:38:15.738+0200][1657.690s] GC(104) Metaspace: 62032K(62784K)->62032K(62784K) NonClass: 55099K(55488K)->55099K(55488K) Class: 6933K(7296K)->6933K(7296K)
[2023-10-12T15:38:15.738+0200][1657.690s] GC(104) Pause Young (Prepare Mixed) (G1 Evacuation Pause) 442M->140M(512M) 1.784ms
[2023-10-12T15:38:15.738+0200][1657.690s] GC(104) User=0.00s Sys=0.00s Real=0.00s
[2023-10-12T15:38:16.062+0200][1658.015s] GC(105) Pause Young (Mixed) (G1 Evacuation Pause)
[2023-10-12T15:38:16.062+0200][1658.015s] GC(105) Using 10 workers of 10 for evacuation
[2023-10-12T15:38:16.064+0200][1658.017s] GC(105)   Pre Evacuate Collection Set: 0.1ms
[2023-10-12T15:38:16.064+0200][1658.017s] GC(105)   Merge Heap Roots: 0.1ms
[2023-10-12T15:38:16.064+0200][1658.017s] GC(105)   Evacuate Collection Set: 1.3ms
[2023-10-12T15:38:16.064+0200][1658.017s] GC(105)   Post Evacuate Collection Set: 0.5ms
[2023-10-12T15:38:16.064+0200][1658.017s] GC(105)   Other: 0.1ms
[2023-10-12T15:38:16.064+0200][1658.017s] GC(105) Eden regions: 20->0(24)
[2023-10-12T15:38:16.064+0200][1658.017s] GC(105) Survivor regions: 5->1(4)
[2023-10-12T15:38:16.064+0200][1658.017s] GC(105) Old regions: 132->85
[2023-10-12T15:38:16.064+0200][1658.017s] GC(105) Archive regions: 0->0
[2023-10-12T15:38:16.064+0200][1658.017s] GC(105) Humongous regions: 4->4
[2023-10-12T15:38:16.064+0200][1658.017s] GC(105) Metaspace: 62032K(62784K)->62032K(62784K) NonClass: 55099K(55488K)->55099K(55488K) Class: 6933K(7296K)->6933K(7296K)
[2023-10-12T15:38:16.064+0200][1658.017s] GC(105) Pause Young (Mixed) (G1 Evacuation Pause) 160M->88M(512M) 2.296ms
[2023-10-12T15:38:16.064+0200][1658.017s] GC(105) User=0.00s Sys=0.00s Real=0.00s
[2023-10-12T15:38:16.399+0200][1658.351s] GC(106) Pause Young (Mixed) (G1 Evacuation Pause)
[2023-10-12T15:38:16.399+0200][1658.351s] GC(106) Using 10 workers of 10 for evacuation
[2023-10-12T15:38:16.400+0200][1658.352s] GC(106)   Pre Evacuate Collection Set: 0.1ms
[2023-10-12T15:38:16.400+0200][1658.353s] GC(106)   Merge Heap Roots: 0.1ms
[2023-10-12T15:38:16.400+0200][1658.353s] GC(106)   Evacuate Collection Set: 0.5ms
[2023-10-12T15:38:16.400+0200][1658.353s] GC(106)   Post Evacuate Collection Set: 0.5ms
[2023-10-12T15:38:16.400+0200][1658.353s] GC(106)   Other: 0.1ms
[2023-10-12T15:38:16.400+0200][1658.353s] GC(106) Eden regions: 24->0(305)
[2023-10-12T15:38:16.400+0200][1658.353s] GC(106) Survivor regions: 1->2(4)
[2023-10-12T15:38:16.400+0200][1658.353s] GC(106) Old regions: 85->74
[2023-10-12T15:38:16.400+0200][1658.353s] GC(106) Archive regions: 0->0
[2023-10-12T15:38:16.400+0200][1658.353s] GC(106) Humongous regions: 4->4
[2023-10-12T15:38:16.400+0200][1658.353s] GC(106) Metaspace: 62032K(62784K)->62032K(62784K) NonClass: 55099K(55488K)->55099K(55488K) Class: 6933K(7296K)->6933K(7296K)
[2023-10-12T15:38:16.400+0200][1658.353s] GC(106) Pause Young (Mixed) (G1 Evacuation Pause) 112M->78M(512M) 1.411ms
[2023-10-12T15:38:16.400+0200][1658.353s] GC(106) User=0.00s Sys=0.00s Real=0.00s
[2023-10-12T15:38:17.426+0200][1659.378s] GC(107) Pause Young (Concurrent Start) (CodeCache GC Threshold)
[2023-10-12T15:38:17.426+0200][1659.378s] GC(107) Using 10 workers of 10 for evacuation
[2023-10-12T15:38:17.428+0200][1659.380s] GC(107)   Pre Evacuate Collection Set: 0.1ms
[2023-10-12T15:38:17.428+0200][1659.380s] GC(107)   Merge Heap Roots: 0.1ms
[2023-10-12T15:38:17.428+0200][1659.380s] GC(107)   Evacuate Collection Set: 0.8ms
[2023-10-12T15:38:17.428+0200][1659.380s] GC(107)   Post Evacuate Collection Set: 0.4ms
[2023-10-12T15:38:17.428+0200][1659.380s] GC(107)   Other: 0.1ms
[2023-10-12T15:38:17.428+0200][1659.380s] GC(107) Eden regions: 65->0(304)
[2023-10-12T15:38:17.428+0200][1659.380s] GC(107) Survivor regions: 2->3(39)
[2023-10-12T15:38:17.428+0200][1659.380s] GC(107) Old regions: 74->74
[2023-10-12T15:38:17.428+0200][1659.380s] GC(107) Archive regions: 0->0
[2023-10-12T15:38:17.428+0200][1659.380s] GC(107) Humongous regions: 4->4
[2023-10-12T15:38:17.428+0200][1659.380s] GC(107) Metaspace: 62032K(62784K)->62032K(62784K) NonClass: 55099K(55488K)->55099K(55488K) Class: 6933K(7296K)->6933K(7296K)
[2023-10-12T15:38:17.428+0200][1659.380s] GC(107) Pause Young (Concurrent Start) (CodeCache GC Threshold) 143M->80M(512M) 1.714ms
[2023-10-12T15:38:17.428+0200][1659.380s] GC(107) User=0.00s Sys=0.00s Real=0.00s
[2023-10-12T15:38:17.428+0200][1659.380s] GC(108) Concurrent Mark Cycle
[2023-10-12T15:38:17.428+0200][1659.380s] GC(108) Concurrent Clear Claimed Marks
[2023-10-12T15:38:17.428+0200][1659.380s] GC(108) Concurrent Clear Claimed Marks 0.023ms
[2023-10-12T15:38:17.428+0200][1659.380s] GC(108) Concurrent Scan Root Regions
[2023-10-12T15:38:17.428+0200][1659.381s] GC(108) Concurrent Scan Root Regions 0.481ms
[2023-10-12T15:38:17.428+0200][1659.381s] GC(108) Concurrent Mark
[2023-10-12T15:38:17.428+0200][1659.381s] GC(108) Concurrent Mark From Roots
[2023-10-12T15:38:17.428+0200][1659.381s] GC(108) Using 3 workers of 3 for marking
[2023-10-12T15:38:17.452+0200][1659.405s] GC(108) Concurrent Mark From Roots 23.969ms
[2023-10-12T15:38:17.452+0200][1659.405s] GC(108) Concurrent Preclean
[2023-10-12T15:38:17.453+0200][1659.405s] GC(108) Concurrent Preclean 0.149ms
[2023-10-12T15:38:17.453+0200][1659.405s] GC(108) Pause Remark
[2023-10-12T15:38:17.456+0200][1659.408s] GC(108) Pause Remark 81M->81M(512M) 3.083ms
[2023-10-12T15:38:17.456+0200][1659.408s] GC(108) User=0.00s Sys=0.00s Real=0.00s
[2023-10-12T15:38:17.456+0200][1659.408s] GC(108) Concurrent Mark 27.477ms
[2023-10-12T15:38:17.456+0200][1659.408s] GC(108) Concurrent Rebuild Remembered Sets
[2023-10-12T15:38:17.468+0200][1659.420s] GC(108) Concurrent Rebuild Remembered Sets 12.056ms
[2023-10-12T15:38:17.468+0200][1659.420s] GC(108) Pause Cleanup
[2023-10-12T15:38:17.469+0200][1659.421s] GC(108) Pause Cleanup 82M->82M(512M) 0.190ms
[2023-10-12T15:38:17.469+0200][1659.421s] GC(108) User=0.00s Sys=0.00s Real=0.00s
[2023-10-12T15:38:17.469+0200][1659.421s] GC(108) Concurrent Cleanup for Next Mark
[2023-10-12T15:38:17.470+0200][1659.422s] GC(108) Concurrent Cleanup for Next Mark 0.928ms
[2023-10-12T15:38:17.470+0200][1659.422s] GC(108) Concurrent Mark Cycle 41.716ms
[2023-10-12T15:38:22.109+0200][1664.061s] GC(109) Pause Young (Prepare Mixed) (G1 Evacuation Pause)
[2023-10-12T15:38:22.109+0200][1664.061s] GC(109) Using 10 workers of 10 for evacuation
[2023-10-12T15:38:22.111+0200][1664.063s] GC(109)   Pre Evacuate Collection Set: 0.1ms
[2023-10-12T15:38:22.111+0200][1664.063s] GC(109)   Merge Heap Roots: 0.1ms
[2023-10-12T15:38:22.111+0200][1664.063s] GC(109)   Evacuate Collection Set: 1.1ms
[2023-10-12T15:38:22.111+0200][1664.063s] GC(109)   Post Evacuate Collection Set: 0.6ms
[2023-10-12T15:38:22.111+0200][1664.063s] GC(109)   Other: 0.1ms
[2023-10-12T15:38:22.111+0200][1664.063s] GC(109) Eden regions: 304->0(19)
[2023-10-12T15:38:22.111+0200][1664.063s] GC(109) Survivor regions: 3->6(39)
[2023-10-12T15:38:22.111+0200][1664.063s] GC(109) Old regions: 74->74
[2023-10-12T15:38:22.111+0200][1664.063s] GC(109) Archive regions: 0->0
[2023-10-12T15:38:22.111+0200][1664.063s] GC(109) Humongous regions: 4->4
[2023-10-12T15:38:22.111+0200][1664.063s] GC(109) Metaspace: 62045K(62784K)->62045K(62784K) NonClass: 55111K(55488K)->55111K(55488K) Class: 6934K(7296K)->6934K(7296K)
[2023-10-12T15:38:22.111+0200][1664.063s] GC(109) Pause Young (Prepare Mixed) (G1 Evacuation Pause) 384M->82M(512M) 2.175ms
[2023-10-12T15:38:22.111+0200][1664.063s] GC(109) User=0.00s Sys=0.00s Real=0.00s
[2023-10-12T15:38:22.419+0200][1664.371s] GC(110) Pause Young (Mixed) (G1 Evacuation Pause)
[2023-10-12T15:38:22.419+0200][1664.371s] GC(110) Using 10 workers of 10 for evacuation
[2023-10-12T15:38:22.421+0200][1664.373s] GC(110)   Pre Evacuate Collection Set: 0.2ms
[2023-10-12T15:38:22.421+0200][1664.373s] GC(110)   Merge Heap Roots: 0.1ms
[2023-10-12T15:38:22.421+0200][1664.373s] GC(110)   Evacuate Collection Set: 1.2ms
[2023-10-12T15:38:22.421+0200][1664.373s] GC(110)   Post Evacuate Collection Set: 0.4ms
[2023-10-12T15:38:22.421+0200][1664.373s] GC(110)   Other: 0.1ms
[2023-10-12T15:38:22.421+0200][1664.373s] GC(110) Eden regions: 19->0(306)
[2023-10-12T15:38:22.421+0200][1664.373s] GC(110) Survivor regions: 6->1(4)
[2023-10-12T15:38:22.421+0200][1664.373s] GC(110) Old regions: 74->74
[2023-10-12T15:38:22.421+0200][1664.373s] GC(110) Archive regions: 0->0
[2023-10-12T15:38:22.421+0200][1664.373s] GC(110) Humongous regions: 4->4
[2023-10-12T15:38:22.421+0200][1664.373s] GC(110) Metaspace: 62045K(62784K)->62045K(62784K) NonClass: 55111K(55488K)->55111K(55488K) Class: 6934K(7296K)->6934K(7296K)
[2023-10-12T15:38:22.421+0200][1664.373s] GC(110) Pause Young (Mixed) (G1 Evacuation Pause) 101M->78M(512M) 2.221ms
[2023-10-12T15:38:22.421+0200][1664.373s] GC(110) User=0.00s Sys=0.00s Real=0.00s
[2023-10-12T15:38:27.031+0200][1668.984s] GC(111) Pause Young (Normal) (G1 Evacuation Pause)
[2023-10-12T15:38:27.031+0200][1668.984s] GC(111) Using 10 workers of 10 for evacuation
[2023-10-12T15:38:27.033+0200][1668.986s] GC(111)   Pre Evacuate Collection Set: 0.1ms
[2023-10-12T15:38:27.033+0200][1668.986s] GC(111)   Merge Heap Roots: 0.1ms
[2023-10-12T15:38:27.033+0200][1668.986s] GC(111)   Evacuate Collection Set: 0.8ms
[2023-10-12T15:38:27.033+0200][1668.986s] GC(111)   Post Evacuate Collection Set: 0.4ms
[2023-10-12T15:38:27.033+0200][1668.986s] GC(111)   Other: 0.1ms
[2023-10-12T15:38:27.033+0200][1668.986s] GC(111) Eden regions: 306->0(301)
[2023-10-12T15:38:27.033+0200][1668.986s] GC(111) Survivor regions: 1->6(39)
[2023-10-12T15:38:27.033+0200][1668.986s] GC(111) Old regions: 74->74
[2023-10-12T15:38:27.033+0200][1668.986s] GC(111) Archive regions: 0->0
[2023-10-12T15:38:27.033+0200][1668.986s] GC(111) Humongous regions: 4->4
[2023-10-12T15:38:27.033+0200][1668.986s] GC(111) Metaspace: 62048K(62784K)->62048K(62784K) NonClass: 55113K(55488K)->55113K(55488K) Class: 6934K(7296K)->6934K(7296K)
[2023-10-12T15:38:27.033+0200][1668.986s] GC(111) Pause Young (Normal) (G1 Evacuation Pause) 384M->82M(512M) 1.665ms
[2023-10-12T15:38:27.033+0200][1668.986s] GC(111) User=0.00s Sys=0.00s Real=0.00s
[2023-10-12T15:38:31.629+0200][1673.581s] GC(112) Pause Young (Normal) (G1 Evacuation Pause)
[2023-10-12T15:38:31.629+0200][1673.581s] GC(112) Using 10 workers of 10 for evacuation
[2023-10-12T15:38:31.630+0200][1673.583s] GC(112)   Pre Evacuate Collection Set: 0.1ms
[2023-10-12T15:38:31.631+0200][1673.583s] GC(112)   Merge Heap Roots: 0.1ms
[2023-10-12T15:38:31.631+0200][1673.583s] GC(112)   Evacuate Collection Set: 1.2ms
[2023-10-12T15:38:31.631+0200][1673.583s] GC(112)   Post Evacuate Collection Set: 0.5ms
[2023-10-12T15:38:31.631+0200][1673.583s] GC(112)   Other: 0.1ms
[2023-10-12T15:38:31.631+0200][1673.583s] GC(112) Eden regions: 301->0(298)
[2023-10-12T15:38:31.631+0200][1673.583s] GC(112) Survivor regions: 6->9(39)
[2023-10-12T15:38:31.631+0200][1673.583s] GC(112) Old regions: 74->74
[2023-10-12T15:38:31.631+0200][1673.583s] GC(112) Archive regions: 0->0
[2023-10-12T15:38:31.631+0200][1673.583s] GC(112) Humongous regions: 4->4
[2023-10-12T15:38:31.631+0200][1673.583s] GC(112) Metaspace: 62048K(62784K)->62048K(62784K) NonClass: 55113K(55488K)->55113K(55488K) Class: 6934K(7296K)->6934K(7296K)
[2023-10-12T15:38:31.631+0200][1673.583s] GC(112) Pause Young (Normal) (G1 Evacuation Pause) 383M->86M(512M) 2.107ms
[2023-10-12T15:38:31.631+0200][1673.583s] GC(112) User=0.00s Sys=0.00s Real=0.00s
[2023-10-12T15:38:36.071+0200][1678.023s] GC(113) Pause Young (Normal) (G1 Evacuation Pause)
[2023-10-12T15:38:36.071+0200][1678.023s] GC(113) Using 10 workers of 10 for evacuation
[2023-10-12T15:38:36.073+0200][1678.026s] GC(113)   Pre Evacuate Collection Set: 0.1ms
[2023-10-12T15:38:36.073+0200][1678.026s] GC(113)   Merge Heap Roots: 0.1ms
[2023-10-12T15:38:36.073+0200][1678.026s] GC(113)   Evacuate Collection Set: 1.6ms
[2023-10-12T15:38:36.073+0200][1678.026s] GC(113)   Post Evacuate Collection Set: 0.5ms
[2023-10-12T15:38:36.073+0200][1678.026s] GC(113)   Other: 0.1ms
[2023-10-12T15:38:36.073+0200][1678.026s] GC(113) Eden regions: 298->0(295)
[2023-10-12T15:38:36.073+0200][1678.026s] GC(113) Survivor regions: 9->12(39)
[2023-10-12T15:38:36.073+0200][1678.026s] GC(113) Old regions: 74->74
[2023-10-12T15:38:36.073+0200][1678.026s] GC(113) Archive regions: 0->0
[2023-10-12T15:38:36.073+0200][1678.026s] GC(113) Humongous regions: 4->4
[2023-10-12T15:38:36.073+0200][1678.026s] GC(113) Metaspace: 62048K(62784K)->62048K(62784K) NonClass: 55113K(55488K)->55113K(55488K) Class: 6934K(7296K)->6934K(7296K)
[2023-10-12T15:38:36.073+0200][1678.026s] GC(113) Pause Young (Normal) (G1 Evacuation Pause) 384M->89M(512M) 2.567ms
[2023-10-12T15:38:36.073+0200][1678.026s] GC(113) User=0.00s Sys=0.00s Real=0.00s
[2023-10-12T15:38:40.603+0200][1682.555s] GC(114) Pause Young (Normal) (G1 Evacuation Pause)
[2023-10-12T15:38:40.603+0200][1682.555s] GC(114) Using 10 workers of 10 for evacuation
[2023-10-12T15:38:40.606+0200][1682.558s] GC(114)   Pre Evacuate Collection Set: 0.2ms
[2023-10-12T15:38:40.606+0200][1682.558s] GC(114)   Merge Heap Roots: 0.1ms
[2023-10-12T15:38:40.606+0200][1682.558s] GC(114)   Evacuate Collection Set: 2.2ms
[2023-10-12T15:38:40.606+0200][1682.558s] GC(114)   Post Evacuate Collection Set: 0.6ms
[2023-10-12T15:38:40.606+0200][1682.558s] GC(114)   Other: 0.1ms
[2023-10-12T15:38:40.606+0200][1682.558s] GC(114) Eden regions: 295->0(291)
[2023-10-12T15:38:40.606+0200][1682.558s] GC(114) Survivor regions: 12->16(39)
[2023-10-12T15:38:40.606+0200][1682.558s] GC(114) Old regions: 74->74
[2023-10-12T15:38:40.606+0200][1682.558s] GC(114) Archive regions: 0->0
[2023-10-12T15:38:40.606+0200][1682.558s] GC(114) Humongous regions: 4->4
[2023-10-12T15:38:40.606+0200][1682.558s] GC(114) Metaspace: 62048K(62784K)->62048K(62784K) NonClass: 55113K(55488K)->55113K(55488K) Class: 6934K(7296K)->6934K(7296K)
[2023-10-12T15:38:40.606+0200][1682.558s] GC(114) Pause Young (Normal) (G1 Evacuation Pause) 384M->92M(512M) 3.285ms
[2023-10-12T15:38:40.606+0200][1682.558s] GC(114) User=0.16s Sys=0.00s Real=0.00s
[2023-10-12T15:38:45.056+0200][1687.008s] GC(115) Pause Young (Normal) (G1 Evacuation Pause)
[2023-10-12T15:38:45.056+0200][1687.008s] GC(115) Using 10 workers of 10 for evacuation
[2023-10-12T15:38:45.059+0200][1687.012s] GC(115)   Pre Evacuate Collection Set: 0.1ms
[2023-10-12T15:38:45.059+0200][1687.012s] GC(115)   Merge Heap Roots: 0.1ms
[2023-10-12T15:38:45.059+0200][1687.012s] GC(115)   Evacuate Collection Set: 2.4ms
[2023-10-12T15:38:45.059+0200][1687.012s] GC(115)   Post Evacuate Collection Set: 0.4ms
[2023-10-12T15:38:45.059+0200][1687.012s] GC(115)   Other: 0.1ms
[2023-10-12T15:38:45.059+0200][1687.012s] GC(115) Eden regions: 291->0(289)
[2023-10-12T15:38:45.060+0200][1687.012s] GC(115) Survivor regions: 16->18(39)
[2023-10-12T15:38:45.060+0200][1687.012s] GC(115) Old regions: 74->74
[2023-10-12T15:38:45.060+0200][1687.012s] GC(115) Archive regions: 0->0
[2023-10-12T15:38:45.060+0200][1687.012s] GC(115) Humongous regions: 4->4
[2023-10-12T15:38:45.060+0200][1687.012s] GC(115) Metaspace: 62071K(62784K)->62071K(62784K) NonClass: 55136K(55488K)->55136K(55488K) Class: 6934K(7296K)->6934K(7296K)
[2023-10-12T15:38:45.060+0200][1687.012s] GC(115) Pause Young (Normal) (G1 Evacuation Pause) 383M->95M(512M) 3.399ms
[2023-10-12T15:38:45.060+0200][1687.012s] GC(115) User=0.16s Sys=0.00s Real=0.00s
[2023-10-12T15:38:49.307+0200][1691.259s] GC(116) Pause Young (Normal) (G1 Evacuation Pause)
[2023-10-12T15:38:49.307+0200][1691.259s] GC(116) Using 10 workers of 10 for evacuation
[2023-10-12T15:38:49.311+0200][1691.263s] GC(116)   Pre Evacuate Collection Set: 0.1ms
[2023-10-12T15:38:49.311+0200][1691.263s] GC(116)   Merge Heap Roots: 0.1ms
[2023-10-12T15:38:49.311+0200][1691.263s] GC(116)   Evacuate Collection Set: 3.0ms
[2023-10-12T15:38:49.311+0200][1691.263s] GC(116)   Post Evacuate Collection Set: 0.5ms
[2023-10-12T15:38:49.311+0200][1691.263s] GC(116)   Other: 0.1ms
[2023-10-12T15:38:49.311+0200][1691.263s] GC(116) Eden regions: 289->0(285)
[2023-10-12T15:38:49.311+0200][1691.263s] GC(116) Survivor regions: 18->22(39)
[2023-10-12T15:38:49.311+0200][1691.263s] GC(116) Old regions: 74->74
[2023-10-12T15:38:49.311+0200][1691.263s] GC(116) Archive regions: 0->0
[2023-10-12T15:38:49.311+0200][1691.263s] GC(116) Humongous regions: 4->4
[2023-10-12T15:38:49.311+0200][1691.263s] GC(116) Metaspace: 62075K(62784K)->62075K(62784K) NonClass: 55141K(55488K)->55141K(55488K) Class: 6934K(7296K)->6934K(7296K)
[2023-10-12T15:38:49.311+0200][1691.263s] GC(116) Pause Young (Normal) (G1 Evacuation Pause) 384M->98M(512M) 4.108ms
[2023-10-12T15:38:49.311+0200][1691.263s] GC(116) User=0.16s Sys=0.00s Real=0.00s
[2023-10-12T15:38:53.626+0200][1695.579s] GC(117) Pause Young (Normal) (G1 Evacuation Pause)
[2023-10-12T15:38:53.626+0200][1695.579s] GC(117) Using 10 workers of 10 for evacuation
[2023-10-12T15:38:53.631+0200][1695.584s] GC(117)   Pre Evacuate Collection Set: 0.1ms
[2023-10-12T15:38:53.631+0200][1695.584s] GC(117)   Merge Heap Roots: 0.1ms
[2023-10-12T15:38:53.631+0200][1695.584s] GC(117)   Evacuate Collection Set: 3.6ms
[2023-10-12T15:38:53.631+0200][1695.584s] GC(117)   Post Evacuate Collection Set: 0.6ms
[2023-10-12T15:38:53.631+0200][1695.584s] GC(117)   Other: 0.1ms
[2023-10-12T15:38:53.631+0200][1695.584s] GC(117) Eden regions: 285->0(287)
[2023-10-12T15:38:53.631+0200][1695.584s] GC(117) Survivor regions: 22->20(39)
[2023-10-12T15:38:53.631+0200][1695.584s] GC(117) Old regions: 74->77
[2023-10-12T15:38:53.631+0200][1695.584s] GC(117) Archive regions: 0->0
[2023-10-12T15:38:53.631+0200][1695.584s] GC(117) Humongous regions: 4->4
[2023-10-12T15:38:53.631+0200][1695.584s] GC(117) Metaspace: 62075K(62784K)->62075K(62784K) NonClass: 55141K(55488K)->55141K(55488K) Class: 6934K(7296K)->6934K(7296K)
[2023-10-12T15:38:53.631+0200][1695.584s] GC(117) Pause Young (Normal) (G1 Evacuation Pause) 383M->100M(512M) 4.765ms
[2023-10-12T15:38:53.631+0200][1695.584s] GC(117) User=0.00s Sys=0.00s Real=0.01s
[2023-10-12T15:38:57.914+0200][1699.867s] GC(118) Pause Young (Normal) (G1 Evacuation Pause)
[2023-10-12T15:38:57.914+0200][1699.867s] GC(118) Using 10 workers of 10 for evacuation
[2023-10-12T15:38:57.918+0200][1699.871s] GC(118)   Pre Evacuate Collection Set: 0.1ms
[2023-10-12T15:38:57.918+0200][1699.871s] GC(118)   Merge Heap Roots: 0.1ms
[2023-10-12T15:38:57.918+0200][1699.871s] GC(118)   Evacuate Collection Set: 3.7ms
[2023-10-12T15:38:57.918+0200][1699.871s] GC(118)   Post Evacuate Collection Set: 0.5ms
[2023-10-12T15:38:57.918+0200][1699.871s] GC(118)   Other: 0.1ms
[2023-10-12T15:38:57.918+0200][1699.871s] GC(118) Eden regions: 287->0(285)
[2023-10-12T15:38:57.918+0200][1699.871s] GC(118) Survivor regions: 20->22(39)
[2023-10-12T15:38:57.918+0200][1699.871s] GC(118) Old regions: 77->81
[2023-10-12T15:38:57.918+0200][1699.871s] GC(118) Archive regions: 0->0
[2023-10-12T15:38:57.918+0200][1699.871s] GC(118) Humongous regions: 4->4
[2023-10-12T15:38:57.918+0200][1699.871s] GC(118) Metaspace: 62075K(62784K)->62075K(62784K) NonClass: 55141K(55488K)->55141K(55488K) Class: 6934K(7296K)->6934K(7296K)
[2023-10-12T15:38:57.918+0200][1699.871s] GC(118) Pause Young (Normal) (G1 Evacuation Pause) 387M->105M(512M) 4.613ms
[2023-10-12T15:38:57.919+0200][1699.871s] GC(118) User=0.16s Sys=0.00s Real=0.00s
[2023-10-12T15:39:01.995+0200][1703.947s] GC(119) Pause Young (Normal) (G1 Evacuation Pause)
[2023-10-12T15:39:01.995+0200][1703.947s] GC(119) Using 10 workers of 10 for evacuation
[2023-10-12T15:39:01.999+0200][1703.951s] GC(119)   Pre Evacuate Collection Set: 0.1ms
[2023-10-12T15:39:01.999+0200][1703.951s] GC(119)   Merge Heap Roots: 0.1ms
[2023-10-12T15:39:01.999+0200][1703.951s] GC(119)   Evacuate Collection Set: 3.2ms
[2023-10-12T15:39:01.999+0200][1703.951s] GC(119)   Post Evacuate Collection Set: 0.6ms
[2023-10-12T15:39:01.999+0200][1703.951s] GC(119)   Other: 0.1ms
[2023-10-12T15:39:01.999+0200][1703.951s] GC(119) Eden regions: 285->0(287)
[2023-10-12T15:39:01.999+0200][1703.951s] GC(119) Survivor regions: 22->20(39)
[2023-10-12T15:39:01.999+0200][1703.951s] GC(119) Old regions: 81->84
[2023-10-12T15:39:01.999+0200][1703.951s] GC(119) Archive regions: 0->0
[2023-10-12T15:39:01.999+0200][1703.951s] GC(119) Humongous regions: 4->4
[2023-10-12T15:39:01.999+0200][1703.951s] GC(119) Metaspace: 62081K(62784K)->62081K(62784K) NonClass: 55147K(55488K)->55147K(55488K) Class: 6934K(7296K)->6934K(7296K)
[2023-10-12T15:39:01.999+0200][1703.951s] GC(119) Pause Young (Normal) (G1 Evacuation Pause) 390M->107M(512M) 4.398ms
[2023-10-12T15:39:01.999+0200][1703.952s] GC(119) User=0.16s Sys=0.00s Real=0.00s
[2023-10-12T15:39:06.302+0200][1708.254s] GC(120) Pause Young (Normal) (G1 Evacuation Pause)
[2023-10-12T15:39:06.302+0200][1708.254s] GC(120) Using 10 workers of 10 for evacuation
[2023-10-12T15:39:06.306+0200][1708.258s] GC(120)   Pre Evacuate Collection Set: 0.1ms
[2023-10-12T15:39:06.306+0200][1708.258s] GC(120)   Merge Heap Roots: 0.1ms
[2023-10-12T15:39:06.306+0200][1708.258s] GC(120)   Evacuate Collection Set: 3.3ms
[2023-10-12T15:39:06.306+0200][1708.258s] GC(120)   Post Evacuate Collection Set: 0.6ms
[2023-10-12T15:39:06.306+0200][1708.258s] GC(120)   Other: 0.1ms
[2023-10-12T15:39:06.306+0200][1708.258s] GC(120) Eden regions: 287->0(283)
[2023-10-12T15:39:06.306+0200][1708.258s] GC(120) Survivor regions: 20->24(39)
[2023-10-12T15:39:06.306+0200][1708.258s] GC(120) Old regions: 84->84
[2023-10-12T15:39:06.306+0200][1708.258s] GC(120) Archive regions: 0->0
[2023-10-12T15:39:06.306+0200][1708.258s] GC(120) Humongous regions: 4->4
[2023-10-12T15:39:06.306+0200][1708.258s] GC(120) Metaspace: 62081K(62784K)->62081K(62784K) NonClass: 55147K(55488K)->55147K(55488K) Class: 6934K(7296K)->6934K(7296K)
[2023-10-12T15:39:06.306+0200][1708.258s] GC(120) Pause Young (Normal) (G1 Evacuation Pause) 394M->110M(512M) 4.419ms
[2023-10-12T15:39:06.306+0200][1708.258s] GC(120) User=0.00s Sys=0.00s Real=0.00s
[2023-10-12T15:39:10.644+0200][1712.596s] GC(121) Pause Young (Normal) (G1 Evacuation Pause)
[2023-10-12T15:39:10.644+0200][1712.596s] GC(121) Using 10 workers of 10 for evacuation
[2023-10-12T15:39:10.649+0200][1712.601s] GC(121)   Pre Evacuate Collection Set: 0.1ms
[2023-10-12T15:39:10.649+0200][1712.601s] GC(121)   Merge Heap Roots: 0.2ms
[2023-10-12T15:39:10.649+0200][1712.601s] GC(121)   Evacuate Collection Set: 3.6ms
[2023-10-12T15:39:10.649+0200][1712.601s] GC(121)   Post Evacuate Collection Set: 0.6ms
[2023-10-12T15:39:10.649+0200][1712.601s] GC(121)   Other: 0.1ms
[2023-10-12T15:39:10.649+0200][1712.601s] GC(121) Eden regions: 283->0(283)
[2023-10-12T15:39:10.649+0200][1712.601s] GC(121) Survivor regions: 24->24(39)
[2023-10-12T15:39:10.649+0200][1712.601s] GC(121) Old regions: 84->87
[2023-10-12T15:39:10.649+0200][1712.601s] GC(121) Archive regions: 0->0
[2023-10-12T15:39:10.649+0200][1712.601s] GC(121) Humongous regions: 4->4
[2023-10-12T15:39:10.649+0200][1712.601s] GC(121) Metaspace: 62081K(62784K)->62081K(62784K) NonClass: 55147K(55488K)->55147K(55488K) Class: 6934K(7296K)->6934K(7296K)
[2023-10-12T15:39:10.649+0200][1712.601s] GC(121) Pause Young (Normal) (G1 Evacuation Pause) 393M->114M(512M) 4.783ms
[2023-10-12T15:39:10.649+0200][1712.601s] GC(121) User=0.00s Sys=0.00s Real=0.00s
[2023-10-12T15:39:14.835+0200][1716.787s] GC(122) Pause Young (Normal) (G1 Evacuation Pause)
[2023-10-12T15:39:14.835+0200][1716.787s] GC(122) Using 10 workers of 10 for evacuation
[2023-10-12T15:39:14.839+0200][1716.791s] GC(122)   Pre Evacuate Collection Set: 0.1ms
[2023-10-12T15:39:14.839+0200][1716.791s] GC(122)   Merge Heap Roots: 0.1ms
[2023-10-12T15:39:14.839+0200][1716.791s] GC(122)   Evacuate Collection Set: 3.5ms
[2023-10-12T15:39:14.839+0200][1716.791s] GC(122)   Post Evacuate Collection Set: 0.6ms
[2023-10-12T15:39:14.839+0200][1716.791s] GC(122)   Other: 0.1ms
[2023-10-12T15:39:14.839+0200][1716.791s] GC(122) Eden regions: 283->0(282)
[2023-10-12T15:39:14.839+0200][1716.791s] GC(122) Survivor regions: 24->25(39)
[2023-10-12T15:39:14.839+0200][1716.791s] GC(122) Old regions: 87->90
[2023-10-12T15:39:14.839+0200][1716.791s] GC(122) Archive regions: 0->0
[2023-10-12T15:39:14.839+0200][1716.791s] GC(122) Humongous regions: 4->4
[2023-10-12T15:39:14.839+0200][1716.791s] GC(122) Metaspace: 62081K(62784K)->62081K(62784K) NonClass: 55147K(55488K)->55147K(55488K) Class: 6934K(7296K)->6934K(7296K)
[2023-10-12T15:39:14.839+0200][1716.791s] GC(122) Pause Young (Normal) (G1 Evacuation Pause) 397M->118M(512M) 4.573ms
[2023-10-12T15:39:14.839+0200][1716.791s] GC(122) User=0.00s Sys=0.00s Real=0.00s
[2023-10-12T15:39:19.053+0200][1721.005s] GC(123) Pause Young (Normal) (G1 Evacuation Pause)
[2023-10-12T15:39:19.053+0200][1721.005s] GC(123) Using 10 workers of 10 for evacuation
[2023-10-12T15:39:19.058+0200][1721.010s] GC(123)   Pre Evacuate Collection Set: 0.1ms
[2023-10-12T15:39:19.058+0200][1721.010s] GC(123)   Merge Heap Roots: 0.1ms
[2023-10-12T15:39:19.058+0200][1721.010s] GC(123)   Evacuate Collection Set: 3.6ms
[2023-10-12T15:39:19.058+0200][1721.010s] GC(123)   Post Evacuate Collection Set: 0.5ms
[2023-10-12T15:39:19.058+0200][1721.010s] GC(123)   Other: 0.1ms
[2023-10-12T15:39:19.058+0200][1721.010s] GC(123) Eden regions: 282->0(283)
[2023-10-12T15:39:19.058+0200][1721.010s] GC(123) Survivor regions: 25->24(39)
[2023-10-12T15:39:19.058+0200][1721.010s] GC(123) Old regions: 90->93
[2023-10-12T15:39:19.058+0200][1721.010s] GC(123) Archive regions: 0->0
[2023-10-12T15:39:19.058+0200][1721.010s] GC(123) Humongous regions: 4->4
[2023-10-12T15:39:19.058+0200][1721.010s] GC(123) Metaspace: 62081K(62784K)->62081K(62784K) NonClass: 55147K(55488K)->55147K(55488K) Class: 6934K(7296K)->6934K(7296K)
[2023-10-12T15:39:19.058+0200][1721.010s] GC(123) Pause Young (Normal) (G1 Evacuation Pause) 400M->120M(512M) 4.501ms
[2023-10-12T15:39:19.058+0200][1721.010s] GC(123) User=0.00s Sys=0.00s Real=0.01s
[2023-10-12T15:39:22.904+0200][1724.857s] GC(124) Pause Young (Normal) (G1 Evacuation Pause)
[2023-10-12T15:39:22.904+0200][1724.857s] GC(124) Using 10 workers of 10 for evacuation
[2023-10-12T15:39:22.909+0200][1724.861s] GC(124)   Pre Evacuate Collection Set: 0.1ms
[2023-10-12T15:39:22.909+0200][1724.861s] GC(124)   Merge Heap Roots: 0.1ms
[2023-10-12T15:39:22.909+0200][1724.861s] GC(124)   Evacuate Collection Set: 3.7ms
[2023-10-12T15:39:22.909+0200][1724.861s] GC(124)   Post Evacuate Collection Set: 0.4ms
[2023-10-12T15:39:22.909+0200][1724.861s] GC(124)   Other: 0.1ms
[2023-10-12T15:39:22.909+0200][1724.861s] GC(124) Eden regions: 283->0(283)
[2023-10-12T15:39:22.909+0200][1724.861s] GC(124) Survivor regions: 24->24(39)
[2023-10-12T15:39:22.909+0200][1724.861s] GC(124) Old regions: 93->97
[2023-10-12T15:39:22.909+0200][1724.861s] GC(124) Archive regions: 0->0
[2023-10-12T15:39:22.909+0200][1724.861s] GC(124) Humongous regions: 4->4
[2023-10-12T15:39:22.909+0200][1724.861s] GC(124) Metaspace: 62081K(62784K)->62081K(62784K) NonClass: 55147K(55488K)->55147K(55488K) Class: 6934K(7296K)->6934K(7296K)
[2023-10-12T15:39:22.909+0200][1724.861s] GC(124) Pause Young (Normal) (G1 Evacuation Pause) 403M->123M(512M) 4.686ms
[2023-10-12T15:39:22.909+0200][1724.861s] GC(124) User=0.00s Sys=0.00s Real=0.00s
[2023-10-12T15:39:27.149+0200][1729.101s] GC(125) Pause Young (Normal) (G1 Evacuation Pause)
[2023-10-12T15:39:27.149+0200][1729.101s] GC(125) Using 10 workers of 10 for evacuation
[2023-10-12T15:39:27.154+0200][1729.106s] GC(125)   Pre Evacuate Collection Set: 0.1ms
[2023-10-12T15:39:27.154+0200][1729.106s] GC(125)   Merge Heap Roots: 0.1ms
[2023-10-12T15:39:27.154+0200][1729.106s] GC(125)   Evacuate Collection Set: 3.8ms
[2023-10-12T15:39:27.154+0200][1729.106s] GC(125)   Post Evacuate Collection Set: 0.6ms
[2023-10-12T15:39:27.154+0200][1729.106s] GC(125)   Other: 0.1ms
[2023-10-12T15:39:27.154+0200][1729.106s] GC(125) Eden regions: 283->0(283)
[2023-10-12T15:39:27.154+0200][1729.106s] GC(125) Survivor regions: 24->24(39)
[2023-10-12T15:39:27.154+0200][1729.106s] GC(125) Old regions: 97->100
[2023-10-12T15:39:27.154+0200][1729.106s] GC(125) Archive regions: 0->0
[2023-10-12T15:39:27.154+0200][1729.106s] GC(125) Humongous regions: 4->4
[2023-10-12T15:39:27.154+0200][1729.106s] GC(125) Metaspace: 62081K(62784K)->62081K(62784K) NonClass: 55147K(55488K)->55147K(55488K) Class: 6934K(7296K)->6934K(7296K)
[2023-10-12T15:39:27.154+0200][1729.106s] GC(125) Pause Young (Normal) (G1 Evacuation Pause) 406M->127M(512M) 5.029ms
[2023-10-12T15:39:27.154+0200][1729.106s] GC(125) User=0.16s Sys=0.00s Real=0.01s
[2023-10-12T15:39:31.326+0200][1733.278s] GC(126) Pause Young (Normal) (G1 Evacuation Pause)
[2023-10-12T15:39:31.326+0200][1733.278s] GC(126) Using 10 workers of 10 for evacuation
[2023-10-12T15:39:31.330+0200][1733.283s] GC(126)   Pre Evacuate Collection Set: 0.1ms
[2023-10-12T15:39:31.330+0200][1733.283s] GC(126)   Merge Heap Roots: 0.1ms
[2023-10-12T15:39:31.330+0200][1733.283s] GC(126)   Evacuate Collection Set: 3.9ms
[2023-10-12T15:39:31.331+0200][1733.283s] GC(126)   Post Evacuate Collection Set: 0.5ms
[2023-10-12T15:39:31.331+0200][1733.283s] GC(126)   Other: 0.1ms
[2023-10-12T15:39:31.331+0200][1733.283s] GC(126) Eden regions: 283->0(283)
[2023-10-12T15:39:31.331+0200][1733.283s] GC(126) Survivor regions: 24->24(39)
[2023-10-12T15:39:31.331+0200][1733.283s] GC(126) Old regions: 100->103
[2023-10-12T15:39:31.331+0200][1733.283s] GC(126) Archive regions: 0->0
[2023-10-12T15:39:31.331+0200][1733.283s] GC(126) Humongous regions: 4->4
[2023-10-12T15:39:31.331+0200][1733.283s] GC(126) Metaspace: 62081K(62784K)->62081K(62784K) NonClass: 55147K(55488K)->55147K(55488K) Class: 6934K(7296K)->6934K(7296K)
[2023-10-12T15:39:31.331+0200][1733.283s] GC(126) Pause Young (Normal) (G1 Evacuation Pause) 410M->129M(512M) 4.943ms
[2023-10-12T15:39:31.331+0200][1733.283s] GC(126) User=0.00s Sys=0.00s Real=0.01s
[2023-10-12T15:39:35.581+0200][1737.534s] GC(127) Pause Young (Normal) (G1 Evacuation Pause)
[2023-10-12T15:39:35.581+0200][1737.534s] GC(127) Using 10 workers of 10 for evacuation
[2023-10-12T15:39:35.585+0200][1737.538s] GC(127)   Pre Evacuate Collection Set: 0.1ms
[2023-10-12T15:39:35.585+0200][1737.538s] GC(127)   Merge Heap Roots: 0.1ms
[2023-10-12T15:39:35.585+0200][1737.538s] GC(127)   Evacuate Collection Set: 3.7ms
[2023-10-12T15:39:35.585+0200][1737.538s] GC(127)   Post Evacuate Collection Set: 0.4ms
[2023-10-12T15:39:35.585+0200][1737.538s] GC(127)   Other: 0.1ms
[2023-10-12T15:39:35.585+0200][1737.538s] GC(127) Eden regions: 283->0(283)
[2023-10-12T15:39:35.585+0200][1737.538s] GC(127) Survivor regions: 24->24(39)
[2023-10-12T15:39:35.585+0200][1737.538s] GC(127) Old regions: 103->106
[2023-10-12T15:39:35.585+0200][1737.538s] GC(127) Archive regions: 0->0
[2023-10-12T15:39:35.585+0200][1737.538s] GC(127) Humongous regions: 4->4
[2023-10-12T15:39:35.586+0200][1737.538s] GC(127) Metaspace: 62081K(62784K)->62081K(62784K) NonClass: 55147K(55488K)->55147K(55488K) Class: 6934K(7296K)->6934K(7296K)
[2023-10-12T15:39:35.586+0200][1737.538s] GC(127) Pause Young (Normal) (G1 Evacuation Pause) 412M->132M(512M) 4.689ms
[2023-10-12T15:39:35.586+0200][1737.538s] GC(127) User=0.00s Sys=0.00s Real=0.00s
[2023-10-12T15:39:40.550+0200][1742.502s] GC(128) Pause Young (Normal) (G1 Evacuation Pause)
[2023-10-12T15:39:40.550+0200][1742.502s] GC(128) Using 10 workers of 10 for evacuation
[2023-10-12T15:39:40.555+0200][1742.507s] GC(128)   Pre Evacuate Collection Set: 0.1ms
[2023-10-12T15:39:40.555+0200][1742.507s] GC(128)   Merge Heap Roots: 0.1ms
[2023-10-12T15:39:40.555+0200][1742.507s] GC(128)   Evacuate Collection Set: 3.9ms
[2023-10-12T15:39:40.555+0200][1742.507s] GC(128)   Post Evacuate Collection Set: 0.6ms
[2023-10-12T15:39:40.555+0200][1742.507s] GC(128)   Other: 0.1ms
[2023-10-12T15:39:40.555+0200][1742.507s] GC(128) Eden regions: 283->0(284)
[2023-10-12T15:39:40.555+0200][1742.507s] GC(128) Survivor regions: 24->23(39)
[2023-10-12T15:39:40.555+0200][1742.507s] GC(128) Old regions: 106->109
[2023-10-12T15:39:40.555+0200][1742.507s] GC(128) Archive regions: 0->0
[2023-10-12T15:39:40.555+0200][1742.507s] GC(128) Humongous regions: 4->4
[2023-10-12T15:39:40.555+0200][1742.507s] GC(128) Metaspace: 62081K(62784K)->62081K(62784K) NonClass: 55147K(55488K)->55147K(55488K) Class: 6934K(7296K)->6934K(7296K)
[2023-10-12T15:39:40.555+0200][1742.507s] GC(128) Pause Young (Normal) (G1 Evacuation Pause) 415M->135M(512M) 4.990ms
[2023-10-12T15:39:40.555+0200][1742.507s] GC(128) User=0.00s Sys=0.00s Real=0.01s
[2023-10-12T15:39:44.953+0200][1746.905s] GC(129) Pause Young (Normal) (G1 Evacuation Pause)
[2023-10-12T15:39:44.953+0200][1746.905s] GC(129) Using 10 workers of 10 for evacuation
[2023-10-12T15:39:44.958+0200][1746.910s] GC(129)   Pre Evacuate Collection Set: 0.1ms
[2023-10-12T15:39:44.958+0200][1746.910s] GC(129)   Merge Heap Roots: 0.1ms
[2023-10-12T15:39:44.958+0200][1746.910s] GC(129)   Evacuate Collection Set: 3.8ms
[2023-10-12T15:39:44.958+0200][1746.910s] GC(129)   Post Evacuate Collection Set: 0.7ms
[2023-10-12T15:39:44.958+0200][1746.910s] GC(129)   Other: 0.1ms
[2023-10-12T15:39:44.958+0200][1746.910s] GC(129) Eden regions: 284->0(283)
[2023-10-12T15:39:44.958+0200][1746.910s] GC(129) Survivor regions: 23->24(39)
[2023-10-12T15:39:44.958+0200][1746.910s] GC(129) Old regions: 109->112
[2023-10-12T15:39:44.958+0200][1746.910s] GC(129) Archive regions: 0->0
[2023-10-12T15:39:44.958+0200][1746.910s] GC(129) Humongous regions: 4->4
[2023-10-12T15:39:44.958+0200][1746.910s] GC(129) Metaspace: 62081K(62784K)->62081K(62784K) NonClass: 55147K(55488K)->55147K(55488K) Class: 6934K(7296K)->6934K(7296K)
[2023-10-12T15:39:44.958+0200][1746.910s] GC(129) Pause Young (Normal) (G1 Evacuation Pause) 419M->138M(512M) 4.970ms
[2023-10-12T15:39:44.958+0200][1746.910s] GC(129) User=0.00s Sys=0.00s Real=0.00s
[2023-10-12T15:39:49.062+0200][1751.015s] GC(130) Pause Young (Normal) (G1 Evacuation Pause)
[2023-10-12T15:39:49.062+0200][1751.015s] GC(130) Using 10 workers of 10 for evacuation
[2023-10-12T15:39:49.067+0200][1751.020s] GC(130)   Pre Evacuate Collection Set: 0.1ms
[2023-10-12T15:39:49.067+0200][1751.020s] GC(130)   Merge Heap Roots: 0.1ms
[2023-10-12T15:39:49.068+0200][1751.020s] GC(130)   Evacuate Collection Set: 4.0ms
[2023-10-12T15:39:49.068+0200][1751.020s] GC(130)   Post Evacuate Collection Set: 0.6ms
[2023-10-12T15:39:49.068+0200][1751.020s] GC(130)   Other: 0.1ms
[2023-10-12T15:39:49.068+0200][1751.020s] GC(130) Eden regions: 283->0(283)
[2023-10-12T15:39:49.068+0200][1751.020s] GC(130) Survivor regions: 24->24(39)
[2023-10-12T15:39:49.068+0200][1751.020s] GC(130) Old regions: 112->115
[2023-10-12T15:39:49.068+0200][1751.020s] GC(130) Archive regions: 0->0
[2023-10-12T15:39:49.068+0200][1751.020s] GC(130) Humongous regions: 4->4
[2023-10-12T15:39:49.068+0200][1751.020s] GC(130) Metaspace: 62081K(62784K)->62081K(62784K) NonClass: 55147K(55488K)->55147K(55488K) Class: 6934K(7296K)->6934K(7296K)
[2023-10-12T15:39:49.068+0200][1751.020s] GC(130) Pause Young (Normal) (G1 Evacuation Pause) 421M->142M(512M) 5.144ms
[2023-10-12T15:39:49.068+0200][1751.020s] GC(130) User=0.00s Sys=0.00s Real=0.01s
[2023-10-12T15:39:53.279+0200][1755.231s] GC(131) Pause Young (Normal) (G1 Evacuation Pause)
[2023-10-12T15:39:53.279+0200][1755.231s] GC(131) Using 10 workers of 10 for evacuation
[2023-10-12T15:39:53.284+0200][1755.236s] GC(131)   Pre Evacuate Collection Set: 0.1ms
[2023-10-12T15:39:53.284+0200][1755.236s] GC(131)   Merge Heap Roots: 0.1ms
[2023-10-12T15:39:53.284+0200][1755.236s] GC(131)   Evacuate Collection Set: 3.7ms
[2023-10-12T15:39:53.284+0200][1755.236s] GC(131)   Post Evacuate Collection Set: 0.7ms
[2023-10-12T15:39:53.284+0200][1755.236s] GC(131)   Other: 0.1ms
[2023-10-12T15:39:53.284+0200][1755.236s] GC(131) Eden regions: 283->0(283)
[2023-10-12T15:39:53.284+0200][1755.236s] GC(131) Survivor regions: 24->24(39)
[2023-10-12T15:39:53.284+0200][1755.236s] GC(131) Old regions: 115->118
[2023-10-12T15:39:53.284+0200][1755.236s] GC(131) Archive regions: 0->0
[2023-10-12T15:39:53.284+0200][1755.236s] GC(131) Humongous regions: 4->4
[2023-10-12T15:39:53.284+0200][1755.236s] GC(131) Metaspace: 62081K(62784K)->62081K(62784K) NonClass: 55147K(55488K)->55147K(55488K) Class: 6934K(7296K)->6934K(7296K)
[2023-10-12T15:39:53.284+0200][1755.236s] GC(131) Pause Young (Normal) (G1 Evacuation Pause) 425M->145M(512M) 4.786ms
[2023-10-12T15:39:53.284+0200][1755.236s] GC(131) User=0.00s Sys=0.00s Real=0.00s
[2023-10-12T15:39:57.110+0200][1759.062s] GC(132) Pause Young (Concurrent Start) (G1 Evacuation Pause)
[2023-10-12T15:39:57.110+0200][1759.062s] GC(132) Using 10 workers of 10 for evacuation
[2023-10-12T15:39:57.115+0200][1759.067s] GC(132)   Pre Evacuate Collection Set: 0.2ms
[2023-10-12T15:39:57.115+0200][1759.067s] GC(132)   Merge Heap Roots: 0.1ms
[2023-10-12T15:39:57.115+0200][1759.067s] GC(132)   Evacuate Collection Set: 3.9ms
[2023-10-12T15:39:57.115+0200][1759.067s] GC(132)   Post Evacuate Collection Set: 0.7ms
[2023-10-12T15:39:57.115+0200][1759.067s] GC(132)   Other: 0.1ms
[2023-10-12T15:39:57.115+0200][1759.067s] GC(132) Eden regions: 283->0(284)
[2023-10-12T15:39:57.115+0200][1759.067s] GC(132) Survivor regions: 24->23(39)
[2023-10-12T15:39:57.115+0200][1759.067s] GC(132) Old regions: 118->121
[2023-10-12T15:39:57.115+0200][1759.067s] GC(132) Archive regions: 0->0
[2023-10-12T15:39:57.115+0200][1759.067s] GC(132) Humongous regions: 4->4
[2023-10-12T15:39:57.115+0200][1759.067s] GC(132) Metaspace: 62086K(62784K)->62086K(62784K) NonClass: 55151K(55488K)->55151K(55488K) Class: 6934K(7296K)->6934K(7296K)
[2023-10-12T15:39:57.115+0200][1759.067s] GC(132) Pause Young (Concurrent Start) (G1 Evacuation Pause) 428M->147M(512M) 5.280ms
[2023-10-12T15:39:57.115+0200][1759.067s] GC(132) User=0.00s Sys=0.00s Real=0.01s
[2023-10-12T15:39:57.115+0200][1759.067s] GC(133) Concurrent Mark Cycle
[2023-10-12T15:39:57.115+0200][1759.067s] GC(133) Concurrent Clear Claimed Marks
[2023-10-12T15:39:57.115+0200][1759.067s] GC(133) Concurrent Clear Claimed Marks 0.031ms
[2023-10-12T15:39:57.115+0200][1759.067s] GC(133) Concurrent Scan Root Regions
[2023-10-12T15:39:57.116+0200][1759.068s] GC(133) Concurrent Scan Root Regions 1.215ms
[2023-10-12T15:39:57.116+0200][1759.068s] GC(133) Concurrent Mark
[2023-10-12T15:39:57.116+0200][1759.068s] GC(133) Concurrent Mark From Roots
[2023-10-12T15:39:57.116+0200][1759.068s] GC(133) Using 3 workers of 3 for marking
[2023-10-12T15:39:57.142+0200][1759.094s] GC(133) Concurrent Mark From Roots 25.709ms
[2023-10-12T15:39:57.142+0200][1759.094s] GC(133) Concurrent Preclean
[2023-10-12T15:39:57.142+0200][1759.094s] GC(133) Concurrent Preclean 0.164ms
[2023-10-12T15:39:57.142+0200][1759.094s] GC(133) Pause Remark
[2023-10-12T15:39:57.147+0200][1759.098s] GC(133) Pause Remark 150M->150M(512M) 4.077ms
[2023-10-12T15:39:57.147+0200][1759.099s] GC(133) User=0.00s Sys=0.00s Real=0.01s
[2023-10-12T15:39:57.147+0200][1759.099s] GC(133) Concurrent Mark 30.220ms
[2023-10-12T15:39:57.147+0200][1759.099s] GC(133) Concurrent Rebuild Remembered Sets
[2023-10-12T15:39:57.159+0200][1759.112s] GC(133) Concurrent Rebuild Remembered Sets 13.778ms
[2023-10-12T15:39:57.160+0200][1759.113s] GC(133) Pause Cleanup
[2023-10-12T15:39:57.160+0200][1759.113s] GC(133) Pause Cleanup 150M->150M(512M) 0.175ms
[2023-10-12T15:39:57.160+0200][1759.113s] GC(133) User=0.00s Sys=0.00s Real=0.00s
[2023-10-12T15:39:57.160+0200][1759.113s] GC(133) Concurrent Cleanup for Next Mark
[2023-10-12T15:39:57.161+0200][1759.114s] GC(133) Concurrent Cleanup for Next Mark 0.693ms
[2023-10-12T15:39:57.161+0200][1759.114s] GC(133) Concurrent Mark Cycle 46.525ms
[2023-10-12T15:42:06.672+0200][1888.624s] GC(134) Pause Young (Prepare Mixed) (G1 Evacuation Pause)
[2023-10-12T15:42:06.672+0200][1888.624s] GC(134) Using 10 workers of 10 for evacuation
[2023-10-12T15:42:06.676+0200][1888.629s] GC(134)   Pre Evacuate Collection Set: 0.1ms
[2023-10-12T15:42:06.676+0200][1888.629s] GC(134)   Merge Heap Roots: 0.1ms
[2023-10-12T15:42:06.676+0200][1888.629s] GC(134)   Evacuate Collection Set: 3.6ms
[2023-10-12T15:42:06.676+0200][1888.629s] GC(134)   Post Evacuate Collection Set: 0.4ms
[2023-10-12T15:42:06.676+0200][1888.629s] GC(134)   Other: 0.1ms
[2023-10-12T15:42:06.676+0200][1888.629s] GC(134) Eden regions: 284->0(4)
[2023-10-12T15:42:06.676+0200][1888.629s] GC(134) Survivor regions: 23->21(39)
[2023-10-12T15:42:06.676+0200][1888.629s] GC(134) Old regions: 121->124
[2023-10-12T15:42:06.676+0200][1888.629s] GC(134) Archive regions: 0->0
[2023-10-12T15:42:06.676+0200][1888.629s] GC(134) Humongous regions: 4->4
[2023-10-12T15:42:06.676+0200][1888.629s] GC(134) Metaspace: 62093K(62784K)->62093K(62784K) NonClass: 55157K(55488K)->55157K(55488K) Class: 6935K(7296K)->6935K(7296K)
[2023-10-12T15:42:06.676+0200][1888.629s] GC(134) Pause Young (Prepare Mixed) (G1 Evacuation Pause) 431M->147M(512M) 4.622ms
[2023-10-12T15:42:06.676+0200][1888.629s] GC(134) User=0.00s Sys=0.00s Real=0.00s
[2023-10-12T15:42:06.744+0200][1888.696s] GC(135) Pause Young (Mixed) (G1 Evacuation Pause)
[2023-10-12T15:42:06.744+0200][1888.696s] GC(135) Using 10 workers of 10 for evacuation
[2023-10-12T15:42:06.748+0200][1888.701s] GC(135)   Pre Evacuate Collection Set: 0.1ms
[2023-10-12T15:42:06.748+0200][1888.701s] GC(135)   Merge Heap Roots: 0.1ms
[2023-10-12T15:42:06.748+0200][1888.701s] GC(135)   Evacuate Collection Set: 3.4ms
[2023-10-12T15:42:06.748+0200][1888.701s] GC(135)   Post Evacuate Collection Set: 0.4ms
[2023-10-12T15:42:06.748+0200][1888.701s] GC(135)   Other: 0.1ms
[2023-10-12T15:42:06.748+0200][1888.701s] GC(135) Eden regions: 4->0(301)
[2023-10-12T15:42:06.748+0200][1888.701s] GC(135) Survivor regions: 21->2(4)
[2023-10-12T15:42:06.748+0200][1888.701s] GC(135) Old regions: 124->137
[2023-10-12T15:42:06.748+0200][1888.701s] GC(135) Archive regions: 0->0
[2023-10-12T15:42:06.748+0200][1888.701s] GC(135) Humongous regions: 4->4
[2023-10-12T15:42:06.748+0200][1888.701s] GC(135) Metaspace: 62093K(62784K)->62093K(62784K) NonClass: 55157K(55488K)->55157K(55488K) Class: 6935K(7296K)->6935K(7296K)
[2023-10-12T15:42:06.748+0200][1888.701s] GC(135) Pause Young (Mixed) (G1 Evacuation Pause) 151M->142M(512M) 4.274ms
[2023-10-12T15:42:06.748+0200][1888.701s] GC(135) User=0.16s Sys=0.00s Real=0.00s
[2023-10-12T15:42:11.718+0200][1893.670s] GC(136) Pause Young (Normal) (G1 Evacuation Pause)
[2023-10-12T15:42:11.718+0200][1893.670s] GC(136) Using 10 workers of 10 for evacuation
[2023-10-12T15:42:11.719+0200][1893.672s] GC(136)   Pre Evacuate Collection Set: 0.1ms
[2023-10-12T15:42:11.719+0200][1893.672s] GC(136)   Merge Heap Roots: 0.1ms
[2023-10-12T15:42:11.719+0200][1893.672s] GC(136)   Evacuate Collection Set: 0.7ms
[2023-10-12T15:42:11.719+0200][1893.672s] GC(136)   Post Evacuate Collection Set: 0.5ms
[2023-10-12T15:42:11.719+0200][1893.672s] GC(136)   Other: 0.1ms
[2023-10-12T15:42:11.719+0200][1893.672s] GC(136) Eden regions: 301->0(298)
[2023-10-12T15:42:11.719+0200][1893.672s] GC(136) Survivor regions: 2->5(38)
[2023-10-12T15:42:11.719+0200][1893.672s] GC(136) Old regions: 137->137
[2023-10-12T15:42:11.719+0200][1893.672s] GC(136) Archive regions: 0->0
[2023-10-12T15:42:11.719+0200][1893.672s] GC(136) Humongous regions: 4->4
[2023-10-12T15:42:11.719+0200][1893.672s] GC(136) Metaspace: 62093K(62784K)->62093K(62784K) NonClass: 55157K(55488K)->55157K(55488K) Class: 6935K(7296K)->6935K(7296K)
[2023-10-12T15:42:11.719+0200][1893.672s] GC(136) Pause Young (Normal) (G1 Evacuation Pause) 443M->144M(512M) 1.657ms
[2023-10-12T15:42:11.719+0200][1893.672s] GC(136) User=0.00s Sys=0.00s Real=0.00s
[2023-10-12T15:42:16.468+0200][1898.420s] GC(137) Pause Young (Normal) (G1 Evacuation Pause)
[2023-10-12T15:42:16.468+0200][1898.420s] GC(137) Using 10 workers of 10 for evacuation
[2023-10-12T15:42:16.469+0200][1898.422s] GC(137)   Pre Evacuate Collection Set: 0.1ms
[2023-10-12T15:42:16.470+0200][1898.422s] GC(137)   Merge Heap Roots: 0.1ms
[2023-10-12T15:42:16.470+0200][1898.422s] GC(137)   Evacuate Collection Set: 1.1ms
[2023-10-12T15:42:16.470+0200][1898.422s] GC(137)   Post Evacuate Collection Set: 0.5ms
[2023-10-12T15:42:16.470+0200][1898.422s] GC(137)   Other: 0.1ms
[2023-10-12T15:42:16.470+0200][1898.422s] GC(137) Eden regions: 298->0(295)
[2023-10-12T15:42:16.470+0200][1898.422s] GC(137) Survivor regions: 5->8(38)
[2023-10-12T15:42:16.470+0200][1898.422s] GC(137) Old regions: 137->137
[2023-10-12T15:42:16.470+0200][1898.422s] GC(137) Archive regions: 0->0
[2023-10-12T15:42:16.470+0200][1898.422s] GC(137) Humongous regions: 4->4
[2023-10-12T15:42:16.470+0200][1898.422s] GC(137) Metaspace: 62107K(62784K)->62107K(62784K) NonClass: 55171K(55488K)->55171K(55488K) Class: 6935K(7296K)->6935K(7296K)
[2023-10-12T15:42:16.470+0200][1898.423s] GC(137) Pause Young (Normal) (G1 Evacuation Pause) 442M->148M(512M) 2.192ms
[2023-10-12T15:42:16.470+0200][1898.423s] GC(137) User=0.00s Sys=0.00s Real=0.00s
[2023-10-12T15:42:21.100+0200][1903.052s] GC(138) Pause Young (Concurrent Start) (G1 Evacuation Pause)
[2023-10-12T15:42:21.100+0200][1903.052s] GC(138) Using 10 workers of 10 for evacuation
[2023-10-12T15:42:21.102+0200][1903.054s] GC(138)   Pre Evacuate Collection Set: 0.2ms
[2023-10-12T15:42:21.102+0200][1903.054s] GC(138)   Merge Heap Roots: 0.1ms
[2023-10-12T15:42:21.102+0200][1903.055s] GC(138)   Evacuate Collection Set: 1.7ms
[2023-10-12T15:42:21.102+0200][1903.055s] GC(138)   Post Evacuate Collection Set: 0.5ms
[2023-10-12T15:42:21.102+0200][1903.055s] GC(138)   Other: 0.1ms
[2023-10-12T15:42:21.102+0200][1903.055s] GC(138) Eden regions: 295->0(292)
[2023-10-12T15:42:21.102+0200][1903.055s] GC(138) Survivor regions: 8->11(38)
[2023-10-12T15:42:21.102+0200][1903.055s] GC(138) Old regions: 137->137
[2023-10-12T15:42:21.102+0200][1903.055s] GC(138) Archive regions: 0->0
[2023-10-12T15:42:21.102+0200][1903.055s] GC(138) Humongous regions: 4->4
[2023-10-12T15:42:21.102+0200][1903.055s] GC(138) Metaspace: 62107K(62784K)->62107K(62784K) NonClass: 55171K(55488K)->55171K(55488K) Class: 6935K(7296K)->6935K(7296K)
[2023-10-12T15:42:21.102+0200][1903.055s] GC(138) Pause Young (Concurrent Start) (G1 Evacuation Pause) 443M->151M(512M) 2.724ms
[2023-10-12T15:42:21.102+0200][1903.055s] GC(138) User=0.00s Sys=0.00s Real=0.00s
[2023-10-12T15:42:21.102+0200][1903.055s] GC(139) Concurrent Mark Cycle
[2023-10-12T15:42:21.102+0200][1903.055s] GC(139) Concurrent Clear Claimed Marks
[2023-10-12T15:42:21.102+0200][1903.055s] GC(139) Concurrent Clear Claimed Marks 0.032ms
[2023-10-12T15:42:21.102+0200][1903.055s] GC(139) Concurrent Scan Root Regions
[2023-10-12T15:42:21.103+0200][1903.056s] GC(139) Concurrent Scan Root Regions 1.044ms
[2023-10-12T15:42:21.103+0200][1903.056s] GC(139) Concurrent Mark
[2023-10-12T15:42:21.103+0200][1903.056s] GC(139) Concurrent Mark From Roots
[2023-10-12T15:42:21.103+0200][1903.056s] GC(139) Using 3 workers of 3 for marking
[2023-10-12T15:42:21.122+0200][1903.074s] GC(139) Concurrent Mark From Roots 18.368ms
[2023-10-12T15:42:21.122+0200][1903.074s] GC(139) Concurrent Preclean
[2023-10-12T15:42:21.122+0200][1903.074s] GC(139) Concurrent Preclean 0.148ms
[2023-10-12T15:42:21.122+0200][1903.075s] GC(139) Pause Remark
[2023-10-12T15:42:21.130+0200][1903.082s] GC(139) Pause Remark 152M->151M(512M) 7.747ms
[2023-10-12T15:42:21.130+0200][1903.082s] GC(139) User=0.00s Sys=0.00s Real=0.01s
[2023-10-12T15:42:21.130+0200][1903.082s] GC(139) Concurrent Mark 26.586ms
[2023-10-12T15:42:21.130+0200][1903.082s] GC(139) Concurrent Rebuild Remembered Sets
[2023-10-12T15:42:21.143+0200][1903.095s] GC(139) Concurrent Rebuild Remembered Sets 12.413ms
[2023-10-12T15:42:21.143+0200][1903.095s] GC(139) Pause Cleanup
[2023-10-12T15:42:21.143+0200][1903.095s] GC(139) Pause Cleanup 152M->152M(512M) 0.149ms
[2023-10-12T15:42:21.143+0200][1903.095s] GC(139) User=0.00s Sys=0.00s Real=0.00s
[2023-10-12T15:42:21.143+0200][1903.095s] GC(139) Concurrent Cleanup for Next Mark
[2023-10-12T15:42:21.144+0200][1903.096s] GC(139) Concurrent Cleanup for Next Mark 0.795ms
[2023-10-12T15:42:21.144+0200][1903.096s] GC(139) Concurrent Mark Cycle 41.354ms
[2023-10-12T15:42:25.477+0200][1907.430s] GC(140) Pause Young (Prepare Mixed) (G1 Evacuation Pause)
[2023-10-12T15:42:25.477+0200][1907.430s] GC(140) Using 10 workers of 10 for evacuation
[2023-10-12T15:42:25.480+0200][1907.433s] GC(140)   Pre Evacuate Collection Set: 0.2ms
[2023-10-12T15:42:25.480+0200][1907.433s] GC(140)   Merge Heap Roots: 0.1ms
[2023-10-12T15:42:25.480+0200][1907.433s] GC(140)   Evacuate Collection Set: 2.0ms
[2023-10-12T15:42:25.480+0200][1907.433s] GC(140)   Post Evacuate Collection Set: 0.5ms
[2023-10-12T15:42:25.480+0200][1907.433s] GC(140)   Other: 0.1ms
[2023-10-12T15:42:25.480+0200][1907.433s] GC(140) Eden regions: 292->0(11)
[2023-10-12T15:42:25.480+0200][1907.433s] GC(140) Survivor regions: 11->14(38)
[2023-10-12T15:42:25.480+0200][1907.433s] GC(140) Old regions: 136->136
[2023-10-12T15:42:25.480+0200][1907.433s] GC(140) Archive regions: 0->0
[2023-10-12T15:42:25.480+0200][1907.433s] GC(140) Humongous regions: 4->4
[2023-10-12T15:42:25.480+0200][1907.433s] GC(140) Metaspace: 62095K(62784K)->62095K(62784K) NonClass: 55162K(55488K)->55162K(55488K) Class: 6932K(7296K)->6932K(7296K)
[2023-10-12T15:42:25.480+0200][1907.433s] GC(140) Pause Young (Prepare Mixed) (G1 Evacuation Pause) 442M->153M(512M) 3.140ms
[2023-10-12T15:42:25.481+0200][1907.433s] GC(140) User=0.16s Sys=0.00s Real=0.00s
[2023-10-12T15:42:25.607+0200][1907.559s] GC(141) Pause Young (Mixed) (G1 Evacuation Pause)
[2023-10-12T15:42:25.607+0200][1907.559s] GC(141) Using 10 workers of 10 for evacuation
[2023-10-12T15:42:25.610+0200][1907.563s] GC(141)   Pre Evacuate Collection Set: 0.1ms
[2023-10-12T15:42:25.610+0200][1907.563s] GC(141)   Merge Heap Roots: 0.1ms
[2023-10-12T15:42:25.610+0200][1907.563s] GC(141)   Evacuate Collection Set: 2.7ms
[2023-10-12T15:42:25.610+0200][1907.563s] GC(141)   Post Evacuate Collection Set: 0.4ms
[2023-10-12T15:42:25.610+0200][1907.563s] GC(141)   Other: 0.1ms
[2023-10-12T15:42:25.610+0200][1907.563s] GC(141) Eden regions: 11->0(24)
[2023-10-12T15:42:25.610+0200][1907.563s] GC(141) Survivor regions: 14->1(4)
[2023-10-12T15:42:25.610+0200][1907.563s] GC(141) Old regions: 136->98
[2023-10-12T15:42:25.610+0200][1907.563s] GC(141) Archive regions: 0->0
[2023-10-12T15:42:25.610+0200][1907.563s] GC(141) Humongous regions: 4->4
[2023-10-12T15:42:25.610+0200][1907.563s] GC(141) Metaspace: 62096K(62784K)->62096K(62784K) NonClass: 55163K(55488K)->55163K(55488K) Class: 6932K(7296K)->6932K(7296K)
[2023-10-12T15:42:25.610+0200][1907.563s] GC(141) Pause Young (Mixed) (G1 Evacuation Pause) 164M->101M(512M) 3.634ms
[2023-10-12T15:42:25.610+0200][1907.563s] GC(141) User=0.00s Sys=0.00s Real=0.00s
[2023-10-12T15:42:25.983+0200][1907.935s] GC(142) Pause Young (Mixed) (G1 Evacuation Pause)
[2023-10-12T15:42:25.983+0200][1907.935s] GC(142) Using 10 workers of 10 for evacuation
[2023-10-12T15:42:25.984+0200][1907.937s] GC(142)   Pre Evacuate Collection Set: 0.2ms
[2023-10-12T15:42:25.984+0200][1907.937s] GC(142)   Merge Heap Roots: 0.1ms
[2023-10-12T15:42:25.984+0200][1907.937s] GC(142)   Evacuate Collection Set: 0.6ms
[2023-10-12T15:42:25.984+0200][1907.937s] GC(142)   Post Evacuate Collection Set: 0.5ms
[2023-10-12T15:42:25.984+0200][1907.937s] GC(142)   Other: 0.1ms
[2023-10-12T15:42:25.984+0200][1907.937s] GC(142) Eden regions: 24->0(305)
[2023-10-12T15:42:25.984+0200][1907.937s] GC(142) Survivor regions: 1->2(4)
[2023-10-12T15:42:25.984+0200][1907.937s] GC(142) Old regions: 98->80
[2023-10-12T15:42:25.984+0200][1907.937s] GC(142) Archive regions: 0->0
[2023-10-12T15:42:25.984+0200][1907.937s] GC(142) Humongous regions: 4->4
[2023-10-12T15:42:25.984+0200][1907.937s] GC(142) Metaspace: 62096K(62784K)->62096K(62784K) NonClass: 55163K(55488K)->55163K(55488K) Class: 6932K(7296K)->6932K(7296K)
[2023-10-12T15:42:25.984+0200][1907.937s] GC(142) Pause Young (Mixed) (G1 Evacuation Pause) 125M->84M(512M) 1.586ms
[2023-10-12T15:42:25.984+0200][1907.937s] GC(142) User=0.00s Sys=0.00s Real=0.00s
[2023-10-12T15:42:30.583+0200][1912.535s] GC(143) Pause Young (Normal) (G1 Evacuation Pause)
[2023-10-12T15:42:30.583+0200][1912.535s] GC(143) Using 10 workers of 10 for evacuation
[2023-10-12T15:42:30.585+0200][1912.537s] GC(143)   Pre Evacuate Collection Set: 0.1ms
[2023-10-12T15:42:30.585+0200][1912.537s] GC(143)   Merge Heap Roots: 0.1ms
[2023-10-12T15:42:30.585+0200][1912.537s] GC(143)   Evacuate Collection Set: 0.7ms
[2023-10-12T15:42:30.585+0200][1912.537s] GC(143)   Post Evacuate Collection Set: 0.5ms
[2023-10-12T15:42:30.585+0200][1912.537s] GC(143)   Other: 0.1ms
[2023-10-12T15:42:30.585+0200][1912.537s] GC(143) Eden regions: 305->0(302)
[2023-10-12T15:42:30.585+0200][1912.537s] GC(143) Survivor regions: 2->5(39)
[2023-10-12T15:42:30.585+0200][1912.537s] GC(143) Old regions: 80->80
[2023-10-12T15:42:30.585+0200][1912.537s] GC(143) Archive regions: 0->0
[2023-10-12T15:42:30.585+0200][1912.537s] GC(143) Humongous regions: 4->4
[2023-10-12T15:42:30.585+0200][1912.537s] GC(143) Metaspace: 62096K(62784K)->62096K(62784K) NonClass: 55163K(55488K)->55163K(55488K) Class: 6932K(7296K)->6932K(7296K)
[2023-10-12T15:42:30.585+0200][1912.537s] GC(143) Pause Young (Normal) (G1 Evacuation Pause) 389M->88M(512M) 1.712ms
[2023-10-12T15:42:30.585+0200][1912.537s] GC(143) User=0.00s Sys=0.00s Real=0.00s
[2023-10-12T15:42:35.073+0200][1917.026s] GC(144) Pause Young (Normal) (G1 Evacuation Pause)
[2023-10-12T15:42:35.073+0200][1917.026s] GC(144) Using 10 workers of 10 for evacuation
[2023-10-12T15:42:35.076+0200][1917.028s] GC(144)   Pre Evacuate Collection Set: 0.1ms
[2023-10-12T15:42:35.076+0200][1917.028s] GC(144)   Merge Heap Roots: 0.1ms
[2023-10-12T15:42:35.076+0200][1917.028s] GC(144)   Evacuate Collection Set: 1.1ms
[2023-10-12T15:42:35.076+0200][1917.028s] GC(144)   Post Evacuate Collection Set: 0.5ms
[2023-10-12T15:42:35.076+0200][1917.028s] GC(144)   Other: 0.1ms
[2023-10-12T15:42:35.076+0200][1917.028s] GC(144) Eden regions: 302->0(299)
[2023-10-12T15:42:35.076+0200][1917.028s] GC(144) Survivor regions: 5->8(39)
[2023-10-12T15:42:35.076+0200][1917.028s] GC(144) Old regions: 80->80
[2023-10-12T15:42:35.076+0200][1917.028s] GC(144) Archive regions: 0->0
[2023-10-12T15:42:35.076+0200][1917.028s] GC(144) Humongous regions: 4->4
[2023-10-12T15:42:35.076+0200][1917.028s] GC(144) Metaspace: 62097K(62784K)->62097K(62784K) NonClass: 55164K(55488K)->55164K(55488K) Class: 6932K(7296K)->6932K(7296K)
[2023-10-12T15:42:35.076+0200][1917.028s] GC(144) Pause Young (Normal) (G1 Evacuation Pause) 390M->91M(512M) 2.052ms
[2023-10-12T15:42:35.076+0200][1917.028s] GC(144) User=0.05s Sys=0.00s Real=0.00s
[2023-10-12T15:42:39.487+0200][1921.440s] GC(145) Pause Young (Concurrent Start) (CodeCache GC Threshold)
[2023-10-12T15:42:39.487+0200][1921.440s] GC(145) Using 10 workers of 10 for evacuation
[2023-10-12T15:42:39.490+0200][1921.442s] GC(145)   Pre Evacuate Collection Set: 0.2ms
[2023-10-12T15:42:39.490+0200][1921.442s] GC(145)   Merge Heap Roots: 0.1ms
[2023-10-12T15:42:39.490+0200][1921.442s] GC(145)   Evacuate Collection Set: 1.7ms
[2023-10-12T15:42:39.490+0200][1921.442s] GC(145)   Post Evacuate Collection Set: 0.5ms
[2023-10-12T15:42:39.490+0200][1921.442s] GC(145)   Other: 0.1ms
[2023-10-12T15:42:39.490+0200][1921.443s] GC(145) Eden regions: 291->0(295)
[2023-10-12T15:42:39.490+0200][1921.443s] GC(145) Survivor regions: 8->12(39)
[2023-10-12T15:42:39.490+0200][1921.443s] GC(145) Old regions: 80->80
[2023-10-12T15:42:39.490+0200][1921.443s] GC(145) Archive regions: 0->0
[2023-10-12T15:42:39.490+0200][1921.443s] GC(145) Humongous regions: 4->4
[2023-10-12T15:42:39.490+0200][1921.443s] GC(145) Metaspace: 62097K(62784K)->62097K(62784K) NonClass: 55164K(55488K)->55164K(55488K) Class: 6932K(7296K)->6932K(7296K)
[2023-10-12T15:42:39.490+0200][1921.443s] GC(145) Pause Young (Concurrent Start) (CodeCache GC Threshold) 382M->95M(512M) 2.818ms
[2023-10-12T15:42:39.490+0200][1921.443s] GC(145) User=0.00s Sys=0.00s Real=0.00s
[2023-10-12T15:42:39.490+0200][1921.443s] GC(146) Concurrent Mark Cycle
[2023-10-12T15:42:39.490+0200][1921.443s] GC(146) Concurrent Clear Claimed Marks
[2023-10-12T15:42:39.490+0200][1921.443s] GC(146) Concurrent Clear Claimed Marks 0.036ms
[2023-10-12T15:42:39.490+0200][1921.443s] GC(146) Concurrent Scan Root Regions
[2023-10-12T15:42:39.491+0200][1921.444s] GC(146) Concurrent Scan Root Regions 1.055ms
[2023-10-12T15:42:39.491+0200][1921.444s] GC(146) Concurrent Mark
[2023-10-12T15:42:39.491+0200][1921.444s] GC(146) Concurrent Mark From Roots
[2023-10-12T15:42:39.491+0200][1921.444s] GC(146) Using 3 workers of 3 for marking
[2023-10-12T15:42:39.513+0200][1921.466s] GC(146) Concurrent Mark From Roots 21.873ms
[2023-10-12T15:42:39.513+0200][1921.466s] GC(146) Concurrent Preclean
[2023-10-12T15:42:39.513+0200][1921.466s] GC(146) Concurrent Preclean 0.208ms
[2023-10-12T15:42:39.514+0200][1921.466s] GC(146) Pause Remark
[2023-10-12T15:42:39.521+0200][1921.473s] GC(146) Pause Remark 96M->96M(512M) 6.765ms
[2023-10-12T15:42:39.521+0200][1921.473s] GC(146) User=0.00s Sys=0.00s Real=0.01s
[2023-10-12T15:42:39.521+0200][1921.473s] GC(146) Concurrent Mark 29.294ms
[2023-10-12T15:42:39.521+0200][1921.473s] GC(146) Concurrent Rebuild Remembered Sets
[2023-10-12T15:42:39.534+0200][1921.486s] GC(146) Concurrent Rebuild Remembered Sets 12.791ms
[2023-10-12T15:42:39.534+0200][1921.486s] GC(146) Pause Cleanup
[2023-10-12T15:42:39.534+0200][1921.486s] GC(146) Pause Cleanup 100M->100M(512M) 0.160ms
[2023-10-12T15:42:39.534+0200][1921.486s] GC(146) User=0.00s Sys=0.00s Real=0.00s
[2023-10-12T15:42:39.534+0200][1921.486s] GC(146) Concurrent Cleanup for Next Mark
[2023-10-12T15:42:39.535+0200][1921.487s] GC(146) Concurrent Cleanup for Next Mark 0.720ms
[2023-10-12T15:42:39.535+0200][1921.487s] GC(146) Concurrent Mark Cycle 44.475ms
[2023-10-12T15:42:44.068+0200][1926.020s] GC(147) Pause Young (Prepare Mixed) (G1 Evacuation Pause)
[2023-10-12T15:42:44.068+0200][1926.020s] GC(147) Using 10 workers of 10 for evacuation
[2023-10-12T15:42:44.070+0200][1926.023s] GC(147)   Pre Evacuate Collection Set: 0.1ms
[2023-10-12T15:42:44.071+0200][1926.023s] GC(147)   Merge Heap Roots: 0.1ms
[2023-10-12T15:42:44.071+0200][1926.023s] GC(147)   Evacuate Collection Set: 2.0ms
[2023-10-12T15:42:44.071+0200][1926.023s] GC(147)   Post Evacuate Collection Set: 0.5ms
[2023-10-12T15:42:44.071+0200][1926.023s] GC(147)   Other: 0.1ms
[2023-10-12T15:42:44.071+0200][1926.023s] GC(147) Eden regions: 295->0(10)
[2023-10-12T15:42:44.071+0200][1926.023s] GC(147) Survivor regions: 12->15(39)
[2023-10-12T15:42:44.071+0200][1926.023s] GC(147) Old regions: 80->80
[2023-10-12T15:42:44.071+0200][1926.023s] GC(147) Archive regions: 0->0
[2023-10-12T15:42:44.071+0200][1926.023s] GC(147) Humongous regions: 4->4
[2023-10-12T15:42:44.071+0200][1926.023s] GC(147) Metaspace: 62097K(62784K)->62097K(62784K) NonClass: 55164K(55488K)->55164K(55488K) Class: 6932K(7296K)->6932K(7296K)
[2023-10-12T15:42:44.071+0200][1926.023s] GC(147) Pause Young (Prepare Mixed) (G1 Evacuation Pause) 390M->97M(512M) 3.071ms
[2023-10-12T15:42:44.071+0200][1926.023s] GC(147) User=0.00s Sys=0.00s Real=0.00s
[2023-10-12T15:42:44.242+0200][1926.194s] GC(148) Pause Young (Mixed) (G1 Evacuation Pause)
[2023-10-12T15:42:44.242+0200][1926.194s] GC(148) Using 10 workers of 10 for evacuation
[2023-10-12T15:42:44.244+0200][1926.197s] GC(148)   Pre Evacuate Collection Set: 0.1ms
[2023-10-12T15:42:44.244+0200][1926.197s] GC(148)   Merge Heap Roots: 0.1ms
[2023-10-12T15:42:44.244+0200][1926.197s] GC(148)   Evacuate Collection Set: 1.9ms
[2023-10-12T15:42:44.244+0200][1926.197s] GC(148)   Post Evacuate Collection Set: 0.5ms
[2023-10-12T15:42:44.244+0200][1926.197s] GC(148)   Other: 0.1ms
[2023-10-12T15:42:44.244+0200][1926.197s] GC(148) Eden regions: 10->0(306)
[2023-10-12T15:42:44.244+0200][1926.197s] GC(148) Survivor regions: 15->1(4)
[2023-10-12T15:42:44.244+0200][1926.197s] GC(148) Old regions: 80->89
[2023-10-12T15:42:44.244+0200][1926.197s] GC(148) Archive regions: 0->0
[2023-10-12T15:42:44.244+0200][1926.197s] GC(148) Humongous regions: 4->4
[2023-10-12T15:42:44.244+0200][1926.197s] GC(148) Metaspace: 62097K(62784K)->62097K(62784K) NonClass: 55164K(55488K)->55164K(55488K) Class: 6932K(7296K)->6932K(7296K)
[2023-10-12T15:42:44.244+0200][1926.197s] GC(148) Pause Young (Mixed) (G1 Evacuation Pause) 107M->93M(512M) 2.892ms
[2023-10-12T15:42:44.244+0200][1926.197s] GC(148) User=0.00s Sys=0.00s Real=0.00s
[2023-10-12T15:42:48.939+0200][1930.891s] GC(149) Pause Young (Normal) (G1 Evacuation Pause)
[2023-10-12T15:42:48.939+0200][1930.891s] GC(149) Using 10 workers of 10 for evacuation
[2023-10-12T15:42:48.941+0200][1930.893s] GC(149)   Pre Evacuate Collection Set: 0.1ms
[2023-10-12T15:42:48.941+0200][1930.893s] GC(149)   Merge Heap Roots: 0.1ms
[2023-10-12T15:42:48.941+0200][1930.893s] GC(149)   Evacuate Collection Set: 0.9ms
[2023-10-12T15:42:48.941+0200][1930.893s] GC(149)   Post Evacuate Collection Set: 0.5ms
[2023-10-12T15:42:48.941+0200][1930.893s] GC(149)   Other: 0.1ms
[2023-10-12T15:42:48.941+0200][1930.893s] GC(149) Eden regions: 306->0(301)
[2023-10-12T15:42:48.941+0200][1930.893s] GC(149) Survivor regions: 1->6(39)
[2023-10-12T15:42:48.941+0200][1930.893s] GC(149) Old regions: 89->89
[2023-10-12T15:42:48.941+0200][1930.893s] GC(149) Archive regions: 0->0
[2023-10-12T15:42:48.941+0200][1930.893s] GC(149) Humongous regions: 4->4
[2023-10-12T15:42:48.941+0200][1930.893s] GC(149) Metaspace: 62097K(62784K)->62097K(62784K) NonClass: 55164K(55488K)->55164K(55488K) Class: 6932K(7296K)->6932K(7296K)
[2023-10-12T15:42:48.941+0200][1930.893s] GC(149) Pause Young (Normal) (G1 Evacuation Pause) 399M->98M(512M) 1.897ms
[2023-10-12T15:42:48.941+0200][1930.893s] GC(149) User=0.00s Sys=0.00s Real=0.00s
[2023-10-12T15:42:53.570+0200][1935.523s] GC(150) Pause Young (Normal) (G1 Evacuation Pause)
[2023-10-12T15:42:53.570+0200][1935.523s] GC(150) Using 10 workers of 10 for evacuation
[2023-10-12T15:42:53.572+0200][1935.525s] GC(150)   Pre Evacuate Collection Set: 0.1ms
[2023-10-12T15:42:53.572+0200][1935.525s] GC(150)   Merge Heap Roots: 0.1ms
[2023-10-12T15:42:53.572+0200][1935.525s] GC(150)   Evacuate Collection Set: 1.1ms
[2023-10-12T15:42:53.572+0200][1935.525s] GC(150)   Post Evacuate Collection Set: 0.6ms
[2023-10-12T15:42:53.572+0200][1935.525s] GC(150)   Other: 0.1ms
[2023-10-12T15:42:53.572+0200][1935.525s] GC(150) Eden regions: 301->0(299)
[2023-10-12T15:42:53.572+0200][1935.525s] GC(150) Survivor regions: 6->8(39)
[2023-10-12T15:42:53.572+0200][1935.525s] GC(150) Old regions: 89->89
[2023-10-12T15:42:53.572+0200][1935.525s] GC(150) Archive regions: 0->0
[2023-10-12T15:42:53.572+0200][1935.525s] GC(150) Humongous regions: 4->4
[2023-10-12T15:42:53.572+0200][1935.525s] GC(150) Metaspace: 62097K(62784K)->62097K(62784K) NonClass: 55164K(55488K)->55164K(55488K) Class: 6932K(7296K)->6932K(7296K)
[2023-10-12T15:42:53.572+0200][1935.525s] GC(150) Pause Young (Normal) (G1 Evacuation Pause) 399M->100M(512M) 2.225ms
[2023-10-12T15:42:53.572+0200][1935.525s] GC(150) User=0.00s Sys=0.00s Real=0.00s
[2023-10-12T15:42:58.258+0200][1940.211s] GC(151) Pause Young (Normal) (G1 Evacuation Pause)
[2023-10-12T15:42:58.258+0200][1940.211s] GC(151) Using 10 workers of 10 for evacuation
[2023-10-12T15:42:58.261+0200][1940.213s] GC(151)   Pre Evacuate Collection Set: 0.1ms
[2023-10-12T15:42:58.261+0200][1940.213s] GC(151)   Merge Heap Roots: 0.1ms
[2023-10-12T15:42:58.261+0200][1940.213s] GC(151)   Evacuate Collection Set: 1.5ms
[2023-10-12T15:42:58.261+0200][1940.213s] GC(151)   Post Evacuate Collection Set: 0.4ms
[2023-10-12T15:42:58.261+0200][1940.213s] GC(151)   Other: 0.1ms
[2023-10-12T15:42:58.261+0200][1940.213s] GC(151) Eden regions: 299->0(295)
[2023-10-12T15:42:58.261+0200][1940.213s] GC(151) Survivor regions: 8->12(39)
[2023-10-12T15:42:58.261+0200][1940.213s] GC(151) Old regions: 89->89
[2023-10-12T15:42:58.261+0200][1940.213s] GC(151) Archive regions: 0->0
[2023-10-12T15:42:58.261+0200][1940.213s] GC(151) Humongous regions: 4->4
[2023-10-12T15:42:58.261+0200][1940.213s] GC(151) Metaspace: 62097K(62784K)->62097K(62784K) NonClass: 55164K(55488K)->55164K(55488K) Class: 6932K(7296K)->6932K(7296K)
[2023-10-12T15:42:58.261+0200][1940.213s] GC(151) Pause Young (Normal) (G1 Evacuation Pause) 399M->103M(512M) 2.304ms
[2023-10-12T15:42:58.261+0200][1940.213s] GC(151) User=0.00s Sys=0.00s Real=0.00s
[2023-10-12T15:43:03.037+0200][1944.989s] GC(152) Pause Young (Normal) (G1 Evacuation Pause)
[2023-10-12T15:43:03.037+0200][1944.989s] GC(152) Using 10 workers of 10 for evacuation
[2023-10-12T15:43:03.040+0200][1944.992s] GC(152)   Pre Evacuate Collection Set: 0.1ms
[2023-10-12T15:43:03.040+0200][1944.992s] GC(152)   Merge Heap Roots: 0.1ms
[2023-10-12T15:43:03.040+0200][1944.992s] GC(152)   Evacuate Collection Set: 2.3ms
[2023-10-12T15:43:03.040+0200][1944.992s] GC(152)   Post Evacuate Collection Set: 0.6ms
[2023-10-12T15:43:03.040+0200][1944.992s] GC(152)   Other: 0.1ms
[2023-10-12T15:43:03.040+0200][1944.992s] GC(152) Eden regions: 295->0(292)
[2023-10-12T15:43:03.040+0200][1944.992s] GC(152) Survivor regions: 12->15(39)
[2023-10-12T15:43:03.040+0200][1944.992s] GC(152) Old regions: 89->89
[2023-10-12T15:43:03.040+0200][1944.992s] GC(152) Archive regions: 0->0
[2023-10-12T15:43:03.040+0200][1944.992s] GC(152) Humongous regions: 4->4
[2023-10-12T15:43:03.040+0200][1944.992s] GC(152) Metaspace: 62097K(62784K)->62097K(62784K) NonClass: 55164K(55488K)->55164K(55488K) Class: 6932K(7296K)->6932K(7296K)
[2023-10-12T15:43:03.040+0200][1944.992s] GC(152) Pause Young (Normal) (G1 Evacuation Pause) 398M->107M(512M) 3.400ms
[2023-10-12T15:43:03.040+0200][1944.992s] GC(152) User=0.00s Sys=0.00s Real=0.00s
[2023-10-12T15:43:07.493+0200][1949.445s] GC(153) Pause Young (Normal) (G1 Evacuation Pause)
[2023-10-12T15:43:07.493+0200][1949.446s] GC(153) Using 10 workers of 10 for evacuation
[2023-10-12T15:43:07.497+0200][1949.449s] GC(153)   Pre Evacuate Collection Set: 0.1ms
[2023-10-12T15:43:07.497+0200][1949.449s] GC(153)   Merge Heap Roots: 0.1ms
[2023-10-12T15:43:07.497+0200][1949.449s] GC(153)   Evacuate Collection Set: 3.1ms
[2023-10-12T15:43:07.497+0200][1949.449s] GC(153)   Post Evacuate Collection Set: 0.5ms
[2023-10-12T15:43:07.497+0200][1949.449s] GC(153)   Other: 0.1ms
[2023-10-12T15:43:07.497+0200][1949.449s] GC(153) Eden regions: 292->0(289)
[2023-10-12T15:43:07.497+0200][1949.449s] GC(153) Survivor regions: 15->18(39)
[2023-10-12T15:43:07.497+0200][1949.449s] GC(153) Old regions: 89->89
[2023-10-12T15:43:07.497+0200][1949.449s] GC(153) Archive regions: 0->0
[2023-10-12T15:43:07.497+0200][1949.449s] GC(153) Humongous regions: 4->4
[2023-10-12T15:43:07.497+0200][1949.449s] GC(153) Metaspace: 62099K(62848K)->62099K(62848K) NonClass: 55166K(55552K)->55166K(55552K) Class: 6933K(7296K)->6933K(7296K)
[2023-10-12T15:43:07.497+0200][1949.450s] GC(153) Pause Young (Normal) (G1 Evacuation Pause) 399M->110M(512M) 4.046ms
[2023-10-12T15:43:07.497+0200][1949.450s] GC(153) User=0.16s Sys=0.00s Real=0.00s
[2023-10-12T15:43:11.838+0200][1953.790s] GC(154) Pause Young (Normal) (G1 Evacuation Pause)
[2023-10-12T15:43:11.838+0200][1953.791s] GC(154) Using 10 workers of 10 for evacuation
[2023-10-12T15:43:11.842+0200][1953.794s] GC(154)   Pre Evacuate Collection Set: 0.1ms
[2023-10-12T15:43:11.842+0200][1953.794s] GC(154)   Merge Heap Roots: 0.1ms
[2023-10-12T15:43:11.842+0200][1953.794s] GC(154)   Evacuate Collection Set: 3.1ms
[2023-10-12T15:43:11.842+0200][1953.794s] GC(154)   Post Evacuate Collection Set: 0.5ms
[2023-10-12T15:43:11.842+0200][1953.794s] GC(154)   Other: 0.1ms
[2023-10-12T15:43:11.842+0200][1953.794s] GC(154) Eden regions: 289->0(285)
[2023-10-12T15:43:11.842+0200][1953.794s] GC(154) Survivor regions: 18->22(39)
[2023-10-12T15:43:11.842+0200][1953.794s] GC(154) Old regions: 89->89
[2023-10-12T15:43:11.842+0200][1953.794s] GC(154) Archive regions: 0->0
[2023-10-12T15:43:11.842+0200][1953.794s] GC(154) Humongous regions: 4->4
[2023-10-12T15:43:11.842+0200][1953.794s] GC(154) Metaspace: 62099K(62848K)->62099K(62848K) NonClass: 55166K(55552K)->55166K(55552K) Class: 6933K(7296K)->6933K(7296K)
[2023-10-12T15:43:11.842+0200][1953.795s] GC(154) Pause Young (Normal) (G1 Evacuation Pause) 399M->114M(512M) 4.032ms
[2023-10-12T15:43:11.842+0200][1953.795s] GC(154) User=0.16s Sys=0.00s Real=0.00s
[2023-10-12T15:43:16.138+0200][1958.090s] GC(155) Pause Young (Normal) (G1 Evacuation Pause)
[2023-10-12T15:43:16.138+0200][1958.090s] GC(155) Using 10 workers of 10 for evacuation
[2023-10-12T15:43:16.143+0200][1958.095s] GC(155)   Pre Evacuate Collection Set: 0.1ms
[2023-10-12T15:43:16.143+0200][1958.095s] GC(155)   Merge Heap Roots: 0.1ms
[2023-10-12T15:43:16.143+0200][1958.095s] GC(155)   Evacuate Collection Set: 3.6ms
[2023-10-12T15:43:16.143+0200][1958.095s] GC(155)   Post Evacuate Collection Set: 0.7ms
[2023-10-12T15:43:16.143+0200][1958.095s] GC(155)   Other: 0.1ms
[2023-10-12T15:43:16.143+0200][1958.095s] GC(155) Eden regions: 285->0(286)
[2023-10-12T15:43:16.143+0200][1958.095s] GC(155) Survivor regions: 22->21(39)
[2023-10-12T15:43:16.143+0200][1958.095s] GC(155) Old regions: 89->93
[2023-10-12T15:43:16.143+0200][1958.095s] GC(155) Archive regions: 0->0
[2023-10-12T15:43:16.143+0200][1958.095s] GC(155) Humongous regions: 4->4
[2023-10-12T15:43:16.143+0200][1958.095s] GC(155) Metaspace: 62100K(62848K)->62100K(62848K) NonClass: 55167K(55552K)->55167K(55552K) Class: 6933K(7296K)->6933K(7296K)
[2023-10-12T15:43:16.143+0200][1958.095s] GC(155) Pause Young (Normal) (G1 Evacuation Pause) 399M->117M(512M) 4.871ms
[2023-10-12T15:43:16.143+0200][1958.095s] GC(155) User=0.00s Sys=0.00s Real=0.00s
[2023-10-12T15:43:20.641+0200][1962.594s] GC(156) Pause Young (Normal) (G1 Evacuation Pause)
[2023-10-12T15:43:20.641+0200][1962.594s] GC(156) Using 10 workers of 10 for evacuation
[2023-10-12T15:43:20.645+0200][1962.598s] GC(156)   Pre Evacuate Collection Set: 0.1ms
[2023-10-12T15:43:20.645+0200][1962.598s] GC(156)   Merge Heap Roots: 0.1ms
[2023-10-12T15:43:20.645+0200][1962.598s] GC(156)   Evacuate Collection Set: 3.1ms
[2023-10-12T15:43:20.645+0200][1962.598s] GC(156)   Post Evacuate Collection Set: 0.6ms
[2023-10-12T15:43:20.645+0200][1962.598s] GC(156)   Other: 0.1ms
[2023-10-12T15:43:20.645+0200][1962.598s] GC(156) Eden regions: 286->0(286)
[2023-10-12T15:43:20.645+0200][1962.598s] GC(156) Survivor regions: 21->21(39)
[2023-10-12T15:43:20.645+0200][1962.598s] GC(156) Old regions: 93->96
[2023-10-12T15:43:20.645+0200][1962.598s] GC(156) Archive regions: 0->0
[2023-10-12T15:43:20.645+0200][1962.598s] GC(156) Humongous regions: 4->4
[2023-10-12T15:43:20.645+0200][1962.598s] GC(156) Metaspace: 62102K(62848K)->62102K(62848K) NonClass: 55168K(55552K)->55168K(55552K) Class: 6933K(7296K)->6933K(7296K)
[2023-10-12T15:43:20.645+0200][1962.598s] GC(156) Pause Young (Normal) (G1 Evacuation Pause) 403M->119M(512M) 4.249ms
[2023-10-12T15:43:20.645+0200][1962.598s] GC(156) User=0.00s Sys=0.00s Real=0.00s
[2023-10-12T15:43:25.392+0200][1967.345s] GC(157) Pause Young (Normal) (G1 Evacuation Pause)
[2023-10-12T15:43:25.392+0200][1967.345s] GC(157) Using 10 workers of 10 for evacuation
[2023-10-12T15:43:25.397+0200][1967.350s] GC(157)   Pre Evacuate Collection Set: 0.1ms
[2023-10-12T15:43:25.397+0200][1967.350s] GC(157)   Merge Heap Roots: 0.1ms
[2023-10-12T15:43:25.397+0200][1967.350s] GC(157)   Evacuate Collection Set: 3.6ms
[2023-10-12T15:43:25.397+0200][1967.350s] GC(157)   Post Evacuate Collection Set: 0.6ms
[2023-10-12T15:43:25.397+0200][1967.350s] GC(157)   Other: 0.1ms
[2023-10-12T15:43:25.397+0200][1967.350s] GC(157) Eden regions: 286->0(286)
[2023-10-12T15:43:25.397+0200][1967.350s] GC(157) Survivor regions: 21->21(39)
[2023-10-12T15:43:25.397+0200][1967.350s] GC(157) Old regions: 96->99
[2023-10-12T15:43:25.397+0200][1967.350s] GC(157) Archive regions: 0->0
[2023-10-12T15:43:25.397+0200][1967.350s] GC(157) Humongous regions: 4->4
[2023-10-12T15:43:25.397+0200][1967.350s] GC(157) Metaspace: 62102K(62848K)->62102K(62848K) NonClass: 55168K(55552K)->55168K(55552K) Class: 6933K(7296K)->6933K(7296K)
[2023-10-12T15:43:25.397+0200][1967.350s] GC(157) Pause Young (Normal) (G1 Evacuation Pause) 405M->122M(512M) 4.722ms
[2023-10-12T15:43:25.397+0200][1967.350s] GC(157) User=0.00s Sys=0.00s Real=0.01s
[2023-10-12T15:43:30.450+0200][1972.402s] GC(158) Pause Young (Normal) (G1 Evacuation Pause)
[2023-10-12T15:43:30.450+0200][1972.402s] GC(158) Using 10 workers of 10 for evacuation
[2023-10-12T15:43:30.454+0200][1972.406s] GC(158)   Pre Evacuate Collection Set: 0.1ms
[2023-10-12T15:43:30.454+0200][1972.406s] GC(158)   Merge Heap Roots: 0.1ms
[2023-10-12T15:43:30.454+0200][1972.406s] GC(158)   Evacuate Collection Set: 3.4ms
[2023-10-12T15:43:30.454+0200][1972.407s] GC(158)   Post Evacuate Collection Set: 0.5ms
[2023-10-12T15:43:30.454+0200][1972.407s] GC(158)   Other: 0.1ms
[2023-10-12T15:43:30.454+0200][1972.407s] GC(158) Eden regions: 286->0(283)
[2023-10-12T15:43:30.454+0200][1972.407s] GC(158) Survivor regions: 21->24(39)
[2023-10-12T15:43:30.454+0200][1972.407s] GC(158) Old regions: 99->99
[2023-10-12T15:43:30.454+0200][1972.407s] GC(158) Archive regions: 0->0
[2023-10-12T15:43:30.454+0200][1972.407s] GC(158) Humongous regions: 4->4
[2023-10-12T15:43:30.454+0200][1972.407s] GC(158) Metaspace: 62102K(62848K)->62102K(62848K) NonClass: 55168K(55552K)->55168K(55552K) Class: 6933K(7296K)->6933K(7296K)
[2023-10-12T15:43:30.454+0200][1972.407s] GC(158) Pause Young (Normal) (G1 Evacuation Pause) 408M->126M(512M) 4.370ms
[2023-10-12T15:43:30.454+0200][1972.407s] GC(158) User=0.00s Sys=0.00s Real=0.00s
[2023-10-12T15:43:34.834+0200][1976.786s] GC(159) Pause Young (Normal) (G1 Evacuation Pause)
[2023-10-12T15:43:34.834+0200][1976.786s] GC(159) Using 10 workers of 10 for evacuation
[2023-10-12T15:43:34.838+0200][1976.791s] GC(159)   Pre Evacuate Collection Set: 0.1ms
[2023-10-12T15:43:34.838+0200][1976.791s] GC(159)   Merge Heap Roots: 0.1ms
[2023-10-12T15:43:34.838+0200][1976.791s] GC(159)   Evacuate Collection Set: 3.9ms
[2023-10-12T15:43:34.838+0200][1976.791s] GC(159)   Post Evacuate Collection Set: 0.5ms
[2023-10-12T15:43:34.838+0200][1976.791s] GC(159)   Other: 0.1ms
[2023-10-12T15:43:34.838+0200][1976.791s] GC(159) Eden regions: 283->0(283)
[2023-10-12T15:43:34.838+0200][1976.791s] GC(159) Survivor regions: 24->24(39)
[2023-10-12T15:43:34.838+0200][1976.791s] GC(159) Old regions: 99->102
[2023-10-12T15:43:34.838+0200][1976.791s] GC(159) Archive regions: 0->0
[2023-10-12T15:43:34.838+0200][1976.791s] GC(159) Humongous regions: 4->4
[2023-10-12T15:43:34.838+0200][1976.791s] GC(159) Metaspace: 62102K(62848K)->62102K(62848K) NonClass: 55168K(55552K)->55168K(55552K) Class: 6933K(7296K)->6933K(7296K)
[2023-10-12T15:43:34.838+0200][1976.791s] GC(159) Pause Young (Normal) (G1 Evacuation Pause) 409M->129M(512M) 4.845ms
[2023-10-12T15:43:34.838+0200][1976.791s] GC(159) User=0.00s Sys=0.00s Real=0.00s
[2023-10-12T15:43:39.485+0200][1981.437s] GC(160) Pause Young (Normal) (G1 Evacuation Pause)
[2023-10-12T15:43:39.485+0200][1981.437s] GC(160) Using 10 workers of 10 for evacuation
[2023-10-12T15:43:39.490+0200][1981.442s] GC(160)   Pre Evacuate Collection Set: 0.1ms
[2023-10-12T15:43:39.490+0200][1981.442s] GC(160)   Merge Heap Roots: 0.1ms
[2023-10-12T15:43:39.490+0200][1981.442s] GC(160)   Evacuate Collection Set: 3.7ms
[2023-10-12T15:43:39.490+0200][1981.442s] GC(160)   Post Evacuate Collection Set: 0.5ms
[2023-10-12T15:43:39.490+0200][1981.442s] GC(160)   Other: 0.1ms
[2023-10-12T15:43:39.490+0200][1981.442s] GC(160) Eden regions: 283->0(284)
[2023-10-12T15:43:39.490+0200][1981.442s] GC(160) Survivor regions: 24->23(39)
[2023-10-12T15:43:39.490+0200][1981.442s] GC(160) Old regions: 102->106
[2023-10-12T15:43:39.490+0200][1981.442s] GC(160) Archive regions: 0->0
[2023-10-12T15:43:39.490+0200][1981.442s] GC(160) Humongous regions: 4->4
[2023-10-12T15:43:39.490+0200][1981.442s] GC(160) Metaspace: 62102K(62848K)->62102K(62848K) NonClass: 55168K(55552K)->55168K(55552K) Class: 6933K(7296K)->6933K(7296K)
[2023-10-12T15:43:39.490+0200][1981.442s] GC(160) Pause Young (Normal) (G1 Evacuation Pause) 412M->132M(512M) 4.703ms
[2023-10-12T15:43:39.490+0200][1981.442s] GC(160) User=0.00s Sys=0.00s Real=0.01s
[2023-10-12T15:43:44.255+0200][1986.207s] GC(161) Pause Young (Normal) (G1 Evacuation Pause)
[2023-10-12T15:43:44.255+0200][1986.207s] GC(161) Using 10 workers of 10 for evacuation
[2023-10-12T15:43:44.262+0200][1986.215s] GC(161)   Pre Evacuate Collection Set: 0.1ms
[2023-10-12T15:43:44.262+0200][1986.215s] GC(161)   Merge Heap Roots: 0.1ms
[2023-10-12T15:43:44.262+0200][1986.215s] GC(161)   Evacuate Collection Set: 6.2ms
[2023-10-12T15:43:44.262+0200][1986.215s] GC(161)   Post Evacuate Collection Set: 1.0ms
[2023-10-12T15:43:44.262+0200][1986.215s] GC(161)   Other: 0.1ms
[2023-10-12T15:43:44.262+0200][1986.215s] GC(161) Eden regions: 284->0(283)
[2023-10-12T15:43:44.262+0200][1986.215s] GC(161) Survivor regions: 23->24(39)
[2023-10-12T15:43:44.262+0200][1986.215s] GC(161) Old regions: 106->109
[2023-10-12T15:43:44.262+0200][1986.215s] GC(161) Archive regions: 0->0
[2023-10-12T15:43:44.262+0200][1986.215s] GC(161) Humongous regions: 4->4
[2023-10-12T15:43:44.262+0200][1986.215s] GC(161) Metaspace: 62102K(62848K)->62102K(62848K) NonClass: 55168K(55552K)->55168K(55552K) Class: 6933K(7296K)->6933K(7296K)
[2023-10-12T15:43:44.262+0200][1986.215s] GC(161) Pause Young (Normal) (G1 Evacuation Pause) 416M->136M(512M) 7.728ms
[2023-10-12T15:43:44.262+0200][1986.215s] GC(161) User=0.16s Sys=0.00s Real=0.01s
[2023-10-12T15:43:49.619+0200][1991.572s] GC(162) Pause Young (Normal) (G1 Evacuation Pause)
[2023-10-12T15:43:49.619+0200][1991.572s] GC(162) Using 10 workers of 10 for evacuation
[2023-10-12T15:43:49.627+0200][1991.580s] GC(162)   Pre Evacuate Collection Set: 0.2ms
[2023-10-12T15:43:49.627+0200][1991.580s] GC(162)   Merge Heap Roots: 0.1ms
[2023-10-12T15:43:49.627+0200][1991.580s] GC(162)   Evacuate Collection Set: 6.4ms
[2023-10-12T15:43:49.627+0200][1991.580s] GC(162)   Post Evacuate Collection Set: 0.9ms
[2023-10-12T15:43:49.627+0200][1991.580s] GC(162)   Other: 0.2ms
[2023-10-12T15:43:49.627+0200][1991.580s] GC(162) Eden regions: 283->0(283)
[2023-10-12T15:43:49.627+0200][1991.580s] GC(162) Survivor regions: 24->24(39)
[2023-10-12T15:43:49.627+0200][1991.580s] GC(162) Old regions: 109->112
[2023-10-12T15:43:49.627+0200][1991.580s] GC(162) Archive regions: 0->0
[2023-10-12T15:43:49.627+0200][1991.580s] GC(162) Humongous regions: 4->4
[2023-10-12T15:43:49.627+0200][1991.580s] GC(162) Metaspace: 62102K(62848K)->62102K(62848K) NonClass: 55168K(55552K)->55168K(55552K) Class: 6933K(7296K)->6933K(7296K)
[2023-10-12T15:43:49.627+0200][1991.580s] GC(162) Pause Young (Normal) (G1 Evacuation Pause) 419M->139M(512M) 8.017ms
[2023-10-12T15:43:49.627+0200][1991.580s] GC(162) User=0.00s Sys=0.00s Real=0.01s
[2023-10-12T15:43:54.489+0200][1996.441s] GC(163) Pause Young (Normal) (G1 Evacuation Pause)
[2023-10-12T15:43:54.489+0200][1996.442s] GC(163) Using 10 workers of 10 for evacuation
[2023-10-12T15:43:54.494+0200][1996.446s] GC(163)   Pre Evacuate Collection Set: 0.1ms
[2023-10-12T15:43:54.494+0200][1996.446s] GC(163)   Merge Heap Roots: 0.1ms
[2023-10-12T15:43:54.494+0200][1996.446s] GC(163)   Evacuate Collection Set: 3.8ms
[2023-10-12T15:43:54.494+0200][1996.446s] GC(163)   Post Evacuate Collection Set: 0.5ms
[2023-10-12T15:43:54.494+0200][1996.446s] GC(163)   Other: 0.1ms
[2023-10-12T15:43:54.494+0200][1996.446s] GC(163) Eden regions: 283->0(283)
[2023-10-12T15:43:54.494+0200][1996.446s] GC(163) Survivor regions: 24->24(39)
[2023-10-12T15:43:54.494+0200][1996.446s] GC(163) Old regions: 112->115
[2023-10-12T15:43:54.494+0200][1996.446s] GC(163) Archive regions: 0->0
[2023-10-12T15:43:54.494+0200][1996.446s] GC(163) Humongous regions: 4->4
[2023-10-12T15:43:54.494+0200][1996.446s] GC(163) Metaspace: 62102K(62848K)->62102K(62848K) NonClass: 55168K(55552K)->55168K(55552K) Class: 6933K(7296K)->6933K(7296K)
[2023-10-12T15:43:54.494+0200][1996.446s] GC(163) Pause Young (Normal) (G1 Evacuation Pause) 422M->142M(512M) 4.801ms
[2023-10-12T15:43:54.494+0200][1996.446s] GC(163) User=0.00s Sys=0.00s Real=0.00s
[2023-10-12T15:43:58.771+0200][2000.724s] GC(164) Pause Young (Normal) (G1 Evacuation Pause)
[2023-10-12T15:43:58.771+0200][2000.724s] GC(164) Using 10 workers of 10 for evacuation
[2023-10-12T15:43:58.777+0200][2000.730s] GC(164)   Pre Evacuate Collection Set: 0.1ms
[2023-10-12T15:43:58.777+0200][2000.730s] GC(164)   Merge Heap Roots: 0.1ms
[2023-10-12T15:43:58.777+0200][2000.730s] GC(164)   Evacuate Collection Set: 5.0ms
[2023-10-12T15:43:58.777+0200][2000.730s] GC(164)   Post Evacuate Collection Set: 0.8ms
[2023-10-12T15:43:58.777+0200][2000.730s] GC(164)   Other: 0.2ms
[2023-10-12T15:43:58.777+0200][2000.730s] GC(164) Eden regions: 283->0(283)
[2023-10-12T15:43:58.777+0200][2000.730s] GC(164) Survivor regions: 24->24(39)
[2023-10-12T15:43:58.777+0200][2000.730s] GC(164) Old regions: 115->118
[2023-10-12T15:43:58.777+0200][2000.730s] GC(164) Archive regions: 0->0
[2023-10-12T15:43:58.777+0200][2000.730s] GC(164) Humongous regions: 4->4
[2023-10-12T15:43:58.777+0200][2000.730s] GC(164) Metaspace: 62102K(62848K)->62102K(62848K) NonClass: 55168K(55552K)->55168K(55552K) Class: 6933K(7296K)->6933K(7296K)
[2023-10-12T15:43:58.778+0200][2000.730s] GC(164) Pause Young (Normal) (G1 Evacuation Pause) 425M->145M(512M) 6.533ms
[2023-10-12T15:43:58.778+0200][2000.730s] GC(164) User=0.02s Sys=0.00s Real=0.01s
[2023-10-12T15:44:02.763+0200][2004.715s] GC(165) Pause Young (Normal) (G1 Evacuation Pause)
[2023-10-12T15:44:02.763+0200][2004.715s] GC(165) Using 10 workers of 10 for evacuation
[2023-10-12T15:44:02.768+0200][2004.720s] GC(165)   Pre Evacuate Collection Set: 0.1ms
[2023-10-12T15:44:02.768+0200][2004.720s] GC(165)   Merge Heap Roots: 0.1ms
[2023-10-12T15:44:02.768+0200][2004.720s] GC(165)   Evacuate Collection Set: 3.7ms
[2023-10-12T15:44:02.768+0200][2004.720s] GC(165)   Post Evacuate Collection Set: 0.6ms
[2023-10-12T15:44:02.768+0200][2004.720s] GC(165)   Other: 0.1ms
[2023-10-12T15:44:02.768+0200][2004.720s] GC(165) Eden regions: 283->0(283)
[2023-10-12T15:44:02.768+0200][2004.720s] GC(165) Survivor regions: 24->24(39)
[2023-10-12T15:44:02.768+0200][2004.720s] GC(165) Old regions: 118->121
[2023-10-12T15:44:02.768+0200][2004.720s] GC(165) Archive regions: 0->0
[2023-10-12T15:44:02.768+0200][2004.720s] GC(165) Humongous regions: 4->4
[2023-10-12T15:44:02.768+0200][2004.720s] GC(165) Metaspace: 62102K(62848K)->62102K(62848K) NonClass: 55168K(55552K)->55168K(55552K) Class: 6933K(7296K)->6933K(7296K)
[2023-10-12T15:44:02.768+0200][2004.720s] GC(165) Pause Young (Normal) (G1 Evacuation Pause) 428M->148M(512M) 4.852ms
[2023-10-12T15:44:02.768+0200][2004.720s] GC(165) User=0.00s Sys=0.00s Real=0.00s
[2023-10-12T15:50:57.821+0200][2419.774s] GC(166) Pause Young (Concurrent Start) (CodeCache GC Threshold)
[2023-10-12T15:50:57.821+0200][2419.774s] GC(166) Using 10 workers of 10 for evacuation
[2023-10-12T15:50:57.828+0200][2419.780s] GC(166)   Pre Evacuate Collection Set: 0.2ms
[2023-10-12T15:50:57.828+0200][2419.780s] GC(166)   Merge Heap Roots: 0.1ms
[2023-10-12T15:50:57.828+0200][2419.780s] GC(166)   Evacuate Collection Set: 5.3ms
[2023-10-12T15:50:57.828+0200][2419.780s] GC(166)   Post Evacuate Collection Set: 0.6ms
[2023-10-12T15:50:57.828+0200][2419.780s] GC(166)   Other: 0.2ms
[2023-10-12T15:50:57.828+0200][2419.780s] GC(166) Eden regions: 136->0(288)
[2023-10-12T15:50:57.828+0200][2419.780s] GC(166) Survivor regions: 24->19(39)
[2023-10-12T15:50:57.828+0200][2419.780s] GC(166) Old regions: 121->124
[2023-10-12T15:50:57.828+0200][2419.780s] GC(166) Archive regions: 0->0
[2023-10-12T15:50:57.828+0200][2419.780s] GC(166) Humongous regions: 4->4
[2023-10-12T15:50:57.828+0200][2419.780s] GC(166) Metaspace: 62201K(62912K)->62201K(62912K) NonClass: 55255K(55616K)->55255K(55616K) Class: 6946K(7296K)->6946K(7296K)
[2023-10-12T15:50:57.828+0200][2419.780s] GC(166) Pause Young (Concurrent Start) (CodeCache GC Threshold) 283M->146M(512M) 6.661ms
[2023-10-12T15:50:57.828+0200][2419.780s] GC(166) User=0.17s Sys=0.00s Real=0.01s
[2023-10-12T15:50:57.828+0200][2419.780s] GC(167) Concurrent Mark Cycle
[2023-10-12T15:50:57.828+0200][2419.780s] GC(167) Concurrent Clear Claimed Marks
[2023-10-12T15:50:57.828+0200][2419.781s] GC(167) Concurrent Clear Claimed Marks 0.065ms
[2023-10-12T15:50:57.828+0200][2419.781s] GC(167) Concurrent Scan Root Regions
[2023-10-12T15:50:57.830+0200][2419.782s] GC(167) Concurrent Scan Root Regions 1.768ms
[2023-10-12T15:50:57.830+0200][2419.782s] GC(167) Concurrent Mark
[2023-10-12T15:50:57.830+0200][2419.782s] GC(167) Concurrent Mark From Roots
[2023-10-12T15:50:57.830+0200][2419.782s] GC(167) Using 3 workers of 3 for marking
[2023-10-12T15:50:57.861+0200][2419.814s] GC(167) Concurrent Mark From Roots 31.298ms
[2023-10-12T15:50:57.861+0200][2419.814s] GC(167) Concurrent Preclean
[2023-10-12T15:50:57.862+0200][2419.814s] GC(167) Concurrent Preclean 0.186ms
[2023-10-12T15:50:57.862+0200][2419.814s] GC(167) Pause Remark
[2023-10-12T15:50:57.871+0200][2419.824s] GC(167) Pause Remark 146M->144M(512M) 9.664ms
[2023-10-12T15:50:57.871+0200][2419.824s] GC(167) User=0.02s Sys=0.02s Real=0.01s
[2023-10-12T15:50:57.871+0200][2419.824s] GC(167) Concurrent Mark 41.516ms
[2023-10-12T15:50:57.871+0200][2419.824s] GC(167) Concurrent Rebuild Remembered Sets
[2023-10-12T15:50:57.886+0200][2419.838s] GC(167) Concurrent Rebuild Remembered Sets 14.538ms
[2023-10-12T15:50:57.886+0200][2419.839s] GC(167) Pause Cleanup
[2023-10-12T15:50:57.886+0200][2419.839s] GC(167) Pause Cleanup 144M->144M(512M) 0.177ms
[2023-10-12T15:50:57.886+0200][2419.839s] GC(167) User=0.00s Sys=0.00s Real=0.00s
[2023-10-12T15:50:57.886+0200][2419.839s] GC(167) Concurrent Cleanup for Next Mark
[2023-10-12T15:50:57.887+0200][2419.840s] GC(167) Concurrent Cleanup for Next Mark 0.634ms
[2023-10-12T15:50:57.887+0200][2419.840s] GC(167) Concurrent Mark Cycle 59.203ms
[2023-10-12T15:51:03.538+0200][2425.490s] GC(168) Pause Young (Concurrent Start) (CodeCache GC Threshold)
[2023-10-12T15:51:03.538+0200][2425.490s] GC(168) Using 10 workers of 10 for evacuation
[2023-10-12T15:51:03.539+0200][2425.492s] GC(168)   Pre Evacuate Collection Set: 0.1ms
[2023-10-12T15:51:03.539+0200][2425.492s] GC(168)   Merge Heap Roots: 0.1ms
[2023-10-12T15:51:03.539+0200][2425.492s] GC(168)   Evacuate Collection Set: 1.1ms
[2023-10-12T15:51:03.539+0200][2425.492s] GC(168)   Post Evacuate Collection Set: 0.4ms
[2023-10-12T15:51:03.539+0200][2425.492s] GC(168)   Other: 0.1ms
[2023-10-12T15:51:03.539+0200][2425.492s] GC(168) Eden regions: 5->0(302)
[2023-10-12T15:51:03.539+0200][2425.492s] GC(168) Survivor regions: 19->5(39)
[2023-10-12T15:51:03.539+0200][2425.492s] GC(168) Old regions: 122->122
[2023-10-12T15:51:03.539+0200][2425.492s] GC(168) Archive regions: 0->0
[2023-10-12T15:51:03.539+0200][2425.492s] GC(168) Humongous regions: 4->4
[2023-10-12T15:51:03.539+0200][2425.492s] GC(168) Metaspace: 62167K(62912K)->62167K(62912K) NonClass: 55225K(55616K)->55225K(55616K) Class: 6941K(7296K)->6941K(7296K)
[2023-10-12T15:51:03.539+0200][2425.492s] GC(168) Pause Young (Concurrent Start) (CodeCache GC Threshold) 149M->129M(512M) 2.118ms
[2023-10-12T15:51:03.539+0200][2425.492s] GC(168) User=0.00s Sys=0.00s Real=0.00s
[2023-10-12T15:51:03.539+0200][2425.492s] GC(169) Concurrent Mark Cycle
[2023-10-12T15:51:03.539+0200][2425.492s] GC(169) Concurrent Clear Claimed Marks
[2023-10-12T15:51:03.539+0200][2425.492s] GC(169) Concurrent Clear Claimed Marks 0.035ms
[2023-10-12T15:51:03.539+0200][2425.492s] GC(169) Concurrent Scan Root Regions
[2023-10-12T15:51:03.541+0200][2425.494s] GC(169) Concurrent Scan Root Regions 1.746ms
[2023-10-12T15:51:03.541+0200][2425.494s] GC(169) Concurrent Mark
[2023-10-12T15:51:03.541+0200][2425.494s] GC(169) Concurrent Mark From Roots
[2023-10-12T15:51:03.541+0200][2425.494s] GC(169) Using 3 workers of 3 for marking
[2023-10-12T15:51:03.566+0200][2425.518s] GC(169) Concurrent Mark From Roots 24.081ms
[2023-10-12T15:51:03.566+0200][2425.518s] GC(169) Concurrent Preclean
[2023-10-12T15:51:03.567+0200][2425.519s] GC(169) Concurrent Preclean 0.561ms
[2023-10-12T15:51:03.567+0200][2425.519s] GC(169) Pause Remark
[2023-10-12T15:51:03.572+0200][2425.524s] GC(169) Pause Remark 129M->129M(512M) 4.814ms
[2023-10-12T15:51:03.572+0200][2425.524s] GC(169) User=0.00s Sys=0.00s Real=0.01s
[2023-10-12T15:51:03.572+0200][2425.524s] GC(169) Concurrent Mark 29.892ms
[2023-10-12T15:51:03.572+0200][2425.524s] GC(169) Concurrent Rebuild Remembered Sets
[2023-10-12T15:51:03.584+0200][2425.536s] GC(169) Concurrent Rebuild Remembered Sets 12.315ms
[2023-10-12T15:51:03.584+0200][2425.536s] GC(169) Pause Cleanup
[2023-10-12T15:51:03.584+0200][2425.537s] GC(169) Pause Cleanup 129M->129M(512M) 0.153ms
[2023-10-12T15:51:03.584+0200][2425.537s] GC(169) User=0.00s Sys=0.00s Real=0.00s
[2023-10-12T15:51:03.585+0200][2425.537s] GC(169) Concurrent Cleanup for Next Mark
[2023-10-12T15:51:03.585+0200][2425.538s] GC(169) Concurrent Cleanup for Next Mark 0.841ms
[2023-10-12T15:51:03.585+0200][2425.538s] GC(169) Concurrent Mark Cycle 45.469ms
[2023-10-12T15:51:09.499+0200][2431.451s] GC(170) Pause Young (Concurrent Start) (CodeCache GC Threshold)
[2023-10-12T15:51:09.499+0200][2431.451s] GC(170) Using 10 workers of 10 for evacuation
[2023-10-12T15:51:09.501+0200][2431.453s] GC(170)   Pre Evacuate Collection Set: 0.2ms
[2023-10-12T15:51:09.501+0200][2431.453s] GC(170)   Merge Heap Roots: 0.1ms
[2023-10-12T15:51:09.501+0200][2431.453s] GC(170)   Evacuate Collection Set: 1.0ms
[2023-10-12T15:51:09.501+0200][2431.453s] GC(170)   Post Evacuate Collection Set: 0.5ms
[2023-10-12T15:51:09.501+0200][2431.453s] GC(170)   Other: 0.1ms
[2023-10-12T15:51:09.501+0200][2431.453s] GC(170) Eden regions: 9->0(304)
[2023-10-12T15:51:09.501+0200][2431.453s] GC(170) Survivor regions: 5->3(39)
[2023-10-12T15:51:09.501+0200][2431.453s] GC(170) Old regions: 122->122
[2023-10-12T15:51:09.501+0200][2431.453s] GC(170) Archive regions: 0->0
[2023-10-12T15:51:09.501+0200][2431.453s] GC(170) Humongous regions: 4->4
[2023-10-12T15:51:09.501+0200][2431.453s] GC(170) Metaspace: 62266K(62912K)->62266K(62912K) NonClass: 55302K(55616K)->55302K(55616K) Class: 6963K(7296K)->6963K(7296K)
[2023-10-12T15:51:09.501+0200][2431.453s] GC(170) Pause Young (Concurrent Start) (CodeCache GC Threshold) 137M->127M(512M) 2.084ms
[2023-10-12T15:51:09.501+0200][2431.453s] GC(170) User=0.00s Sys=0.00s Real=0.00s
[2023-10-12T15:51:09.501+0200][2431.453s] GC(171) Concurrent Mark Cycle
[2023-10-12T15:51:09.501+0200][2431.453s] GC(171) Concurrent Clear Claimed Marks
[2023-10-12T15:51:09.501+0200][2431.453s] GC(171) Concurrent Clear Claimed Marks 0.023ms
[2023-10-12T15:51:09.501+0200][2431.453s] GC(171) Concurrent Scan Root Regions
[2023-10-12T15:51:09.502+0200][2431.455s] GC(171) Concurrent Scan Root Regions 1.194ms
[2023-10-12T15:51:09.502+0200][2431.455s] GC(171) Concurrent Mark
[2023-10-12T15:51:09.502+0200][2431.455s] GC(171) Concurrent Mark From Roots
[2023-10-12T15:51:09.502+0200][2431.455s] GC(171) Using 3 workers of 3 for marking
[2023-10-12T15:51:09.526+0200][2431.478s] GC(171) Concurrent Mark From Roots 23.717ms
[2023-10-12T15:51:09.526+0200][2431.478s] GC(171) Concurrent Preclean
[2023-10-12T15:51:09.526+0200][2431.479s] GC(171) Concurrent Preclean 0.178ms
[2023-10-12T15:51:09.526+0200][2431.479s] GC(171) Pause Remark
[2023-10-12T15:51:09.532+0200][2431.484s] GC(171) Pause Remark 130M->130M(512M) 5.159ms
[2023-10-12T15:51:09.532+0200][2431.484s] GC(171) User=0.02s Sys=0.00s Real=0.01s
[2023-10-12T15:51:09.532+0200][2431.484s] GC(171) Concurrent Mark 29.465ms
[2023-10-12T15:51:09.532+0200][2431.484s] GC(171) Concurrent Rebuild Remembered Sets
[2023-10-12T15:51:09.547+0200][2431.500s] GC(171) Concurrent Rebuild Remembered Sets 15.357ms
[2023-10-12T15:51:09.547+0200][2431.500s] GC(171) Pause Cleanup
[2023-10-12T15:51:09.547+0200][2431.500s] GC(171) Pause Cleanup 134M->134M(512M) 0.154ms
[2023-10-12T15:51:09.547+0200][2431.500s] GC(171) User=0.00s Sys=0.00s Real=0.00s
[2023-10-12T15:51:09.548+0200][2431.500s] GC(171) Concurrent Cleanup for Next Mark
[2023-10-12T15:51:09.548+0200][2431.501s] GC(171) Concurrent Cleanup for Next Mark 0.872ms
[2023-10-12T15:51:09.548+0200][2431.501s] GC(171) Concurrent Mark Cycle 47.477ms
[2023-10-12T16:01:25.575+0200][3047.527s] GC(172) Pause Young (Prepare Mixed) (G1 Evacuation Pause)
[2023-10-12T16:01:25.575+0200][3047.527s] GC(172) Using 10 workers of 10 for evacuation
[2023-10-12T16:01:25.576+0200][3047.529s] GC(172)   Pre Evacuate Collection Set: 0.1ms
[2023-10-12T16:01:25.576+0200][3047.529s] GC(172)   Merge Heap Roots: 0.2ms
[2023-10-12T16:01:25.576+0200][3047.529s] GC(172)   Evacuate Collection Set: 1.1ms
[2023-10-12T16:01:25.576+0200][3047.529s] GC(172)   Post Evacuate Collection Set: 0.5ms
[2023-10-12T16:01:25.576+0200][3047.529s] GC(172)   Other: 0.1ms
[2023-10-12T16:01:25.576+0200][3047.529s] GC(172) Eden regions: 304->0(20)
[2023-10-12T16:01:25.576+0200][3047.529s] GC(172) Survivor regions: 3->5(39)
[2023-10-12T16:01:25.576+0200][3047.529s] GC(172) Old regions: 122->122
[2023-10-12T16:01:25.576+0200][3047.529s] GC(172) Archive regions: 0->0
[2023-10-12T16:01:25.576+0200][3047.529s] GC(172) Humongous regions: 4->4
[2023-10-12T16:01:25.576+0200][3047.529s] GC(172) Metaspace: 62398K(62976K)->62398K(62976K) NonClass: 55422K(55680K)->55422K(55680K) Class: 6976K(7296K)->6976K(7296K)
[2023-10-12T16:01:25.576+0200][3047.529s] GC(172) Pause Young (Prepare Mixed) (G1 Evacuation Pause) 431M->130M(512M) 2.325ms
[2023-10-12T16:01:25.576+0200][3047.529s] GC(172) User=0.00s Sys=0.00s Real=0.00s
[2023-10-12T16:01:25.936+0200][3047.889s] GC(173) Pause Young (Mixed) (G1 Evacuation Pause)
[2023-10-12T16:01:25.936+0200][3047.889s] GC(173) Using 10 workers of 10 for evacuation
[2023-10-12T16:01:25.938+0200][3047.891s] GC(173)   Pre Evacuate Collection Set: 0.1ms
[2023-10-12T16:01:25.938+0200][3047.891s] GC(173)   Merge Heap Roots: 0.1ms
[2023-10-12T16:01:25.938+0200][3047.891s] GC(173)   Evacuate Collection Set: 1.1ms
[2023-10-12T16:01:25.938+0200][3047.891s] GC(173)   Post Evacuate Collection Set: 0.4ms
[2023-10-12T16:01:25.938+0200][3047.891s] GC(173)   Other: 0.1ms
[2023-10-12T16:01:25.938+0200][3047.891s] GC(173) Eden regions: 20->0(24)
[2023-10-12T16:01:25.938+0200][3047.891s] GC(173) Survivor regions: 5->1(4)
[2023-10-12T16:01:25.938+0200][3047.891s] GC(173) Old regions: 122->74
[2023-10-12T16:01:25.938+0200][3047.891s] GC(173) Archive regions: 0->0
[2023-10-12T16:01:25.938+0200][3047.891s] GC(173) Humongous regions: 4->4
[2023-10-12T16:01:25.938+0200][3047.891s] GC(173) Metaspace: 62398K(62976K)->62398K(62976K) NonClass: 55422K(55680K)->55422K(55680K) Class: 6976K(7296K)->6976K(7296K)
[2023-10-12T16:01:25.938+0200][3047.891s] GC(173) Pause Young (Mixed) (G1 Evacuation Pause) 150M->78M(512M) 1.982ms
[2023-10-12T16:01:25.938+0200][3047.891s] GC(173) User=0.00s Sys=0.00s Real=0.00s
[2023-10-12T16:01:26.292+0200][3048.245s] GC(174) Pause Young (Mixed) (G1 Evacuation Pause)
[2023-10-12T16:01:26.292+0200][3048.245s] GC(174) Using 10 workers of 10 for evacuation
[2023-10-12T16:01:26.293+0200][3048.246s] GC(174)   Pre Evacuate Collection Set: 0.1ms
[2023-10-12T16:01:26.293+0200][3048.246s] GC(174)   Merge Heap Roots: 0.1ms
[2023-10-12T16:01:26.293+0200][3048.246s] GC(174)   Evacuate Collection Set: 0.5ms
[2023-10-12T16:01:26.293+0200][3048.246s] GC(174)   Post Evacuate Collection Set: 0.4ms
[2023-10-12T16:01:26.293+0200][3048.246s] GC(174)   Other: 0.1ms
[2023-10-12T16:01:26.293+0200][3048.246s] GC(174) Eden regions: 24->0(305)
[2023-10-12T16:01:26.293+0200][3048.246s] GC(174) Survivor regions: 1->2(4)
[2023-10-12T16:01:26.293+0200][3048.246s] GC(174) Old regions: 74->69
[2023-10-12T16:01:26.293+0200][3048.246s] GC(174) Archive regions: 0->0
[2023-10-12T16:01:26.293+0200][3048.246s] GC(174) Humongous regions: 4->4
[2023-10-12T16:01:26.293+0200][3048.246s] GC(174) Metaspace: 62398K(62976K)->62398K(62976K) NonClass: 55422K(55680K)->55422K(55680K) Class: 6976K(7296K)->6976K(7296K)
[2023-10-12T16:01:26.293+0200][3048.246s] GC(174) Pause Young (Mixed) (G1 Evacuation Pause) 102M->74M(512M) 1.317ms
[2023-10-12T16:01:26.293+0200][3048.246s] GC(174) User=0.00s Sys=0.00s Real=0.00s
[2023-10-12T16:01:31.477+0200][3053.429s] GC(175) Pause Young (Normal) (G1 Evacuation Pause)
[2023-10-12T16:01:31.477+0200][3053.429s] GC(175) Using 10 workers of 10 for evacuation
[2023-10-12T16:01:31.478+0200][3053.431s] GC(175)   Pre Evacuate Collection Set: 0.1ms
[2023-10-12T16:01:31.478+0200][3053.431s] GC(175)   Merge Heap Roots: 0.2ms
[2023-10-12T16:01:31.478+0200][3053.431s] GC(175)   Evacuate Collection Set: 0.8ms
[2023-10-12T16:01:31.478+0200][3053.431s] GC(175)   Post Evacuate Collection Set: 0.7ms
[2023-10-12T16:01:31.478+0200][3053.431s] GC(175)   Other: 0.1ms
[2023-10-12T16:01:31.478+0200][3053.431s] GC(175) Eden regions: 305->0(302)
[2023-10-12T16:01:31.478+0200][3053.431s] GC(175) Survivor regions: 2->5(39)
[2023-10-12T16:01:31.478+0200][3053.431s] GC(175) Old regions: 69->69
[2023-10-12T16:01:31.478+0200][3053.431s] GC(175) Archive regions: 0->0
[2023-10-12T16:01:31.478+0200][3053.431s] GC(175) Humongous regions: 4->4
[2023-10-12T16:01:31.478+0200][3053.431s] GC(175) Metaspace: 62400K(62976K)->62400K(62976K) NonClass: 55424K(55680K)->55424K(55680K) Class: 6976K(7296K)->6976K(7296K)
[2023-10-12T16:01:31.478+0200][3053.431s] GC(175) Pause Young (Normal) (G1 Evacuation Pause) 379M->77M(512M) 2.001ms
[2023-10-12T16:01:31.478+0200][3053.431s] GC(175) User=0.00s Sys=0.00s Real=0.00s
[2023-10-12T16:01:36.481+0200][3058.434s] GC(176) Pause Young (Normal) (G1 Evacuation Pause)
[2023-10-12T16:01:36.482+0200][3058.434s] GC(176) Using 10 workers of 10 for evacuation
[2023-10-12T16:01:36.484+0200][3058.436s] GC(176)   Pre Evacuate Collection Set: 0.1ms
[2023-10-12T16:01:36.484+0200][3058.436s] GC(176)   Merge Heap Roots: 0.2ms
[2023-10-12T16:01:36.484+0200][3058.436s] GC(176)   Evacuate Collection Set: 1.3ms
[2023-10-12T16:01:36.484+0200][3058.436s] GC(176)   Post Evacuate Collection Set: 0.6ms
[2023-10-12T16:01:36.484+0200][3058.436s] GC(176)   Other: 0.1ms
[2023-10-12T16:01:36.484+0200][3058.436s] GC(176) Eden regions: 302->0(299)
[2023-10-12T16:01:36.484+0200][3058.436s] GC(176) Survivor regions: 5->8(39)
[2023-10-12T16:01:36.484+0200][3058.436s] GC(176) Old regions: 69->69
[2023-10-12T16:01:36.484+0200][3058.436s] GC(176) Archive regions: 0->0
[2023-10-12T16:01:36.484+0200][3058.436s] GC(176) Humongous regions: 4->4
[2023-10-12T16:01:36.484+0200][3058.436s] GC(176) Metaspace: 62400K(62976K)->62400K(62976K) NonClass: 55424K(55680K)->55424K(55680K) Class: 6976K(7296K)->6976K(7296K)
[2023-10-12T16:01:36.484+0200][3058.436s] GC(176) Pause Young (Normal) (G1 Evacuation Pause) 379M->80M(512M) 2.381ms
[2023-10-12T16:01:36.484+0200][3058.436s] GC(176) User=0.00s Sys=0.00s Real=0.00s
[2023-10-12T16:01:41.271+0200][3063.223s] GC(177) Pause Young (Normal) (G1 Evacuation Pause)
[2023-10-12T16:01:41.271+0200][3063.223s] GC(177) Using 10 workers of 10 for evacuation
[2023-10-12T16:01:41.275+0200][3063.227s] GC(177)   Pre Evacuate Collection Set: 0.1ms
[2023-10-12T16:01:41.275+0200][3063.227s] GC(177)   Merge Heap Roots: 0.1ms
[2023-10-12T16:01:41.275+0200][3063.227s] GC(177)   Evacuate Collection Set: 2.9ms
[2023-10-12T16:01:41.275+0200][3063.227s] GC(177)   Post Evacuate Collection Set: 0.6ms
[2023-10-12T16:01:41.275+0200][3063.227s] GC(177)   Other: 0.1ms
[2023-10-12T16:01:41.275+0200][3063.227s] GC(177) Eden regions: 299->0(295)
[2023-10-12T16:01:41.275+0200][3063.227s] GC(177) Survivor regions: 8->12(39)
[2023-10-12T16:01:41.275+0200][3063.227s] GC(177) Old regions: 69->69
[2023-10-12T16:01:41.275+0200][3063.227s] GC(177) Archive regions: 0->0
[2023-10-12T16:01:41.275+0200][3063.227s] GC(177) Humongous regions: 4->4
[2023-10-12T16:01:41.275+0200][3063.227s] GC(177) Metaspace: 62400K(62976K)->62400K(62976K) NonClass: 55424K(55680K)->55424K(55680K) Class: 6976K(7296K)->6976K(7296K)
[2023-10-12T16:01:41.275+0200][3063.227s] GC(177) Pause Young (Normal) (G1 Evacuation Pause) 379M->84M(512M) 4.119ms
[2023-10-12T16:01:41.275+0200][3063.227s] GC(177) User=0.00s Sys=0.00s Real=0.00s
[2023-10-12T16:01:46.149+0200][3068.101s] GC(178) Pause Young (Normal) (G1 Evacuation Pause)
[2023-10-12T16:01:46.149+0200][3068.101s] GC(178) Using 10 workers of 10 for evacuation
[2023-10-12T16:01:46.153+0200][3068.106s] GC(178)   Pre Evacuate Collection Set: 0.1ms
[2023-10-12T16:01:46.153+0200][3068.106s] GC(178)   Merge Heap Roots: 0.2ms
[2023-10-12T16:01:46.153+0200][3068.106s] GC(178)   Evacuate Collection Set: 3.5ms
[2023-10-12T16:01:46.153+0200][3068.106s] GC(178)   Post Evacuate Collection Set: 0.7ms
[2023-10-12T16:01:46.153+0200][3068.106s] GC(178)   Other: 0.1ms
[2023-10-12T16:01:46.153+0200][3068.106s] GC(178) Eden regions: 295->0(292)
[2023-10-12T16:01:46.153+0200][3068.106s] GC(178) Survivor regions: 12->15(39)
[2023-10-12T16:01:46.153+0200][3068.106s] GC(178) Old regions: 69->69
[2023-10-12T16:01:46.153+0200][3068.106s] GC(178) Archive regions: 0->0
[2023-10-12T16:01:46.153+0200][3068.106s] GC(178) Humongous regions: 4->4
[2023-10-12T16:01:46.153+0200][3068.106s] GC(178) Metaspace: 62401K(62976K)->62401K(62976K) NonClass: 55425K(55680K)->55425K(55680K) Class: 6976K(7296K)->6976K(7296K)
[2023-10-12T16:01:46.153+0200][3068.106s] GC(178) Pause Young (Normal) (G1 Evacuation Pause) 379M->87M(512M) 4.752ms
[2023-10-12T16:01:46.153+0200][3068.106s] GC(178) User=0.16s Sys=0.00s Real=0.00s
[2023-10-12T16:01:50.596+0200][3072.549s] GC(179) Pause Young (Normal) (G1 Evacuation Pause)
[2023-10-12T16:01:50.596+0200][3072.549s] GC(179) Using 10 workers of 10 for evacuation
[2023-10-12T16:01:50.600+0200][3072.552s] GC(179)   Pre Evacuate Collection Set: 0.1ms
[2023-10-12T16:01:50.600+0200][3072.552s] GC(179)   Merge Heap Roots: 0.1ms
[2023-10-12T16:01:50.600+0200][3072.552s] GC(179)   Evacuate Collection Set: 2.5ms
[2023-10-12T16:01:50.600+0200][3072.552s] GC(179)   Post Evacuate Collection Set: 0.4ms
[2023-10-12T16:01:50.600+0200][3072.552s] GC(179)   Other: 0.1ms
[2023-10-12T16:01:50.600+0200][3072.552s] GC(179) Eden regions: 292->0(289)
[2023-10-12T16:01:50.600+0200][3072.552s] GC(179) Survivor regions: 15->18(39)
[2023-10-12T16:01:50.600+0200][3072.552s] GC(179) Old regions: 69->69
[2023-10-12T16:01:50.600+0200][3072.552s] GC(179) Archive regions: 0->0
[2023-10-12T16:01:50.600+0200][3072.552s] GC(179) Humongous regions: 4->4
[2023-10-12T16:01:50.600+0200][3072.552s] GC(179) Metaspace: 62401K(62976K)->62401K(62976K) NonClass: 55425K(55680K)->55425K(55680K) Class: 6976K(7296K)->6976K(7296K)
[2023-10-12T16:01:50.600+0200][3072.552s] GC(179) Pause Young (Normal) (G1 Evacuation Pause) 379M->90M(512M) 3.404ms
[2023-10-12T16:01:50.600+0200][3072.552s] GC(179) User=0.00s Sys=0.00s Real=0.00s
[2023-10-12T16:01:54.802+0200][3076.754s] GC(180) Pause Young (Normal) (G1 Evacuation Pause)
[2023-10-12T16:01:54.802+0200][3076.754s] GC(180) Using 10 workers of 10 for evacuation
[2023-10-12T16:01:54.805+0200][3076.758s] GC(180)   Pre Evacuate Collection Set: 0.1ms
[2023-10-12T16:01:54.805+0200][3076.758s] GC(180)   Merge Heap Roots: 0.2ms
[2023-10-12T16:01:54.805+0200][3076.758s] GC(180)   Evacuate Collection Set: 2.8ms
[2023-10-12T16:01:54.805+0200][3076.758s] GC(180)   Post Evacuate Collection Set: 0.8ms
[2023-10-12T16:01:54.805+0200][3076.758s] GC(180)   Other: 0.1ms
[2023-10-12T16:01:54.805+0200][3076.758s] GC(180) Eden regions: 289->0(286)
[2023-10-12T16:01:54.805+0200][3076.758s] GC(180) Survivor regions: 18->21(39)
[2023-10-12T16:01:54.805+0200][3076.758s] GC(180) Old regions: 69->69
[2023-10-12T16:01:54.805+0200][3076.758s] GC(180) Archive regions: 0->0
[2023-10-12T16:01:54.805+0200][3076.758s] GC(180) Humongous regions: 4->4
[2023-10-12T16:01:54.805+0200][3076.758s] GC(180) Metaspace: 62401K(62976K)->62401K(62976K) NonClass: 55425K(55680K)->55425K(55680K) Class: 6976K(7296K)->6976K(7296K)
[2023-10-12T16:01:54.805+0200][3076.758s] GC(180) Pause Young (Normal) (G1 Evacuation Pause) 379M->93M(512M) 4.230ms
[2023-10-12T16:01:54.805+0200][3076.758s] GC(180) User=0.00s Sys=0.00s Real=0.00s
[2023-10-12T16:01:59.111+0200][3081.063s] GC(181) Pause Young (Normal) (G1 Evacuation Pause)
[2023-10-12T16:01:59.111+0200][3081.063s] GC(181) Using 10 workers of 10 for evacuation
[2023-10-12T16:01:59.115+0200][3081.067s] GC(181)   Pre Evacuate Collection Set: 0.1ms
[2023-10-12T16:01:59.115+0200][3081.067s] GC(181)   Merge Heap Roots: 0.1ms
[2023-10-12T16:01:59.115+0200][3081.067s] GC(181)   Evacuate Collection Set: 3.2ms
[2023-10-12T16:01:59.115+0200][3081.067s] GC(181)   Post Evacuate Collection Set: 0.5ms
[2023-10-12T16:01:59.115+0200][3081.067s] GC(181)   Other: 0.1ms
[2023-10-12T16:01:59.115+0200][3081.067s] GC(181) Eden regions: 286->0(286)
[2023-10-12T16:01:59.115+0200][3081.067s] GC(181) Survivor regions: 21->21(39)
[2023-10-12T16:01:59.115+0200][3081.067s] GC(181) Old regions: 69->73
[2023-10-12T16:01:59.115+0200][3081.068s] GC(181) Archive regions: 0->0
[2023-10-12T16:01:59.115+0200][3081.068s] GC(181) Humongous regions: 4->4
[2023-10-12T16:01:59.115+0200][3081.068s] GC(181) Metaspace: 62401K(62976K)->62401K(62976K) NonClass: 55425K(55680K)->55425K(55680K) Class: 6976K(7296K)->6976K(7296K)
[2023-10-12T16:01:59.115+0200][3081.068s] GC(181) Pause Young (Normal) (G1 Evacuation Pause) 379M->96M(512M) 4.253ms
[2023-10-12T16:01:59.115+0200][3081.068s] GC(181) User=0.00s Sys=0.00s Real=0.00s
[2023-10-12T16:02:03.333+0200][3085.285s] GC(182) Pause Young (Normal) (G1 Evacuation Pause)
[2023-10-12T16:02:03.333+0200][3085.285s] GC(182) Using 10 workers of 10 for evacuation
[2023-10-12T16:02:03.337+0200][3085.289s] GC(182)   Pre Evacuate Collection Set: 0.2ms
[2023-10-12T16:02:03.337+0200][3085.289s] GC(182)   Merge Heap Roots: 0.2ms
[2023-10-12T16:02:03.337+0200][3085.289s] GC(182)   Evacuate Collection Set: 3.1ms
[2023-10-12T16:02:03.337+0200][3085.289s] GC(182)   Post Evacuate Collection Set: 0.5ms
[2023-10-12T16:02:03.337+0200][3085.289s] GC(182)   Other: 0.1ms
[2023-10-12T16:02:03.337+0200][3085.289s] GC(182) Eden regions: 286->0(283)
[2023-10-12T16:02:03.337+0200][3085.289s] GC(182) Survivor regions: 21->24(39)
[2023-10-12T16:02:03.337+0200][3085.289s] GC(182) Old regions: 73->73
[2023-10-12T16:02:03.337+0200][3085.289s] GC(182) Archive regions: 0->0
[2023-10-12T16:02:03.337+0200][3085.289s] GC(182) Humongous regions: 4->4
[2023-10-12T16:02:03.337+0200][3085.289s] GC(182) Metaspace: 62401K(62976K)->62401K(62976K) NonClass: 55425K(55680K)->55425K(55680K) Class: 6976K(7296K)->6976K(7296K)
[2023-10-12T16:02:03.337+0200][3085.289s] GC(182) Pause Young (Normal) (G1 Evacuation Pause) 382M->100M(512M) 4.263ms
[2023-10-12T16:02:03.337+0200][3085.289s] GC(182) User=0.00s Sys=0.00s Real=0.00s
[2023-10-12T16:02:07.564+0200][3089.516s] GC(183) Pause Young (Normal) (G1 Evacuation Pause)
[2023-10-12T16:02:07.564+0200][3089.516s] GC(183) Using 10 workers of 10 for evacuation
[2023-10-12T16:02:07.568+0200][3089.521s] GC(183)   Pre Evacuate Collection Set: 0.1ms
[2023-10-12T16:02:07.568+0200][3089.521s] GC(183)   Merge Heap Roots: 0.1ms
[2023-10-12T16:02:07.568+0200][3089.521s] GC(183)   Evacuate Collection Set: 3.7ms
[2023-10-12T16:02:07.568+0200][3089.521s] GC(183)   Post Evacuate Collection Set: 0.6ms
[2023-10-12T16:02:07.568+0200][3089.521s] GC(183)   Other: 0.1ms
[2023-10-12T16:02:07.568+0200][3089.521s] GC(183) Eden regions: 283->0(283)
[2023-10-12T16:02:07.568+0200][3089.521s] GC(183) Survivor regions: 24->24(39)
[2023-10-12T16:02:07.568+0200][3089.521s] GC(183) Old regions: 73->77
[2023-10-12T16:02:07.568+0200][3089.521s] GC(183) Archive regions: 0->0
[2023-10-12T16:02:07.568+0200][3089.521s] GC(183) Humongous regions: 4->4
[2023-10-12T16:02:07.568+0200][3089.521s] GC(183) Metaspace: 62401K(62976K)->62401K(62976K) NonClass: 55425K(55680K)->55425K(55680K) Class: 6976K(7296K)->6976K(7296K)
[2023-10-12T16:02:07.568+0200][3089.521s] GC(183) Pause Young (Normal) (G1 Evacuation Pause) 383M->103M(512M) 4.766ms
[2023-10-12T16:02:07.568+0200][3089.521s] GC(183) User=0.00s Sys=0.00s Real=0.00s
[2023-10-12T16:02:12.103+0200][3094.055s] GC(184) Pause Young (Normal) (G1 Evacuation Pause)
[2023-10-12T16:02:12.103+0200][3094.055s] GC(184) Using 10 workers of 10 for evacuation
[2023-10-12T16:02:12.108+0200][3094.060s] GC(184)   Pre Evacuate Collection Set: 0.1ms
[2023-10-12T16:02:12.108+0200][3094.060s] GC(184)   Merge Heap Roots: 0.1ms
[2023-10-12T16:02:12.108+0200][3094.060s] GC(184)   Evacuate Collection Set: 3.5ms
[2023-10-12T16:02:12.108+0200][3094.060s] GC(184)   Post Evacuate Collection Set: 0.6ms
[2023-10-12T16:02:12.108+0200][3094.060s] GC(184)   Other: 0.1ms
[2023-10-12T16:02:12.108+0200][3094.060s] GC(184) Eden regions: 283->0(283)
[2023-10-12T16:02:12.108+0200][3094.060s] GC(184) Survivor regions: 24->24(39)
[2023-10-12T16:02:12.108+0200][3094.060s] GC(184) Old regions: 77->80
[2023-10-12T16:02:12.108+0200][3094.060s] GC(184) Archive regions: 0->0
[2023-10-12T16:02:12.108+0200][3094.060s] GC(184) Humongous regions: 4->4
[2023-10-12T16:02:12.108+0200][3094.060s] GC(184) Metaspace: 62401K(62976K)->62401K(62976K) NonClass: 55425K(55680K)->55425K(55680K) Class: 6976K(7296K)->6976K(7296K)
[2023-10-12T16:02:12.108+0200][3094.060s] GC(184) Pause Young (Normal) (G1 Evacuation Pause) 386M->106M(512M) 4.760ms
[2023-10-12T16:02:12.108+0200][3094.060s] GC(184) User=0.16s Sys=0.00s Real=0.01s
[2023-10-12T16:02:16.612+0200][3098.564s] GC(185) Pause Young (Normal) (G1 Evacuation Pause)
[2023-10-12T16:02:16.612+0200][3098.564s] GC(185) Using 10 workers of 10 for evacuation
[2023-10-12T16:02:16.617+0200][3098.569s] GC(185)   Pre Evacuate Collection Set: 0.1ms
[2023-10-12T16:02:16.617+0200][3098.569s] GC(185)   Merge Heap Roots: 0.1ms
[2023-10-12T16:02:16.617+0200][3098.569s] GC(185)   Evacuate Collection Set: 3.8ms
[2023-10-12T16:02:16.617+0200][3098.569s] GC(185)   Post Evacuate Collection Set: 0.5ms
[2023-10-12T16:02:16.617+0200][3098.569s] GC(185)   Other: 0.1ms
[2023-10-12T16:02:16.617+0200][3098.569s] GC(185) Eden regions: 283->0(283)
[2023-10-12T16:02:16.617+0200][3098.569s] GC(185) Survivor regions: 24->24(39)
[2023-10-12T16:02:16.617+0200][3098.569s] GC(185) Old regions: 80->83
[2023-10-12T16:02:16.617+0200][3098.569s] GC(185) Archive regions: 0->0
[2023-10-12T16:02:16.617+0200][3098.569s] GC(185) Humongous regions: 4->4
[2023-10-12T16:02:16.617+0200][3098.569s] GC(185) Metaspace: 62401K(62976K)->62401K(62976K) NonClass: 55425K(55680K)->55425K(55680K) Class: 6976K(7296K)->6976K(7296K)
[2023-10-12T16:02:16.617+0200][3098.569s] GC(185) Pause Young (Normal) (G1 Evacuation Pause) 389M->109M(512M) 4.724ms
[2023-10-12T16:02:16.617+0200][3098.569s] GC(185) User=0.00s Sys=0.00s Real=0.01s
[2023-10-12T16:02:20.667+0200][3102.619s] GC(186) Pause Young (Normal) (G1 Evacuation Pause)
[2023-10-12T16:02:20.667+0200][3102.619s] GC(186) Using 10 workers of 10 for evacuation
[2023-10-12T16:02:20.671+0200][3102.623s] GC(186)   Pre Evacuate Collection Set: 0.1ms
[2023-10-12T16:02:20.671+0200][3102.624s] GC(186)   Merge Heap Roots: 0.1ms
[2023-10-12T16:02:20.671+0200][3102.624s] GC(186)   Evacuate Collection Set: 3.6ms
[2023-10-12T16:02:20.671+0200][3102.624s] GC(186)   Post Evacuate Collection Set: 0.5ms
[2023-10-12T16:02:20.671+0200][3102.624s] GC(186)   Other: 0.1ms
[2023-10-12T16:02:20.671+0200][3102.624s] GC(186) Eden regions: 283->0(284)
[2023-10-12T16:02:20.671+0200][3102.624s] GC(186) Survivor regions: 24->23(39)
[2023-10-12T16:02:20.671+0200][3102.624s] GC(186) Old regions: 83->86
[2023-10-12T16:02:20.671+0200][3102.624s] GC(186) Archive regions: 0->0
[2023-10-12T16:02:20.671+0200][3102.624s] GC(186) Humongous regions: 4->4
[2023-10-12T16:02:20.671+0200][3102.624s] GC(186) Metaspace: 62401K(62976K)->62401K(62976K) NonClass: 55425K(55680K)->55425K(55680K) Class: 6976K(7296K)->6976K(7296K)
[2023-10-12T16:02:20.671+0200][3102.624s] GC(186) Pause Young (Normal) (G1 Evacuation Pause) 392M->112M(512M) 4.623ms
[2023-10-12T16:02:20.671+0200][3102.624s] GC(186) User=0.16s Sys=0.00s Real=0.00s
[2023-10-12T16:02:24.912+0200][3106.864s] GC(187) Pause Young (Normal) (G1 Evacuation Pause)
[2023-10-12T16:02:24.912+0200][3106.864s] GC(187) Using 10 workers of 10 for evacuation
[2023-10-12T16:02:24.916+0200][3106.868s] GC(187)   Pre Evacuate Collection Set: 0.1ms
[2023-10-12T16:02:24.916+0200][3106.868s] GC(187)   Merge Heap Roots: 0.1ms
[2023-10-12T16:02:24.916+0200][3106.868s] GC(187)   Evacuate Collection Set: 3.6ms
[2023-10-12T16:02:24.916+0200][3106.868s] GC(187)   Post Evacuate Collection Set: 0.5ms
[2023-10-12T16:02:24.916+0200][3106.868s] GC(187)   Other: 0.1ms
[2023-10-12T16:02:24.916+0200][3106.868s] GC(187) Eden regions: 284->0(283)
[2023-10-12T16:02:24.916+0200][3106.868s] GC(187) Survivor regions: 23->24(39)
[2023-10-12T16:02:24.916+0200][3106.868s] GC(187) Old regions: 86->89
[2023-10-12T16:02:24.916+0200][3106.868s] GC(187) Archive regions: 0->0
[2023-10-12T16:02:24.916+0200][3106.868s] GC(187) Humongous regions: 4->4
[2023-10-12T16:02:24.916+0200][3106.868s] GC(187) Metaspace: 62401K(62976K)->62401K(62976K) NonClass: 55425K(55680K)->55425K(55680K) Class: 6976K(7296K)->6976K(7296K)
[2023-10-12T16:02:24.916+0200][3106.868s] GC(187) Pause Young (Normal) (G1 Evacuation Pause) 396M->116M(512M) 4.579ms
[2023-10-12T16:02:24.916+0200][3106.869s] GC(187) User=0.00s Sys=0.00s Real=0.00s
[2023-10-12T16:02:29.266+0200][3111.218s] GC(188) Pause Young (Normal) (G1 Evacuation Pause)
[2023-10-12T16:02:29.266+0200][3111.218s] GC(188) Using 10 workers of 10 for evacuation
[2023-10-12T16:02:29.270+0200][3111.223s] GC(188)   Pre Evacuate Collection Set: 0.1ms
[2023-10-12T16:02:29.270+0200][3111.223s] GC(188)   Merge Heap Roots: 0.1ms
[2023-10-12T16:02:29.270+0200][3111.223s] GC(188)   Evacuate Collection Set: 3.5ms
[2023-10-12T16:02:29.270+0200][3111.223s] GC(188)   Post Evacuate Collection Set: 0.6ms
[2023-10-12T16:02:29.270+0200][3111.223s] GC(188)   Other: 0.1ms
[2023-10-12T16:02:29.270+0200][3111.223s] GC(188) Eden regions: 283->0(283)
[2023-10-12T16:02:29.270+0200][3111.223s] GC(188) Survivor regions: 24->24(39)
[2023-10-12T16:02:29.270+0200][3111.223s] GC(188) Old regions: 89->92
[2023-10-12T16:02:29.270+0200][3111.223s] GC(188) Archive regions: 0->0
[2023-10-12T16:02:29.270+0200][3111.223s] GC(188) Humongous regions: 4->4
[2023-10-12T16:02:29.270+0200][3111.223s] GC(188) Metaspace: 62401K(62976K)->62401K(62976K) NonClass: 55425K(55680K)->55425K(55680K) Class: 6976K(7296K)->6976K(7296K)
[2023-10-12T16:02:29.270+0200][3111.223s] GC(188) Pause Young (Normal) (G1 Evacuation Pause) 399M->119M(512M) 4.583ms
[2023-10-12T16:02:29.270+0200][3111.223s] GC(188) User=0.00s Sys=0.00s Real=0.00s
[2023-10-12T16:02:33.394+0200][3115.347s] GC(189) Pause Young (Normal) (G1 Evacuation Pause)
[2023-10-12T16:02:33.394+0200][3115.347s] GC(189) Using 10 workers of 10 for evacuation
[2023-10-12T16:02:33.399+0200][3115.352s] GC(189)   Pre Evacuate Collection Set: 0.2ms
[2023-10-12T16:02:33.399+0200][3115.352s] GC(189)   Merge Heap Roots: 0.1ms
[2023-10-12T16:02:33.399+0200][3115.352s] GC(189)   Evacuate Collection Set: 3.5ms
[2023-10-12T16:02:33.399+0200][3115.352s] GC(189)   Post Evacuate Collection Set: 0.5ms
[2023-10-12T16:02:33.399+0200][3115.352s] GC(189)   Other: 0.1ms
[2023-10-12T16:02:33.399+0200][3115.352s] GC(189) Eden regions: 283->0(284)
[2023-10-12T16:02:33.399+0200][3115.352s] GC(189) Survivor regions: 24->23(39)
[2023-10-12T16:02:33.399+0200][3115.352s] GC(189) Old regions: 92->95
[2023-10-12T16:02:33.399+0200][3115.352s] GC(189) Archive regions: 0->0
[2023-10-12T16:02:33.399+0200][3115.352s] GC(189) Humongous regions: 4->4
[2023-10-12T16:02:33.399+0200][3115.352s] GC(189) Metaspace: 62401K(62976K)->62401K(62976K) NonClass: 55425K(55680K)->55425K(55680K) Class: 6976K(7296K)->6976K(7296K)
[2023-10-12T16:02:33.399+0200][3115.352s] GC(189) Pause Young (Normal) (G1 Evacuation Pause) 402M->121M(512M) 4.523ms
[2023-10-12T16:02:33.399+0200][3115.352s] GC(189) User=0.00s Sys=0.00s Real=0.00s
[2023-10-12T16:02:37.573+0200][3119.525s] GC(190) Pause Young (Normal) (G1 Evacuation Pause)
[2023-10-12T16:02:37.573+0200][3119.525s] GC(190) Using 10 workers of 10 for evacuation
[2023-10-12T16:02:37.577+0200][3119.529s] GC(190)   Pre Evacuate Collection Set: 0.1ms
[2023-10-12T16:02:37.577+0200][3119.529s] GC(190)   Merge Heap Roots: 0.1ms
[2023-10-12T16:02:37.577+0200][3119.529s] GC(190)   Evacuate Collection Set: 3.7ms
[2023-10-12T16:02:37.577+0200][3119.529s] GC(190)   Post Evacuate Collection Set: 0.6ms
[2023-10-12T16:02:37.577+0200][3119.529s] GC(190)   Other: 0.1ms
[2023-10-12T16:02:37.577+0200][3119.530s] GC(190) Eden regions: 284->0(283)
[2023-10-12T16:02:37.577+0200][3119.530s] GC(190) Survivor regions: 23->24(39)
[2023-10-12T16:02:37.577+0200][3119.530s] GC(190) Old regions: 95->99
[2023-10-12T16:02:37.577+0200][3119.530s] GC(190) Archive regions: 0->0
[2023-10-12T16:02:37.577+0200][3119.530s] GC(190) Humongous regions: 4->4
[2023-10-12T16:02:37.577+0200][3119.530s] GC(190) Metaspace: 62404K(62976K)->62404K(62976K) NonClass: 55428K(55680K)->55428K(55680K) Class: 6976K(7296K)->6976K(7296K)
[2023-10-12T16:02:37.577+0200][3119.530s] GC(190) Pause Young (Normal) (G1 Evacuation Pause) 405M->125M(512M) 4.819ms
[2023-10-12T16:02:37.577+0200][3119.530s] GC(190) User=0.16s Sys=0.00s Real=0.00s
[2023-10-12T16:02:41.412+0200][3123.364s] GC(191) Pause Young (Normal) (G1 Evacuation Pause)
[2023-10-12T16:02:41.412+0200][3123.364s] GC(191) Using 10 workers of 10 for evacuation
[2023-10-12T16:02:41.416+0200][3123.368s] GC(191)   Pre Evacuate Collection Set: 0.1ms
[2023-10-12T16:02:41.416+0200][3123.368s] GC(191)   Merge Heap Roots: 0.1ms
[2023-10-12T16:02:41.416+0200][3123.368s] GC(191)   Evacuate Collection Set: 3.4ms
[2023-10-12T16:02:41.416+0200][3123.368s] GC(191)   Post Evacuate Collection Set: 0.4ms
[2023-10-12T16:02:41.416+0200][3123.368s] GC(191)   Other: 0.1ms
[2023-10-12T16:02:41.416+0200][3123.368s] GC(191) Eden regions: 283->0(283)
[2023-10-12T16:02:41.416+0200][3123.368s] GC(191) Survivor regions: 24->24(39)
[2023-10-12T16:02:41.416+0200][3123.368s] GC(191) Old regions: 99->102
[2023-10-12T16:02:41.416+0200][3123.368s] GC(191) Archive regions: 0->0
[2023-10-12T16:02:41.416+0200][3123.368s] GC(191) Humongous regions: 4->4
[2023-10-12T16:02:41.416+0200][3123.368s] GC(191) Metaspace: 62404K(62976K)->62404K(62976K) NonClass: 55428K(55680K)->55428K(55680K) Class: 6976K(7296K)->6976K(7296K)
[2023-10-12T16:02:41.416+0200][3123.368s] GC(191) Pause Young (Normal) (G1 Evacuation Pause) 408M->128M(512M) 4.298ms
[2023-10-12T16:02:41.416+0200][3123.368s] GC(191) User=0.00s Sys=0.00s Real=0.00s
[2023-10-12T16:02:45.623+0200][3127.575s] GC(192) Pause Young (Normal) (G1 Evacuation Pause)
[2023-10-12T16:02:45.623+0200][3127.575s] GC(192) Using 10 workers of 10 for evacuation
[2023-10-12T16:02:45.627+0200][3127.580s] GC(192)   Pre Evacuate Collection Set: 0.1ms
[2023-10-12T16:02:45.627+0200][3127.580s] GC(192)   Merge Heap Roots: 0.1ms
[2023-10-12T16:02:45.627+0200][3127.580s] GC(192)   Evacuate Collection Set: 3.6ms
[2023-10-12T16:02:45.627+0200][3127.580s] GC(192)   Post Evacuate Collection Set: 0.6ms
[2023-10-12T16:02:45.627+0200][3127.580s] GC(192)   Other: 0.1ms
[2023-10-12T16:02:45.627+0200][3127.580s] GC(192) Eden regions: 283->0(283)
[2023-10-12T16:02:45.627+0200][3127.580s] GC(192) Survivor regions: 24->24(39)
[2023-10-12T16:02:45.627+0200][3127.580s] GC(192) Old regions: 102->105
[2023-10-12T16:02:45.627+0200][3127.580s] GC(192) Archive regions: 0->0
[2023-10-12T16:02:45.627+0200][3127.580s] GC(192) Humongous regions: 4->4
[2023-10-12T16:02:45.627+0200][3127.580s] GC(192) Metaspace: 62404K(62976K)->62404K(62976K) NonClass: 55428K(55680K)->55428K(55680K) Class: 6976K(7296K)->6976K(7296K)
[2023-10-12T16:02:45.627+0200][3127.580s] GC(192) Pause Young (Normal) (G1 Evacuation Pause) 411M->131M(512M) 4.698ms
[2023-10-12T16:02:45.627+0200][3127.580s] GC(192) User=0.00s Sys=0.00s Real=0.00s
[2023-10-12T16:02:49.849+0200][3131.801s] GC(193) Pause Young (Normal) (G1 Evacuation Pause)
[2023-10-12T16:02:49.849+0200][3131.801s] GC(193) Using 10 workers of 10 for evacuation
[2023-10-12T16:02:49.854+0200][3131.806s] GC(193)   Pre Evacuate Collection Set: 0.1ms
[2023-10-12T16:02:49.854+0200][3131.806s] GC(193)   Merge Heap Roots: 0.1ms
[2023-10-12T16:02:49.854+0200][3131.806s] GC(193)   Evacuate Collection Set: 3.4ms
[2023-10-12T16:02:49.854+0200][3131.806s] GC(193)   Post Evacuate Collection Set: 0.5ms
[2023-10-12T16:02:49.854+0200][3131.806s] GC(193)   Other: 0.1ms
[2023-10-12T16:02:49.854+0200][3131.806s] GC(193) Eden regions: 283->0(283)
[2023-10-12T16:02:49.854+0200][3131.806s] GC(193) Survivor regions: 24->24(39)
[2023-10-12T16:02:49.854+0200][3131.806s] GC(193) Old regions: 105->108
[2023-10-12T16:02:49.854+0200][3131.806s] GC(193) Archive regions: 0->0
[2023-10-12T16:02:49.854+0200][3131.806s] GC(193) Humongous regions: 4->4
[2023-10-12T16:02:49.854+0200][3131.806s] GC(193) Metaspace: 62404K(62976K)->62404K(62976K) NonClass: 55428K(55680K)->55428K(55680K) Class: 6976K(7296K)->6976K(7296K)
[2023-10-12T16:02:49.854+0200][3131.806s] GC(193) Pause Young (Normal) (G1 Evacuation Pause) 414M->134M(512M) 4.510ms
[2023-10-12T16:02:49.854+0200][3131.806s] GC(193) User=0.00s Sys=0.00s Real=0.01s
[2023-10-12T16:02:54.034+0200][3135.986s] GC(194) Pause Young (Normal) (G1 Evacuation Pause)
[2023-10-12T16:02:54.034+0200][3135.986s] GC(194) Using 10 workers of 10 for evacuation
[2023-10-12T16:02:54.038+0200][3135.991s] GC(194)   Pre Evacuate Collection Set: 0.1ms
[2023-10-12T16:02:54.038+0200][3135.991s] GC(194)   Merge Heap Roots: 0.1ms
[2023-10-12T16:02:54.038+0200][3135.991s] GC(194)   Evacuate Collection Set: 3.8ms
[2023-10-12T16:02:54.038+0200][3135.991s] GC(194)   Post Evacuate Collection Set: 0.4ms
[2023-10-12T16:02:54.038+0200][3135.991s] GC(194)   Other: 0.1ms
[2023-10-12T16:02:54.038+0200][3135.991s] GC(194) Eden regions: 283->0(284)
[2023-10-12T16:02:54.039+0200][3135.991s] GC(194) Survivor regions: 24->23(39)
[2023-10-12T16:02:54.039+0200][3135.991s] GC(194) Old regions: 108->111
[2023-10-12T16:02:54.039+0200][3135.991s] GC(194) Archive regions: 0->0
[2023-10-12T16:02:54.039+0200][3135.991s] GC(194) Humongous regions: 4->4
[2023-10-12T16:02:54.039+0200][3135.991s] GC(194) Metaspace: 62404K(62976K)->62404K(62976K) NonClass: 55428K(55680K)->55428K(55680K) Class: 6976K(7296K)->6976K(7296K)
[2023-10-12T16:02:54.039+0200][3135.991s] GC(194) Pause Young (Normal) (G1 Evacuation Pause) 417M->137M(512M) 4.693ms
[2023-10-12T16:02:54.039+0200][3135.991s] GC(194) User=0.00s Sys=0.00s Real=0.01s
[2023-10-12T16:02:58.317+0200][3140.269s] GC(195) Pause Young (Concurrent Start) (G1 Evacuation Pause)
[2023-10-12T16:02:58.317+0200][3140.269s] GC(195) Using 10 workers of 10 for evacuation
[2023-10-12T16:02:58.322+0200][3140.274s] GC(195)   Pre Evacuate Collection Set: 0.2ms
[2023-10-12T16:02:58.322+0200][3140.274s] GC(195)   Merge Heap Roots: 0.1ms
[2023-10-12T16:02:58.322+0200][3140.274s] GC(195)   Evacuate Collection Set: 3.8ms
[2023-10-12T16:02:58.322+0200][3140.274s] GC(195)   Post Evacuate Collection Set: 0.6ms
[2023-10-12T16:02:58.322+0200][3140.274s] GC(195)   Other: 0.2ms
[2023-10-12T16:02:58.322+0200][3140.274s] GC(195) Eden regions: 284->0(283)
[2023-10-12T16:02:58.322+0200][3140.274s] GC(195) Survivor regions: 23->24(39)
[2023-10-12T16:02:58.322+0200][3140.274s] GC(195) Old regions: 111->114
[2023-10-12T16:02:58.322+0200][3140.274s] GC(195) Archive regions: 0->0
[2023-10-12T16:02:58.322+0200][3140.274s] GC(195) Humongous regions: 4->4
[2023-10-12T16:02:58.322+0200][3140.274s] GC(195) Metaspace: 62404K(62976K)->62404K(62976K) NonClass: 55428K(55680K)->55428K(55680K) Class: 6976K(7296K)->6976K(7296K)
[2023-10-12T16:02:58.322+0200][3140.274s] GC(195) Pause Young (Concurrent Start) (G1 Evacuation Pause) 421M->141M(512M) 5.081ms
[2023-10-12T16:02:58.322+0200][3140.274s] GC(195) User=0.00s Sys=0.00s Real=0.01s
[2023-10-12T16:02:58.322+0200][3140.274s] GC(196) Concurrent Mark Cycle
[2023-10-12T16:02:58.322+0200][3140.274s] GC(196) Concurrent Clear Claimed Marks
[2023-10-12T16:02:58.322+0200][3140.274s] GC(196) Concurrent Clear Claimed Marks 0.039ms
[2023-10-12T16:02:58.322+0200][3140.274s] GC(196) Concurrent Scan Root Regions
[2023-10-12T16:02:58.323+0200][3140.276s] GC(196) Concurrent Scan Root Regions 1.119ms
[2023-10-12T16:02:58.323+0200][3140.276s] GC(196) Concurrent Mark
[2023-10-12T16:02:58.323+0200][3140.276s] GC(196) Concurrent Mark From Roots
[2023-10-12T16:02:58.323+0200][3140.276s] GC(196) Using 3 workers of 3 for marking
[2023-10-12T16:02:58.348+0200][3140.300s] GC(196) Concurrent Mark From Roots 24.761ms
[2023-10-12T16:02:58.348+0200][3140.300s] GC(196) Concurrent Preclean
[2023-10-12T16:02:58.348+0200][3140.301s] GC(196) Concurrent Preclean 0.162ms
[2023-10-12T16:02:58.348+0200][3140.301s] GC(196) Pause Remark
[2023-10-12T16:02:58.356+0200][3140.308s] GC(196) Pause Remark 143M->143M(512M) 7.276ms
[2023-10-12T16:02:58.356+0200][3140.308s] GC(196) User=0.14s Sys=0.02s Real=0.01s
[2023-10-12T16:02:58.356+0200][3140.308s] GC(196) Concurrent Mark 32.472ms
[2023-10-12T16:02:58.356+0200][3140.308s] GC(196) Concurrent Rebuild Remembered Sets
[2023-10-12T16:02:58.370+0200][3140.323s] GC(196) Concurrent Rebuild Remembered Sets 14.724ms
[2023-10-12T16:02:58.371+0200][3140.323s] GC(196) Pause Cleanup
[2023-10-12T16:02:58.371+0200][3140.323s] GC(196) Pause Cleanup 145M->145M(512M) 0.125ms
[2023-10-12T16:02:58.371+0200][3140.323s] GC(196) User=0.00s Sys=0.00s Real=0.00s
[2023-10-12T16:02:58.371+0200][3140.323s] GC(196) Concurrent Cleanup for Next Mark
[2023-10-12T16:02:58.371+0200][3140.324s] GC(196) Concurrent Cleanup for Next Mark 0.642ms
[2023-10-12T16:02:58.371+0200][3140.324s] GC(196) Concurrent Mark Cycle 49.384ms
[2023-10-12T16:03:02.560+0200][3144.512s] GC(197) Pause Young (Prepare Mixed) (G1 Evacuation Pause)
[2023-10-12T16:03:02.560+0200][3144.512s] GC(197) Using 10 workers of 10 for evacuation
[2023-10-12T16:03:02.565+0200][3144.517s] GC(197)   Pre Evacuate Collection Set: 0.1ms
[2023-10-12T16:03:02.565+0200][3144.517s] GC(197)   Merge Heap Roots: 0.1ms
[2023-10-12T16:03:02.565+0200][3144.517s] GC(197)   Evacuate Collection Set: 3.7ms
[2023-10-12T16:03:02.565+0200][3144.517s] GC(197)   Post Evacuate Collection Set: 0.7ms
[2023-10-12T16:03:02.565+0200][3144.517s] GC(197)   Other: 0.1ms
[2023-10-12T16:03:02.565+0200][3144.517s] GC(197) Eden regions: 283->0(2)
[2023-10-12T16:03:02.565+0200][3144.517s] GC(197) Survivor regions: 24->23(39)
[2023-10-12T16:03:02.565+0200][3144.517s] GC(197) Old regions: 114->117
[2023-10-12T16:03:02.565+0200][3144.517s] GC(197) Archive regions: 0->0
[2023-10-12T16:03:02.565+0200][3144.517s] GC(197) Humongous regions: 4->4
[2023-10-12T16:03:02.565+0200][3144.517s] GC(197) Metaspace: 62332K(62976K)->62332K(62976K) NonClass: 55375K(55680K)->55375K(55680K) Class: 6957K(7296K)->6957K(7296K)
[2023-10-12T16:03:02.565+0200][3144.517s] GC(197) Pause Young (Prepare Mixed) (G1 Evacuation Pause) 424M->143M(512M) 4.923ms
[2023-10-12T16:03:02.565+0200][3144.517s] GC(197) User=0.00s Sys=0.00s Real=0.01s
[2023-10-12T16:03:02.572+0200][3144.525s] GC(198) Pause Young (Mixed) (G1 Evacuation Pause)
[2023-10-12T16:03:02.572+0200][3144.525s] GC(198) Using 10 workers of 10 for evacuation
[2023-10-12T16:03:02.577+0200][3144.529s] GC(198)   Pre Evacuate Collection Set: 0.1ms
[2023-10-12T16:03:02.577+0200][3144.529s] GC(198)   Merge Heap Roots: 0.1ms
[2023-10-12T16:03:02.577+0200][3144.529s] GC(198)   Evacuate Collection Set: 3.1ms
[2023-10-12T16:03:02.577+0200][3144.529s] GC(198)   Post Evacuate Collection Set: 0.4ms
[2023-10-12T16:03:02.577+0200][3144.529s] GC(198)   Other: 0.1ms
[2023-10-12T16:03:02.577+0200][3144.529s] GC(198) Eden regions: 2->0(301)
[2023-10-12T16:03:02.577+0200][3144.529s] GC(198) Survivor regions: 23->3(4)
[2023-10-12T16:03:02.577+0200][3144.529s] GC(198) Old regions: 117->135
[2023-10-12T16:03:02.577+0200][3144.529s] GC(198) Archive regions: 0->0
[2023-10-12T16:03:02.577+0200][3144.529s] GC(198) Humongous regions: 4->4
[2023-10-12T16:03:02.577+0200][3144.529s] GC(198) Metaspace: 62332K(62976K)->62332K(62976K) NonClass: 55375K(55680K)->55375K(55680K) Class: 6957K(7296K)->6957K(7296K)
[2023-10-12T16:03:02.577+0200][3144.529s] GC(198) Pause Young (Mixed) (G1 Evacuation Pause) 145M->140M(512M) 4.009ms
[2023-10-12T16:03:02.577+0200][3144.529s] GC(198) User=0.16s Sys=0.00s Real=0.00s
[2023-10-12T16:03:06.937+0200][3148.890s] GC(199) Pause Young (Normal) (G1 Evacuation Pause)
[2023-10-12T16:03:06.937+0200][3148.890s] GC(199) Using 10 workers of 10 for evacuation
[2023-10-12T16:03:06.939+0200][3148.892s] GC(199)   Pre Evacuate Collection Set: 0.1ms
[2023-10-12T16:03:06.939+0200][3148.892s] GC(199)   Merge Heap Roots: 0.1ms
[2023-10-12T16:03:06.939+0200][3148.892s] GC(199)   Evacuate Collection Set: 0.9ms
[2023-10-12T16:03:06.939+0200][3148.892s] GC(199)   Post Evacuate Collection Set: 0.4ms
[2023-10-12T16:03:06.939+0200][3148.892s] GC(199)   Other: 0.1ms
[2023-10-12T16:03:06.939+0200][3148.892s] GC(199) Eden regions: 301->0(300)
[2023-10-12T16:03:06.939+0200][3148.892s] GC(199) Survivor regions: 3->5(38)
[2023-10-12T16:03:06.939+0200][3148.892s] GC(199) Old regions: 135->135
[2023-10-12T16:03:06.939+0200][3148.892s] GC(199) Archive regions: 0->0
[2023-10-12T16:03:06.939+0200][3148.892s] GC(199) Humongous regions: 4->4
[2023-10-12T16:03:06.939+0200][3148.892s] GC(199) Metaspace: 62332K(62976K)->62332K(62976K) NonClass: 55375K(55680K)->55375K(55680K) Class: 6957K(7296K)->6957K(7296K)
[2023-10-12T16:03:06.939+0200][3148.892s] GC(199) Pause Young (Normal) (G1 Evacuation Pause) 441M->143M(512M) 1.708ms
[2023-10-12T16:03:06.939+0200][3148.892s] GC(199) User=0.00s Sys=0.00s Real=0.00s
[2023-10-12T16:03:11.297+0200][3153.250s] GC(200) Pause Young (Normal) (G1 Evacuation Pause)
[2023-10-12T16:03:11.297+0200][3153.250s] GC(200) Using 10 workers of 10 for evacuation
[2023-10-12T16:03:11.299+0200][3153.252s] GC(200)   Pre Evacuate Collection Set: 0.1ms
[2023-10-12T16:03:11.299+0200][3153.252s] GC(200)   Merge Heap Roots: 0.1ms
[2023-10-12T16:03:11.299+0200][3153.252s] GC(200)   Evacuate Collection Set: 1.2ms
[2023-10-12T16:03:11.299+0200][3153.252s] GC(200)   Post Evacuate Collection Set: 0.6ms
[2023-10-12T16:03:11.299+0200][3153.252s] GC(200)   Other: 0.1ms
[2023-10-12T16:03:11.299+0200][3153.252s] GC(200) Eden regions: 300->0(296)
[2023-10-12T16:03:11.299+0200][3153.252s] GC(200) Survivor regions: 5->9(39)
[2023-10-12T16:03:11.299+0200][3153.252s] GC(200) Old regions: 135->135
[2023-10-12T16:03:11.299+0200][3153.252s] GC(200) Archive regions: 0->0
[2023-10-12T16:03:11.299+0200][3153.252s] GC(200) Humongous regions: 4->4
[2023-10-12T16:03:11.299+0200][3153.252s] GC(200) Metaspace: 62332K(62976K)->62332K(62976K) NonClass: 55375K(55680K)->55375K(55680K) Class: 6957K(7296K)->6957K(7296K)
[2023-10-12T16:03:11.299+0200][3153.252s] GC(200) Pause Young (Normal) (G1 Evacuation Pause) 443M->146M(512M) 2.248ms
[2023-10-12T16:03:11.299+0200][3153.252s] GC(200) User=0.00s Sys=0.00s Real=0.00s
[2023-10-12T16:03:15.335+0200][3157.288s] GC(201) Pause Young (Concurrent Start) (G1 Evacuation Pause)
[2023-10-12T16:03:15.335+0200][3157.288s] GC(201) Using 10 workers of 10 for evacuation
[2023-10-12T16:03:15.337+0200][3157.290s] GC(201)   Pre Evacuate Collection Set: 0.2ms
[2023-10-12T16:03:15.338+0200][3157.290s] GC(201)   Merge Heap Roots: 0.1ms
[2023-10-12T16:03:15.338+0200][3157.290s] GC(201)   Evacuate Collection Set: 1.7ms
[2023-10-12T16:03:15.338+0200][3157.290s] GC(201)   Post Evacuate Collection Set: 0.7ms
[2023-10-12T16:03:15.338+0200][3157.290s] GC(201)   Other: 0.1ms
[2023-10-12T16:03:15.338+0200][3157.290s] GC(201) Eden regions: 296->0(294)
[2023-10-12T16:03:15.338+0200][3157.291s] GC(201) Survivor regions: 9->11(39)
[2023-10-12T16:03:15.338+0200][3157.291s] GC(201) Old regions: 135->135
[2023-10-12T16:03:15.338+0200][3157.291s] GC(201) Archive regions: 0->0
[2023-10-12T16:03:15.338+0200][3157.291s] GC(201) Humongous regions: 4->4
[2023-10-12T16:03:15.338+0200][3157.291s] GC(201) Metaspace: 62332K(62976K)->62332K(62976K) NonClass: 55375K(55680K)->55375K(55680K) Class: 6957K(7296K)->6957K(7296K)
[2023-10-12T16:03:15.338+0200][3157.291s] GC(201) Pause Young (Concurrent Start) (G1 Evacuation Pause) 442M->149M(512M) 3.009ms
[2023-10-12T16:03:15.338+0200][3157.291s] GC(201) User=0.00s Sys=0.00s Real=0.00s
[2023-10-12T16:03:15.338+0200][3157.291s] GC(202) Concurrent Mark Cycle
[2023-10-12T16:03:15.338+0200][3157.291s] GC(202) Concurrent Clear Claimed Marks
[2023-10-12T16:03:15.338+0200][3157.291s] GC(202) Concurrent Clear Claimed Marks 0.034ms
[2023-10-12T16:03:15.338+0200][3157.291s] GC(202) Concurrent Scan Root Regions
[2023-10-12T16:03:15.339+0200][3157.292s] GC(202) Concurrent Scan Root Regions 0.942ms
[2023-10-12T16:03:15.339+0200][3157.292s] GC(202) Concurrent Mark
[2023-10-12T16:03:15.339+0200][3157.292s] GC(202) Concurrent Mark From Roots
[2023-10-12T16:03:15.339+0200][3157.292s] GC(202) Using 3 workers of 3 for marking
[2023-10-12T16:03:15.368+0200][3157.321s] GC(202) Concurrent Mark From Roots 29.155ms
[2023-10-12T16:03:15.368+0200][3157.321s] GC(202) Concurrent Preclean
[2023-10-12T16:03:15.368+0200][3157.321s] GC(202) Concurrent Preclean 0.146ms
[2023-10-12T16:03:15.368+0200][3157.321s] GC(202) Pause Remark
[2023-10-12T16:03:15.373+0200][3157.325s] GC(202) Pause Remark 152M->151M(512M) 4.273ms
[2023-10-12T16:03:15.373+0200][3157.326s] GC(202) User=0.03s Sys=0.00s Real=0.00s
[2023-10-12T16:03:15.373+0200][3157.326s] GC(202) Concurrent Mark 33.877ms
[2023-10-12T16:03:15.373+0200][3157.326s] GC(202) Concurrent Rebuild Remembered Sets
[2023-10-12T16:03:15.387+0200][3157.339s] GC(202) Concurrent Rebuild Remembered Sets 13.500ms
[2023-10-12T16:03:15.387+0200][3157.339s] GC(202) Pause Cleanup
[2023-10-12T16:03:15.387+0200][3157.339s] GC(202) Pause Cleanup 152M->152M(512M) 0.128ms
[2023-10-12T16:03:15.387+0200][3157.339s] GC(202) User=0.00s Sys=0.00s Real=0.00s
[2023-10-12T16:03:15.387+0200][3157.339s] GC(202) Concurrent Cleanup for Next Mark
[2023-10-12T16:03:15.388+0200][3157.340s] GC(202) Concurrent Cleanup for Next Mark 0.762ms
[2023-10-12T16:03:15.388+0200][3157.340s] GC(202) Concurrent Mark Cycle 49.591ms
[2023-10-12T16:08:15.805+0200][3457.757s] GC(203) Pause Young (Concurrent Start) (CodeCache GC Threshold)
[2023-10-12T16:08:15.805+0200][3457.757s] GC(203) Using 10 workers of 10 for evacuation
[2023-10-12T16:08:15.808+0200][3457.760s] GC(203)   Pre Evacuate Collection Set: 0.2ms
[2023-10-12T16:08:15.808+0200][3457.760s] GC(203)   Merge Heap Roots: 0.1ms
[2023-10-12T16:08:15.808+0200][3457.760s] GC(203)   Evacuate Collection Set: 2.3ms
[2023-10-12T16:08:15.808+0200][3457.760s] GC(203)   Post Evacuate Collection Set: 0.6ms
[2023-10-12T16:08:15.808+0200][3457.760s] GC(203)   Other: 0.1ms
[2023-10-12T16:08:15.808+0200][3457.760s] GC(203) Eden regions: 64->0(288)
[2023-10-12T16:08:15.808+0200][3457.760s] GC(203) Survivor regions: 11->11(39)
[2023-10-12T16:08:15.808+0200][3457.760s] GC(203) Old regions: 134->134
[2023-10-12T16:08:15.808+0200][3457.760s] GC(203) Archive regions: 0->0
[2023-10-12T16:08:15.808+0200][3457.760s] GC(203) Humongous regions: 4->4
[2023-10-12T16:08:15.808+0200][3457.760s] GC(203) Metaspace: 62367K(62976K)->62367K(62976K) NonClass: 55405K(55680K)->55405K(55680K) Class: 6962K(7296K)->6962K(7296K)
[2023-10-12T16:08:15.808+0200][3457.760s] GC(203) Pause Young (Concurrent Start) (CodeCache GC Threshold) 212M->148M(512M) 3.347ms
[2023-10-12T16:08:15.808+0200][3457.760s] GC(203) User=0.00s Sys=0.00s Real=0.00s
[2023-10-12T16:08:15.808+0200][3457.760s] GC(204) Concurrent Mark Cycle
[2023-10-12T16:08:15.808+0200][3457.760s] GC(204) Concurrent Clear Claimed Marks
[2023-10-12T16:08:15.808+0200][3457.760s] GC(204) Concurrent Clear Claimed Marks 0.033ms
[2023-10-12T16:08:15.808+0200][3457.760s] GC(204) Concurrent Scan Root Regions
[2023-10-12T16:08:15.809+0200][3457.761s] GC(204) Concurrent Scan Root Regions 0.932ms
[2023-10-12T16:08:15.809+0200][3457.761s] GC(204) Concurrent Mark
[2023-10-12T16:08:15.809+0200][3457.761s] GC(204) Concurrent Mark From Roots
[2023-10-12T16:08:15.809+0200][3457.761s] GC(204) Using 3 workers of 3 for marking
[2023-10-12T16:08:15.826+0200][3457.779s] GC(204) Concurrent Mark From Roots 17.295ms
[2023-10-12T16:08:15.826+0200][3457.779s] GC(204) Concurrent Preclean
[2023-10-12T16:08:15.826+0200][3457.779s] GC(204) Concurrent Preclean 0.138ms
[2023-10-12T16:08:15.845+0200][3457.797s] GC(204) Pause Remark
[2023-10-12T16:08:15.854+0200][3457.806s] GC(204) Pause Remark 149M->149M(512M) 8.892ms
[2023-10-12T16:08:15.854+0200][3457.806s] GC(204) User=0.00s Sys=0.00s Real=0.01s
[2023-10-12T16:08:15.854+0200][3457.806s] GC(204) Concurrent Mark 44.822ms
[2023-10-12T16:08:15.854+0200][3457.806s] GC(204) Concurrent Rebuild Remembered Sets
[2023-10-12T16:08:15.906+0200][3457.858s] GC(204) Concurrent Rebuild Remembered Sets 52.090ms
[2023-10-12T16:08:15.906+0200][3457.859s] GC(204) Pause Cleanup
[2023-10-12T16:08:15.907+0200][3457.859s] GC(204) Pause Cleanup 153M->153M(512M) 0.296ms
[2023-10-12T16:08:15.907+0200][3457.859s] GC(204) User=0.00s Sys=0.00s Real=0.00s
[2023-10-12T16:08:15.907+0200][3457.859s] GC(204) Concurrent Cleanup for Next Mark
[2023-10-12T16:08:15.908+0200][3457.860s] GC(204) Concurrent Cleanup for Next Mark 1.121ms
[2023-10-12T16:08:15.908+0200][3457.860s] GC(204) Concurrent Mark Cycle 100.082ms
[2023-10-12T16:08:15.947+0200][3457.899s] Heap
[2023-10-12T16:08:15.947+0200][3457.899s]  garbage-first heap   total 524288K, used 164375K [0x00000000e0000000, 0x0000000100000000)
[2023-10-12T16:08:15.947+0200][3457.899s]   region size 1024K, 24 young (24576K), 11 survivors (11264K)
[2023-10-12T16:08:15.947+0200][3457.899s]  Metaspace       used 62471K, committed 63040K, reserved 1114112K
[2023-10-12T16:08:15.947+0200][3457.899s]   class space    used 6984K, committed 7296K, reserved 1048576K
